<html>
<body>
<pre>
<h1>µVision Build Log</h1>
<h2>Tool Versions:</h2>
IDE-Version: µVision V5.30.0.0
Copyright (C) 2020 ARM Ltd and ARM Germany GmbH. All rights reserved.
License Information: Sudhanshuvinayak Puranik Dialog Semiconductor Flex license: MDK Essential 5.30 (Flex): 7 user(s) (mdk_essential) Support: Mar 2022
 
Tool Versions:
Toolchain:       MDK Essential 5.30 (Flex): 7 user(s)  Version: 5.30.0.0
Toolchain Path:  C:\Keil_v5\ARM\ARMCC\Bin
C Compiler:      Armcc.exe V5.06 update 6 (build 750)
Assembler:       Armasm.exe V5.06 update 6 (build 750)
Linker/Locator:  ArmLink.exe V5.06 update 6 (build 750)
Library Manager: ArmAr.exe V5.06 update 6 (build 750)
Hex Converter:   FromElf.exe V5.06 update 6 (build 750)
CPU DLL:         SARMCM3.DLL V5.30.0.0
Dialog DLL:      DARMCM1.DLL V1.19.3.0
Target DLL:      Segger\JL2CM3.dll V2.99.38.0
Dialog DLL:      TARMCM1.DLL V1.14.2.0
 
<h2>Project:</h2>
C:\Users\spuranik\Documents\SDK_Python_Test\SDK_6.0.16.1144\DA145xx_SDK\6.0.16.1144\projects\BLE_SDK6_examples\interfaces\SPI_or_I2C_DMA_accelerometer\project_environment\lis2dh.uvprojx
Project File Date:  01/20/2023

<h2>Output:</h2>
*** Using Compiler 'V5.06 update 6 (build 750)', folder: 'C:\Keil_v5\ARM\ARMCC\Bin'
Build target 'DA14531_I2C'
compiling nmi_handler.c...
compiling system_DA14531.c...
compiling hardfault_handler.c...
compiling nvds.c...
compiling arch_console.c...
compiling arch_main.c...
compiling arch_sleep.c...
compiling jump_table.c...
compiling arch_system.c...
compiling arch_hibernation.c...
compiling arch_rom.c...
compiling chacha20.c...
compiling hash.c...
compiling syscntl.c...
compiling otp_hdr.c...
compiling otp_cs.c...
compiling battery.c...
compiling wkupct_quadec.c...
compiling gpio.c...
compiling trng.c...
compiling adc_531.c...
compiling spi_531.c...
compiling systick.c...
compiling i2c_eeprom.c...
compiling spi_flash.c...
compiling dma.c...
compiling hw_otpc_531.c...
compiling uart.c...
compiling rf_585.c...
compiling i2c.c...
compiling rwble.c...
compiling rwip.c...
compiling ble_arp.c...
compiling rf_531.c...
compiling basc.c...
compiling attm_db_128.c...
compiling basc_task.c...
compiling bass.c...
compiling bass_task.c...
compiling blpc.c...
compiling blpc_task.c...
compiling blps.c...
compiling blps_task.c...
compiling diss.c...
compiling disc.c...
compiling disc_task.c...
compiling findt.c...
compiling diss_task.c...
compiling findt_task.c...
compiling hogpbh.c...
compiling hogpd.c...
compiling hogpbh_task.c...
compiling hogprh.c...
compiling hogpd_task.c...
compiling hogprh_task.c...
compiling hrpc.c...
compiling hrpc_task.c...
compiling hrps.c...
compiling htpc.c...
compiling htpc_task.c...
compiling hrps_task.c...
compiling proxm.c...
compiling htpt.c...
compiling htpt_task.c...
compiling proxr_task.c...
compiling proxm_task.c...
compiling proxr.c...
compiling scppc.c...
compiling scpps.c...
compiling scppc_task.c...
compiling anpc.c...
compiling scpps_task.c...
compiling anpc_task.c...
compiling cscpc.c...
compiling anps.c...
compiling anps_task.c...
compiling cscpc_task.c...
compiling cscps_task.c...
compiling cscps.c...
compiling glpc_task.c...
compiling glps.c...
compiling glpc.c...
compiling paspc.c...
compiling paspc_task.c...
compiling glps_task.c...
compiling pasps.c...
compiling pasps_task.c...
compiling rscpc.c...
compiling rscps_task.c...
compiling rscps.c...
compiling rscpc_task.c...
compiling tipc.c...
compiling tips.c...
compiling tipc_task.c...
compiling findl.c...
compiling findl_task.c...
compiling tips_task.c...
compiling cppc_task.c...
compiling cppc.c...
compiling cpps.c...
compiling cpps_task.c...
compiling lanc_task.c...
compiling lanc.c...
compiling lans_task.c...
compiling lans.c...
compiling suotar.c...
compiling suotar_task.c...
compiling custom_common.c...
compiling custs1.c...
compiling custs1_task.c...
compiling custs2.c...
compiling custs2_task.c...
compiling prf_utils.c...
compiling prf.c...
compiling app_default_handlers.c...
compiling app_task.c...
compiling app_security.c...
compiling app.c...
compiling app_bass.c...
compiling app_bass_task.c...
compiling app_security_task.c...
compiling app_findme_task.c...
compiling app_findme.c...
compiling app_proxr.c...
compiling app_proxr_task.c...
compiling app_diss.c...
compiling app_diss_task.c...
compiling app_suotar_task.c...
compiling app_suotar.c...
compiling app_entry_point.c...
compiling app_easy_security.c...
compiling app_msg_utils.c...
compiling app_easy_msg_utils.c...
compiling app_easy_timer.c...
compiling app_customs_task.c...
compiling app_customs.c...
compiling app_customs_common.c...
compiling app_utils.c...
compiling app_bond_db.c...
compiling user_custs1_def.c...
compiling app_easy_whitelist.c...
compiling user_custs_config.c...
compiling i2c_impl.c...
compiling accel_lis2dh_impl.c...
compiling user_periph_setup.c...
compiling user_lis2dh_app.c...
compiling spi_impl.c...
compiling lis2dh_driver.c...
linking...
Program Size: Code=19744 RO-data=3212 RW-data=28 ZI-data=7168  
FromELF: creating hex file...
After Build - User command #1: fromelf --bincombined --output=".\out_DA14531_I2C\Objects\empty_peripheral_template_531.bin"  ".\out_DA14531_I2C\Objects\empty_peripheral_template_531.axf"
".\out_DA14531_I2C\Objects\empty_peripheral_template_531.axf" - 0 Error(s), 0 Warning(s).

<h2>Software Packages used:</h2>

Package Vendor: ARM
                http://www.keil.com/pack/ARM.CMSIS.5.7.0.pack
                ARM.CMSIS.5.7.0
                CMSIS (Cortex Microcontroller Software Interface Standard)

<h2>Collection of Component include folders:</h2>
  .\RTE\_DA14531_I2C
  C:\Users\spuranik\AppData\Local\Arm\Packs\ARM\CMSIS\5.7.0\Device\ARM\ARMCM0plus\Include

<h2>Collection of Component Files used:</h2>
Build Time Elapsed:  00:01:45
</pre>
</body>
</html>
