Component: Arm Compiler for Embedded 6.19 Tool: armlink [5e73cb00]

==============================================================================

Section Cross References

    startup_da14531.o(RESET) refers to startup_da14531.o(STACK) for __initial_sp
    startup_da14531.o(RESET) refers to startup_da14531.o(.text) for Reset_Handler
    startup_da14531.o(RESET) refers to lto-llvm-40cb18.o(.text.BLE_WAKEUP_LP_Handler) for BLE_WAKEUP_LP_Handler
    startup_da14531.o(RESET) refers to lto-llvm-40cb18.o(.text.rwble_isr) for rwble_isr
    startup_da14531.o(RESET) refers to lto-llvm-40cb18.o(.text.UART2_Handler) for UART2_Handler
    startup_da14531.o(RESET) refers to lto-llvm-40cb18.o(.text.I2C_Handler) for I2C_Handler
    startup_da14531.o(RESET) refers to lto-llvm-40cb18.o(.text.ADC_Handler) for ADC_Handler
    startup_da14531.o(RESET) refers to lto-llvm-40cb18.o(.text.GPIO0_Handler) for GPIO0_Handler
    startup_da14531.o(RESET) refers to lto-llvm-40cb18.o(.text.GPIO1_Handler) for GPIO1_Handler
    startup_da14531.o(RESET) refers to lto-llvm-40cb18.o(.text.GPIO2_Handler) for GPIO2_Handler
    startup_da14531.o(RESET) refers to lto-llvm-40cb18.o(.text.GPIO3_Handler) for GPIO3_Handler
    startup_da14531.o(RESET) refers to lto-llvm-40cb18.o(.text.GPIO4_Handler) for GPIO4_Handler
    startup_da14531.o(RESET) refers to lto-llvm-40cb18.o(.text.WKUP_QUADEC_Handler) for WKUP_QUADEC_Handler
    startup_da14531.o(.text) refers to lto-llvm-40cb18.o(system_DA14xxx) for SystemInit
    startup_da14531.o(.text) refers to entry.o(.ARM.Collect$$$$00000000) for __main
    startup_da14531.o(.text) refers to lto-llvm-40cb18.o(.text.NMI_HandlerC) for NMI_HandlerC
    startup_da14531.o(.text) refers to lto-llvm-40cb18.o(.text.HardFault_HandlerC) for HardFault_HandlerC
    patch.o(.text) refers to patch.o(retention_mem_area0) for retention_mem_area0
    patch.o(.text) refers to patch.o(.constdata) for .constdata
    patch.o(.constdata) refers to patch.o(.text) for PATCHED_llm_con_req_ind
    entry.o(.ARM.Collect$$$$00000000) refers (Special) to entry10a.o(.ARM.Collect$$$$0000000D) for __rt_final_cpp
    entry.o(.ARM.Collect$$$$00000000) refers (Special) to entry11a.o(.ARM.Collect$$$$0000000F) for __rt_final_exit
    entry.o(.ARM.Collect$$$$00000000) refers (Special) to entry7b.o(.ARM.Collect$$$$00000008) for _main_clock
    entry.o(.ARM.Collect$$$$00000000) refers (Special) to entry8b.o(.ARM.Collect$$$$0000000A) for _main_cpp_init
    entry.o(.ARM.Collect$$$$00000000) refers (Special) to entry9a.o(.ARM.Collect$$$$0000000B) for _main_init
    entry.o(.ARM.Collect$$$$00000000) refers (Special) to entry5.o(.ARM.Collect$$$$00000004) for _main_scatterload
    entry.o(.ARM.Collect$$$$00000000) refers (Special) to entry2.o(.ARM.Collect$$$$00000001) for _main_stk
    entry2.o(.ARM.Collect$$$$00000001) refers to entry2.o(.ARM.Collect$$$$00002712) for __lit__00000000
    entry2.o(.ARM.Collect$$$$00002712) refers to startup_da14531.o(STACK) for __initial_sp
    entry2.o(__vectab_stack_and_reset_area) refers to startup_da14531.o(STACK) for __initial_sp
    entry2.o(__vectab_stack_and_reset_area) refers to entry.o(.ARM.Collect$$$$00000000) for __main
    entry5.o(.ARM.Collect$$$$00000004) refers to init.o(.text) for __scatterload
    entry9a.o(.ARM.Collect$$$$0000000B) refers to lto-llvm-40cb18.o(.text.main) for main
    entry9b.o(.ARM.Collect$$$$0000000C) refers to lto-llvm-40cb18.o(.text.main) for main
    init.o(.text) refers to entry5.o(.ARM.Collect$$$$00000004) for __main_after_scatterload
    lto-llvm-40cb18.o(system_DA14xxx) refers to lto-llvm-40cb18.o(otp_cs_booter) for [Anonymous Symbol]
    lto-llvm-40cb18.o(.ARM.exidxsystem_DA14xxx) refers to lto-llvm-40cb18.o(system_DA14xxx) for [Anonymous Symbol]
    lto-llvm-40cb18.o(.ARM.exidx.text.HardFault_HandlerC) refers to lto-llvm-40cb18.o(.text.HardFault_HandlerC) for [Anonymous Symbol]
    lto-llvm-40cb18.o(.ARM.exidx.text.NMI_HandlerC) refers to lto-llvm-40cb18.o(.text.NMI_HandlerC) for [Anonymous Symbol]
    lto-llvm-40cb18.o(.text.main) refers to lto-llvm-40cb18.o(.bss.retention_mem_area0) for [Anonymous Symbol]
    lto-llvm-40cb18.o(.text.main) refers to lto-llvm-40cb18.o(.text.hw_otpc_init) for hw_otpc_init
    lto-llvm-40cb18.o(.text.main) refers to lto-llvm-40cb18.o(otp_cs_booter) for [Anonymous Symbol]
    lto-llvm-40cb18.o(.text.main) refers to lto-llvm-40cb18.o(.bss.otp_hdr_timestamp) for [Anonymous Symbol]
    lto-llvm-40cb18.o(.text.main) refers to lto-llvm-40cb18.o(.bss.syscntl_dcdc_state.0) for [Anonymous Symbol]
    lto-llvm-40cb18.o(.text.main) refers to lto-llvm-40cb18.o(.bss.syscntl_dcdc_state.1) for [Anonymous Symbol]
    lto-llvm-40cb18.o(.text.main) refers to patch.o(.text) for patch_global_vars_init
    lto-llvm-40cb18.o(.text.main) refers to lto-llvm-40cb18.o(.text.periph_init) for periph_init
    lto-llvm-40cb18.o(.text.main) refers to lto-llvm-40cb18.o(.bss.trng_state) for [Anonymous Symbol]
[...]
    custs1_att_info_rsp_handler              0x07f2290f   Thumb Code     0  da14531_symbols.txt ABSOLUTE
    get_value_handle                         0x07f2237f   Thumb Code     0  da14531_symbols.txt ABSOLUTE
    check_client_char_cfg                    0x07f22355   Thumb Code     0  da14531_symbols.txt ABSOLUTE
    attmdb_att_get_permission                0x07f10f69   Thumb Code     0  da14531_symbols.txt ABSOLUTE
    gattc_read_req_ind_handler               0x07f2294b   Thumb Code     0  da14531_symbols.txt ABSOLUTE
    custs1_get_att_idx                       0x07f22449   Thumb Code     0  da14531_symbols.txt ABSOLUTE
    prf_env_get                              0x07f211f1   Thumb Code     0  da14531_symbols.txt ABSOLUTE
    custs1_val_ntf_req_handler               0x07f22857   Thumb Code     0  da14531_symbols.txt ABSOLUTE
    attmdb_get_attribute                     0x07f10a5f   Thumb Code     0  da14531_symbols.txt ABSOLUTE
    custs1_set_ccc_value                     0x07f2270b   Thumb Code     0  da14531_symbols.txt ABSOLUTE
    custs1_val_set_req_handler               0x07f22837   Thumb Code     0  da14531_symbols.txt ABSOLUTE
    attmdb_att_set_value                     0x07f10b33   Thumb Code     0  da14531_symbols.txt ABSOLUTE
    custs1_value_req_rsp_handler             0x07f22b99   Thumb Code     0  da14531_symbols.txt ABSOLUTE
    gattc_cmp_evt_handler                    0x07f22823   Thumb Code     0  da14531_symbols.txt ABSOLUTE
    ke_msg_send                              0x07f1ca2b   Thumb Code     0  da14531_symbols.txt ABSOLUTE
    ke_task_create                           0x07f1cdf3   Thumb Code     0  da14531_symbols.txt ABSOLUTE
    prf_itf_get                              0x07f212fd   Thumb Code     0  da14531_symbols.txt ABSOLUTE
    diss_prf_itf_get                         0x07f214ed   Thumb Code     0  da14531_symbols.txt ABSOLUTE
    custs1_prf_itf_get                       0x07f22621   Thumb Code     0  da14531_symbols.txt ABSOLUTE
    ke_task_msg_flush                        0x07f1cea7   Thumb Code     0  da14531_symbols.txt ABSOLUTE
    prf_src_task_get                         0x07f2121d   Thumb Code     0  da14531_symbols.txt ABSOLUTE
    attm_svc_create_db                       0x07f110ed   Thumb Code     0  da14531_symbols.txt ABSOLUTE
    ke_state_set                             0x07f1ce57   Thumb Code     0  da14531_symbols.txt ABSOLUTE
    attmdb_reserve_handle_range              0x07f111fb   Thumb Code     0  da14531_symbols.txt ABSOLUTE
    gapc_get_conhdl                          0x07f158c5   Thumb Code     0  da14531_symbols.txt ABSOLUTE
    ke_state_get                             0x07f1ce81   Thumb Code     0  da14531_symbols.txt ABSOLUTE
    app_db_init_start                        0x07f234c1   Thumb Code     0  da14531_symbols.txt ABSOLUTE
    prf_init_srv_perm                        0x07f236f1   Thumb Code     0  da14531_symbols.txt ABSOLUTE
    app_default_handler                      0x07f23f58   Data           0  da14531_symbols.txt ABSOLUTE
    append_device_name                       0x07f23515   Thumb Code     0  da14531_symbols.txt ABSOLUTE
    app_easy_gap_advertise_stop              0x07f235bd   Thumb Code     0  da14531_symbols.txt ABSOLUTE
    llm_le_env                               0x07fcbbb0   Data           0  da14531_symbols.txt ABSOLUTE
    gapc_peer_features_ind_handler_ROM       0x07f2326f   Thumb Code     0  da14531_symbols.txt ABSOLUTE
    gapc_security_ind_handler_ROM            0x07f2309f   Thumb Code     0  da14531_symbols.txt ABSOLUTE
    app_easy_gap_confirm                     0x07f234e9   Thumb Code     0  da14531_symbols.txt ABSOLUTE
    app_std_process_event                    0x07f232f1   Thumb Code     0  da14531_symbols.txt ABSOLUTE
    gapm_profile_added_ind_handler_ROM       0x07f231c7   Thumb Code     0  da14531_symbols.txt ABSOLUTE
    gapc_le_pkt_size_ind_handler_ROM         0x07f23239   Thumb Code     0  da14531_symbols.txt ABSOLUTE
    gapc_param_update_req_ind_handler_ROM    0x07f231f9   Thumb Code     0  da14531_symbols.txt ABSOLUTE
    gattc_svc_changed_cfg_ind_handler_ROM    0x07f23253   Thumb Code     0  da14531_symbols.txt ABSOLUTE
    gapc_set_dev_info_req_ind_handler_ROM    0x07f23185   Thumb Code     0  da14531_symbols.txt ABSOLUTE
    gapm_adv_report_ind_handler_ROM          0x07f23085   Thumb Code     0  da14531_symbols.txt ABSOLUTE
    app_easy_gap_disconnect                  0x07f23581   Thumb Code     0  da14531_symbols.txt ABSOLUTE
    get_user_prf_srv_perm                    0x07f23699   Thumb Code     0  da14531_symbols.txt ABSOLUTE
    ke_msg_send_basic                        0x07f1ca57   Thumb Code     0  da14531_symbols.txt ABSOLUTE
    ke_timer_clear                           0x07f1d107   Thumb Code     0  da14531_symbols.txt ABSOLUTE
    ke_timer_set                             0x07f1d073   Thumb Code     0  da14531_symbols.txt ABSOLUTE
    memcmp                                   0x07f1f141   Thumb Code     0  da14531_symbols.txt ABSOLUTE
    app_get_address_type_ROM                 0x07f23335   Thumb Code     0  da14531_symbols.txt ABSOLUTE
    app_fill_random_byte_array_ROM           0x07f23361   Thumb Code     0  da14531_symbols.txt ABSOLUTE
    patch_func                               0x07fc0abf   Thumb Code    44  patch.o(.text)
    prf_get_task_from_id                     0x07f027c7   Thumb Code     0  da14531_symbols.txt ABSOLUTE
    uECC_vli_add                             0x07f02001   Thumb Code     0  da14531_symbols.txt ABSOLUTE
    uECC_vli_sub                             0x07f02019   Thumb Code     0  da14531_symbols.txt ABSOLUTE
    uECC_vli_mult                            0x07f02035   Thumb Code     0  da14531_symbols.txt ABSOLUTE
    set_system_clocks                        0x07f02159   Thumb Code     0  da14531_symbols.txt ABSOLUTE
    set_peripheral_clocks                    0x07f0216b   Thumb Code     0  da14531_symbols.txt ABSOLUTE
    rf_workaround_init                       0x07f02183   Thumb Code     0  da14531_symbols.txt ABSOLUTE
    get_stack_usage                          0x07f02185   Thumb Code     0  da14531_symbols.txt ABSOLUTE
    rwip_set_em_base                         0x07f0219d   Thumb Code     0  da14531_symbols.txt ABSOLUTE
    platform_initialization                  0x07f021a3   Thumb Code     0  da14531_symbols.txt ABSOLUTE
    platform_sleep                           0x07f02379   Thumb Code     0  da14531_symbols.txt ABSOLUTE
    smpc_check_param                         0x07f02649   Thumb Code     0  da14531_symbols.txt ABSOLUTE
    smpc_pdu_recv                            0x07f02653   Thumb Code     0  da14531_symbols.txt ABSOLUTE
    lld_sleep_compensate                     0x07f0265d   Thumb Code     0  da14531_symbols.txt ABSOLUTE
    lld_sleep_init                           0x07f02667   Thumb Code     0  da14531_symbols.txt ABSOLUTE
    lld_sleep_us_2_lpcycles                  0x07f02671   Thumb Code     0  da14531_symbols.txt ABSOLUTE
    lld_sleep_lpcycles_2_us                  0x07f0267b   Thumb Code     0  da14531_symbols.txt ABSOLUTE
    uart_flow_off                            0x07f02685   Thumb Code     0  da14531_symbols.txt ABSOLUTE
    uart_finish_transfers                    0x07f0268d   Thumb Code     0  da14531_symbols.txt ABSOLUTE
    uart_read                                0x07f02695   Thumb Code     0  da14531_symbols.txt ABSOLUTE
    uart_write                               0x07f0269d   Thumb Code     0  da14531_symbols.txt ABSOLUTE
    UART_Handler                             0x07f026a5   Thumb Code     0  da14531_symbols.txt ABSOLUTE
    uart_init                                0x07f026ad   Thumb Code     0  da14531_symbols.txt ABSOLUTE
    uart_flow_on                             0x07f026b5   Thumb Code     0  da14531_symbols.txt ABSOLUTE
    gtl_init                                 0x07f026bd   Thumb Code     0  da14531_symbols.txt ABSOLUTE
    gtl_eif_init                             0x07f026c5   Thumb Code     0  da14531_symbols.txt ABSOLUTE
    gtl_eif_read_start                       0x07f026cd   Thumb Code     0  da14531_symbols.txt ABSOLUTE
    gtl_eif_read_hdr                         0x07f026d5   Thumb Code     0  da14531_symbols.txt ABSOLUTE
    gtl_eif_read_payl                        0x07f026dd   Thumb Code     0  da14531_symbols.txt ABSOLUTE
    gtl_eif_tx_done                          0x07f026e5   Thumb Code     0  da14531_symbols.txt ABSOLUTE
    gtl_eif_rx_done                          0x07f026ed   Thumb Code     0  da14531_symbols.txt ABSOLUTE
    h4tl_init                                0x07f026f5   Thumb Code     0  da14531_symbols.txt ABSOLUTE
    h4tl_read_start                          0x07f026fd   Thumb Code     0  da14531_symbols.txt ABSOLUTE
    h4tl_read_hdr                            0x07f02705   Thumb Code     0  da14531_symbols.txt ABSOLUTE
    h4tl_read_payl                           0x07f0270d   Thumb Code     0  da14531_symbols.txt ABSOLUTE
    h4tl_read_next_out_of_sync               0x07f02715   Thumb Code     0  da14531_symbols.txt ABSOLUTE
    h4tl_out_of_sync                         0x07f0271d   Thumb Code     0  da14531_symbols.txt ABSOLUTE
    h4tl_tx_done                             0x07f02725   Thumb Code     0  da14531_symbols.txt ABSOLUTE
    h4tl_rx_done                             0x07f0272d   Thumb Code     0  da14531_symbols.txt ABSOLUTE
    ke_task_init                             0x07f02735   Thumb Code     0  da14531_symbols.txt ABSOLUTE
    ke_timer_init                            0x07f0273d   Thumb Code     0  da14531_symbols.txt ABSOLUTE
    llm_encryption_done                      0x07f02745   Thumb Code     0  da14531_symbols.txt ABSOLUTE
    nvds_get                                 0x07f0274d   Thumb Code     0  da14531_symbols.txt ABSOLUTE
    nvds_del                                 0x07f02755   Thumb Code     0  da14531_symbols.txt ABSOLUTE
    nvds_put                                 0x07f0275d   Thumb Code     0  da14531_symbols.txt ABSOLUTE
    rwip_eif_get                             0x07f02765   Thumb Code     0  da14531_symbols.txt ABSOLUTE
    platform_reset                           0x07f0276d   Thumb Code     0  da14531_symbols.txt ABSOLUTE
    lld_test_stop                            0x07f02777   Thumb Code     0  da14531_symbols.txt ABSOLUTE
    lld_test_mode_tx                         0x07f02781   Thumb Code     0  da14531_symbols.txt ABSOLUTE
    lld_test_mode_rx                         0x07f0278b   Thumb Code     0  da14531_symbols.txt ABSOLUTE
    prf_init                                 0x07f02795   Thumb Code     0  da14531_symbols.txt ABSOLUTE
    prf_add_profile                          0x07f0279f   Thumb Code     0  da14531_symbols.txt ABSOLUTE
    prf_create                               0x07f027a9   Thumb Code     0  da14531_symbols.txt ABSOLUTE
    prf_cleanup                              0x07f027b3   Thumb Code     0  da14531_symbols.txt ABSOLUTE
    prf_get_id_from_task                     0x07f027bd   Thumb Code     0  da14531_symbols.txt ABSOLUTE
    nvds_init                                0x07f027d1   Thumb Code     0  da14531_symbols.txt ABSOLUTE
    SetSystemVars                            0x07f027d9   Thumb Code     0  da14531_symbols.txt ABSOLUTE
    dbg_init                                 0x07f027e3   Thumb Code     0  da14531_symbols.txt ABSOLUTE
    dbg_platform_reset_complete              0x07f027ed   Thumb Code     0  da14531_symbols.txt ABSOLUTE
    hci_rd_local_supp_feats_cmd_handler      0x07f027f7   Thumb Code     0  da14531_symbols.txt ABSOLUTE
    l2cc_pdu_pack                            0x07f02807   Thumb Code     0  da14531_symbols.txt ABSOLUTE
    l2cc_pdu_unpack                          0x07f0281d   Thumb Code     0  da14531_symbols.txt ABSOLUTE
    l2c_send_lecb_message                    0x07f02835   Thumb Code     0  da14531_symbols.txt ABSOLUTE
    l2c_process_sdu                          0x07f0283f   Thumb Code     0  da14531_symbols.txt ABSOLUTE
    l2cc_pdu_recv_ind_handler                0x07f02849   Thumb Code     0  da14531_symbols.txt ABSOLUTE
    gapc_lecb_connect_cfm_handler            0x07f02859   Thumb Code     0  da14531_symbols.txt ABSOLUTE
    atts_l2cc_pdu_recv_handler               0x07f02869   Thumb Code     0  da14531_symbols.txt ABSOLUTE
    attc_l2cc_pdu_recv_handler               0x07f02873   Thumb Code     0  da14531_symbols.txt ABSOLUTE
    crypto_init                              0x07f0287d   Thumb Code     0  da14531_symbols.txt ABSOLUTE
    llm_le_adv_report_ind                    0x07f02887   Thumb Code     0  da14531_symbols.txt ABSOLUTE
    PK_PointMult                             0x07f02891   Thumb Code     0  da14531_symbols.txt ABSOLUTE
    llm_p256_start                           0x07f0289b   Thumb Code     0  da14531_symbols.txt ABSOLUTE
    llm_create_p256_key                      0x07f028a5   Thumb Code     0  da14531_symbols.txt ABSOLUTE
    llm_p256_req_handler                     0x07f028b1   Thumb Code     0  da14531_symbols.txt ABSOLUTE
    llc_le_length_effective                  0x07f028c3   Thumb Code     0  da14531_symbols.txt ABSOLUTE
    llc_le_length_conn_init                  0x07f028cf   Thumb Code     0  da14531_symbols.txt ABSOLUTE
    lld_data_tx_prog                         0x07f028db   Thumb Code     0  da14531_symbols.txt ABSOLUTE
    lld_data_tx_check                        0x07f028e7   Thumb Code     0  da14531_symbols.txt ABSOLUTE
    llc_pdu_send                             0x07f028f3   Thumb Code     0  da14531_symbols.txt ABSOLUTE
    llc_data_notif                           0x07f02917   Thumb Code     0  da14531_symbols.txt ABSOLUTE
    ba431_get_rand                           0x07f02931   Thumb Code     0  da14531_symbols.txt ABSOLUTE
    smpc_public_key_exchange_start           0x07f0293d   Thumb Code     0  da14531_symbols.txt ABSOLUTE
    smpc_dhkey_calc_ind                      0x07f02949   Thumb Code     0  da14531_symbols.txt ABSOLUTE
    smpm_ecdh_key_create                     0x07f02955   Thumb Code     0  da14531_symbols.txt ABSOLUTE
    ble_init_arp                             0x07f02961   Thumb Code     0  da14531_symbols.txt ABSOLUTE
    co_buf_init                              0x07f02971   Thumb Code     0  da14531_symbols.txt ABSOLUTE
    co_buf_rx_free                           0x07f02a35   Thumb Code     0  da14531_symbols.txt ABSOLUTE
    co_buf_rx_buffer_get                     0x07f02a4f   Thumb Code     0  da14531_symbols.txt ABSOLUTE
    co_buf_tx_buffer_get                     0x07f02a59   Thumb Code     0  da14531_symbols.txt ABSOLUTE
    co_list_init                             0x07f02a81   Thumb Code     0  da14531_symbols.txt ABSOLUTE
    co_list_pop_front                        0x07f02a91   Thumb Code     0  da14531_symbols.txt ABSOLUTE
    co_list_flush                            0x07f02ab3   Thumb Code     0  da14531_symbols.txt ABSOLUTE
    co_list_push_back                        0x07f02ac9   Thumb Code     0  da14531_symbols.txt ABSOLUTE
    co_list_pool_init                        0x07f02aed   Thumb Code     0  da14531_symbols.txt ABSOLUTE
    co_list_push_front                       0x07f02b55   Thumb Code     0  da14531_symbols.txt ABSOLUTE
    co_list_extract                          0x07f02b71   Thumb Code     0  da14531_symbols.txt ABSOLUTE
    co_list_find                             0x07f02bc1   Thumb Code     0  da14531_symbols.txt ABSOLUTE
    co_list_merge                            0x07f02bd7   Thumb Code     0  da14531_symbols.txt ABSOLUTE
    co_list_insert_before                    0x07f02bf3   Thumb Code     0  da14531_symbols.txt ABSOLUTE
    co_list_insert_after                     0x07f02c2b   Thumb Code     0  da14531_symbols.txt ABSOLUTE
    co_list_size                             0x07f02c67   Thumb Code     0  da14531_symbols.txt ABSOLUTE
    co_bdaddr_compare                        0x07f02c7b   Thumb Code     0  da14531_symbols.txt ABSOLUTE
    co_array_reverse                         0x07f02c97   Thumb Code     0  da14531_symbols.txt ABSOLUTE
    llc_init                                 0x07f02cb9   Thumb Code     0  da14531_symbols.txt ABSOLUTE
    llc_common_nb_of_pkt_comp_evt_send       0x07f02ce5   Thumb Code     0  da14531_symbols.txt ABSOLUTE
    llc_acl_tx_data_flush                    0x07f02d05   Thumb Code     0  da14531_symbols.txt ABSOLUTE
    llc_stop                                 0x07f02d6d   Thumb Code     0  da14531_symbols.txt ABSOLUTE
    llc_reset                                0x07f02db9   Thumb Code     0  da14531_symbols.txt ABSOLUTE
    llc_le_enh_con_cmp_evt_send              0x07f02ed3   Thumb Code     0  da14531_symbols.txt ABSOLUTE
    llc_le_con_cmp_evt_send                  0x07f02ff3   Thumb Code     0  da14531_symbols.txt ABSOLUTE
    llc_start                                0x07f0308f   Thumb Code     0  da14531_symbols.txt ABSOLUTE
    llc_acl_tx_data_squash                   0x07f03173   Thumb Code     0  da14531_symbols.txt ABSOLUTE
    llc_acl_tx_desc_flushed                  0x07f03215   Thumb Code     0  da14531_symbols.txt ABSOLUTE
    llc_acl_tx_data_process                  0x07f03285   Thumb Code     0  da14531_symbols.txt ABSOLUTE
    llc_discon_event_complete_send           0x07f032d3   Thumb Code     0  da14531_symbols.txt ABSOLUTE
    llc_con_update_complete_send             0x07f032f5   Thumb Code     0  da14531_symbols.txt ABSOLUTE
    llc_ltk_req_send                         0x07f0332f   Thumb Code     0  da14531_symbols.txt ABSOLUTE
    llc_feats_rd_event_send                  0x07f03367   Thumb Code     0  da14531_symbols.txt ABSOLUTE
    llc_version_rd_event_send                0x07f033a3   Thumb Code     0  da14531_symbols.txt ABSOLUTE
    llc_common_cmd_complete_send             0x07f033d5   Thumb Code     0  da14531_symbols.txt ABSOLUTE
    llc_common_cmd_status_send               0x07f033f3   Thumb Code     0  da14531_symbols.txt ABSOLUTE
    llc_common_cmd_discard                   0x07f0340f   Thumb Code     0  da14531_symbols.txt ABSOLUTE
    llc_common_flush_occurred_send           0x07f03417   Thumb Code     0  da14531_symbols.txt ABSOLUTE
    llc_common_enc_key_ref_comp_evt_send     0x07f03431   Thumb Code     0  da14531_symbols.txt ABSOLUTE
    llc_common_enc_change_evt_send           0x07f0344f   Thumb Code     0  da14531_symbols.txt ABSOLUTE
    llc_con_update_ind                       0x07f034b7   Thumb Code     0  da14531_symbols.txt ABSOLUTE
    llc_lsto_con_update                      0x07f0355b   Thumb Code     0  da14531_symbols.txt ABSOLUTE
    llc_map_update_ind                       0x07f03595   Thumb Code     0  da14531_symbols.txt ABSOLUTE
    llc_chnl_map_req_send                    0x07f03653   Thumb Code     0  da14531_symbols.txt ABSOLUTE
    llc_add_bad_chnl                         0x07f0366f   Thumb Code     0  da14531_symbols.txt ABSOLUTE
    llc_version_ind_pdu_send                 0x07f0377b   Thumb Code     0  da14531_symbols.txt ABSOLUTE
    llc_ch_map_update_pdu_send               0x07f037d5   Thumb Code     0  da14531_symbols.txt ABSOLUTE
    llc_pause_enc_req_pdu_send               0x07f03825   Thumb Code     0  da14531_symbols.txt ABSOLUTE
    llc_pause_enc_rsp_pdu_send               0x07f03871   Thumb Code     0  da14531_symbols.txt ABSOLUTE
    llc_enc_req_pdu_send                     0x07f038d7   Thumb Code     0  da14531_symbols.txt ABSOLUTE
    llc_enc_rsp_pdu_send                     0x07f039a3   Thumb Code     0  da14531_symbols.txt ABSOLUTE
    llc_start_enc_rsp_pdu_send               0x07f03a41   Thumb Code     0  da14531_symbols.txt ABSOLUTE
    llc_reject_ind_pdu_send                  0x07f03a99   Thumb Code     0  da14531_symbols.txt ABSOLUTE
    llc_con_update_pdu_send                  0x07f03b37   Thumb Code     0  da14531_symbols.txt ABSOLUTE
    llc_con_param_req_pdu_send               0x07f03b8d   Thumb Code     0  da14531_symbols.txt ABSOLUTE
    llc_con_param_rsp_pdu_send               0x07f03c1b   Thumb Code     0  da14531_symbols.txt ABSOLUTE
    llc_feats_req_pdu_send                   0x07f03ca9   Thumb Code     0  da14531_symbols.txt ABSOLUTE
    llc_start_enc_req_pdu_send               0x07f03d09   Thumb Code     0  da14531_symbols.txt ABSOLUTE
    llc_terminate_ind_pdu_send               0x07f03dbd   Thumb Code     0  da14531_symbols.txt ABSOLUTE
    llc_unknown_rsp_send_pdu                 0x07f03e31   Thumb Code     0  da14531_symbols.txt ABSOLUTE
    llc_length_req_pdu_send                  0x07f03e65   Thumb Code     0  da14531_symbols.txt ABSOLUTE
    llc_length_rsp_pdu_send                  0x07f03f31   Thumb Code     0  da14531_symbols.txt ABSOLUTE
    llc_length_ind                           0x07f03fa1   Thumb Code     0  da14531_symbols.txt ABSOLUTE
    llc_ping_req_pdu_send                    0x07f0402d   Thumb Code     0  da14531_symbols.txt ABSOLUTE
    llc_ping_rsp_pdu_send                    0x07f0405d   Thumb Code     0  da14531_symbols.txt ABSOLUTE
    llc_feats_req_ind                        0x07f0408d   Thumb Code     0  da14531_symbols.txt ABSOLUTE
    llc_feats_rsp_ind                        0x07f040f9   Thumb Code     0  da14531_symbols.txt ABSOLUTE
    llc_vers_ind_ind                         0x07f04167   Thumb Code     0  da14531_symbols.txt ABSOLUTE
    llc_terminate_ind                        0x07f041fb   Thumb Code     0  da14531_symbols.txt ABSOLUTE
    llc_pause_enc_req_ind                    0x07f04237   Thumb Code     0  da14531_symbols.txt ABSOLUTE
    llc_pause_enc_rsp_ind                    0x07f04267   Thumb Code     0  da14531_symbols.txt ABSOLUTE
    llc_enc_req_ind                          0x07f042dd   Thumb Code     0  da14531_symbols.txt ABSOLUTE
    llc_enc_rsp_ind                          0x07f0439d   Thumb Code     0  da14531_symbols.txt ABSOLUTE
    llc_start_enc_req_ind                    0x07f04449   Thumb Code     0  da14531_symbols.txt ABSOLUTE
    llc_start_enc_rsp_ind                    0x07f044b7   Thumb Code     0  da14531_symbols.txt ABSOLUTE
    llc_cntl_rcv                             0x07f0453f   Thumb Code     0  da14531_symbols.txt ABSOLUTE
    llcp_con_param_req_pdu_unpk              0x07f045cd   Thumb Code     0  da14531_symbols.txt ABSOLUTE
    llcp_con_param_rsp_pdu_unpk              0x07f04645   Thumb Code     0  da14531_symbols.txt ABSOLUTE
    llc_con_update_req_ind                   0x07f046bd   Thumb Code     0  da14531_symbols.txt ABSOLUTE
    llc_ch_map_req_ind                       0x07f04717   Thumb Code     0  da14531_symbols.txt ABSOLUTE
    llc_data_rcv                             0x07f04799   Thumb Code     0  da14531_symbols.txt ABSOLUTE
    llc_util_get_free_conhdl                 0x07f06bd1   Thumb Code     0  da14531_symbols.txt ABSOLUTE
    llc_util_dicon_procedure                 0x07f06c01   Thumb Code     0  da14531_symbols.txt ABSOLUTE
    llc_util_gen_skdx                        0x07f06c63   Thumb Code     0  da14531_symbols.txt ABSOLUTE
    llc_util_update_channel_map              0x07f06c77   Thumb Code     0  da14531_symbols.txt ABSOLUTE
    llc_util_set_llcp_discard_enable         0x07f06c89   Thumb Code     0  da14531_symbols.txt ABSOLUTE
    llc_util_set_auth_payl_to_margin         0x07f06ca1   Thumb Code     0  da14531_symbols.txt ABSOLUTE
    llm_add_bad_chnl                         0x07f06cc9   Thumb Code     0  da14531_symbols.txt ABSOLUTE
    llc_data_notif_func                      0x07f06d05   Thumb Code     0  da14531_symbols.txt ABSOLUTE
    lld_init                                 0x07f06e11   Thumb Code     0  da14531_symbols.txt ABSOLUTE
    lld_reset                                0x07f06f5d   Thumb Code     0  da14531_symbols.txt ABSOLUTE
    lld_adv_start                            0x07f06fab   Thumb Code     0  da14531_symbols.txt ABSOLUTE
    lld_adv_stop                             0x07f0710f   Thumb Code     0  da14531_symbols.txt ABSOLUTE
    lld_scan_start                           0x07f07135   Thumb Code     0  da14531_symbols.txt ABSOLUTE
    lld_scan_stop                            0x07f0727d   Thumb Code     0  da14531_symbols.txt ABSOLUTE
    lld_con_start                            0x07f072b5   Thumb Code     0  da14531_symbols.txt ABSOLUTE
    lld_move_to_master                       0x07f07647   Thumb Code     0  da14531_symbols.txt ABSOLUTE
    lld_con_update_req                       0x07f076df   Thumb Code     0  da14531_symbols.txt ABSOLUTE
    lld_con_update_after_param_req           0x07f0775d   Thumb Code     0  da14531_symbols.txt ABSOLUTE
    lld_con_param_rsp                        0x07f07949   Thumb Code     0  da14531_symbols.txt ABSOLUTE
    lld_con_param_req                        0x07f07a45   Thumb Code     0  da14531_symbols.txt ABSOLUTE
    lld_con_stop                             0x07f07b1b   Thumb Code     0  da14531_symbols.txt ABSOLUTE
    lld_get_mode                             0x07f07b71   Thumb Code     0  da14531_symbols.txt ABSOLUTE
    lld_move_to_slave                        0x07f07b95   Thumb Code     0  da14531_symbols.txt ABSOLUTE
    lld_ch_map_ind                           0x07f07d3b   Thumb Code     0  da14531_symbols.txt ABSOLUTE
    lld_con_update_ind                       0x07f07d6b   Thumb Code     0  da14531_symbols.txt ABSOLUTE
    lld_test_mode_rx_func                    0x07f07e23   Thumb Code     0  da14531_symbols.txt ABSOLUTE
    lld_data_rx_check                        0x07f07f75   Thumb Code     0  da14531_symbols.txt ABSOLUTE
    lld_data_rx_flush                        0x07f07fb9   Thumb Code     0  da14531_symbols.txt ABSOLUTE
    lld_data_tx_loop                         0x07f08085   Thumb Code     0  da14531_symbols.txt ABSOLUTE
    lld_data_tx_push                         0x07f080b3   Thumb Code     0  da14531_symbols.txt ABSOLUTE
    lld_data_tx_flush                        0x07f08255   Thumb Code     0  da14531_symbols.txt ABSOLUTE
    lld_evt_drift_compute                    0x07f08363   Thumb Code     0  da14531_symbols.txt ABSOLUTE
    lld_evt_elt_delete                       0x07f08449   Thumb Code     0  da14531_symbols.txt ABSOLUTE
    lld_evt_deffered_elt_handler             0x07f08a6f   Thumb Code     0  da14531_symbols.txt ABSOLUTE
    lld_evt_init                             0x07f08b43   Thumb Code     0  da14531_symbols.txt ABSOLUTE
    lld_evt_init_evt                         0x07f08bb9   Thumb Code     0  da14531_symbols.txt ABSOLUTE
    lld_evt_elt_insert                       0x07f08bd7   Thumb Code     0  da14531_symbols.txt ABSOLUTE
    lld_evt_conhdl2elt                       0x07f08c01   Thumb Code     0  da14531_symbols.txt ABSOLUTE
    lld_evt_schedule_next                    0x07f08c1d   Thumb Code     0  da14531_symbols.txt ABSOLUTE
    lld_evt_schedule                         0x07f08d19   Thumb Code     0  da14531_symbols.txt ABSOLUTE
    lld_evt_prevent_stop                     0x07f08d55   Thumb Code     0  da14531_symbols.txt ABSOLUTE
    lld_evt_canceled                         0x07f08d57   Thumb Code     0  da14531_symbols.txt ABSOLUTE
    lld_evt_scan_create                      0x07f08d7b   Thumb Code     0  da14531_symbols.txt ABSOLUTE
    lld_evt_move_to_master                   0x07f08e6f   Thumb Code     0  da14531_symbols.txt ABSOLUTE
    lld_evt_update_create                    0x07f08fef   Thumb Code     0  da14531_symbols.txt ABSOLUTE
    lld_evt_ch_map_update_req                0x07f090f1   Thumb Code     0  da14531_symbols.txt ABSOLUTE
    lld_evt_move_to_slave                    0x07f09109   Thumb Code     0  da14531_symbols.txt ABSOLUTE
    lld_evt_slave_update                     0x07f09347   Thumb Code     0  da14531_symbols.txt ABSOLUTE
    lld_evt_adv_create                       0x07f09405   Thumb Code     0  da14531_symbols.txt ABSOLUTE
    lld_evt_end                              0x07f094b9   Thumb Code     0  da14531_symbols.txt ABSOLUTE
    lld_evt_rx                               0x07f095c1   Thumb Code     0  da14531_symbols.txt ABSOLUTE
    lld_sleep_us_2_lpcycles_func             0x07f09839   Thumb Code     0  da14531_symbols.txt ABSOLUTE
    lld_sleep_lpcycles_2_us_func             0x07f0985f   Thumb Code     0  da14531_symbols.txt ABSOLUTE
    lld_sleep_wakeup                         0x07f099a9   Thumb Code     0  da14531_symbols.txt ABSOLUTE
    lld_sleep_wakeup_end                     0x07f099c3   Thumb Code     0  da14531_symbols.txt ABSOLUTE
    lld_wlcoex_connection_complete           0x07f099e9   Thumb Code     0  da14531_symbols.txt ABSOLUTE
    lld_wlcoex_remove_connection             0x07f09a01   Thumb Code     0  da14531_symbols.txt ABSOLUTE
    lld_wlcoex_set                           0x07f09a15   Thumb Code     0  da14531_symbols.txt ABSOLUTE
    lld_util_get_bd_address                  0x07f09a29   Thumb Code     0  da14531_symbols.txt ABSOLUTE
    lld_util_set_bd_address                  0x07f09a49   Thumb Code     0  da14531_symbols.txt ABSOLUTE
    lld_util_freq2chnl                       0x07f09a85   Thumb Code     0  da14531_symbols.txt ABSOLUTE
    lld_util_get_local_offset                0x07f09aa7   Thumb Code     0  da14531_symbols.txt ABSOLUTE
    lld_util_get_peer_offset                 0x07f09ac1   Thumb Code     0  da14531_symbols.txt ABSOLUTE
    lld_util_connection_param_set            0x07f09add   Thumb Code     0  da14531_symbols.txt ABSOLUTE
    llm_wl_clr                               0x07f09b2d   Thumb Code     0  da14531_symbols.txt ABSOLUTE
    llm_init                                 0x07f09b55   Thumb Code     0  da14531_symbols.txt ABSOLUTE
    llm_common_cmd_complete_send             0x07f09d5b   Thumb Code     0  da14531_symbols.txt ABSOLUTE
    llm_ble_ready                            0x07f09d73   Thumb Code     0  da14531_symbols.txt ABSOLUTE
    llm_wl_from_rl_restore                   0x07f09d79   Thumb Code     0  da14531_symbols.txt ABSOLUTE
    llm_con_req_ind                          0x07f09df9   Thumb Code     0  da14531_symbols.txt ABSOLUTE
    llm_resolv_addr                          0x07f0a0ef   Thumb Code     0  da14531_symbols.txt ABSOLUTE
    llm_util_rl_wl_update                    0x07f0a131   Thumb Code     0  da14531_symbols.txt ABSOLUTE
    llm_alter_conn                           0x07f0a16b   Thumb Code     0  da14531_symbols.txt ABSOLUTE
    llm_adv_report_set                       0x07f0a207   Thumb Code     0  da14531_symbols.txt ABSOLUTE
    llm_direct_adv_report_set                0x07f0a295   Thumb Code     0  da14531_symbols.txt ABSOLUTE
    llm_encryption_start                     0x07f0a2d7   Thumb Code     0  da14531_symbols.txt ABSOLUTE
    llm_resolv_addr_inplace                  0x07f0a37f   Thumb Code     0  da14531_symbols.txt ABSOLUTE
    llm_con_req_tx_cfm                       0x07f0a93d   Thumb Code     0  da14531_symbols.txt ABSOLUTE
    llm_common_cmd_status_send               0x07f0aa59   Thumb Code     0  da14531_symbols.txt ABSOLUTE
    llm_test_mode_start_tx                   0x07f0aa73   Thumb Code     0  da14531_symbols.txt ABSOLUTE
    llm_test_mode_start_rx                   0x07f0ab8d   Thumb Code     0  da14531_symbols.txt ABSOLUTE
    llm_set_adv_param                        0x07f0abcd   Thumb Code     0  da14531_symbols.txt ABSOLUTE
    llm_gen_rand_addr                        0x07f0ad33   Thumb Code     0  da14531_symbols.txt ABSOLUTE
    llm_wl_from_rl                           0x07f0adef   Thumb Code     0  da14531_symbols.txt ABSOLUTE
    llm_set_adv_en                           0x07f0af1f   Thumb Code     0  da14531_symbols.txt ABSOLUTE
    llm_set_adv_data                         0x07f0b225   Thumb Code     0  da14531_symbols.txt ABSOLUTE
    llm_set_scan_rsp_data                    0x07f0b2dd   Thumb Code     0  da14531_symbols.txt ABSOLUTE
    llm_set_scan_param                       0x07f0b3cd   Thumb Code     0  da14531_symbols.txt ABSOLUTE
    llm_set_scan_en                          0x07f0b453   Thumb Code     0  da14531_symbols.txt ABSOLUTE
    llm_wl_dev_add                           0x07f0b5a7   Thumb Code     0  da14531_symbols.txt ABSOLUTE
    llm_wl_dev_rem                           0x07f0b681   Thumb Code     0  da14531_symbols.txt ABSOLUTE
    llm_create_con                           0x07f0b6d5   Thumb Code     0  da14531_symbols.txt ABSOLUTE
    llm_get_chnl_assess_nb_pkt               0x07f0bcb3   Thumb Code     0  da14531_symbols.txt ABSOLUTE
    llm_get_chnl_assess_nb_bad_pkt           0x07f0bcbb   Thumb Code     0  da14531_symbols.txt ABSOLUTE
    llm_get_min_rssi                         0x07f0bcc3   Thumb Code     0  da14531_symbols.txt ABSOLUTE
    llm_le_scan_report_ind                   0x07f0bccd   Thumb Code     0  da14531_symbols.txt ABSOLUTE
    llm_set_tx_oct_time                      0x07f0bd35   Thumb Code     0  da14531_symbols.txt ABSOLUTE
    llm_util_bd_addr_in_wl                   0x07f0cf35   Thumb Code     0  da14531_symbols.txt ABSOLUTE
    llm_util_check_address_validity          0x07f0cfab   Thumb Code     0  da14531_symbols.txt ABSOLUTE
    llm_util_check_map_validity              0x07f0cfbb   Thumb Code     0  da14531_symbols.txt ABSOLUTE
    llm_util_apply_bd_addr                   0x07f0d001   Thumb Code     0  da14531_symbols.txt ABSOLUTE
    llm_util_set_public_addr                 0x07f0d019   Thumb Code     0  da14531_symbols.txt ABSOLUTE
    llm_util_check_evt_mask                  0x07f0d027   Thumb Code     0  da14531_symbols.txt ABSOLUTE
    llm_util_get_channel_map                 0x07f0d049   Thumb Code     0  da14531_symbols.txt ABSOLUTE
    llm_util_get_supp_features               0x07f0d057   Thumb Code     0  da14531_symbols.txt ABSOLUTE
    llm_util_adv_data_update                 0x07f0d063   Thumb Code     0  da14531_symbols.txt ABSOLUTE
    llm_util_bl_check                        0x07f0d087   Thumb Code     0  da14531_symbols.txt ABSOLUTE
    llm_util_bl_add                          0x07f0d0c9   Thumb Code     0  da14531_symbols.txt ABSOLUTE
    llm_util_bl_rem                          0x07f0d11f   Thumb Code     0  da14531_symbols.txt ABSOLUTE
    llm_util_rl_check                        0x07f0d16f   Thumb Code     0  da14531_symbols.txt ABSOLUTE
    llm_util_rl_add                          0x07f0d1a5   Thumb Code     0  da14531_symbols.txt ABSOLUTE
    llm_util_rl_rem                          0x07f0d223   Thumb Code     0  da14531_symbols.txt ABSOLUTE
    llm_util_rl_peer_find                    0x07f0d249   Thumb Code     0  da14531_symbols.txt ABSOLUTE
    llm_util_rl_peer_resolv                  0x07f0d275   Thumb Code     0  da14531_symbols.txt ABSOLUTE
    llm_util_rl_rpa_find                     0x07f0d2c7   Thumb Code     0  da14531_symbols.txt ABSOLUTE
    ea_time_get_slot_rounded                 0x07f0d401   Thumb Code     0  da14531_symbols.txt ABSOLUTE
    ea_init                                  0x07f0d4cd   Thumb Code     0  da14531_symbols.txt ABSOLUTE
    ea_elt_create                            0x07f0d521   Thumb Code     0  da14531_symbols.txt ABSOLUTE
    ea_time_get_halfslot_rounded             0x07f0d53b   Thumb Code     0  da14531_symbols.txt ABSOLUTE
    ea_elt_insert                            0x07f0d56b   Thumb Code     0  da14531_symbols.txt ABSOLUTE
    ea_elt_remove                            0x07f0d7af   Thumb Code     0  da14531_symbols.txt ABSOLUTE
    ea_elt_delete                            0x07f0d837   Thumb Code     0  da14531_symbols.txt ABSOLUTE
    ea_interval_create                       0x07f0d851   Thumb Code     0  da14531_symbols.txt ABSOLUTE
    ea_interval_insert                       0x07f0d867   Thumb Code     0  da14531_symbols.txt ABSOLUTE
    ea_interval_delete                       0x07f0d875   Thumb Code     0  da14531_symbols.txt ABSOLUTE
    ea_offset_req                            0x07f0d97f   Thumb Code     0  da14531_symbols.txt ABSOLUTE
    ea_interval_duration_req                 0x07f0db93   Thumb Code     0  da14531_symbols.txt ABSOLUTE
    flash_identify                           0x07f0dcb3   Thumb Code     0  da14531_symbols.txt ABSOLUTE
    flash_init                               0x07f0dd01   Thumb Code     0  da14531_symbols.txt ABSOLUTE
    flash_erase                              0x07f0dd3d   Thumb Code     0  da14531_symbols.txt ABSOLUTE
    flash_write                              0x07f0dda1   Thumb Code     0  da14531_symbols.txt ABSOLUTE
    flash_read                               0x07f0de05   Thumb Code     0  da14531_symbols.txt ABSOLUTE
    uart_set_flow_off_retries_limit          0x07f0dfeb   Thumb Code     0  da14531_symbols.txt ABSOLUTE
    init_delay                               0x07f0e045   Thumb Code     0  da14531_symbols.txt ABSOLUTE
    delay_us                                 0x07f0e047   Thumb Code     0  da14531_symbols.txt ABSOLUTE
    gtl_enter_sleep                          0x07f0e341   Thumb Code     0  da14531_symbols.txt ABSOLUTE
    gtl_exit_sleep                           0x07f0e36b   Thumb Code     0  da14531_symbols.txt ABSOLUTE
    gtl_send_msg                             0x07f0e373   Thumb Code     0  da14531_symbols.txt ABSOLUTE
    gtl_eif_write                            0x07f0e5d7   Thumb Code     0  da14531_symbols.txt ABSOLUTE
    gtl_eif_start                            0x07f0e5f9   Thumb Code     0  da14531_symbols.txt ABSOLUTE
    gtl_eif_stop                             0x07f0e603   Thumb Code     0  da14531_symbols.txt ABSOLUTE
    gtl_env_curr_msg_type_set                0x07f0e61f   Thumb Code     0  da14531_symbols.txt ABSOLUTE
    hci_tl_host_cmd_discarded                0x07f0e8d3   Thumb Code     0  da14531_symbols.txt ABSOLUTE
    hci_tl_send                              0x07f0e8f1   Thumb Code     0  da14531_symbols.txt ABSOLUTE
    hci_tl_init                              0x07f0e939   Thumb Code     0  da14531_symbols.txt ABSOLUTE
    hci_cmd_get_max_param_size               0x07f0e95d   Thumb Code     0  da14531_symbols.txt ABSOLUTE
    hci_cmd_received                         0x07f0e9a7   Thumb Code     0  da14531_symbols.txt ABSOLUTE
    hci_acl_tx_data_alloc                    0x07f0eae3   Thumb Code     0  da14531_symbols.txt ABSOLUTE
    hci_acl_tx_data_received                 0x07f0eb75   Thumb Code     0  da14531_symbols.txt ABSOLUTE
    hci_acl_rx_data_alloc                    0x07f0ebdd   Thumb Code     0  da14531_symbols.txt ABSOLUTE
    hci_acl_rx_data_received                 0x07f0ebe9   Thumb Code     0  da14531_symbols.txt ABSOLUTE
    hci_evt_received                         0x07f0ec1f   Thumb Code     0  da14531_symbols.txt ABSOLUTE
    hci_tl_env_tx_queue_cnt_get              0x07f0edcb   Thumb Code     0  da14531_symbols.txt ABSOLUTE
    hci_util_pack                            0x07f0eee3   Thumb Code     0  da14531_symbols.txt ABSOLUTE
    hci_util_unpack                          0x07f0efe3   Thumb Code     0  da14531_symbols.txt ABSOLUTE
    hci_look_for_cmd_desc                    0x07f0f4c9   Thumb Code     0  da14531_symbols.txt ABSOLUTE
    hci_look_for_evt_desc                    0x07f0f515   Thumb Code     0  da14531_symbols.txt ABSOLUTE
    hci_look_for_le_evt_desc                 0x07f0f537   Thumb Code     0  da14531_symbols.txt ABSOLUTE
    hci_evt_mask_set                         0x07f0f569   Thumb Code     0  da14531_symbols.txt ABSOLUTE
    hci_init                                 0x07f0f5b1   Thumb Code     0  da14531_symbols.txt ABSOLUTE
    hci_reset                                0x07f0f5cd   Thumb Code     0  da14531_symbols.txt ABSOLUTE
    hci_send_2_host                          0x07f0f5e5   Thumb Code     0  da14531_symbols.txt ABSOLUTE
    hci_host_cmd_discarded                   0x07f0f6cf   Thumb Code     0  da14531_symbols.txt ABSOLUTE
    hci_send_2_controller                    0x07f0f6d7   Thumb Code     0  da14531_symbols.txt ABSOLUTE
    h4tl_out_of_sync_check                   0x07f0f83f   Thumb Code     0  da14531_symbols.txt ABSOLUTE
    h4tl_write                               0x07f0fa11   Thumb Code     0  da14531_symbols.txt ABSOLUTE
    h4tl_start                               0x07f0fa39   Thumb Code     0  da14531_symbols.txt ABSOLUTE
    h4tl_stop                                0x07f0fa41   Thumb Code     0  da14531_symbols.txt ABSOLUTE
    h4tl_env_rx_type_set                     0x07f0fa55   Thumb Code     0  da14531_symbols.txt ABSOLUTE
    h4tl_env_hdr_set                         0x07f0fa61   Thumb Code     0  da14531_symbols.txt ABSOLUTE
    attc_send_att_req                        0x07f0fa9d   Thumb Code     0  da14531_symbols.txt ABSOLUTE
    attc_allocate_att_req                    0x07f0fad9   Thumb Code     0  da14531_symbols.txt ABSOLUTE
    attc_send_hdl_cfm                        0x07f0fafb   Thumb Code     0  da14531_symbols.txt ABSOLUTE
    attc_send_execute                        0x07f0fb11   Thumb Code     0  da14531_symbols.txt ABSOLUTE
    attc_send_read_ind                       0x07f0fb2b   Thumb Code     0  da14531_symbols.txt ABSOLUTE
    attm_convert_to128                       0x07f104c5   Thumb Code     0  da14531_symbols.txt ABSOLUTE
    attm_uuid_comp                           0x07f104f5   Thumb Code     0  da14531_symbols.txt ABSOLUTE
    attm_uuid16_comp                         0x07f1054d   Thumb Code     0  da14531_symbols.txt ABSOLUTE
    attm_is_bt16_uuid                        0x07f10559   Thumb Code     0  da14531_symbols.txt ABSOLUTE
    attm_is_bt32_uuid                        0x07f1057f   Thumb Code     0  da14531_symbols.txt ABSOLUTE
    attmdb_add_service                       0x07f1097f   Thumb Code     0  da14531_symbols.txt ABSOLUTE
    attmdb_destroy                           0x07f10a07   Thumb Code     0  da14531_symbols.txt ABSOLUTE
    attmdb_get_service                       0x07f10a21   Thumb Code     0  da14531_symbols.txt ABSOLUTE
    attmdb_get_next_att                      0x07f10a93   Thumb Code     0  da14531_symbols.txt ABSOLUTE
    attmdb_uuid16_comp                       0x07f10af7   Thumb Code     0  da14531_symbols.txt ABSOLUTE
    attmdb_get_max_len                       0x07f10bdf   Thumb Code     0  da14531_symbols.txt ABSOLUTE
    attmdb_get_uuid                          0x07f10c45   Thumb Code     0  da14531_symbols.txt ABSOLUTE
    attmdb_get_value                         0x07f10d1b   Thumb Code     0  da14531_symbols.txt ABSOLUTE
    attmdb_att_set_permission                0x07f10e6b   Thumb Code     0  da14531_symbols.txt ABSOLUTE
    attmdb_att_update_perm                   0x07f10edd   Thumb Code     0  da14531_symbols.txt ABSOLUTE
    attmdb_svc_get_permission                0x07f10f4b   Thumb Code     0  da14531_symbols.txt ABSOLUTE
    attmdb_svc_set_permission                0x07f1106b   Thumb Code     0  da14531_symbols.txt ABSOLUTE
    attmdb_init                              0x07f1108f   Thumb Code     0  da14531_symbols.txt ABSOLUTE
    attmdb_get_nb_svc                        0x07f110a5   Thumb Code     0  da14531_symbols.txt ABSOLUTE
    attmdb_get_svc_info                      0x07f110b9   Thumb Code     0  da14531_symbols.txt ABSOLUTE
    atts_clear_read_cache                    0x07f1138d   Thumb Code     0  da14531_symbols.txt ABSOLUTE
    atts_send_error                          0x07f11519   Thumb Code     0  da14531_symbols.txt ABSOLUTE
    atts_write_signed_cfm                    0x07f11535   Thumb Code     0  da14531_symbols.txt ABSOLUTE
    atts_send_event                          0x07f1157b   Thumb Code     0  da14531_symbols.txt ABSOLUTE
    atts_clear_prep_data                     0x07f11603   Thumb Code     0  da14531_symbols.txt ABSOLUTE
    atts_clear_rsp_data                      0x07f11627   Thumb Code     0  da14531_symbols.txt ABSOLUTE
    atts_clear_pending_write_ind_data        0x07f1167d   Thumb Code     0  da14531_symbols.txt ABSOLUTE
    atts_write_rsp_send                      0x07f116a1   Thumb Code     0  da14531_symbols.txt ABSOLUTE
    gattc_cleanup                            0x07f1252b   Thumb Code     0  da14531_symbols.txt ABSOLUTE
    gattc_init                               0x07f125b5   Thumb Code     0  da14531_symbols.txt ABSOLUTE
    gattc_update_state                       0x07f125e7   Thumb Code     0  da14531_symbols.txt ABSOLUTE
    gattc_create                             0x07f1260b   Thumb Code     0  da14531_symbols.txt ABSOLUTE
    gattc_con_enable                         0x07f1268b   Thumb Code     0  da14531_symbols.txt ABSOLUTE
    gattc_get_mtu                            0x07f12691   Thumb Code     0  da14531_symbols.txt ABSOLUTE
    gattc_set_mtu                            0x07f1269d   Thumb Code     0  da14531_symbols.txt ABSOLUTE
    gattc_get_requester                      0x07f126e3   Thumb Code     0  da14531_symbols.txt ABSOLUTE
    gattc_send_complete_evt                  0x07f126ff   Thumb Code     0  da14531_symbols.txt ABSOLUTE
    gattc_send_error_evt                     0x07f1275b   Thumb Code     0  da14531_symbols.txt ABSOLUTE
    gattc_get_operation                      0x07f12781   Thumb Code     0  da14531_symbols.txt ABSOLUTE
    gattc_get_op_seq_num                     0x07f12797   Thumb Code     0  da14531_symbols.txt ABSOLUTE
    gattc_get_operation_ptr                  0x07f127ad   Thumb Code     0  da14531_symbols.txt ABSOLUTE
    gattc_set_operation_ptr                  0x07f127b9   Thumb Code     0  da14531_symbols.txt ABSOLUTE
    gattc_reschedule_operation               0x07f127c5   Thumb Code     0  da14531_symbols.txt ABSOLUTE
    gattc_reallocate_svc                     0x07f12809   Thumb Code     0  da14531_symbols.txt ABSOLUTE
    gattm_svc_get_start_hdl                  0x07f13815   Thumb Code     0  da14531_symbols.txt ABSOLUTE
    gattm_init                               0x07f1381b   Thumb Code     0  da14531_symbols.txt ABSOLUTE
    gattm_init_attr                          0x07f13839   Thumb Code     0  da14531_symbols.txt ABSOLUTE
    gattm_create                             0x07f1388d   Thumb Code     0  da14531_symbols.txt ABSOLUTE
    gattm_cleanup                            0x07f13895   Thumb Code     0  da14531_symbols.txt ABSOLUTE
    gattm_get_max_mtu                        0x07f1389d   Thumb Code     0  da14531_symbols.txt ABSOLUTE
    gattm_set_max_mtu                        0x07f138a3   Thumb Code     0  da14531_symbols.txt ABSOLUTE
    gattm_get_max_mps                        0x07f138bf   Thumb Code     0  da14531_symbols.txt ABSOLUTE
    gattm_set_max_mps                        0x07f138c5   Thumb Code     0  da14531_symbols.txt ABSOLUTE
    l2cc_cleanup                             0x07f13b2d   Thumb Code     0  da14531_symbols.txt ABSOLUTE
    l2cc_init                                0x07f13b71   Thumb Code     0  da14531_symbols.txt ABSOLUTE
    l2cc_create                              0x07f13ba3   Thumb Code     0  da14531_symbols.txt ABSOLUTE
    l2cc_update_state                        0x07f13bdb   Thumb Code     0  da14531_symbols.txt ABSOLUTE
    hci_acl_data_rx_handler                  0x07f13d97   Thumb Code     0  da14531_symbols.txt ABSOLUTE
    l2cm_init                                0x07f14029   Thumb Code     0  da14531_symbols.txt ABSOLUTE
    l2cm_create                              0x07f1403d   Thumb Code     0  da14531_symbols.txt ABSOLUTE
    l2cm_cleanup                             0x07f14045   Thumb Code     0  da14531_symbols.txt ABSOLUTE
    l2cm_set_link_layer_buff_size            0x07f1404d   Thumb Code     0  da14531_symbols.txt ABSOLUTE
    smpc_send_use_enc_block_cmd              0x07f1405d   Thumb Code     0  da14531_symbols.txt ABSOLUTE
    smpc_send_start_enc_cmd                  0x07f14095   Thumb Code     0  da14531_symbols.txt ABSOLUTE
    smpc_send_ltk_req_rsp                    0x07f1410f   Thumb Code     0  da14531_symbols.txt ABSOLUTE
    smpc_send_pairing_req_ind                0x07f1416b   Thumb Code     0  da14531_symbols.txt ABSOLUTE
    smpc_send_pairing_ind                    0x07f1424f   Thumb Code     0  da14531_symbols.txt ABSOLUTE
    smpc_check_pairing_feat                  0x07f1436b   Thumb Code     0  da14531_symbols.txt ABSOLUTE
    smpc_launch_rep_att_timer                0x07f14385   Thumb Code     0  da14531_symbols.txt ABSOLUTE
    smpc_check_repeated_attempts             0x07f143c1   Thumb Code     0  da14531_symbols.txt ABSOLUTE
    smpc_check_max_key_size                  0x07f14423   Thumb Code     0  da14531_symbols.txt ABSOLUTE
    smpc_check_key_distrib                   0x07f14469   Thumb Code     0  da14531_symbols.txt ABSOLUTE
    smpc_xor                                 0x07f144b3   Thumb Code     0  da14531_symbols.txt ABSOLUTE
    smpc_generate_l                          0x07f144c9   Thumb Code     0  da14531_symbols.txt ABSOLUTE
    smpc_generate_ci                         0x07f14517   Thumb Code     0  da14531_symbols.txt ABSOLUTE
    smpc_generate_rand                       0x07f1457b   Thumb Code     0  da14531_symbols.txt ABSOLUTE
    smpc_generate_e1                         0x07f145a1   Thumb Code     0  da14531_symbols.txt ABSOLUTE
    smpc_generate_cfm                        0x07f1465b   Thumb Code     0  da14531_symbols.txt ABSOLUTE
    smpc_generate_stk                        0x07f146d5   Thumb Code     0  da14531_symbols.txt ABSOLUTE
    smpc_calc_subkeys                        0x07f1472b   Thumb Code     0  da14531_symbols.txt ABSOLUTE
    smpc_clear_timeout_timer                 0x07f147a1   Thumb Code     0  da14531_symbols.txt ABSOLUTE
    smpc_pairing_end                         0x07f147cb   Thumb Code     0  da14531_symbols.txt ABSOLUTE
    smpc_tkdp_rcp_continue                   0x07f14829   Thumb Code     0  da14531_symbols.txt ABSOLUTE
    smpc_tkdp_rcp_start                      0x07f148a1   Thumb Code     0  da14531_symbols.txt ABSOLUTE
    smpc_pdu_send                            0x07f148f5   Thumb Code     0  da14531_symbols.txt ABSOLUTE
    smpc_tkdp_send_start                     0x07f14993   Thumb Code     0  da14531_symbols.txt ABSOLUTE
    smpc_tkdp_send_continue                  0x07f14a1f   Thumb Code     0  da14531_symbols.txt ABSOLUTE
    smpc_get_key_sec_prop                    0x07f14a9b   Thumb Code     0  da14531_symbols.txt ABSOLUTE
    smpc_is_sec_mode_reached                 0x07f14b67   Thumb Code     0  da14531_symbols.txt ABSOLUTE
    smpc_handle_enc_change_evt               0x07f14ba9   Thumb Code     0  da14531_symbols.txt ABSOLUTE
    smpc_generate_subkey                     0x07f14ccf   Thumb Code     0  da14531_symbols.txt ABSOLUTE
    leftshift_onebit                         0x07f14d03   Thumb Code     0  da14531_symbols.txt ABSOLUTE
    padding                                  0x07f14d1b   Thumb Code     0  da14531_symbols.txt ABSOLUTE
    smpc_generate_subkey_P2                  0x07f14d3f   Thumb Code     0  da14531_symbols.txt ABSOLUTE
    AES_CMAC_block                           0x07f14de3   Thumb Code     0  da14531_symbols.txt ABSOLUTE
    smpc_generate_f4                         0x07f14ea3   Thumb Code     0  da14531_symbols.txt ABSOLUTE
    smpc_generate_g2                         0x07f14fb7   Thumb Code     0  da14531_symbols.txt ABSOLUTE
    smpc_generate_f5                         0x07f15061   Thumb Code     0  da14531_symbols.txt ABSOLUTE
    smpc_generate_f5_T                       0x07f15073   Thumb Code     0  da14531_symbols.txt ABSOLUTE
    smpc_generate_f5_P2                      0x07f150e1   Thumb Code     0  da14531_symbols.txt ABSOLUTE
    smpc_generate_f6                         0x07f152b3   Thumb Code     0  da14531_symbols.txt ABSOLUTE
    smpm_send_encrypt_req                    0x07f1544d   Thumb Code     0  da14531_symbols.txt ABSOLUTE
    smpm_send_gen_rand_nb_req                0x07f1547b   Thumb Code     0  da14531_symbols.txt ABSOLUTE
    smpm_check_addr_type                     0x07f15491   Thumb Code     0  da14531_symbols.txt ABSOLUTE
    gapc_update_state                        0x07f154fd   Thumb Code     0  da14531_symbols.txt ABSOLUTE
    gapc_get_requester                       0x07f1552d   Thumb Code     0  da14531_symbols.txt ABSOLUTE
    gapc_send_complete_evt                   0x07f15549   Thumb Code     0  da14531_symbols.txt ABSOLUTE
    gapc_init                                0x07f15673   Thumb Code     0  da14531_symbols.txt ABSOLUTE
    gapc_con_create                          0x07f156a5   Thumb Code     0  da14531_symbols.txt ABSOLUTE
    gapc_con_create_enh                      0x07f1575f   Thumb Code     0  da14531_symbols.txt ABSOLUTE
    gapc_con_cleanup                         0x07f15859   Thumb Code     0  da14531_symbols.txt ABSOLUTE
    gapc_send_disconect_ind                  0x07f15869   Thumb Code     0  da14531_symbols.txt ABSOLUTE
    gapc_get_conidx                          0x07f1588b   Thumb Code     0  da14531_symbols.txt ABSOLUTE
    gapc_get_role                            0x07f158dd   Thumb Code     0  da14531_symbols.txt ABSOLUTE
    gapc_get_bdaddr                          0x07f158f9   Thumb Code     0  da14531_symbols.txt ABSOLUTE
    gapc_get_csrk                            0x07f15919   Thumb Code     0  da14531_symbols.txt ABSOLUTE
    gapc_get_sign_counter                    0x07f15937   Thumb Code     0  da14531_symbols.txt ABSOLUTE
    gapc_send_error_evt                      0x07f15955   Thumb Code     0  da14531_symbols.txt ABSOLUTE
    gapc_get_operation                       0x07f15977   Thumb Code     0  da14531_symbols.txt ABSOLUTE
    gapc_get_operation_ptr                   0x07f1598d   Thumb Code     0  da14531_symbols.txt ABSOLUTE
    gapc_set_operation_ptr                   0x07f15999   Thumb Code     0  da14531_symbols.txt ABSOLUTE
    gapc_reschedule_operation                0x07f159a5   Thumb Code     0  da14531_symbols.txt ABSOLUTE
    gapc_reschedule_conn_update              0x07f159d5   Thumb Code     0  da14531_symbols.txt ABSOLUTE
    gapc_get_enc_keysize                     0x07f159fb   Thumb Code     0  da14531_symbols.txt ABSOLUTE
    gapc_is_sec_set                          0x07f15a13   Thumb Code     0  da14531_symbols.txt ABSOLUTE
    gapc_set_enc_keysize                     0x07f15a9f   Thumb Code     0  da14531_symbols.txt ABSOLUTE
    gapc_link_encrypted                      0x07f15ab3   Thumb Code     0  da14531_symbols.txt ABSOLUTE
    gapc_auth_set                            0x07f15acd   Thumb Code     0  da14531_symbols.txt ABSOLUTE
    gapc_svc_chg_ccc_get                     0x07f15aed   Thumb Code     0  da14531_symbols.txt ABSOLUTE
    gapc_svc_chg_ccc_set                     0x07f15afd   Thumb Code     0  da14531_symbols.txt ABSOLUTE
    gapc_check_lecb_sec_perm                 0x07f15b13   Thumb Code     0  da14531_symbols.txt ABSOLUTE
    gapc_search_lecb_channel                 0x07f15b7b   Thumb Code     0  da14531_symbols.txt ABSOLUTE
    gapc_lecnx_check_tx                      0x07f15bb5   Thumb Code     0  da14531_symbols.txt ABSOLUTE
    gapc_lecnx_check_rx                      0x07f15bfd   Thumb Code     0  da14531_symbols.txt ABSOLUTE
    gapc_lecnx_get_field                     0x07f15c41   Thumb Code     0  da14531_symbols.txt ABSOLUTE
    gapc_process_op                          0x07f15cb5   Thumb Code     0  da14531_symbols.txt ABSOLUTE
    gapc_param_update_sanity                 0x07f15e2f   Thumb Code     0  da14531_symbols.txt ABSOLUTE
    gapc_param_cb_con_sanity                 0x07f15e57   Thumb Code     0  da14531_symbols.txt ABSOLUTE
    l2cc_pdu_recv_ind_handler_func           0x07f16323   Thumb Code     0  da14531_symbols.txt ABSOLUTE
    gapm_init                                0x07f176c7   Thumb Code     0  da14531_symbols.txt ABSOLUTE
    gapm_init_attr                           0x07f17723   Thumb Code     0  da14531_symbols.txt ABSOLUTE
    gapm_get_operation                       0x07f1774f   Thumb Code     0  da14531_symbols.txt ABSOLUTE
    gapm_get_requester                       0x07f17761   Thumb Code     0  da14531_symbols.txt ABSOLUTE
    gapm_reschedule_operation                0x07f17779   Thumb Code     0  da14531_symbols.txt ABSOLUTE
    gapm_send_complete_evt                   0x07f1779b   Thumb Code     0  da14531_symbols.txt ABSOLUTE
    gapm_send_error_evt                      0x07f177d1   Thumb Code     0  da14531_symbols.txt ABSOLUTE
    gapm_con_create                          0x07f177f1   Thumb Code     0  da14531_symbols.txt ABSOLUTE
    gapm_con_enable                          0x07f17875   Thumb Code     0  da14531_symbols.txt ABSOLUTE
    gapm_con_cleanup                         0x07f17881   Thumb Code     0  da14531_symbols.txt ABSOLUTE
    gapm_get_id_from_task                    0x07f178b1   Thumb Code     0  da14531_symbols.txt ABSOLUTE
    gapm_get_task_from_id                    0x07f178f1   Thumb Code     0  da14531_symbols.txt ABSOLUTE
    gapm_is_disc_connection                  0x07f1792d   Thumb Code     0  da14531_symbols.txt ABSOLUTE
    gapm_adv_sanity                          0x07f18779   Thumb Code     0  da14531_symbols.txt ABSOLUTE
    gapm_adv_op_sanity                       0x07f1886d   Thumb Code     0  da14531_symbols.txt ABSOLUTE
    gapm_set_adv_mode                        0x07f189f3   Thumb Code     0  da14531_symbols.txt ABSOLUTE
    gapm_set_adv_data                        0x07f18a0d   Thumb Code     0  da14531_symbols.txt ABSOLUTE
    gapm_execute_adv_op                      0x07f18a9d   Thumb Code     0  da14531_symbols.txt ABSOLUTE
    gapm_scan_op_sanity                      0x07f18bc3   Thumb Code     0  da14531_symbols.txt ABSOLUTE
    gapm_set_scan_mode                       0x07f18ccb   Thumb Code     0  da14531_symbols.txt ABSOLUTE
    gapm_execute_scan_op                     0x07f18ce9   Thumb Code     0  da14531_symbols.txt ABSOLUTE
    gapm_connect_op_sanity                   0x07f18da3   Thumb Code     0  da14531_symbols.txt ABSOLUTE
    gapm_basic_hci_cmd_send                  0x07f18f23   Thumb Code     0  da14531_symbols.txt ABSOLUTE
    gapm_execute_connect_op                  0x07f18f37   Thumb Code     0  da14531_symbols.txt ABSOLUTE
    gapm_get_role                            0x07f190d9   Thumb Code     0  da14531_symbols.txt ABSOLUTE
    gapm_get_ad_type_flag                    0x07f190e1   Thumb Code     0  da14531_symbols.txt ABSOLUTE
    gapm_add_to_filter                       0x07f19107   Thumb Code     0  da14531_symbols.txt ABSOLUTE
    gapm_is_filtered                         0x07f19187   Thumb Code     0  da14531_symbols.txt ABSOLUTE
    gapm_update_air_op_state                 0x07f191eb   Thumb Code     0  da14531_symbols.txt ABSOLUTE
    gapm_get_irk                             0x07f192b3   Thumb Code     0  da14531_symbols.txt ABSOLUTE
    gapm_get_bdaddr                          0x07f192b9   Thumb Code     0  da14531_symbols.txt ABSOLUTE
    l2cc_detect_dest                         0x07f197d1   Thumb Code     0  da14531_symbols.txt ABSOLUTE
    l2cc_handle_invalid_pdu                  0x07f1982d   Thumb Code     0  da14531_symbols.txt ABSOLUTE
    l2cc_pdu_unpack_func                     0x07f19943   Thumb Code     0  da14531_symbols.txt ABSOLUTE
    gapc_hci_handler                         0x07f1aacd   Thumb Code     0  da14531_symbols.txt ABSOLUTE
    gapm_hci_handler                         0x07f1b745   Thumb Code     0  da14531_symbols.txt ABSOLUTE
    smpc_pairing_start                       0x07f1b7b1   Thumb Code     0  da14531_symbols.txt ABSOLUTE
    smpc_pairing_tk_exch                     0x07f1b837   Thumb Code     0  da14531_symbols.txt ABSOLUTE
    smpc_pairing_ltk_exch                    0x07f1b8f5   Thumb Code     0  da14531_symbols.txt ABSOLUTE
    smpc_pairing_csrk_exch                   0x07f1b949   Thumb Code     0  da14531_symbols.txt ABSOLUTE
    smpc_pairing_rsp                         0x07f1b99f   Thumb Code     0  da14531_symbols.txt ABSOLUTE
    smpc_pairing_req_handler                 0x07f1ba83   Thumb Code     0  da14531_symbols.txt ABSOLUTE
    smpc_security_req_send                   0x07f1babb   Thumb Code     0  da14531_symbols.txt ABSOLUTE
    smpc_encrypt_start                       0x07f1bae5   Thumb Code     0  da14531_symbols.txt ABSOLUTE
    smpc_encrypt_start_handler               0x07f1bb0b   Thumb Code     0  da14531_symbols.txt ABSOLUTE
    smpc_encrypt_cfm                         0x07f1bb3d   Thumb Code     0  da14531_symbols.txt ABSOLUTE
    smpc_sign_command                        0x07f1bb69   Thumb Code     0  da14531_symbols.txt ABSOLUTE
    smpc_sign_cont                           0x07f1bc41   Thumb Code     0  da14531_symbols.txt ABSOLUTE
    smpc_calc_confirm_cont                   0x07f1bdeb   Thumb Code     0  da14531_symbols.txt ABSOLUTE
    smpc_confirm_gen_rand                    0x07f1c32d   Thumb Code     0  da14531_symbols.txt ABSOLUTE
    smpc_dhkey_calc_start                    0x07f1c417   Thumb Code     0  da14531_symbols.txt ABSOLUTE
    smpc_sec_authentication_start            0x07f1c447   Thumb Code     0  da14531_symbols.txt ABSOLUTE
    smpm_gen_rand_addr                       0x07f1c4b9   Thumb Code     0  da14531_symbols.txt ABSOLUTE
    smpm_resolv_addr                         0x07f1c4d1   Thumb Code     0  da14531_symbols.txt ABSOLUTE
    smpm_use_enc_block                       0x07f1c4f3   Thumb Code     0  da14531_symbols.txt ABSOLUTE
    smpm_gen_rand_nb                         0x07f1c4fb   Thumb Code     0  da14531_symbols.txt ABSOLUTE
    smpm_ecdh_key_create_func                0x07f1c503   Thumb Code     0  da14531_symbols.txt ABSOLUTE
    ke_init                                  0x07f1c521   Thumb Code     0  da14531_symbols.txt ABSOLUTE
    ke_flush                                 0x07f1c553   Thumb Code     0  da14531_symbols.txt ABSOLUTE
    ke_stats_get                             0x07f1c5a5   Thumb Code     0  da14531_symbols.txt ABSOLUTE
    ke_event_init                            0x07f1c5c1   Thumb Code     0  da14531_symbols.txt ABSOLUTE
    ke_event_callback_set                    0x07f1c5cd   Thumb Code     0  da14531_symbols.txt ABSOLUTE
    ke_event_set                             0x07f1c5e1   Thumb Code     0  da14531_symbols.txt ABSOLUTE
    ke_event_clear                           0x07f1c60d   Thumb Code     0  da14531_symbols.txt ABSOLUTE
    ke_event_get                             0x07f1c639   Thumb Code     0  da14531_symbols.txt ABSOLUTE
    ke_event_get_all                         0x07f1c65f   Thumb Code     0  da14531_symbols.txt ABSOLUTE
    ke_event_schedule                        0x07f1c66d   Thumb Code     0  da14531_symbols.txt ABSOLUTE
    ke_check_malloc                          0x07f1c749   Thumb Code     0  da14531_symbols.txt ABSOLUTE
    ke_is_free                               0x07f1c9b1   Thumb Code     0  da14531_symbols.txt ABSOLUTE
    ke_get_mem_usage                         0x07f1c9c3   Thumb Code     0  da14531_symbols.txt ABSOLUTE
    ke_get_max_mem_usage                     0x07f1c9cf   Thumb Code     0  da14531_symbols.txt ABSOLUTE
    ke_msg_forward                           0x07f1ca65   Thumb Code     0  da14531_symbols.txt ABSOLUTE
    ke_msg_forward_new_id                    0x07f1ca6f   Thumb Code     0  da14531_symbols.txt ABSOLUTE
    ke_msg_free                              0x07f1ca7f   Thumb Code     0  da14531_symbols.txt ABSOLUTE
    ke_msg_dest_id_get                       0x07f1ca87   Thumb Code     0  da14531_symbols.txt ABSOLUTE
    ke_msg_src_id_get                        0x07f1ca8d   Thumb Code     0  da14531_symbols.txt ABSOLUTE
    ke_msg_in_queue                          0x07f1ca93   Thumb Code     0  da14531_symbols.txt ABSOLUTE
    ke_queue_extract                         0x07f1caa5   Thumb Code     0  da14531_symbols.txt ABSOLUTE
    ke_queue_insert                          0x07f1caf5   Thumb Code     0  da14531_symbols.txt ABSOLUTE
    ke_task_delete                           0x07f1ce2b   Thumb Code     0  da14531_symbols.txt ABSOLUTE
    ke_msg_discard                           0x07f1ce9f   Thumb Code     0  da14531_symbols.txt ABSOLUTE
    ke_msg_save                              0x07f1cea3   Thumb Code     0  da14531_symbols.txt ABSOLUTE
    ke_timer_active                          0x07f1d15d   Thumb Code     0  da14531_symbols.txt ABSOLUTE
    rwble_hl_init                            0x07f1d289   Thumb Code     0  da14531_symbols.txt ABSOLUTE
    rwble_hl_reset                           0x07f1d2ab   Thumb Code     0  da14531_symbols.txt ABSOLUTE
    rwble_hl_send_message                    0x07f1d2cd   Thumb Code     0  da14531_symbols.txt ABSOLUTE
    rwip_check_wakeup_boundary               0x07f1d2d1   Thumb Code     0  da14531_symbols.txt ABSOLUTE
    rwip_init                                0x07f1d2f7   Thumb Code     0  da14531_symbols.txt ABSOLUTE
    rwip_reset                               0x07f1d3bb   Thumb Code     0  da14531_symbols.txt ABSOLUTE
    rwip_version                             0x07f1d3f3   Thumb Code     0  da14531_symbols.txt ABSOLUTE
    rwip_prevent_sleep_set                   0x07f1d4a7   Thumb Code     0  da14531_symbols.txt ABSOLUTE
    rwip_prevent_sleep_clear                 0x07f1d4df   Thumb Code     0  da14531_symbols.txt ABSOLUTE
    rwip_sleep_enable                        0x07f1d52b   Thumb Code     0  da14531_symbols.txt ABSOLUTE
    rwip_ext_wakeup_enable                   0x07f1d531   Thumb Code     0  da14531_symbols.txt ABSOLUTE
    rwble_init                               0x07f1d555   Thumb Code     0  da14531_symbols.txt ABSOLUTE
    rwble_reset                              0x07f1d5bb   Thumb Code     0  da14531_symbols.txt ABSOLUTE
    rwble_version                            0x07f1d5ef   Thumb Code     0  da14531_symbols.txt ABSOLUTE
    rwble_send_message                       0x07f1d61b   Thumb Code     0  da14531_symbols.txt ABSOLUTE
    YieldToScheduler                         0x07f1d725   Thumb Code     0  da14531_symbols.txt ABSOLUTE
    xorshift64star                           0x07f1d72d   Thumb Code     0  da14531_symbols.txt ABSOLUTE
    uECC_set_rng                             0x07f1d793   Thumb Code     0  da14531_symbols.txt ABSOLUTE
    uECC_get_rng                             0x07f1d799   Thumb Code     0  da14531_symbols.txt ABSOLUTE
    uECC_curve_private_key_size              0x07f1d79f   Thumb Code     0  da14531_symbols.txt ABSOLUTE
    uECC_curve_public_key_size               0x07f1d7af   Thumb Code     0  da14531_symbols.txt ABSOLUTE
    uECC_vli_clear                           0x07f1d7b7   Thumb Code     0  da14531_symbols.txt ABSOLUTE
    uECC_vli_isZero                          0x07f1d7cd   Thumb Code     0  da14531_symbols.txt ABSOLUTE
    uECC_vli_testBit                         0x07f1d7ef   Thumb Code     0  da14531_symbols.txt ABSOLUTE
    uECC_vli_numBits                         0x07f1d801   Thumb Code     0  da14531_symbols.txt ABSOLUTE
    uECC_vli_set                             0x07f1d83b   Thumb Code     0  da14531_symbols.txt ABSOLUTE
    uECC_vli_equal                           0x07f1d879   Thumb Code     0  da14531_symbols.txt ABSOLUTE
    uECC_vli_cmp                             0x07f1d89d   Thumb Code     0  da14531_symbols.txt ABSOLUTE
    uECC_vli_rshift1                         0x07f1d8d3   Thumb Code     0  da14531_symbols.txt ABSOLUTE
    uECC_vli_square                          0x07f1d8f1   Thumb Code     0  da14531_symbols.txt ABSOLUTE
    uECC_vli_modAdd                          0x07f1d8fd   Thumb Code     0  da14531_symbols.txt ABSOLUTE
    uECC_vli_modSub                          0x07f1d92b   Thumb Code     0  da14531_symbols.txt ABSOLUTE
    uECC_vli_mmod                            0x07f1d94b   Thumb Code     0  da14531_symbols.txt ABSOLUTE
    uECC_vli_modMult                         0x07f1da55   Thumb Code     0  da14531_symbols.txt ABSOLUTE
    uECC_vli_modMult_fast                    0x07f1da77   Thumb Code     0  da14531_symbols.txt ABSOLUTE
    uECC_vli_modSquare                       0x07f1da97   Thumb Code     0  da14531_symbols.txt ABSOLUTE
    uECC_vli_modSquare_fast                  0x07f1daa5   Thumb Code     0  da14531_symbols.txt ABSOLUTE
    uECC_vli_modInv                          0x07f1dae5   Thumb Code     0  da14531_symbols.txt ABSOLUTE
    uECC_secp256r1                           0x07f1de21   Thumb Code     0  da14531_symbols.txt ABSOLUTE
    uECC_vli_nativeToBytes                   0x07f1e41f   Thumb Code     0  da14531_symbols.txt ABSOLUTE
    uECC_vli_bytesToNative                   0x07f1e441   Thumb Code     0  da14531_symbols.txt ABSOLUTE
    uECC_generate_random_int                 0x07f1e47f   Thumb Code     0  da14531_symbols.txt ABSOLUTE
    uECC_make_key                            0x07f1e4e1   Thumb Code     0  da14531_symbols.txt ABSOLUTE
    uECC_shared_secret                       0x07f1e55f   Thumb Code     0  da14531_symbols.txt ABSOLUTE
    uECC_compress                            0x07f1e61b   Thumb Code     0  da14531_symbols.txt ABSOLUTE
    uECC_decompress                          0x07f1e649   Thumb Code     0  da14531_symbols.txt ABSOLUTE
    uECC_valid_point                         0x07f1e6b9   Thumb Code     0  da14531_symbols.txt ABSOLUTE
    uECC_valid_public_key                    0x07f1e71b   Thumb Code     0  da14531_symbols.txt ABSOLUTE
    uECC_compute_public_key                  0x07f1e74f   Thumb Code     0  da14531_symbols.txt ABSOLUTE
    uECC_sign                                0x07f1e9d5   Thumb Code     0  da14531_symbols.txt ABSOLUTE
    uECC_sign_deterministic                  0x07f1eabb   Thumb Code     0  da14531_symbols.txt ABSOLUTE
    uECC_verify                              0x07f1ec29   Thumb Code     0  da14531_symbols.txt ABSOLUTE
    uECC_curve_num_words                     0x07f1eed5   Thumb Code     0  da14531_symbols.txt ABSOLUTE
    uECC_curve_num_bytes                     0x07f1eedd   Thumb Code     0  da14531_symbols.txt ABSOLUTE
    uECC_curve_num_bits                      0x07f1eee5   Thumb Code     0  da14531_symbols.txt ABSOLUTE
    uECC_curve_num_n_words                   0x07f1eeed   Thumb Code     0  da14531_symbols.txt ABSOLUTE
    uECC_curve_num_n_bytes                   0x07f1eefd   Thumb Code     0  da14531_symbols.txt ABSOLUTE
    uECC_curve_num_n_bits                    0x07f1ef0d   Thumb Code     0  da14531_symbols.txt ABSOLUTE
    uECC_curve_p                             0x07f1ef15   Thumb Code     0  da14531_symbols.txt ABSOLUTE
    uECC_curve_n                             0x07f1ef19   Thumb Code     0  da14531_symbols.txt ABSOLUTE
    uECC_curve_G                             0x07f1ef1d   Thumb Code     0  da14531_symbols.txt ABSOLUTE
    uECC_curve_b                             0x07f1ef21   Thumb Code     0  da14531_symbols.txt ABSOLUTE
    uECC_vli_mod_sqrt                        0x07f1ef25   Thumb Code     0  da14531_symbols.txt ABSOLUTE
    uECC_vli_mmod_fast                       0x07f1ef2b   Thumb Code     0  da14531_symbols.txt ABSOLUTE
    uECC_point_mult                          0x07f1ef31   Thumb Code     0  da14531_symbols.txt ABSOLUTE
    __aeabi_uidiv                            0x07f1f005   Thumb Code     0  da14531_symbols.txt ABSOLUTE
    __aeabi_uidivmod                         0x07f1f005   Thumb Code     0  da14531_symbols.txt ABSOLUTE
    __aeabi_idiv                             0x07f1f031   Thumb Code     0  da14531_symbols.txt ABSOLUTE
    __aeabi_idivmod                          0x07f1f031   Thumb Code     0  da14531_symbols.txt ABSOLUTE
    __aeabi_lmul                             0x07f1f059   Thumb Code     0  da14531_symbols.txt ABSOLUTE
    _ll_mul                                  0x07f1f059   Thumb Code     0  da14531_symbols.txt ABSOLUTE
    __aeabi_memcpy                           0x07f1f0f9   Thumb Code     0  da14531_symbols.txt ABSOLUTE
    __aeabi_memcpy4                          0x07f1f0f9   Thumb Code     0  da14531_symbols.txt ABSOLUTE
    __aeabi_memcpy8                          0x07f1f0f9   Thumb Code     0  da14531_symbols.txt ABSOLUTE
    __aeabi_memset                           0x07f1f11d   Thumb Code     0  da14531_symbols.txt ABSOLUTE
    __aeabi_memset4                          0x07f1f11d   Thumb Code     0  da14531_symbols.txt ABSOLUTE
    __aeabi_memset8                          0x07f1f11d   Thumb Code     0  da14531_symbols.txt ABSOLUTE
    __aeabi_memclr                           0x07f1f12b   Thumb Code     0  da14531_symbols.txt ABSOLUTE
    __aeabi_memclr4                          0x07f1f12b   Thumb Code     0  da14531_symbols.txt ABSOLUTE
    __aeabi_memclr8                          0x07f1f12b   Thumb Code     0  da14531_symbols.txt ABSOLUTE
    _memset$wrapper                          0x07f1f12f   Thumb Code     0  da14531_symbols.txt ABSOLUTE
    __aeabi_uread4                           0x07f1f15b   Thumb Code     0  da14531_symbols.txt ABSOLUTE
    __rt_uread4                              0x07f1f15b   Thumb Code     0  da14531_symbols.txt ABSOLUTE
    _uread4                                  0x07f1f15b   Thumb Code     0  da14531_symbols.txt ABSOLUTE
    __aeabi_uwrite4                          0x07f1f16f   Thumb Code     0  da14531_symbols.txt ABSOLUTE
    __rt_uwrite4                             0x07f1f16f   Thumb Code     0  da14531_symbols.txt ABSOLUTE
    _uwrite4                                 0x07f1f16f   Thumb Code     0  da14531_symbols.txt ABSOLUTE
    __aeabi_llsl                             0x07f1f181   Thumb Code     0  da14531_symbols.txt ABSOLUTE
    _ll_shift_l                              0x07f1f181   Thumb Code     0  da14531_symbols.txt ABSOLUTE
    __ARM_common_switch8                     0x07f1f1a1   Thumb Code     0  da14531_symbols.txt ABSOLUTE
    uart_api                                 0x07f1f1bc   Data           0  da14531_symbols.txt ABSOLUTE
    co_sca2ppm                               0x07f1f1cc   Data           0  da14531_symbols.txt ABSOLUTE
    co_null_bdaddr                           0x07f1f1dc   Data           0  da14531_symbols.txt ABSOLUTE
    co_default_bdaddr                        0x07f1f1e2   Data           0  da14531_symbols.txt ABSOLUTE
    llc_state_handler                        0x07f1f468   Data           0  da14531_symbols.txt ABSOLUTE
    llc_default_handler                      0x07f1f538   Data           0  da14531_symbols.txt ABSOLUTE
    llm_debug_private_key                    0x07f1f556   Data           0  da14531_symbols.txt ABSOLUTE
    llm_local_le_states                      0x07f1f588   Data           0  da14531_symbols.txt ABSOLUTE
    llm_state_handler                        0x07f1f770   Data           0  da14531_symbols.txt ABSOLUTE
    llm_default_handler                      0x07f1f7a0   Data           0  da14531_symbols.txt ABSOLUTE
    LLM_AA_CT1                               0x07f1f7a8   Data           0  da14531_symbols.txt ABSOLUTE
    LLM_AA_CT2                               0x07f1f7ab   Data           0  da14531_symbols.txt ABSOLUTE
    ecc_p256_G                               0x07f1f7ad   Data           0  da14531_symbols.txt ABSOLUTE
    gtl_default_state                        0x07f1f800   Data           0  da14531_symbols.txt ABSOLUTE
    gtl_default_handler                      0x07f1f808   Data           0  da14531_symbols.txt ABSOLUTE
    hci_cmd_desc_tab_lk_ctrl                 0x07f1f814   Data           0  da14531_symbols.txt ABSOLUTE
    hci_cmd_desc_tab_ctrl_bb                 0x07f1f838   Data           0  da14531_symbols.txt ABSOLUTE
    hci_cmd_desc_tab_info_par                0x07f1f8b0   Data           0  da14531_symbols.txt ABSOLUTE
    hci_cmd_desc_tab_stat_par                0x07f1f8e0   Data           0  da14531_symbols.txt ABSOLUTE
    hci_cmd_desc_tab_le                      0x07f1f8ec   Data           0  da14531_symbols.txt ABSOLUTE
    hci_cmd_desc_tab_vs                      0x07f1fb38   Data           0  da14531_symbols.txt ABSOLUTE
    hci_evt_desc_tab                         0x07f1fcac   Data           0  da14531_symbols.txt ABSOLUTE
    hci_evt_le_desc_tab                      0x07f1fcf4   Data           0  da14531_symbols.txt ABSOLUTE
    attc_handlers                            0x07f1fd64   Data           0  da14531_symbols.txt ABSOLUTE
    atts_handlers                            0x07f1fdd4   Data           0  da14531_symbols.txt ABSOLUTE
    gattc_default_state                      0x07f1fe54   Data           0  da14531_symbols.txt ABSOLUTE
    gattc_default_handler                    0x07f1ff34   Data           0  da14531_symbols.txt ABSOLUTE
    gattm_default_state                      0x07f1ff80   Data           0  da14531_symbols.txt ABSOLUTE
    gattm_default_handler                    0x07f1ffd8   Data           0  da14531_symbols.txt ABSOLUTE
    l2cc_default_state                       0x07f1fff0   Data           0  da14531_symbols.txt ABSOLUTE
    l2cc_default_handler                     0x07f20008   Data           0  da14531_symbols.txt ABSOLUTE
    const_Rb                                 0x07f20029   Data           0  da14531_symbols.txt ABSOLUTE
    const_Zero                               0x07f20039   Data           0  da14531_symbols.txt ABSOLUTE
    gapc_default_state                       0x07f2005c   Data           0  da14531_symbols.txt ABSOLUTE
    gapc_default_handler                     0x07f201ac   Data           0  da14531_symbols.txt ABSOLUTE
    gapm_default_state                       0x07f20248   Data           0  da14531_symbols.txt ABSOLUTE
    gapm_default_handler                     0x07f20330   Data           0  da14531_symbols.txt ABSOLUTE
    smpc_construct_pdu                       0x07f20454   Data           0  da14531_symbols.txt ABSOLUTE
    dummy                                    0x07fc9c00   Data           0  da14531_symbols.txt ABSOLUTE
    ble_wakeup_executed                      0x07fcb900   Data           0  da14531_symbols.txt ABSOLUTE
    rf_in_sleep                              0x07fcb901   Data           0  da14531_symbols.txt ABSOLUTE
    custom_preinit                           0x07fcb904   Data           0  da14531_symbols.txt ABSOLUTE
    custom_postinit                          0x07fcb908   Data           0  da14531_symbols.txt ABSOLUTE
    custom_appinit                           0x07fcb90c   Data           0  da14531_symbols.txt ABSOLUTE
    custom_preloop                           0x07fcb910   Data           0  da14531_symbols.txt ABSOLUTE
    custom_preschedule                       0x07fcb914   Data           0  da14531_symbols.txt ABSOLUTE
    custom_postschedule                      0x07fcb918   Data           0  da14531_symbols.txt ABSOLUTE
    custom_postschedule_async                0x07fcb91c   Data           0  da14531_symbols.txt ABSOLUTE
    custom_presleepcheck                     0x07fcb920   Data           0  da14531_symbols.txt ABSOLUTE
    custom_appsleepset                       0x07fcb924   Data           0  da14531_symbols.txt ABSOLUTE
    custom_postsleepcheck                    0x07fcb928   Data           0  da14531_symbols.txt ABSOLUTE
    custom_presleepenter                     0x07fcb92c   Data           0  da14531_symbols.txt ABSOLUTE
    custom_postsleepexit                     0x07fcb930   Data           0  da14531_symbols.txt ABSOLUTE
    custom_prewakeup                         0x07fcb934   Data           0  da14531_symbols.txt ABSOLUTE
    custom_postwakeup                        0x07fcb938   Data           0  da14531_symbols.txt ABSOLUTE
    custom_preidlecheck                      0x07fcb93c   Data           0  da14531_symbols.txt ABSOLUTE
    custom_pti_set                           0x07fcb940   Data           0  da14531_symbols.txt ABSOLUTE
    length_exchange_needed                   0x07fcb974   Data           0  da14531_symbols.txt ABSOLUTE
    enh_con_cmp_cnt                          0x07fcb978   Data           0  da14531_symbols.txt ABSOLUTE
    rx_pkt_cnt                               0x07fcb980   Data           0  da14531_symbols.txt ABSOLUTE
    rx_pkt_cnt_bad                           0x07fcb984   Data           0  da14531_symbols.txt ABSOLUTE
    rx_pkt_cnt_bad_adv                       0x07fcb988   Data           0  da14531_symbols.txt ABSOLUTE
    rx_pkt_cnt_bad_scn                       0x07fcb98c   Data           0  da14531_symbols.txt ABSOLUTE
    rx_pkt_cnt_bad_oth                       0x07fcb990   Data           0  da14531_symbols.txt ABSOLUTE
    rx_pkt_cnt_bad_wo_sync_err               0x07fcb994   Data           0  da14531_symbols.txt ABSOLUTE
    rx_pkt_cnt_bad_con                       0x07fcb998   Data           0  da14531_symbols.txt ABSOLUTE
    connect_req_cnt                          0x07fcb99c   Data           0  da14531_symbols.txt ABSOLUTE
    last_status                              0x07fcb9a0   Data           0  da14531_symbols.txt ABSOLUTE
    llc_state                                0x07fcb9a4   Data           0  da14531_symbols.txt ABSOLUTE
    lld_wlcoex_enable                        0x07fcb9ac   Data           0  da14531_symbols.txt ABSOLUTE
    alter_conn_adv_all_cnt                   0x07fcb9b4   Data           0  da14531_symbols.txt ABSOLUTE
    alter_conn_adv_dir_cnt                   0x07fcb9b8   Data           0  da14531_symbols.txt ABSOLUTE
    alter_conn_adv_cnt                       0x07fcb9bc   Data           0  da14531_symbols.txt ABSOLUTE
    create_conn_cnt                          0x07fcb9c0   Data           0  da14531_symbols.txt ABSOLUTE
    alter_conn_cnt                           0x07fcb9c4   Data           0  da14531_symbols.txt ABSOLUTE
    alter_conn_restart_cnt                   0x07fcb9c8   Data           0  da14531_symbols.txt ABSOLUTE
    alter_conn_peer_addr                     0x07fcb9cc   Data           0  da14531_symbols.txt ABSOLUTE
    alter_conn_local_addr                    0x07fcb9d2   Data           0  da14531_symbols.txt ABSOLUTE
    set_adv_data_discard_old                 0x07fcb9d8   Data           0  da14531_symbols.txt ABSOLUTE
    llm_bt_env                               0x07fcb9e2   Data           0  da14531_symbols.txt ABSOLUTE
    init_tx_cnt_cntl_cnt1                    0x07fcb9ec   Data           0  da14531_symbols.txt ABSOLUTE
    init_tx_cnt_cntl_cnt                     0x07fcb9f0   Data           0  da14531_symbols.txt ABSOLUTE
    tx_cnt_cntl_cnt                          0x07fcb9f4   Data           0  da14531_symbols.txt ABSOLUTE
    llm_state                                0x07fcb9f8   Data           0  da14531_symbols.txt ABSOLUTE
    delay_us_cnt                             0x07fcb9fa   Data           0  da14531_symbols.txt ABSOLUTE
    gtl_state                                0x07fcb9fc   Data           0  da14531_symbols.txt ABSOLUTE
    gattc_state                              0x07fcba30   Data           0  da14531_symbols.txt ABSOLUTE
    gattm_state                              0x07fcba33   Data           0  da14531_symbols.txt ABSOLUTE
    l2cc_state                               0x07fcba34   Data           0  da14531_symbols.txt ABSOLUTE
    l2cm_env                                 0x07fcba38   Data           0  da14531_symbols.txt ABSOLUTE
    gapc_state                               0x07fcba3e   Data           0  da14531_symbols.txt ABSOLUTE
    gapm_state                               0x07fcba41   Data           0  da14531_symbols.txt ABSOLUTE
    whitelist_fix                            0x07fcba42   Data           0  da14531_symbols.txt ABSOLUTE
    ecdh_key_creation_in_progress            0x07fcba44   Data           0  da14531_symbols.txt ABSOLUTE
    ke_free_bad                              0x07fcba48   Data           0  da14531_symbols.txt ABSOLUTE
    DISABLE_KE_TASK_ALTERNATIVE_SAVED_QUEUE  0x07fcba4c   Data           0  da14531_symbols.txt ABSOLUTE
    ble_reg_save                             0x07fcba64   Data           0  da14531_symbols.txt ABSOLUTE
    uart_env                                 0x07fcbab8   Data           0  da14531_symbols.txt ABSOLUTE
    ke_mem_heaps_used                        0x07fcbadc   Data           0  da14531_symbols.txt ABSOLUTE
    co_buf_env                               0x07fcbae0   Data           0  da14531_symbols.txt ABSOLUTE
    llc_env                                  0x07fcbb78   Data           0  da14531_symbols.txt ABSOLUTE
    lld_evt_env                              0x07fcbb84   Data           0  da14531_symbols.txt ABSOLUTE
    gtl_env                                  0x07fcbd30   Data           0  da14531_symbols.txt ABSOLUTE
    hci_env                                  0x07fcbd78   Data           0  da14531_symbols.txt ABSOLUTE
    gattc_env                                0x07fcbda0   Data           0  da14531_symbols.txt ABSOLUTE
    gattm_env                                0x07fcbdac   Data           0  da14531_symbols.txt ABSOLUTE
    l2cc_env                                 0x07fcbdd0   Data           0  da14531_symbols.txt ABSOLUTE
    ecdh_key                                 0x07fcbddc   Data           0  da14531_symbols.txt ABSOLUTE
    gapc_env                                 0x07fcbe3c   Data           0  da14531_symbols.txt ABSOLUTE
    gapm_env                                 0x07fcbe48   Data           0  da14531_symbols.txt ABSOLUTE
    h4tl_env                                 0x07fcbd88   Data           0  da14531_symbols.txt ABSOLUTE
    blank_otp_bdaddr                         0x07f239e4   Data           0  da14531_symbols.txt ABSOLUTE
    arch_printf_flush                        0x07f20be5   Thumb Code     0  da14531_symbols.txt ABSOLUTE
    arch_vprintf                             0x07f20c9d   Thumb Code     0  da14531_symbols.txt ABSOLUTE
    arch_printf                              0x07f20cfd   Thumb Code     0  da14531_symbols.txt ABSOLUTE
    arch_puts                                0x07f20d11   Thumb Code     0  da14531_symbols.txt ABSOLUTE
    arch_printf_process                      0x07f20d21   Thumb Code     0  da14531_symbols.txt ABSOLUTE
    csprng_seed                              0x07f20f49   Thumb Code     0  da14531_symbols.txt ABSOLUTE
    csprng_get_next_uint32                   0x07f20f79   Thumb Code     0  da14531_symbols.txt ABSOLUTE
    prf_reset_func                           0x07f212b1   Thumb Code     0  da14531_symbols.txt ABSOLUTE
    prf_pack_char_pres_fmt                   0x07f21321   Thumb Code     0  da14531_symbols.txt ABSOLUTE
    prf_pack_date_time                       0x07f2133f   Thumb Code     0  da14531_symbols.txt ABSOLUTE
    prf_unpack_date_time                     0x07f2135f   Thumb Code     0  da14531_symbols.txt ABSOLUTE
    diss_compute_cfg_flag                    0x07f21381   Thumb Code     0  da14531_symbols.txt ABSOLUTE
    diss_handle_to_value                     0x07f21453   Thumb Code     0  da14531_symbols.txt ABSOLUTE
    diss_value_to_handle                     0x07f21483   Thumb Code     0  da14531_symbols.txt ABSOLUTE
    diss_check_val_len                       0x07f214b7   Thumb Code     0  da14531_symbols.txt ABSOLUTE
    bass_get_att_handle                      0x07f2184b   Thumb Code     0  da14531_symbols.txt ABSOLUTE
    bass_get_att_idx                         0x07f21901   Thumb Code     0  da14531_symbols.txt ABSOLUTE
    bass_exe_operation                       0x07f2196b   Thumb Code     0  da14531_symbols.txt ABSOLUTE
    bass_prf_itf_get                         0x07f21a6d   Thumb Code     0  da14531_symbols.txt ABSOLUTE
    suotar_prf_itf_get                       0x07f22059   Thumb Code     0  da14531_symbols.txt ABSOLUTE
    get_cfg_handle                           0x07f223cb   Thumb Code     0  da14531_symbols.txt ABSOLUTE
    custs1_get_att_handle                    0x07f2242d   Thumb Code     0  da14531_symbols.txt ABSOLUTE
    custs1_init_ccc_values                   0x07f226d3   Thumb Code     0  da14531_symbols.txt ABSOLUTE
    attm_svc_create_db_128                   0x07f22c19   Thumb Code     0  da14531_symbols.txt ABSOLUTE
    app_entry_point_handler                  0x07f232a9   Thumb Code     0  da14531_symbols.txt ABSOLUTE
    __aeabi_ldivmod                          0x07f233f3   Thumb Code     0  da14531_symbols.txt ABSOLUTE
    __aeabi_llsr                             0x07f2343f   Thumb Code     0  da14531_symbols.txt ABSOLUTE
    _ll_ushift_r                             0x07f2343f   Thumb Code     0  da14531_symbols.txt ABSOLUTE
    __aeabi_uldivmod                         0x07f23461   Thumb Code     0  da14531_symbols.txt ABSOLUTE
    app_db_init                              0x07f234dd   Thumb Code     0  da14531_symbols.txt ABSOLUTE
    app_easy_gap_update_adv_data             0x07f23539   Thumb Code     0  da14531_symbols.txt ABSOLUTE
    active_conidx_to_conhdl                  0x07f235d9   Thumb Code     0  da14531_symbols.txt ABSOLUTE
    active_conhdl_to_conidx                  0x07f23605   Thumb Code     0  da14531_symbols.txt ABSOLUTE
    app_timer_set                            0x07f23641   Thumb Code     0  da14531_symbols.txt ABSOLUTE
    app_easy_gap_set_data_packet_length      0x07f2365d   Thumb Code     0  da14531_symbols.txt ABSOLUTE
    app_set_prf_srv_perm                     0x07f236c1   Thumb Code     0  da14531_symbols.txt ABSOLUTE
    app_gattc_svc_changed_cmd_send           0x07f23715   Thumb Code     0  da14531_symbols.txt ABSOLUTE
    smpc_recv_pair_rand_pdu                  0x07f1a1e3   Thumb Code     0  da14531_symbols.txt ABSOLUTE
    smpc_recv_public_key_exchange_pdu        0x07f1a44f   Thumb Code     0  da14531_symbols.txt ABSOLUTE
    l2cc_signaling_pkt_format                0x07f20340   Data           0  da14531_symbols.txt ABSOLUTE
    l2cc_security_pkt_format                 0x07f2039c   Data           0  da14531_symbols.txt ABSOLUTE
    l2cc_attribute_pkt_format                0x07f203d8   Data           0  da14531_symbols.txt ABSOLUTE
    l2cc_connor_pkt_format                   0x07f20338   Data           0  da14531_symbols.txt ABSOLUTE
    llm_dflt_bdaddr                          0x07f1f550   Data           0  da14531_symbols.txt ABSOLUTE
    llc_lsto_timer_restart                   0x07f048f9   Thumb Code     0  da14531_symbols.txt ABSOLUTE
    lld_data_ind_handler                     0x07f0581b   Thumb Code     0  da14531_symbols.txt ABSOLUTE
    llm_wlpub_addr_set                       0x07f0be1b   Thumb Code     0  da14531_symbols.txt ABSOLUTE
    llm_wlpriv_addr_set                      0x07f0be47   Thumb Code     0  da14531_symbols.txt ABSOLUTE
    PATCHED_llm_con_req_ind                  0x07fc04ed   Thumb Code   814  patch.o(.text)
    PATCHED_smpc_recv_public_key_exchange_pdu 0x07fc092b   Thumb Code   106  patch.o(.text)
    lld_force_timeout_refresh                0x07fcb480   Data           3  patch.o(retention_mem_area0)
    __main                                   0x07fc00a1   Thumb Code     0  entry.o(.ARM.Collect$$$$00000000)
    _main_stk                                0x07fc00a1   Thumb Code     0  entry2.o(.ARM.Collect$$$$00000001)
    _main_scatterload                        0x07fc00a5   Thumb Code     0  entry5.o(.ARM.Collect$$$$00000004)
    __main_after_scatterload                 0x07fc00a9   Thumb Code     0  entry5.o(.ARM.Collect$$$$00000004)
    _clock_init                               - Undefined Weak Reference
    _main_clock                              0x07fc00a9   Thumb Code     0  entry7b.o(.ARM.Collect$$$$00000008)
    __cpp_initialize__aeabi_                  - Undefined Weak Reference
    _main_cpp_init                           0x07fc00a9   Thumb Code     0  entry8b.o(.ARM.Collect$$$$0000000A)
    _main_init                               0x07fc00a9   Thumb Code     0  entry9a.o(.ARM.Collect$$$$0000000B)
    __rt_final_cpp                           0x07fc00b1   Thumb Code     0  entry10a.o(.ARM.Collect$$$$0000000D)
    __cxa_finalize                            - Undefined Weak Reference
    __rt_final_exit                          0x07fc00b1   Thumb Code     0  entry11a.o(.ARM.Collect$$$$0000000F)
    _microlib_exit                            - Undefined Weak Reference
    __scatterload                            0x07fc0b19   Thumb Code    28  init.o(.text)
    __scatterload_rt2                        0x07fc0b19   Thumb Code     0  init.o(.text)
    Region$$Table$$Base                      0x07fc786c   Number         0  anon$$obj.o(Region$$Table)
    Region$$Table$$Limit                     0x07fc788c   Number         0  anon$$obj.o(Region$$Table)
    __decompress                              - Undefined Weak Reference
    SystemInit                               0x07fc6f31   Thumb Code   124  lto-llvm-40cb18.o(system_DA14xxx)
    HardFault_HandlerC                       0x07fc0cd5   Thumb Code   148  lto-llvm-40cb18.o(.text.HardFault_HandlerC)
    NMI_HandlerC                             0x07fc0d99   Thumb Code   184  lto-llvm-40cb18.o(.text.NMI_HandlerC)
    main                                     0x07fc39c9   Thumb Code  6664  lto-llvm-40cb18.o(.text.main)
    GPIO0_Handler                            0x07fc0c49   Thumb Code    20  lto-llvm-40cb18.o(.text.GPIO0_Handler)
    GPIO1_Handler                            0x07fc0c65   Thumb Code    20  lto-llvm-40cb18.o(.text.GPIO1_Handler)
    GPIO2_Handler                            0x07fc0c81   Thumb Code    20  lto-llvm-40cb18.o(.text.GPIO2_Handler)
    GPIO3_Handler                            0x07fc0c9d   Thumb Code    20  lto-llvm-40cb18.o(.text.GPIO3_Handler)
    GPIO4_Handler                            0x07fc0cb9   Thumb Code    20  lto-llvm-40cb18.o(.text.GPIO4_Handler)
    WKUP_QUADEC_Handler                      0x07fc0eed   Thumb Code   136  lto-llvm-40cb18.o(.text.WKUP_QUADEC_Handler)
    ADC_Handler                              0x07fc0b3d   Thumb Code     8  lto-llvm-40cb18.o(.text.ADC_Handler)
    I2C_Handler                              0x07fc0d85   Thumb Code    12  lto-llvm-40cb18.o(.text.I2C_Handler)
    UART2_Handler                            0x07fc0e79   Thumb Code   108  lto-llvm-40cb18.o(.text.UART2_Handler)
    BLE_WAKEUP_LP_Handler                    0x07fc0b49   Thumb Code   228  lto-llvm-40cb18.o(.text.BLE_WAKEUP_LP_Handler)
    rwble_isr                                0x07fc6391   Thumb Code   336  lto-llvm-40cb18.o(.text.rwble_isr)
    BuildAttributes$$THM_ISAv3M$S$PE$A:L22$X:L11$S22$IEEE1$IW$~IW$USESV6$~STKCKD$USESV7$~SHL$OTIME$IEEEF$EBA8$MICROLIB$REQ8$PRES8$EABIv2 0x00000000   Number         0  anon$$obj.o ABSOLUTE
    __scatterload_copy                       0x07fc6f11   Thumb Code    14  handlers.o(i.__scatterload_copy)
    __scatterload_null                       0x07fc6f1f   Thumb Code     2  handlers.o(i.__scatterload_null)
    __scatterload_zeroinit                   0x07fc6f21   Thumb Code    14  handlers.o(i.__scatterload_zeroinit)


