Component: Arm Compiler for Embedded 6.19 Tool: armlink [5e73cb00]

==============================================================================

Section Cross References

    startup_da14585_586.o(RESET) refers to startup_da14585_586.o(STACK) for __initial_sp
    startup_da14585_586.o(RESET) refers to startup_da14585_586.o(.text) for Reset_Handler
    startup_da14585_586.o(RESET) refers to lto-llvm-0469b9.o(.text.BLE_WAKEUP_LP_Handler) for BLE_WAKEUP_LP_Handler
    startup_da14585_586.o(RESET) refers to lto-llvm-0469b9.o(.text.rwble_isr) for rwble_isr
    startup_da14585_586.o(RESET) refers to lto-llvm-0469b9.o(.text.UART2_Handler) for UART2_Handler
    startup_da14585_586.o(RESET) refers to lto-llvm-0469b9.o(.text.I2C_Handler) for I2C_Handler
    startup_da14585_586.o(RESET) refers to lto-llvm-0469b9.o(.text.ADC_Handler) for ADC_Handler
    startup_da14585_586.o(RESET) refers to lto-llvm-0469b9.o(.text.GPIO0_Handler) for GPIO0_Handler
    startup_da14585_586.o(RESET) refers to lto-llvm-0469b9.o(.text.GPIO1_Handler) for GPIO1_Handler
    startup_da14585_586.o(RESET) refers to lto-llvm-0469b9.o(.text.GPIO2_Handler) for GPIO2_Handler
    startup_da14585_586.o(RESET) refers to lto-llvm-0469b9.o(.text.GPIO3_Handler) for GPIO3_Handler
    startup_da14585_586.o(RESET) refers to lto-llvm-0469b9.o(.text.GPIO4_Handler) for GPIO4_Handler
    startup_da14585_586.o(RESET) refers to lto-llvm-0469b9.o(.text.WKUP_QUADEC_Handler) for WKUP_QUADEC_Handler
    startup_da14585_586.o(.text) refers to lto-llvm-0469b9.o(system_DA14xxx) for SystemInit
    startup_da14585_586.o(.text) refers to entry.o(.ARM.Collect$$$$00000000) for __main
    startup_da14585_586.o(.text) refers to lto-llvm-0469b9.o(.text.NMI_HandlerC) for NMI_HandlerC
    startup_da14585_586.o(.text) refers to lto-llvm-0469b9.o(.text.HardFault_HandlerC) for HardFault_HandlerC
    patch.o(.text) refers to patch.o(.constdata) for .constdata
    patch.o(.constdata) refers to patch.o(.text) for PATCHED_llcp_length_req_handler
    patch.o(.constdata) refers to smpc_util.o(.text) for PATCHED_smpc_dhkey_calc_start
    entry.o(.ARM.Collect$$$$00000000) refers (Special) to entry10a.o(.ARM.Collect$$$$0000000D) for __rt_final_cpp
    entry.o(.ARM.Collect$$$$00000000) refers (Special) to entry11a.o(.ARM.Collect$$$$0000000F) for __rt_final_exit
    entry.o(.ARM.Collect$$$$00000000) refers (Special) to entry7b.o(.ARM.Collect$$$$00000008) for _main_clock
    entry.o(.ARM.Collect$$$$00000000) refers (Special) to entry8b.o(.ARM.Collect$$$$0000000A) for _main_cpp_init
    entry.o(.ARM.Collect$$$$00000000) refers (Special) to entry9a.o(.ARM.Collect$$$$0000000B) for _main_init
    entry.o(.ARM.Collect$$$$00000000) refers (Special) to entry5.o(.ARM.Collect$$$$00000004) for _main_scatterload
    entry.o(.ARM.Collect$$$$00000000) refers (Special) to entry2.o(.ARM.Collect$$$$00000001) for _main_stk
    entry2.o(.ARM.Collect$$$$00000001) refers to entry2.o(.ARM.Collect$$$$00002712) for __lit__00000000
    entry2.o(.ARM.Collect$$$$00002712) refers to startup_da14585_586.o(STACK) for __initial_sp
    entry2.o(__vectab_stack_and_reset_area) refers to startup_da14585_586.o(STACK) for __initial_sp
    entry2.o(__vectab_stack_and_reset_area) refers to entry.o(.ARM.Collect$$$$00000000) for __main
    entry5.o(.ARM.Collect$$$$00000004) refers to init.o(.text) for __scatterload
    entry9a.o(.ARM.Collect$$$$0000000B) refers to lto-llvm-0469b9.o(.text.main) for main
    entry9b.o(.ARM.Collect$$$$0000000C) refers to lto-llvm-0469b9.o(.text.main) for main
    init.o(.text) refers to entry5.o(.ARM.Collect$$$$00000004) for __main_after_scatterload
    lto-llvm-0469b9.o(.ARM.exidxsystem_DA14xxx) refers to lto-llvm-0469b9.o(system_DA14xxx) for [Anonymous Symbol]
    lto-llvm-0469b9.o(.ARM.exidx.text.HardFault_HandlerC) refers to lto-llvm-0469b9.o(.text.HardFault_HandlerC) for [Anonymous Symbol]
    lto-llvm-0469b9.o(.ARM.exidx.text.NMI_HandlerC) refers to lto-llvm-0469b9.o(.text.NMI_HandlerC) for [Anonymous Symbol]
    lto-llvm-0469b9.o(.text.arch_printf) refers to lto-llvm-0469b9.o(.rodata.str1.1) for [Anonymous Symbol]
    lto-llvm-0469b9.o(.text.arch_printf) refers to lto-llvm-0469b9.o(.bss.retention_mem_area0) for [Anonymous Symbol]
    lto-llvm-0469b9.o(.text.arch_printf) refers to lto-llvm-0469b9.o(.bss.current_msg_buffer) for [Anonymous Symbol]
    lto-llvm-0469b9.o(.ARM.exidx.text.arch_printf) refers to lto-llvm-0469b9.o(.text.arch_printf) for [Anonymous Symbol]
    lto-llvm-0469b9.o(.text.uart_callback) refers to lto-llvm-0469b9.o(.bss.retention_mem_area0) for [Anonymous Symbol]
    lto-llvm-0469b9.o(.ARM.exidx.text.uart_callback) refers to lto-llvm-0469b9.o(.text.uart_callback) for [Anonymous Symbol]
    lto-llvm-0469b9.o(.text.nvds_get_func) refers to lto-llvm-0469b9.o(.bss.retention_mem_area0) for [Anonymous Symbol]
    lto-llvm-0469b9.o(.text.nvds_get_func) refers to lto-llvm-0469b9.o(.rodata.nvds_data_storage) for [Anonymous Symbol]
[...]
    gtl_eif_tx_done_func                     0x07f0d93f   Thumb Code     0  da14585_symbols.txt ABSOLUTE
    gtl_eif_rx_done_func                     0x07f0d94f   Thumb Code     0  da14585_symbols.txt ABSOLUTE
    gtl_eif_init_func                        0x07f0da81   Thumb Code     0  da14585_symbols.txt ABSOLUTE
    gtl_eif_write                            0x07f0da9b   Thumb Code     0  da14585_symbols.txt ABSOLUTE
    gtl_eif_start                            0x07f0dabd   Thumb Code     0  da14585_symbols.txt ABSOLUTE
    gtl_eif_stop                             0x07f0dac7   Thumb Code     0  da14585_symbols.txt ABSOLUTE
    gtl_env_curr_msg_type_set                0x07f0dae3   Thumb Code     0  da14585_symbols.txt ABSOLUTE
    hci_tl_send                              0x07f0ddc5   Thumb Code     0  da14585_symbols.txt ABSOLUTE
    hci_tl_init                              0x07f0de0d   Thumb Code     0  da14585_symbols.txt ABSOLUTE
    hci_cmd_get_max_param_size               0x07f0de31   Thumb Code     0  da14585_symbols.txt ABSOLUTE
    hci_cmd_received                         0x07f0de7b   Thumb Code     0  da14585_symbols.txt ABSOLUTE
    hci_acl_tx_data_alloc                    0x07f0dfb7   Thumb Code     0  da14585_symbols.txt ABSOLUTE
    hci_acl_tx_data_received                 0x07f0e03d   Thumb Code     0  da14585_symbols.txt ABSOLUTE
    hci_acl_rx_data_alloc                    0x07f0e105   Thumb Code     0  da14585_symbols.txt ABSOLUTE
    hci_acl_rx_data_received                 0x07f0e111   Thumb Code     0  da14585_symbols.txt ABSOLUTE
    hci_evt_received                         0x07f0e147   Thumb Code     0  da14585_symbols.txt ABSOLUTE
    hci_tl_env_tx_queue_cnt_get              0x07f0e2f3   Thumb Code     0  da14585_symbols.txt ABSOLUTE
    hci_util_pack                            0x07f0e411   Thumb Code     0  da14585_symbols.txt ABSOLUTE
    hci_util_unpack                          0x07f0e511   Thumb Code     0  da14585_symbols.txt ABSOLUTE
    hci_look_for_cmd_desc                    0x07f0e9f5   Thumb Code     0  da14585_symbols.txt ABSOLUTE
    hci_look_for_evt_desc                    0x07f0ea41   Thumb Code     0  da14585_symbols.txt ABSOLUTE
    hci_look_for_le_evt_desc                 0x07f0ea63   Thumb Code     0  da14585_symbols.txt ABSOLUTE
    hci_evt_mask_set                         0x07f0ea95   Thumb Code     0  da14585_symbols.txt ABSOLUTE
    hci_init                                 0x07f0eadd   Thumb Code     0  da14585_symbols.txt ABSOLUTE
    hci_reset                                0x07f0eaf9   Thumb Code     0  da14585_symbols.txt ABSOLUTE
    hci_send_2_host                          0x07f0eb11   Thumb Code     0  da14585_symbols.txt ABSOLUTE
    hci_send_2_controller                    0x07f0ebfb   Thumb Code     0  da14585_symbols.txt ABSOLUTE
    h4tl_read_start_func                     0x07f0ecd5   Thumb Code     0  da14585_symbols.txt ABSOLUTE
    h4tl_read_hdr_func                       0x07f0ecf3   Thumb Code     0  da14585_symbols.txt ABSOLUTE
    h4tl_read_payl_func                      0x07f0ed0f   Thumb Code     0  da14585_symbols.txt ABSOLUTE
    h4tl_read_next_out_of_sync_func          0x07f0ed29   Thumb Code     0  da14585_symbols.txt ABSOLUTE
    h4tl_out_of_sync_func                    0x07f0ed3d   Thumb Code     0  da14585_symbols.txt ABSOLUTE
    h4tl_out_of_sync_check                   0x07f0ed63   Thumb Code     0  da14585_symbols.txt ABSOLUTE
    h4tl_tx_done_func                        0x07f0edbf   Thumb Code     0  da14585_symbols.txt ABSOLUTE
    h4tl_rx_done_func                        0x07f0edd7   Thumb Code     0  da14585_symbols.txt ABSOLUTE
    h4tl_init_func                           0x07f0eefb   Thumb Code     0  da14585_symbols.txt ABSOLUTE
    h4tl_write                               0x07f0ef17   Thumb Code     0  da14585_symbols.txt ABSOLUTE
    h4tl_start                               0x07f0ef3f   Thumb Code     0  da14585_symbols.txt ABSOLUTE
    h4tl_stop                                0x07f0ef47   Thumb Code     0  da14585_symbols.txt ABSOLUTE
    h4tl_env_rx_type_set                     0x07f0ef5b   Thumb Code     0  da14585_symbols.txt ABSOLUTE
    h4tl_env_hdr_set                         0x07f0ef67   Thumb Code     0  da14585_symbols.txt ABSOLUTE
    attc_send_att_req                        0x07f0efa5   Thumb Code     0  da14585_symbols.txt ABSOLUTE
    attc_allocate_att_req                    0x07f0efe1   Thumb Code     0  da14585_symbols.txt ABSOLUTE
    attc_send_hdl_cfm                        0x07f0f003   Thumb Code     0  da14585_symbols.txt ABSOLUTE
    attc_send_execute                        0x07f0f019   Thumb Code     0  da14585_symbols.txt ABSOLUTE
    attc_send_read_ind                       0x07f0f033   Thumb Code     0  da14585_symbols.txt ABSOLUTE
    attc_l2cc_pdu_recv_handler_func          0x07f0f973   Thumb Code     0  da14585_symbols.txt ABSOLUTE
    attm_convert_to128                       0x07f0f9cd   Thumb Code     0  da14585_symbols.txt ABSOLUTE
    attm_uuid_comp                           0x07f0f9fd   Thumb Code     0  da14585_symbols.txt ABSOLUTE
    attm_uuid16_comp                         0x07f0fa55   Thumb Code     0  da14585_symbols.txt ABSOLUTE
    attm_is_bt16_uuid                        0x07f0fa61   Thumb Code     0  da14585_symbols.txt ABSOLUTE
    attm_is_bt32_uuid                        0x07f0fa87   Thumb Code     0  da14585_symbols.txt ABSOLUTE
    attmdb_add_service                       0x07f0fe87   Thumb Code     0  da14585_symbols.txt ABSOLUTE
    attmdb_destroy                           0x07f0ff0f   Thumb Code     0  da14585_symbols.txt ABSOLUTE
    attmdb_get_service                       0x07f0ff29   Thumb Code     0  da14585_symbols.txt ABSOLUTE
    attmdb_get_attribute                     0x07f0ff67   Thumb Code     0  da14585_symbols.txt ABSOLUTE
    attmdb_get_next_att                      0x07f0ff9b   Thumb Code     0  da14585_symbols.txt ABSOLUTE
    attmdb_uuid16_comp                       0x07f0ffff   Thumb Code     0  da14585_symbols.txt ABSOLUTE
    attmdb_att_set_value                     0x07f1003b   Thumb Code     0  da14585_symbols.txt ABSOLUTE
    attmdb_get_max_len                       0x07f100e7   Thumb Code     0  da14585_symbols.txt ABSOLUTE
    attmdb_get_uuid                          0x07f1014d   Thumb Code     0  da14585_symbols.txt ABSOLUTE
    attmdb_get_value                         0x07f10223   Thumb Code     0  da14585_symbols.txt ABSOLUTE
    attmdb_att_set_permission                0x07f10373   Thumb Code     0  da14585_symbols.txt ABSOLUTE
    attmdb_att_update_perm                   0x07f103e7   Thumb Code     0  da14585_symbols.txt ABSOLUTE
    attmdb_svc_get_permission                0x07f10455   Thumb Code     0  da14585_symbols.txt ABSOLUTE
    attmdb_att_get_permission                0x07f10473   Thumb Code     0  da14585_symbols.txt ABSOLUTE
    attmdb_svc_set_permission                0x07f10575   Thumb Code     0  da14585_symbols.txt ABSOLUTE
    attmdb_init                              0x07f10599   Thumb Code     0  da14585_symbols.txt ABSOLUTE
    attmdb_get_nb_svc                        0x07f105af   Thumb Code     0  da14585_symbols.txt ABSOLUTE
    attmdb_get_svc_info                      0x07f105c3   Thumb Code     0  da14585_symbols.txt ABSOLUTE
    attm_svc_create_db                       0x07f105f7   Thumb Code     0  da14585_symbols.txt ABSOLUTE
    attmdb_reserve_handle_range              0x07f10705   Thumb Code     0  da14585_symbols.txt ABSOLUTE
    atts_clear_read_cache                    0x07f10895   Thumb Code     0  da14585_symbols.txt ABSOLUTE
    atts_send_error                          0x07f109fd   Thumb Code     0  da14585_symbols.txt ABSOLUTE
    atts_write_signed_cfm                    0x07f10a19   Thumb Code     0  da14585_symbols.txt ABSOLUTE
    atts_send_event                          0x07f10a59   Thumb Code     0  da14585_symbols.txt ABSOLUTE
    atts_clear_prep_data                     0x07f10ae1   Thumb Code     0  da14585_symbols.txt ABSOLUTE
    atts_clear_rsp_data                      0x07f10b05   Thumb Code     0  da14585_symbols.txt ABSOLUTE
    atts_write_rsp_send                      0x07f10b55   Thumb Code     0  da14585_symbols.txt ABSOLUTE
    atts_mtu_exc_req                         0x07f10b75   Thumb Code     0  da14585_symbols.txt ABSOLUTE
    atts_l2cc_pdu_recv_handler_func          0x07f1177f   Thumb Code     0  da14585_symbols.txt ABSOLUTE
    atts_allocate_pdu                        0x07f11957   Thumb Code     0  da14585_symbols.txt ABSOLUTE
    atts_send_pdu                            0x07f11979   Thumb Code     0  da14585_symbols.txt ABSOLUTE
    gattc_cleanup                            0x07f119e7   Thumb Code     0  da14585_symbols.txt ABSOLUTE
    gattc_init                               0x07f11a6b   Thumb Code     0  da14585_symbols.txt ABSOLUTE
    gattc_update_state                       0x07f11a9d   Thumb Code     0  da14585_symbols.txt ABSOLUTE
    gattc_create                             0x07f11ac1   Thumb Code     0  da14585_symbols.txt ABSOLUTE
    gattc_con_enable                         0x07f11b35   Thumb Code     0  da14585_symbols.txt ABSOLUTE
    gattc_get_mtu                            0x07f11b3b   Thumb Code     0  da14585_symbols.txt ABSOLUTE
    gattc_set_mtu                            0x07f11b47   Thumb Code     0  da14585_symbols.txt ABSOLUTE
    gattc_get_requester                      0x07f11b8d   Thumb Code     0  da14585_symbols.txt ABSOLUTE
    gattc_send_complete_evt                  0x07f11ba9   Thumb Code     0  da14585_symbols.txt ABSOLUTE
    gattc_send_error_evt                     0x07f11c05   Thumb Code     0  da14585_symbols.txt ABSOLUTE
    gattc_get_operation                      0x07f11c2b   Thumb Code     0  da14585_symbols.txt ABSOLUTE
    gattc_get_op_seq_num                     0x07f11c41   Thumb Code     0  da14585_symbols.txt ABSOLUTE
    gattc_get_operation_ptr                  0x07f11c57   Thumb Code     0  da14585_symbols.txt ABSOLUTE
    gattc_set_operation_ptr                  0x07f11c63   Thumb Code     0  da14585_symbols.txt ABSOLUTE
    gattc_reschedule_operation               0x07f11c6f   Thumb Code     0  da14585_symbols.txt ABSOLUTE
    gattc_reallocate_svc                     0x07f11cb5   Thumb Code     0  da14585_symbols.txt ABSOLUTE
    gattm_svc_get_start_hdl                  0x07f12c6d   Thumb Code     0  da14585_symbols.txt ABSOLUTE
    gattm_init                               0x07f12c73   Thumb Code     0  da14585_symbols.txt ABSOLUTE
    gattm_init_attr                          0x07f12c91   Thumb Code     0  da14585_symbols.txt ABSOLUTE
    gattm_create                             0x07f12ce5   Thumb Code     0  da14585_symbols.txt ABSOLUTE
    gattm_cleanup                            0x07f12ced   Thumb Code     0  da14585_symbols.txt ABSOLUTE
    gattm_get_max_mtu                        0x07f12cf5   Thumb Code     0  da14585_symbols.txt ABSOLUTE
    gattm_set_max_mtu                        0x07f12cfb   Thumb Code     0  da14585_symbols.txt ABSOLUTE
    gattm_get_max_mps                        0x07f12d17   Thumb Code     0  da14585_symbols.txt ABSOLUTE
    gattm_set_max_mps                        0x07f12d1d   Thumb Code     0  da14585_symbols.txt ABSOLUTE
    l2cc_cleanup                             0x07f12f85   Thumb Code     0  da14585_symbols.txt ABSOLUTE
    l2cc_init                                0x07f12fc9   Thumb Code     0  da14585_symbols.txt ABSOLUTE
    l2cc_create                              0x07f12ffb   Thumb Code     0  da14585_symbols.txt ABSOLUTE
    l2cc_update_state                        0x07f13033   Thumb Code     0  da14585_symbols.txt ABSOLUTE
    l2cm_init                                0x07f13405   Thumb Code     0  da14585_symbols.txt ABSOLUTE
    l2cm_create                              0x07f13419   Thumb Code     0  da14585_symbols.txt ABSOLUTE
    l2cm_cleanup                             0x07f13421   Thumb Code     0  da14585_symbols.txt ABSOLUTE
    l2cm_set_link_layer_buff_size            0x07f13429   Thumb Code     0  da14585_symbols.txt ABSOLUTE
    smpc_send_use_enc_block_cmd              0x07f13439   Thumb Code     0  da14585_symbols.txt ABSOLUTE
    smpc_send_start_enc_cmd                  0x07f13471   Thumb Code     0  da14585_symbols.txt ABSOLUTE
    smpc_send_ltk_req_rsp                    0x07f134eb   Thumb Code     0  da14585_symbols.txt ABSOLUTE
    smpc_send_pairing_req_ind                0x07f13547   Thumb Code     0  da14585_symbols.txt ABSOLUTE
    smpc_send_pairing_ind                    0x07f1362b   Thumb Code     0  da14585_symbols.txt ABSOLUTE
    smpc_check_pairing_feat                  0x07f13747   Thumb Code     0  da14585_symbols.txt ABSOLUTE
    smpc_launch_rep_att_timer                0x07f13761   Thumb Code     0  da14585_symbols.txt ABSOLUTE
    smpc_check_repeated_attempts             0x07f1379d   Thumb Code     0  da14585_symbols.txt ABSOLUTE
    smpc_check_max_key_size                  0x07f137ff   Thumb Code     0  da14585_symbols.txt ABSOLUTE
    smpc_check_key_distrib                   0x07f13845   Thumb Code     0  da14585_symbols.txt ABSOLUTE
    smpc_xor                                 0x07f13885   Thumb Code     0  da14585_symbols.txt ABSOLUTE
    smpc_generate_l                          0x07f1389b   Thumb Code     0  da14585_symbols.txt ABSOLUTE
    smpc_generate_ci                         0x07f138e9   Thumb Code     0  da14585_symbols.txt ABSOLUTE
    smpc_generate_rand                       0x07f1394d   Thumb Code     0  da14585_symbols.txt ABSOLUTE
    smpc_generate_e1                         0x07f13973   Thumb Code     0  da14585_symbols.txt ABSOLUTE
    smpc_generate_cfm                        0x07f13a2d   Thumb Code     0  da14585_symbols.txt ABSOLUTE
    smpc_generate_stk                        0x07f13aa7   Thumb Code     0  da14585_symbols.txt ABSOLUTE
    smpc_calc_subkeys                        0x07f13afd   Thumb Code     0  da14585_symbols.txt ABSOLUTE
    smpc_clear_timeout_timer                 0x07f13b73   Thumb Code     0  da14585_symbols.txt ABSOLUTE
    smpc_pairing_end                         0x07f13b9d   Thumb Code     0  da14585_symbols.txt ABSOLUTE
    smpc_tkdp_rcp_continue                   0x07f13bfb   Thumb Code     0  da14585_symbols.txt ABSOLUTE
    smpc_tkdp_rcp_start                      0x07f13c75   Thumb Code     0  da14585_symbols.txt ABSOLUTE
    smpc_pdu_send                            0x07f13cc9   Thumb Code     0  da14585_symbols.txt ABSOLUTE
    smpc_tkdp_send_start                     0x07f13d67   Thumb Code     0  da14585_symbols.txt ABSOLUTE
    smpc_tkdp_send_continue                  0x07f13df3   Thumb Code     0  da14585_symbols.txt ABSOLUTE
    smpc_get_key_sec_prop                    0x07f13e6f   Thumb Code     0  da14585_symbols.txt ABSOLUTE
    smpc_is_sec_mode_reached                 0x07f13f3b   Thumb Code     0  da14585_symbols.txt ABSOLUTE
    smpc_handle_enc_change_evt               0x07f13f65   Thumb Code     0  da14585_symbols.txt ABSOLUTE
    smpc_pdu_recv_func                       0x07f1401f   Thumb Code     0  da14585_symbols.txt ABSOLUTE
    smpc_generate_subkey                     0x07f14089   Thumb Code     0  da14585_symbols.txt ABSOLUTE
    leftshift_onebit                         0x07f140bd   Thumb Code     0  da14585_symbols.txt ABSOLUTE
    padding                                  0x07f140d5   Thumb Code     0  da14585_symbols.txt ABSOLUTE
    smpc_generate_subkey_P2                  0x07f140f9   Thumb Code     0  da14585_symbols.txt ABSOLUTE
    AES_CMAC_block                           0x07f1419d   Thumb Code     0  da14585_symbols.txt ABSOLUTE
    smpc_generate_f4                         0x07f1425d   Thumb Code     0  da14585_symbols.txt ABSOLUTE
    smpc_generate_g2                         0x07f14371   Thumb Code     0  da14585_symbols.txt ABSOLUTE
    smpc_generate_f5                         0x07f1441b   Thumb Code     0  da14585_symbols.txt ABSOLUTE
    smpc_generate_f5_T                       0x07f1442d   Thumb Code     0  da14585_symbols.txt ABSOLUTE
    smpc_generate_f5_P2                      0x07f1449d   Thumb Code     0  da14585_symbols.txt ABSOLUTE
    smpc_generate_f6                         0x07f1466f   Thumb Code     0  da14585_symbols.txt ABSOLUTE
    smpm_send_encrypt_req                    0x07f14809   Thumb Code     0  da14585_symbols.txt ABSOLUTE
    smpm_send_gen_rand_nb_req                0x07f14837   Thumb Code     0  da14585_symbols.txt ABSOLUTE
    smpm_check_addr_type                     0x07f1484d   Thumb Code     0  da14585_symbols.txt ABSOLUTE
    gapc_update_state                        0x07f148b9   Thumb Code     0  da14585_symbols.txt ABSOLUTE
    gapc_get_requester                       0x07f148e9   Thumb Code     0  da14585_symbols.txt ABSOLUTE
    gapc_send_complete_evt                   0x07f14905   Thumb Code     0  da14585_symbols.txt ABSOLUTE
    gapc_init                                0x07f14a2f   Thumb Code     0  da14585_symbols.txt ABSOLUTE
    gapc_con_create                          0x07f14a61   Thumb Code     0  da14585_symbols.txt ABSOLUTE
    gapc_con_create_enh                      0x07f14b1b   Thumb Code     0  da14585_symbols.txt ABSOLUTE
    gapc_con_cleanup                         0x07f14c15   Thumb Code     0  da14585_symbols.txt ABSOLUTE
    gapc_send_disconect_ind                  0x07f14c25   Thumb Code     0  da14585_symbols.txt ABSOLUTE
    gapc_get_conidx                          0x07f14c47   Thumb Code     0  da14585_symbols.txt ABSOLUTE
    gapc_get_conhdl                          0x07f14c81   Thumb Code     0  da14585_symbols.txt ABSOLUTE
    gapc_get_role                            0x07f14c99   Thumb Code     0  da14585_symbols.txt ABSOLUTE
    gapc_get_bdaddr                          0x07f14cb5   Thumb Code     0  da14585_symbols.txt ABSOLUTE
    gapc_get_csrk                            0x07f14cd5   Thumb Code     0  da14585_symbols.txt ABSOLUTE
    gapc_get_sign_counter                    0x07f14cf3   Thumb Code     0  da14585_symbols.txt ABSOLUTE
    gapc_send_error_evt                      0x07f14d11   Thumb Code     0  da14585_symbols.txt ABSOLUTE
    gapc_get_operation                       0x07f14d33   Thumb Code     0  da14585_symbols.txt ABSOLUTE
    gapc_get_operation_ptr                   0x07f14d49   Thumb Code     0  da14585_symbols.txt ABSOLUTE
    gapc_set_operation_ptr                   0x07f14d55   Thumb Code     0  da14585_symbols.txt ABSOLUTE
    gapc_reschedule_operation                0x07f14d61   Thumb Code     0  da14585_symbols.txt ABSOLUTE
    gapc_get_enc_keysize                     0x07f14d91   Thumb Code     0  da14585_symbols.txt ABSOLUTE
    gapc_is_sec_set                          0x07f14da9   Thumb Code     0  da14585_symbols.txt ABSOLUTE
    gapc_set_enc_keysize                     0x07f14e35   Thumb Code     0  da14585_symbols.txt ABSOLUTE
    gapc_link_encrypted                      0x07f14e49   Thumb Code     0  da14585_symbols.txt ABSOLUTE
    gapc_auth_set                            0x07f14e63   Thumb Code     0  da14585_symbols.txt ABSOLUTE
    gapc_svc_chg_ccc_get                     0x07f14e83   Thumb Code     0  da14585_symbols.txt ABSOLUTE
    gapc_svc_chg_ccc_set                     0x07f14e93   Thumb Code     0  da14585_symbols.txt ABSOLUTE
    gapc_check_lecb_sec_perm                 0x07f14ea9   Thumb Code     0  da14585_symbols.txt ABSOLUTE
    gapc_search_lecb_channel                 0x07f14f11   Thumb Code     0  da14585_symbols.txt ABSOLUTE
    gapc_lecnx_check_tx                      0x07f14f4b   Thumb Code     0  da14585_symbols.txt ABSOLUTE
    gapc_lecnx_check_rx                      0x07f14f93   Thumb Code     0  da14585_symbols.txt ABSOLUTE
    gapc_lecnx_get_field                     0x07f14fd7   Thumb Code     0  da14585_symbols.txt ABSOLUTE
    gapc_process_op                          0x07f1504d   Thumb Code     0  da14585_symbols.txt ABSOLUTE
    gapc_param_update_sanity                 0x07f151c7   Thumb Code     0  da14585_symbols.txt ABSOLUTE
    gapc_param_cb_con_sanity                 0x07f151ef   Thumb Code     0  da14585_symbols.txt ABSOLUTE
    l2cc_pdu_recv_ind_handler_func           0x07f156ab   Thumb Code     0  da14585_symbols.txt ABSOLUTE
    gapc_lecb_connect_cfm_handler_func       0x07f16653   Thumb Code     0  da14585_symbols.txt ABSOLUTE
    gapm_init                                0x07f16a27   Thumb Code     0  da14585_symbols.txt ABSOLUTE
    gapm_init_attr                           0x07f16a83   Thumb Code     0  da14585_symbols.txt ABSOLUTE
    gapm_get_operation                       0x07f16aaf   Thumb Code     0  da14585_symbols.txt ABSOLUTE
    gapm_get_requester                       0x07f16ac1   Thumb Code     0  da14585_symbols.txt ABSOLUTE
    gapm_reschedule_operation                0x07f16ad9   Thumb Code     0  da14585_symbols.txt ABSOLUTE
    gapm_send_complete_evt                   0x07f16afb   Thumb Code     0  da14585_symbols.txt ABSOLUTE
    gapm_send_error_evt                      0x07f16b31   Thumb Code     0  da14585_symbols.txt ABSOLUTE
    gapm_con_create                          0x07f16b51   Thumb Code     0  da14585_symbols.txt ABSOLUTE
    gapm_con_enable                          0x07f16bd5   Thumb Code     0  da14585_symbols.txt ABSOLUTE
    gapm_con_cleanup                         0x07f16be1   Thumb Code     0  da14585_symbols.txt ABSOLUTE
    gapm_get_id_from_task                    0x07f16c11   Thumb Code     0  da14585_symbols.txt ABSOLUTE
    gapm_get_task_from_id                    0x07f16c51   Thumb Code     0  da14585_symbols.txt ABSOLUTE
    gapm_is_disc_connection                  0x07f16c8d   Thumb Code     0  da14585_symbols.txt ABSOLUTE
    gapm_adv_sanity                          0x07f17ab9   Thumb Code     0  da14585_symbols.txt ABSOLUTE
    gapm_adv_op_sanity                       0x07f17bad   Thumb Code     0  da14585_symbols.txt ABSOLUTE
    gapm_set_adv_mode                        0x07f17d2b   Thumb Code     0  da14585_symbols.txt ABSOLUTE
    gapm_set_adv_data                        0x07f17d45   Thumb Code     0  da14585_symbols.txt ABSOLUTE
    gapm_execute_adv_op                      0x07f17dd1   Thumb Code     0  da14585_symbols.txt ABSOLUTE
    gapm_scan_op_sanity                      0x07f17ef7   Thumb Code     0  da14585_symbols.txt ABSOLUTE
    gapm_set_scan_mode                       0x07f17fff   Thumb Code     0  da14585_symbols.txt ABSOLUTE
    gapm_execute_scan_op                     0x07f1801d   Thumb Code     0  da14585_symbols.txt ABSOLUTE
    gapm_connect_op_sanity                   0x07f180d7   Thumb Code     0  da14585_symbols.txt ABSOLUTE
    gapm_basic_hci_cmd_send                  0x07f18257   Thumb Code     0  da14585_symbols.txt ABSOLUTE
    gapm_execute_connect_op                  0x07f1826b   Thumb Code     0  da14585_symbols.txt ABSOLUTE
    gapm_get_role                            0x07f1840d   Thumb Code     0  da14585_symbols.txt ABSOLUTE
    gapm_get_ad_type_flag                    0x07f18415   Thumb Code     0  da14585_symbols.txt ABSOLUTE
    gapm_add_to_filter                       0x07f1843b   Thumb Code     0  da14585_symbols.txt ABSOLUTE
    gapm_is_filtered                         0x07f184bb   Thumb Code     0  da14585_symbols.txt ABSOLUTE
    gapm_update_air_op_state                 0x07f1851f   Thumb Code     0  da14585_symbols.txt ABSOLUTE
    gapm_get_irk                             0x07f185e7   Thumb Code     0  da14585_symbols.txt ABSOLUTE
    gapm_get_bdaddr                          0x07f185ed   Thumb Code     0  da14585_symbols.txt ABSOLUTE
    l2cc_pdu_pack_func                       0x07f18609   Thumb Code     0  da14585_symbols.txt ABSOLUTE
    l2cc_pdu_unpack_func                     0x07f18b01   Thumb Code     0  da14585_symbols.txt ABSOLUTE
    l2cc_detect_dest                         0x07f18e03   Thumb Code     0  da14585_symbols.txt ABSOLUTE
    l2c_process_sdu_func                     0x07f18e5f   Thumb Code     0  da14585_symbols.txt ABSOLUTE
    l2c_send_lecb_message_func               0x07f18f77   Thumb Code     0  da14585_symbols.txt ABSOLUTE
    smpc_check_param_func                    0x07f19071   Thumb Code     0  da14585_symbols.txt ABSOLUTE
    smpc_construct_id_addr_info_pdu          0x07f19157   Thumb Code     0  da14585_symbols.txt ABSOLUTE
    smpc_recv_pair_rand_pdu                  0x07f193e3   Thumb Code     0  da14585_symbols.txt ABSOLUTE
    smpc_recv_public_key_exchange_pdu        0x07f19647   Thumb Code     0  da14585_symbols.txt ABSOLUTE
    gapc_hci_handler                         0x07f19c73   Thumb Code     0  da14585_symbols.txt ABSOLUTE
    gapm_hci_handler                         0x07f1a8c1   Thumb Code     0  da14585_symbols.txt ABSOLUTE
    smpc_pairing_start                       0x07f1a951   Thumb Code     0  da14585_symbols.txt ABSOLUTE
    smpc_pairing_tk_exch                     0x07f1a9d7   Thumb Code     0  da14585_symbols.txt ABSOLUTE
    smpc_pairing_ltk_exch                    0x07f1aa95   Thumb Code     0  da14585_symbols.txt ABSOLUTE
    smpc_pairing_csrk_exch                   0x07f1aae9   Thumb Code     0  da14585_symbols.txt ABSOLUTE
    smpc_pairing_rsp                         0x07f1ab3f   Thumb Code     0  da14585_symbols.txt ABSOLUTE
    smpc_pairing_req_handler                 0x07f1ac23   Thumb Code     0  da14585_symbols.txt ABSOLUTE
    smpc_security_req_send                   0x07f1ac5b   Thumb Code     0  da14585_symbols.txt ABSOLUTE
    smpc_encrypt_start                       0x07f1ac85   Thumb Code     0  da14585_symbols.txt ABSOLUTE
    smpc_encrypt_start_handler               0x07f1acab   Thumb Code     0  da14585_symbols.txt ABSOLUTE
    smpc_encrypt_cfm                         0x07f1acdd   Thumb Code     0  da14585_symbols.txt ABSOLUTE
    smpc_sign_command                        0x07f1ad09   Thumb Code     0  da14585_symbols.txt ABSOLUTE
    smpc_sign_cont                           0x07f1ade1   Thumb Code     0  da14585_symbols.txt ABSOLUTE
    smpc_calc_confirm_cont                   0x07f1af87   Thumb Code     0  da14585_symbols.txt ABSOLUTE
    smpc_confirm_gen_rand                    0x07f1b4c9   Thumb Code     0  da14585_symbols.txt ABSOLUTE
    smpc_public_key_exchange_start_func      0x07f1b58f   Thumb Code     0  da14585_symbols.txt ABSOLUTE
    smpc_dhkey_calc_start                    0x07f1b5b3   Thumb Code     0  da14585_symbols.txt ABSOLUTE
    smpc_sec_authentication_start            0x07f1b601   Thumb Code     0  da14585_symbols.txt ABSOLUTE
    smpc_dhkey_calc_ind_func                 0x07f1b62f   Thumb Code     0  da14585_symbols.txt ABSOLUTE
    smpm_gen_rand_addr                       0x07f1b675   Thumb Code     0  da14585_symbols.txt ABSOLUTE
    smpm_resolv_addr                         0x07f1b68d   Thumb Code     0  da14585_symbols.txt ABSOLUTE
    smpm_use_enc_block                       0x07f1b6af   Thumb Code     0  da14585_symbols.txt ABSOLUTE
    smpm_gen_rand_nb                         0x07f1b6b7   Thumb Code     0  da14585_symbols.txt ABSOLUTE
    smpm_ecdh_key_create_func                0x07f1b6bf   Thumb Code     0  da14585_symbols.txt ABSOLUTE
    ke_init                                  0x07f1b6dd   Thumb Code     0  da14585_symbols.txt ABSOLUTE
    ke_flush                                 0x07f1b70f   Thumb Code     0  da14585_symbols.txt ABSOLUTE
    ke_sleep_check                           0x07f1b74f   Thumb Code     0  da14585_symbols.txt ABSOLUTE
    ke_stats_get                             0x07f1b761   Thumb Code     0  da14585_symbols.txt ABSOLUTE
    ke_event_init                            0x07f1b77d   Thumb Code     0  da14585_symbols.txt ABSOLUTE
    ke_event_callback_set                    0x07f1b789   Thumb Code     0  da14585_symbols.txt ABSOLUTE
    ke_event_set                             0x07f1b79d   Thumb Code     0  da14585_symbols.txt ABSOLUTE
    ke_event_clear                           0x07f1b7c9   Thumb Code     0  da14585_symbols.txt ABSOLUTE
    ke_event_get                             0x07f1b7f5   Thumb Code     0  da14585_symbols.txt ABSOLUTE
    ke_event_get_all                         0x07f1b81b   Thumb Code     0  da14585_symbols.txt ABSOLUTE
    ke_event_flush                           0x07f1b821   Thumb Code     0  da14585_symbols.txt ABSOLUTE
    ke_event_schedule                        0x07f1b829   Thumb Code     0  da14585_symbols.txt ABSOLUTE
    ke_mem_init                              0x07f1b879   Thumb Code     0  da14585_symbols.txt ABSOLUTE
    ke_mem_is_empty                          0x07f1b8c5   Thumb Code     0  da14585_symbols.txt ABSOLUTE
    ke_check_malloc                          0x07f1b905   Thumb Code     0  da14585_symbols.txt ABSOLUTE
    ke_malloc                                0x07f1b995   Thumb Code     0  da14585_symbols.txt ABSOLUTE
    ke_free                                  0x07f1ba8b   Thumb Code     0  da14585_symbols.txt ABSOLUTE
    ke_is_free                               0x07f1bb6d   Thumb Code     0  da14585_symbols.txt ABSOLUTE
    ke_get_mem_usage                         0x07f1bb7f   Thumb Code     0  da14585_symbols.txt ABSOLUTE
    ke_get_max_mem_usage                     0x07f1bb8b   Thumb Code     0  da14585_symbols.txt ABSOLUTE
    ke_msg_alloc                             0x07f1bbb1   Thumb Code     0  da14585_symbols.txt ABSOLUTE
    ke_msg_send                              0x07f1bbe3   Thumb Code     0  da14585_symbols.txt ABSOLUTE
    ke_msg_send_basic                        0x07f1bc0f   Thumb Code     0  da14585_symbols.txt ABSOLUTE
    ke_msg_forward                           0x07f1bc1d   Thumb Code     0  da14585_symbols.txt ABSOLUTE
    ke_msg_forward_new_id                    0x07f1bc27   Thumb Code     0  da14585_symbols.txt ABSOLUTE
    ke_msg_free                              0x07f1bc37   Thumb Code     0  da14585_symbols.txt ABSOLUTE
    ke_msg_dest_id_get                       0x07f1bc3f   Thumb Code     0  da14585_symbols.txt ABSOLUTE
    ke_msg_src_id_get                        0x07f1bc45   Thumb Code     0  da14585_symbols.txt ABSOLUTE
    ke_msg_in_queue                          0x07f1bc4b   Thumb Code     0  da14585_symbols.txt ABSOLUTE
    ke_queue_extract                         0x07f1bc5d   Thumb Code     0  da14585_symbols.txt ABSOLUTE
    ke_queue_insert                          0x07f1bcad   Thumb Code     0  da14585_symbols.txt ABSOLUTE
    ke_task_init_func                        0x07f1be3f   Thumb Code     0  da14585_symbols.txt ABSOLUTE
    ke_task_create                           0x07f1be53   Thumb Code     0  da14585_symbols.txt ABSOLUTE
    ke_task_delete                           0x07f1be8b   Thumb Code     0  da14585_symbols.txt ABSOLUTE
    ke_state_set                             0x07f1beb7   Thumb Code     0  da14585_symbols.txt ABSOLUTE
    ke_state_get                             0x07f1bf1b   Thumb Code     0  da14585_symbols.txt ABSOLUTE
    ke_msg_discard                           0x07f1bf39   Thumb Code     0  da14585_symbols.txt ABSOLUTE
    ke_msg_save                              0x07f1bf3d   Thumb Code     0  da14585_symbols.txt ABSOLUTE
    ke_task_msg_flush                        0x07f1bf41   Thumb Code     0  da14585_symbols.txt ABSOLUTE
    ke_timer_init_func                       0x07f1c049   Thumb Code     0  da14585_symbols.txt ABSOLUTE
    ke_timer_set                             0x07f1c055   Thumb Code     0  da14585_symbols.txt ABSOLUTE
    ke_timer_clear                           0x07f1c0e9   Thumb Code     0  da14585_symbols.txt ABSOLUTE
    ke_timer_active                          0x07f1c13f   Thumb Code     0  da14585_symbols.txt ABSOLUTE
    ke_timer_sleep_check                     0x07f1c165   Thumb Code     0  da14585_symbols.txt ABSOLUTE
    rwble_hl_reset                           0x07f1c28b   Thumb Code     0  da14585_symbols.txt ABSOLUTE
    rwble_hl_send_message                    0x07f1c2ad   Thumb Code     0  da14585_symbols.txt ABSOLUTE
    rwip_check_wakeup_boundary               0x07f1c2b1   Thumb Code     0  da14585_symbols.txt ABSOLUTE
    rwip_init                                0x07f1c2d7   Thumb Code     0  da14585_symbols.txt ABSOLUTE
    rwip_reset                               0x07f1c39b   Thumb Code     0  da14585_symbols.txt ABSOLUTE
    rwip_version                             0x07f1c3d3   Thumb Code     0  da14585_symbols.txt ABSOLUTE
    rwip_schedule                            0x07f1c3db   Thumb Code     0  da14585_symbols.txt ABSOLUTE
    rwip_prevent_sleep_set                   0x07f1c47f   Thumb Code     0  da14585_symbols.txt ABSOLUTE
    rwip_wakeup                              0x07f1c4a1   Thumb Code     0  da14585_symbols.txt ABSOLUTE
    rwip_prevent_sleep_clear                 0x07f1c4b7   Thumb Code     0  da14585_symbols.txt ABSOLUTE
    rwip_wakeup_end                          0x07f1c4d9   Thumb Code     0  da14585_symbols.txt ABSOLUTE
    rwip_wakeup_delay_set                    0x07f1c4f5   Thumb Code     0  da14585_symbols.txt ABSOLUTE
    rwip_sleep_enable                        0x07f1c503   Thumb Code     0  da14585_symbols.txt ABSOLUTE
    rwip_ext_wakeup_enable                   0x07f1c509   Thumb Code     0  da14585_symbols.txt ABSOLUTE
    rwble_init                               0x07f1c52d   Thumb Code     0  da14585_symbols.txt ABSOLUTE
    rwble_reset                              0x07f1c593   Thumb Code     0  da14585_symbols.txt ABSOLUTE
    rwble_version                            0x07f1c5c7   Thumb Code     0  da14585_symbols.txt ABSOLUTE
    rwble_send_message                       0x07f1c5f3   Thumb Code     0  da14585_symbols.txt ABSOLUTE
    YieldToScheduler                         0x07f1c6d9   Thumb Code     0  da14585_symbols.txt ABSOLUTE
    xorshift64star                           0x07f1c6e1   Thumb Code     0  da14585_symbols.txt ABSOLUTE
    uECC_set_rng                             0x07f1c747   Thumb Code     0  da14585_symbols.txt ABSOLUTE
    uECC_get_rng                             0x07f1c74d   Thumb Code     0  da14585_symbols.txt ABSOLUTE
    uECC_curve_private_key_size              0x07f1c753   Thumb Code     0  da14585_symbols.txt ABSOLUTE
    uECC_curve_public_key_size               0x07f1c763   Thumb Code     0  da14585_symbols.txt ABSOLUTE
    uECC_vli_clear                           0x07f1c76b   Thumb Code     0  da14585_symbols.txt ABSOLUTE
    uECC_vli_isZero                          0x07f1c781   Thumb Code     0  da14585_symbols.txt ABSOLUTE
    uECC_vli_testBit                         0x07f1c7a3   Thumb Code     0  da14585_symbols.txt ABSOLUTE
    uECC_vli_numBits                         0x07f1c7b5   Thumb Code     0  da14585_symbols.txt ABSOLUTE
    uECC_vli_set                             0x07f1c7ef   Thumb Code     0  da14585_symbols.txt ABSOLUTE
    uECC_vli_equal                           0x07f1c82d   Thumb Code     0  da14585_symbols.txt ABSOLUTE
    uECC_vli_cmp                             0x07f1c851   Thumb Code     0  da14585_symbols.txt ABSOLUTE
    uECC_vli_rshift1                         0x07f1c887   Thumb Code     0  da14585_symbols.txt ABSOLUTE
    uECC_vli_square                          0x07f1c8a5   Thumb Code     0  da14585_symbols.txt ABSOLUTE
    uECC_vli_modAdd                          0x07f1c8b1   Thumb Code     0  da14585_symbols.txt ABSOLUTE
    uECC_vli_modSub                          0x07f1c8df   Thumb Code     0  da14585_symbols.txt ABSOLUTE
    uECC_vli_mmod                            0x07f1c8ff   Thumb Code     0  da14585_symbols.txt ABSOLUTE
    uECC_vli_modMult                         0x07f1ca09   Thumb Code     0  da14585_symbols.txt ABSOLUTE
    uECC_vli_modMult_fast                    0x07f1ca2b   Thumb Code     0  da14585_symbols.txt ABSOLUTE
    uECC_vli_modSquare                       0x07f1ca4b   Thumb Code     0  da14585_symbols.txt ABSOLUTE
    uECC_vli_modSquare_fast                  0x07f1ca59   Thumb Code     0  da14585_symbols.txt ABSOLUTE
    uECC_vli_modInv                          0x07f1ca99   Thumb Code     0  da14585_symbols.txt ABSOLUTE
    uECC_secp256r1                           0x07f1cdd5   Thumb Code     0  da14585_symbols.txt ABSOLUTE
    uECC_vli_nativeToBytes                   0x07f1d3d3   Thumb Code     0  da14585_symbols.txt ABSOLUTE
    uECC_vli_bytesToNative                   0x07f1d3f5   Thumb Code     0  da14585_symbols.txt ABSOLUTE
    uECC_generate_random_int                 0x07f1d433   Thumb Code     0  da14585_symbols.txt ABSOLUTE
    uECC_make_key                            0x07f1d495   Thumb Code     0  da14585_symbols.txt ABSOLUTE
    uECC_shared_secret                       0x07f1d513   Thumb Code     0  da14585_symbols.txt ABSOLUTE
    uECC_compress                            0x07f1d5cf   Thumb Code     0  da14585_symbols.txt ABSOLUTE
    uECC_decompress                          0x07f1d5fd   Thumb Code     0  da14585_symbols.txt ABSOLUTE
    uECC_valid_point                         0x07f1d66d   Thumb Code     0  da14585_symbols.txt ABSOLUTE
    uECC_valid_public_key                    0x07f1d6cf   Thumb Code     0  da14585_symbols.txt ABSOLUTE
    uECC_compute_public_key                  0x07f1d703   Thumb Code     0  da14585_symbols.txt ABSOLUTE
    uECC_sign                                0x07f1d989   Thumb Code     0  da14585_symbols.txt ABSOLUTE
    uECC_sign_deterministic                  0x07f1da6f   Thumb Code     0  da14585_symbols.txt ABSOLUTE
    uECC_verify                              0x07f1dbdd   Thumb Code     0  da14585_symbols.txt ABSOLUTE
    uECC_curve_num_words                     0x07f1de89   Thumb Code     0  da14585_symbols.txt ABSOLUTE
    uECC_curve_num_bytes                     0x07f1de91   Thumb Code     0  da14585_symbols.txt ABSOLUTE
    uECC_curve_num_bits                      0x07f1de99   Thumb Code     0  da14585_symbols.txt ABSOLUTE
    uECC_curve_num_n_words                   0x07f1dea1   Thumb Code     0  da14585_symbols.txt ABSOLUTE
    uECC_curve_num_n_bytes                   0x07f1deb1   Thumb Code     0  da14585_symbols.txt ABSOLUTE
    uECC_curve_num_n_bits                    0x07f1dec1   Thumb Code     0  da14585_symbols.txt ABSOLUTE
    uECC_curve_p                             0x07f1dec9   Thumb Code     0  da14585_symbols.txt ABSOLUTE
    uECC_curve_n                             0x07f1decd   Thumb Code     0  da14585_symbols.txt ABSOLUTE
    uECC_curve_G                             0x07f1ded1   Thumb Code     0  da14585_symbols.txt ABSOLUTE
    uECC_curve_b                             0x07f1ded5   Thumb Code     0  da14585_symbols.txt ABSOLUTE
    uECC_vli_mod_sqrt                        0x07f1ded9   Thumb Code     0  da14585_symbols.txt ABSOLUTE
    uECC_vli_mmod_fast                       0x07f1dedf   Thumb Code     0  da14585_symbols.txt ABSOLUTE
    uECC_point_mult                          0x07f1dee5   Thumb Code     0  da14585_symbols.txt ABSOLUTE
    __aeabi_uidiv                            0x07f1dfb9   Thumb Code     0  da14585_symbols.txt ABSOLUTE
    __aeabi_uidivmod                         0x07f1dfb9   Thumb Code     0  da14585_symbols.txt ABSOLUTE
    __aeabi_idiv                             0x07f1dfe5   Thumb Code     0  da14585_symbols.txt ABSOLUTE
    __aeabi_idivmod                          0x07f1dfe5   Thumb Code     0  da14585_symbols.txt ABSOLUTE
    __aeabi_lmul                             0x07f1e00d   Thumb Code     0  da14585_symbols.txt ABSOLUTE
    _ll_mul                                  0x07f1e00d   Thumb Code     0  da14585_symbols.txt ABSOLUTE
    rand                                     0x07f1e089   Thumb Code     0  da14585_symbols.txt ABSOLUTE
    srand                                    0x07f1e09b   Thumb Code     0  da14585_symbols.txt ABSOLUTE
    __aeabi_memcpy                           0x07f1e0ad   Thumb Code     0  da14585_symbols.txt ABSOLUTE
    __aeabi_memcpy4                          0x07f1e0ad   Thumb Code     0  da14585_symbols.txt ABSOLUTE
    __aeabi_memcpy8                          0x07f1e0ad   Thumb Code     0  da14585_symbols.txt ABSOLUTE
    __aeabi_memset                           0x07f1e0d1   Thumb Code     0  da14585_symbols.txt ABSOLUTE
    __aeabi_memset4                          0x07f1e0d1   Thumb Code     0  da14585_symbols.txt ABSOLUTE
    __aeabi_memset8                          0x07f1e0d1   Thumb Code     0  da14585_symbols.txt ABSOLUTE
    __aeabi_memclr                           0x07f1e0df   Thumb Code     0  da14585_symbols.txt ABSOLUTE
    __aeabi_memclr4                          0x07f1e0df   Thumb Code     0  da14585_symbols.txt ABSOLUTE
    __aeabi_memclr8                          0x07f1e0df   Thumb Code     0  da14585_symbols.txt ABSOLUTE
    _memset$wrapper                          0x07f1e0e3   Thumb Code     0  da14585_symbols.txt ABSOLUTE
    memcmp                                   0x07f1e0f5   Thumb Code     0  da14585_symbols.txt ABSOLUTE
    __aeabi_uread4                           0x07f1e10f   Thumb Code     0  da14585_symbols.txt ABSOLUTE
    __rt_uread4                              0x07f1e10f   Thumb Code     0  da14585_symbols.txt ABSOLUTE
    _uread4                                  0x07f1e10f   Thumb Code     0  da14585_symbols.txt ABSOLUTE
    __aeabi_uwrite4                          0x07f1e123   Thumb Code     0  da14585_symbols.txt ABSOLUTE
    __rt_uwrite4                             0x07f1e123   Thumb Code     0  da14585_symbols.txt ABSOLUTE
    _uwrite4                                 0x07f1e123   Thumb Code     0  da14585_symbols.txt ABSOLUTE
    __aeabi_llsl                             0x07f1e135   Thumb Code     0  da14585_symbols.txt ABSOLUTE
    _ll_shift_l                              0x07f1e135   Thumb Code     0  da14585_symbols.txt ABSOLUTE
    __ARM_common_switch8                     0x07f1e155   Thumb Code     0  da14585_symbols.txt ABSOLUTE
    uart_api                                 0x07f1e170   Data           0  da14585_symbols.txt ABSOLUTE
    co_sca2ppm                               0x07f1e180   Data           0  da14585_symbols.txt ABSOLUTE
    co_null_bdaddr                           0x07f1e190   Data           0  da14585_symbols.txt ABSOLUTE
    co_default_bdaddr                        0x07f1e196   Data           0  da14585_symbols.txt ABSOLUTE
    llc_state_handler                        0x07f1e41c   Data           0  da14585_symbols.txt ABSOLUTE
    llc_default_handler                      0x07f1e4ec   Data           0  da14585_symbols.txt ABSOLUTE
    llm_dflt_bdaddr                          0x07f1e504   Data           0  da14585_symbols.txt ABSOLUTE
    llm_local_cmds                           0x07f1e51c   Data           0  da14585_symbols.txt ABSOLUTE
    llm_local_le_feats                       0x07f1e55c   Data           0  da14585_symbols.txt ABSOLUTE
    llm_local_le_states                      0x07f1e564   Data           0  da14585_symbols.txt ABSOLUTE
    llm_state_handler                        0x07f1e74c   Data           0  da14585_symbols.txt ABSOLUTE
    llm_default_handler                      0x07f1e77c   Data           0  da14585_symbols.txt ABSOLUTE
    LLM_AA_CT1                               0x07f1e784   Data           0  da14585_symbols.txt ABSOLUTE
    LLM_AA_CT2                               0x07f1e787   Data           0  da14585_symbols.txt ABSOLUTE
    ecc_p256_G                               0x07f1e789   Data           0  da14585_symbols.txt ABSOLUTE
    gtl_default_state                        0x07f1e7dc   Data           0  da14585_symbols.txt ABSOLUTE
    gtl_default_handler                      0x07f1e7e4   Data           0  da14585_symbols.txt ABSOLUTE
    hci_cmd_desc_tab_lk_ctrl                 0x07f1e7f0   Data           0  da14585_symbols.txt ABSOLUTE
    hci_cmd_desc_tab_ctrl_bb                 0x07f1e814   Data           0  da14585_symbols.txt ABSOLUTE
    hci_cmd_desc_tab_info_par                0x07f1e88c   Data           0  da14585_symbols.txt ABSOLUTE
    hci_cmd_desc_tab_stat_par                0x07f1e8c8   Data           0  da14585_symbols.txt ABSOLUTE
    hci_cmd_desc_tab_le                      0x07f1e8d4   Data           0  da14585_symbols.txt ABSOLUTE
    hci_cmd_desc_tab_vs                      0x07f1eb14   Data           0  da14585_symbols.txt ABSOLUTE
    rom_hci_cmd_desc_root_tab                0x07f1ec58   Data           0  da14585_symbols.txt ABSOLUTE
    hci_evt_desc_tab                         0x07f1ec88   Data           0  da14585_symbols.txt ABSOLUTE
    hci_evt_le_desc_tab                      0x07f1ecd0   Data           0  da14585_symbols.txt ABSOLUTE
    attc_handlers                            0x07f1ed40   Data           0  da14585_symbols.txt ABSOLUTE
    atts_handlers                            0x07f1edb0   Data           0  da14585_symbols.txt ABSOLUTE
    gattc_default_state                      0x07f1ee30   Data           0  da14585_symbols.txt ABSOLUTE
    gattc_default_handler                    0x07f1ef10   Data           0  da14585_symbols.txt ABSOLUTE
    gattm_default_state                      0x07f1ef5c   Data           0  da14585_symbols.txt ABSOLUTE
    gattm_default_handler                    0x07f1efb4   Data           0  da14585_symbols.txt ABSOLUTE
    l2cc_default_state                       0x07f1efcc   Data           0  da14585_symbols.txt ABSOLUTE
    l2cc_default_handler                     0x07f1efe4   Data           0  da14585_symbols.txt ABSOLUTE
    const_Rb                                 0x07f1f005   Data           0  da14585_symbols.txt ABSOLUTE
    const_Zero                               0x07f1f015   Data           0  da14585_symbols.txt ABSOLUTE
    gapc_default_state                       0x07f1f038   Data           0  da14585_symbols.txt ABSOLUTE
    gapc_default_handler                     0x07f1f188   Data           0  da14585_symbols.txt ABSOLUTE
    gapm_default_state                       0x07f1f224   Data           0  da14585_symbols.txt ABSOLUTE
    gapm_default_handler                     0x07f1f30c   Data           0  da14585_symbols.txt ABSOLUTE
    l2cc_connor_pkt_format                   0x07f1f314   Data           0  da14585_symbols.txt ABSOLUTE
    l2cc_signaling_pkt_format                0x07f1f31c   Data           0  da14585_symbols.txt ABSOLUTE
    l2cc_security_pkt_format                 0x07f1f378   Data           0  da14585_symbols.txt ABSOLUTE
    l2cc_attribute_pkt_format                0x07f1f3b4   Data           0  da14585_symbols.txt ABSOLUTE
    smpc_construct_pdu                       0x07f1f430   Data           0  da14585_symbols.txt ABSOLUTE
    __Vectors                                0x07fc0000   Data           4  startup_da14585_586.o(RESET)
    __Vectors_End                            0x07fc00a0   Data           0  startup_da14585_586.o(RESET)
    Image$$ER_IROM3$$Base                    0x07fc0510   Number         0  anon$$obj.o ABSOLUTE
    __main                                   0x07fc0511   Thumb Code     0  entry.o(.ARM.Collect$$$$00000000)
    _main_stk                                0x07fc0511   Thumb Code     0  entry2.o(.ARM.Collect$$$$00000001)
    _main_scatterload                        0x07fc0515   Thumb Code     0  entry5.o(.ARM.Collect$$$$00000004)
    __main_after_scatterload                 0x07fc0519   Thumb Code     0  entry5.o(.ARM.Collect$$$$00000004)
    _main_clock                              0x07fc0519   Thumb Code     0  entry7b.o(.ARM.Collect$$$$00000008)
    _main_cpp_init                           0x07fc0519   Thumb Code     0  entry8b.o(.ARM.Collect$$$$0000000A)
    _main_init                               0x07fc0519   Thumb Code     0  entry9a.o(.ARM.Collect$$$$0000000B)
    __rt_final_cpp                           0x07fc0521   Thumb Code     0  entry10a.o(.ARM.Collect$$$$0000000D)
    __rt_final_exit                          0x07fc0521   Thumb Code     0  entry11a.o(.ARM.Collect$$$$0000000F)
    Reset_Handler                            0x07fc0525   Thumb Code     8  startup_da14585_586.o(.text)
    SVC_Handler                              0x07fc055d   Thumb Code     2  startup_da14585_586.o(.text)
    PendSV_Handler                           0x07fc055f   Thumb Code     2  startup_da14585_586.o(.text)
    SysTick_Handler                          0x07fc0561   Thumb Code     2  startup_da14585_586.o(.text)
    BLE_RF_DIAG_Handler                      0x07fc0563   Thumb Code     0  startup_da14585_586.o(.text)
    DMA_Handler                              0x07fc0563   Thumb Code     0  startup_da14585_586.o(.text)
    KEYBRD_Handler                           0x07fc0563   Thumb Code     0  startup_da14585_586.o(.text)
    PCM_Handler                              0x07fc0563   Thumb Code     0  startup_da14585_586.o(.text)
    RESERVED21_Handler                       0x07fc0563   Thumb Code     0  startup_da14585_586.o(.text)
    RESERVED22_Handler                       0x07fc0563   Thumb Code     0  startup_da14585_586.o(.text)
    RESERVED23_Handler                       0x07fc0563   Thumb Code     0  startup_da14585_586.o(.text)
    RFCAL_Handler                            0x07fc0563   Thumb Code     0  startup_da14585_586.o(.text)
    SPI_Handler                              0x07fc0563   Thumb Code     0  startup_da14585_586.o(.text)
    SRCIN_Handler                            0x07fc0563   Thumb Code     0  startup_da14585_586.o(.text)
    SRCOUT_Handler                           0x07fc0563   Thumb Code     0  startup_da14585_586.o(.text)
    SWTIM_Handler                            0x07fc0563   Thumb Code     0  startup_da14585_586.o(.text)
    PATCHED_atts_mtu_exc_req                 0x07fc0575   Thumb Code    52  patch.o(.text)
    PATCHED_smpc_is_sec_mode_reached         0x07fc05a9   Thumb Code    66  patch.o(.text)
    PATCHED_smpc_check_key_distrib           0x07fc05eb   Thumb Code    74  patch.o(.text)
    PATCHED_llcp_length_req_handler          0x07fc0635   Thumb Code   120  patch.o(.text)
    PATCHED_llcp_length_rsp_handler          0x07fc06ad   Thumb Code   136  patch.o(.text)
    JT_llc_le_length_effective_func          0x07fc0735   Thumb Code   182  patch.o(.text)
    PATCHED_smpc_construct_id_addr_info_pdu  0x07fc07eb   Thumb Code    48  patch.o(.text)
    PATCHED_llc_util_gen_skdx                0x07fc081b   Thumb Code    20  patch.o(.text)
    PATCHED_llm_adv_report_set               0x07fc082f   Thumb Code   142  patch.o(.text)
    PATCHED_lld_evt_move_to_master           0x07fc08bd   Thumb Code   360  patch.o(.text)
    PATCHED_gapm_adv_sanity                  0x07fc0a25   Thumb Code   244  patch.o(.text)
    PATCHED_gapm_get_ad_type_flag            0x07fc0b19   Thumb Code    38  patch.o(.text)
    PK_PointMult_func                        0x07fc0b3f   Thumb Code   246  patch.o(.text)
    llm_create_p256_key_func                 0x07fc0c35   Thumb Code    70  patch.o(.text)
    llm_p256_req_handler_func                0x07fc0c7b   Thumb Code   290  patch.o(.text)
    PATCHED_hci_command_handler              0x07fc0deb   Thumb Code   110  patch.o(.text)
    JT_l2cc_pdu_unpack_func                  0x07fc11d9   Thumb Code   812  patch.o(.text)
    JT_l2cc_pdu_recv_ind_handler_func        0x07fc1505   Thumb Code    70  patch.o(.text)
    PATCHED_llc_ch_map_req_ind               0x07fc154b   Thumb Code   110  patch.o(.text)
    PATCHED_smpc_recv_public_key_exchange_pdu 0x07fc16eb   Thumb Code   106  patch.o(.text)
    PATCHED_llm_con_req_ind                  0x07fc17e7   Thumb Code   624  patch.o(.text)
    patch_func                               0x07fc1a57   Thumb Code    48  patch.o(.text)
    patch_global_vars_init                   0x07fc1a87   Thumb Code     2  patch.o(.text)
    rf_calibration_585                       0x07fc1ab9   Thumb Code    84  rf_calibration.o(.text)
    enable_rf_diag_irq                       0x07fc1b0d   Thumb Code   112  rf_calibration.o(.text)
    set_gauss_modgain                        0x07fc1b7d   Thumb Code    54  rf_calibration.o(.text)
    PATCHED_smpc_dhkey_calc_start            0x07fc1bcd   Thumb Code   136  smpc_util.o(.text)
    JT_llm_p256_start_func                   0x07fc1c55   Thumb Code    82  smpc_util.o(.text)
    __scatterload                            0x07fc1cb5   Thumb Code    28  init.o(.text)
    __scatterload_rt2                        0x07fc1cb5   Thumb Code     0  init.o(.text)
    ADC_Handler                              0x07fc1cd9   Thumb Code     8  lto-llvm-0469b9.o(.text.ADC_Handler)
    BLE_WAKEUP_LP_Handler                    0x07fc1ce5   Thumb Code  1008  lto-llvm-0469b9.o(.text.BLE_WAKEUP_LP_Handler)
    GPIO0_Handler                            0x07fc2105   Thumb Code    20  lto-llvm-0469b9.o(.text.GPIO0_Handler)
    GPIO1_Handler                            0x07fc2119   Thumb Code    20  lto-llvm-0469b9.o(.text.GPIO1_Handler)
    GPIO2_Handler                            0x07fc212d   Thumb Code    20  lto-llvm-0469b9.o(.text.GPIO2_Handler)
    GPIO3_Handler                            0x07fc2141   Thumb Code    20  lto-llvm-0469b9.o(.text.GPIO3_Handler)
    GPIO4_Handler                            0x07fc2155   Thumb Code    20  lto-llvm-0469b9.o(.text.GPIO4_Handler)
    HardFault_HandlerC                       0x07fc216d   Thumb Code    84  lto-llvm-0469b9.o(.text.HardFault_HandlerC)
    I2C_Handler                              0x07fc21c9   Thumb Code    12  lto-llvm-0469b9.o(.text.I2C_Handler)
    NMI_HandlerC                             0x07fc21d9   Thumb Code   140  lto-llvm-0469b9.o(.text.NMI_HandlerC)
    UART2_Handler                            0x07fc2281   Thumb Code   168  lto-llvm-0469b9.o(.text.UART2_Handler)
    WKUP_QUADEC_Handler                      0x07fc2341   Thumb Code   104  lto-llvm-0469b9.o(.text.WKUP_QUADEC_Handler)
    main                                     0x07fc6c2d   Thumb Code  5168  lto-llvm-0469b9.o(.text.main)
    rwble_isr                                0x07fc921d   Thumb Code  1108  lto-llvm-0469b9.o(.text.rwble_isr)
    __scatterload_copy                       0x07fc9ec9   Thumb Code    14  handlers.o(i.__scatterload_copy)
    __scatterload_null                       0x07fc9ed7   Thumb Code     2  handlers.o(i.__scatterload_null)
    __scatterload_zeroinit                   0x07fc9ed9   Thumb Code    14  handlers.o(i.__scatterload_zeroinit)
    SystemInit                               0x07fc9ee9   Thumb Code    56  lto-llvm-0469b9.o(system_DA14xxx)
    Region$$Table$$Base                      0x07fca848   Number         0  anon$$obj.o(Region$$Table)
    Region$$Table$$Limit                     0x07fca878   Number         0  anon$$obj.o(Region$$Table)
    __initial_sp                             0x07fcafc0   Data           0  startup_da14585_586.o(STACK)
    ble_wakeup_executed                      0x07fd7600   Data           0  da14585_symbols.txt ABSOLUTE
    rf_in_sleep                              0x07fd7601   Data           0  da14585_symbols.txt ABSOLUTE
    custom_preinit                           0x07fd7604   Data           0  da14585_symbols.txt ABSOLUTE
    custom_postinit                          0x07fd7608   Data           0  da14585_symbols.txt ABSOLUTE
    custom_appinit                           0x07fd760c   Data           0  da14585_symbols.txt ABSOLUTE
    custom_preloop                           0x07fd7610   Data           0  da14585_symbols.txt ABSOLUTE
    custom_preschedule                       0x07fd7614   Data           0  da14585_symbols.txt ABSOLUTE
    custom_postschedule                      0x07fd7618   Data           0  da14585_symbols.txt ABSOLUTE
    custom_postschedule_async                0x07fd761c   Data           0  da14585_symbols.txt ABSOLUTE
    custom_presleepcheck                     0x07fd7620   Data           0  da14585_symbols.txt ABSOLUTE
    custom_appsleepset                       0x07fd7624   Data           0  da14585_symbols.txt ABSOLUTE
    custom_postsleepcheck                    0x07fd7628   Data           0  da14585_symbols.txt ABSOLUTE
    custom_presleepenter                     0x07fd762c   Data           0  da14585_symbols.txt ABSOLUTE
    custom_postsleepexit                     0x07fd7630   Data           0  da14585_symbols.txt ABSOLUTE
    custom_prewakeup                         0x07fd7634   Data           0  da14585_symbols.txt ABSOLUTE
    custom_postwakeup                        0x07fd7638   Data           0  da14585_symbols.txt ABSOLUTE
    custom_preidlecheck                      0x07fd763c   Data           0  da14585_symbols.txt ABSOLUTE
    custom_pti_set                           0x07fd7640   Data           0  da14585_symbols.txt ABSOLUTE
    REG_BLE_EM_TX_BUFFER_SIZE                0x07fd7644   Data           0  da14585_symbols.txt ABSOLUTE
    REG_BLE_EM_RX_BUFFER_SIZE                0x07fd7648   Data           0  da14585_symbols.txt ABSOLUTE
    _ble_base                                0x07fd764c   Data           0  da14585_symbols.txt ABSOLUTE
    gap_cfg_user                             0x07fd7650   Data           0  da14585_symbols.txt ABSOLUTE
    rom_func_addr_table                      0x07fd7654   Data           0  da14585_symbols.txt ABSOLUTE
    rom_cfg_table                            0x07fd7658   Data           0  da14585_symbols.txt ABSOLUTE
    BLE_TX_DESC_DATA_USER                    0x07fd765c   Data           0  da14585_symbols.txt ABSOLUTE
    BLE_TX_DESC_CNTL_USER                    0x07fd7660   Data           0  da14585_symbols.txt ABSOLUTE
    LLM_LE_ADV_DUMMY_IDX                     0x07fd7664   Data           0  da14585_symbols.txt ABSOLUTE
    LLM_LE_SCAN_CON_REQ_ADV_DIR_IDX          0x07fd7668   Data           0  da14585_symbols.txt ABSOLUTE
    LLM_LE_SCAN_RSP_IDX                      0x07fd766c   Data           0  da14585_symbols.txt ABSOLUTE
    LLM_LE_ADV_IDX                           0x07fd7670   Data           0  da14585_symbols.txt ABSOLUTE
    length_exchange_needed                   0x07fd7674   Data           0  da14585_symbols.txt ABSOLUTE
    enh_con_cmp_cnt                          0x07fd7678   Data           0  da14585_symbols.txt ABSOLUTE
    rx_pkt_cnt                               0x07fd7680   Data           0  da14585_symbols.txt ABSOLUTE
    rx_pkt_cnt_bad                           0x07fd7684   Data           0  da14585_symbols.txt ABSOLUTE
    rx_pkt_cnt_bad_adv                       0x07fd7688   Data           0  da14585_symbols.txt ABSOLUTE
    rx_pkt_cnt_bad_scn                       0x07fd768c   Data           0  da14585_symbols.txt ABSOLUTE
    rx_pkt_cnt_bad_oth                       0x07fd7690   Data           0  da14585_symbols.txt ABSOLUTE
    rx_pkt_cnt_bad_wo_sync_err               0x07fd7694   Data           0  da14585_symbols.txt ABSOLUTE
    rx_pkt_cnt_bad_con                       0x07fd7698   Data           0  da14585_symbols.txt ABSOLUTE
    connect_req_cnt                          0x07fd769c   Data           0  da14585_symbols.txt ABSOLUTE
    last_status                              0x07fd76a0   Data           0  da14585_symbols.txt ABSOLUTE
    llc_state                                0x07fd76a4   Data           0  da14585_symbols.txt ABSOLUTE
    lld_sleep_env                            0x07fd76ac   Data           0  da14585_symbols.txt ABSOLUTE
    lld_wlcoex_enable                        0x07fd76b0   Data           0  da14585_symbols.txt ABSOLUTE
    ble_duplicate_filter_max                 0x07fd76b4   Data           0  da14585_symbols.txt ABSOLUTE
    ble_duplicate_filter_found               0x07fd76b5   Data           0  da14585_symbols.txt ABSOLUTE
    alter_conn_adv_all_cnt                   0x07fd76b8   Data           0  da14585_symbols.txt ABSOLUTE
    alter_conn_adv_dir_cnt                   0x07fd76bc   Data           0  da14585_symbols.txt ABSOLUTE
    alter_conn_adv_cnt                       0x07fd76c0   Data           0  da14585_symbols.txt ABSOLUTE
    create_conn_cnt                          0x07fd76c4   Data           0  da14585_symbols.txt ABSOLUTE
    alter_conn_cnt                           0x07fd76c8   Data           0  da14585_symbols.txt ABSOLUTE
    alter_conn_restart_cnt                   0x07fd76cc   Data           0  da14585_symbols.txt ABSOLUTE
    alter_conn_peer_addr                     0x07fd76d0   Data           0  da14585_symbols.txt ABSOLUTE
    alter_conn_local_addr                    0x07fd76d6   Data           0  da14585_symbols.txt ABSOLUTE
    set_adv_data_discard_old                 0x07fd76dc   Data           0  da14585_symbols.txt ABSOLUTE
    llm_resolving_list_max                   0x07fd76dd   Data           0  da14585_symbols.txt ABSOLUTE
    llm_bt_env                               0x07fd76de   Data           0  da14585_symbols.txt ABSOLUTE
    init_tx_cnt_cntl_cnt1                    0x07fd76e8   Data           0  da14585_symbols.txt ABSOLUTE
    init_tx_cnt_cntl_cnt                     0x07fd76ec   Data           0  da14585_symbols.txt ABSOLUTE
    tx_cnt_cntl_cnt                          0x07fd76f0   Data           0  da14585_symbols.txt ABSOLUTE
    llm_state                                0x07fd76f4   Data           0  da14585_symbols.txt ABSOLUTE
    gtl_state                                0x07fd76f8   Data           0  da14585_symbols.txt ABSOLUTE
    use_h4tl                                 0x07fd76f9   Data           0  da14585_symbols.txt ABSOLUTE
    hci_cmd_desc_root_tab                    0x07fd76fc   Data           0  da14585_symbols.txt ABSOLUTE
    gattc_state                              0x07fd772c   Data           0  da14585_symbols.txt ABSOLUTE
    gattm_state                              0x07fd7734   Data           0  da14585_symbols.txt ABSOLUTE
    l2cc_state                               0x07fd7735   Data           0  da14585_symbols.txt ABSOLUTE
    l2cm_env                                 0x07fd773e   Data           0  da14585_symbols.txt ABSOLUTE
    gapc_state                               0x07fd7744   Data           0  da14585_symbols.txt ABSOLUTE
    gapm_state                               0x07fd774c   Data           0  da14585_symbols.txt ABSOLUTE
    ecdh_key_creation_in_progress            0x07fd7750   Data           0  da14585_symbols.txt ABSOLUTE
    ke_free_bad                              0x07fd7754   Data           0  da14585_symbols.txt ABSOLUTE
    rwip_env                                 0x07fd7758   Data           0  da14585_symbols.txt ABSOLUTE
    ble_reg_save                             0x07fd7764   Data           0  da14585_symbols.txt ABSOLUTE
    sleep_env                                0x07fd77b4   Data           0  da14585_symbols.txt ABSOLUTE
    uart_env                                 0x07fd77b8   Data           0  da14585_symbols.txt ABSOLUTE
    ke_mem_heaps_used                        0x07fd77dc   Data           0  da14585_symbols.txt ABSOLUTE
    co_buf_env                               0x07fd77e0   Data           0  da14585_symbols.txt ABSOLUTE
    llc_env                                  0x07fd7918   Data           0  da14585_symbols.txt ABSOLUTE
    lld_evt_env                              0x07fd7938   Data           0  da14585_symbols.txt ABSOLUTE
    llm_le_env                               0x07fd7964   Data           0  da14585_symbols.txt ABSOLUTE
    llm_resolving_list                       0x07fd7a60   Data           0  da14585_symbols.txt ABSOLUTE
    ea_env                                   0x07fd7cb8   Data           0  da14585_symbols.txt ABSOLUTE
    gtl_env                                  0x07fd7cf8   Data           0  da14585_symbols.txt ABSOLUTE
    hci_env                                  0x07fd7d40   Data           0  da14585_symbols.txt ABSOLUTE
    h4tl_env                                 0x07fd7d50   Data           0  da14585_symbols.txt ABSOLUTE
    gattc_env                                0x07fd7d68   Data           0  da14585_symbols.txt ABSOLUTE
    gattm_env                                0x07fd7d88   Data           0  da14585_symbols.txt ABSOLUTE
    l2cc_env                                 0x07fd7dac   Data           0  da14585_symbols.txt ABSOLUTE
    ecdh_key                                 0x07fd7dcc   Data           0  da14585_symbols.txt ABSOLUTE
    gapc_env                                 0x07fd7e2c   Data           0  da14585_symbols.txt ABSOLUTE
    gapm_env                                 0x07fd7e4c   Data           0  da14585_symbols.txt ABSOLUTE
    ke_env                                   0x07fd7e78   Data           0  da14585_symbols.txt ABSOLUTE
    rwip_rf                                  0x07fd7fb4   Data           0  da14585_symbols.txt ABSOLUTE



==============================================================================

Memory Map of the image

  Image Entry point : 0x07fc0511

  Load Region LR_IROM1 (Base: 0x07fc0000, Size: 0x000000a0, Max: 0x000000c0, ABSOLUTE)

    Execution Region ER_IROM1 (Exec base: 0x07fc0000, Load base: 0x07fc0000, Size: 0x000000a0, Max: 0x000000c0, ABSOLUTE)

    Exec Addr    Load Addr    Size         Type   Attr      Idx    E Section Name        Object

    0x07fc0000   0x07fc0000   0x000000a0   Data   RO            5    RESET               startup_da14585_586.o



  Load Region LR_IROM2 (Base: 0x07fc00c0, Size: 0x00000000, Max: 0x00000050, ABSOLUTE)

    Execution Region ER_IROM2 (Exec base: 0x07fc00c0, Load base: 0x07fc00c0, Size: 0x00000050, Max: 0x00000050, ABSOLUTE)

    Exec Addr    Load Addr    Size         Type   Attr      Idx    E Section Name        Object

    0x07fc00c0        -       0x00000050   Zero   RW            1    ER_IROM2.bss        anon$$obj.o



  Load Region LR_TRNG_ZI (Base: 0x07fc0110, Size: 0x00000000, Max: 0x00000400, ABSOLUTE)

    Execution Region ER_TRNG_ZI (Exec base: 0x07fc0110, Load base: 0x07fc0110, Size: 0x00000400, Max: 0x00000400, ABSOLUTE)

    Exec Addr    Load Addr    Size         Type   Attr      Idx    E Section Name        Object

    0x07fc0110        -       0x00000400   Zero   RW          381    .bss.trng_buffer_area_zi  lto-llvm-0469b9.o



  Load Region LR_IROM3 (Base: 0x07fc0510, Size: 0x0000a394, Max: 0x00012588, ABSOLUTE)

    Execution Region ER_IROM3 (Exec base: 0x07fc0510, Load base: 0x07fc0510, Size: 0x0000a394, Max: 0x00012588, ABSOLUTE)

    Exec Addr    Load Addr    Size         Type   Attr      Idx    E Section Name        Object

    0x07fc0510   0x07fc0510   0x00000000   Code   RO           94  * .ARM.Collect$$$$00000000  mc_p.l(entry.o)
    0x07fc0510   0x07fc0510   0x00000004   Code   RO           95    .ARM.Collect$$$$00000001  mc_p.l(entry2.o)
    0x07fc0514   0x07fc0514   0x00000004   Code   RO           98    .ARM.Collect$$$$00000004  mc_p.l(entry5.o)
    0x07fc0518   0x07fc0518   0x00000000   Code   RO          100    .ARM.Collect$$$$00000008  mc_p.l(entry7b.o)
    0x07fc0518   0x07fc0518   0x00000000   Code   RO          102    .ARM.Collect$$$$0000000A  mc_p.l(entry8b.o)
    0x07fc0518   0x07fc0518   0x00000008   Code   RO          103    .ARM.Collect$$$$0000000B  mc_p.l(entry9a.o)
    0x07fc0520   0x07fc0520   0x00000000   Code   RO          105    .ARM.Collect$$$$0000000D  mc_p.l(entry10a.o)
    0x07fc0520   0x07fc0520   0x00000000   Code   RO          107    .ARM.Collect$$$$0000000F  mc_p.l(entry11a.o)
    0x07fc0520   0x07fc0520   0x00000004   Code   RO           96    .ARM.Collect$$$$00002712  mc_p.l(entry2.o)
    0x07fc0524   0x07fc0524   0x00000050   Code   RO            6    .text               startup_da14585_586.o
    0x07fc0574   0x07fc0574   0x00001544   Code   RO           85    .text               da14585_586.lib(patch.o)
    0x07fc1ab8   0x07fc1ab8   0x00000114   Code   RO           90    .text               da14585_586.lib(rf_calibration.o)
    0x07fc1bcc   0x07fc1bcc   0x000000e8   Code   RO           92    .text               da14585_586.lib(smpc_util.o)
    0x07fc1cb4   0x07fc1cb4   0x00000024   Code   RO          109    .text               mc_p.l(init.o)
    0x07fc1cd8   0x07fc1cd8   0x0000000c   Code   RO          168    .text.ADC_Handler   lto-llvm-0469b9.o
    0x07fc1ce4   0x07fc1ce4   0x00000420   Code   RO          176    .text.BLE_WAKEUP_LP_Handler  lto-llvm-0469b9.o
    0x07fc2104   0x07fc2104   0x00000014   Code   RO          154    .text.GPIO0_Handler  lto-llvm-0469b9.o
    0x07fc2118   0x07fc2118   0x00000014   Code   RO          156    .text.GPIO1_Handler  lto-llvm-0469b9.o
    0x07fc212c   0x07fc212c   0x00000014   Code   RO          158    .text.GPIO2_Handler  lto-llvm-0469b9.o
    0x07fc2140   0x07fc2140   0x00000014   Code   RO          160    .text.GPIO3_Handler  lto-llvm-0469b9.o
    0x07fc2154   0x07fc2154   0x00000018   Code   RO          162    .text.GPIO4_Handler  lto-llvm-0469b9.o
    0x07fc216c   0x07fc216c   0x0000005c   Code   RO          114    .text.HardFault_HandlerC  lto-llvm-0469b9.o
    0x07fc21c8   0x07fc21c8   0x00000010   Code   RO          170    .text.I2C_Handler   lto-llvm-0469b9.o
    0x07fc21d8   0x07fc21d8   0x000000a4   Code   RO          116    .text.NMI_HandlerC  lto-llvm-0469b9.o
    0x07fc227c   0x07fc227c   0x00000002   Code   RO          192    .text.RADIOCNTL_Handler  lto-llvm-0469b9.o
    0x07fc227e   0x07fc227e   0x00000002   PAD
    0x07fc2280   0x07fc2280   0x000000c0   Code   RO          172    .text.UART2_Handler  lto-llvm-0469b9.o
    0x07fc2340   0x07fc2340   0x00000074   Code   RO          164    .text.WKUP_QUADEC_Handler  lto-llvm-0469b9.o
    0x07fc23b4   0x07fc23b4   0x00000284   Code   RO          358    .text.adc_get_raw_sample  lto-llvm-0469b9.o
    0x07fc2638   0x07fc2638   0x00000064   Code   RO          166    .text.adc_get_sample  lto-llvm-0469b9.o
    0x07fc269c   0x07fc269c   0x00000098   Code   RO          344    .text.app_custs1_create_db  lto-llvm-0469b9.o
    0x07fc2734   0x07fc2734   0x00000138   Code   RO          288    .text.app_db_init_next  lto-llvm-0469b9.o
    0x07fc286c   0x07fc286c   0x000000a0   Code   RO          332    .text.app_diss_create_db  lto-llvm-0469b9.o
    0x07fc290c   0x07fc290c   0x000000f0   Code   RO          342    .text.app_easy_timer  lto-llvm-0469b9.o
    0x07fc29fc   0x07fc29fc   0x00000390   Code   RO          336    .text.app_entry_point_handler  lto-llvm-0469b9.o
    0x07fc2d8c   0x07fc2d8c   0x00000146   Code   RO          346    .text.app_fill_random_byte_array  lto-llvm-0469b9.o
    0x07fc2ed2   0x07fc2ed2   0x00000002   PAD
    0x07fc2ed4   0x07fc2ed4   0x000000cc   Code   RO          366    .text.app_hogpd_create_db  lto-llvm-0469b9.o
    0x07fc2fa0   0x07fc2fa0   0x00000030   Code   RO          364    .text.app_hogpd_enable  lto-llvm-0469b9.o
    0x07fc2fd0   0x07fc2fd0   0x00000808   Code   RO          118    .text.arch_printf   lto-llvm-0469b9.o
    0x07fc37d8   0x07fc37d8   0x000000c8   Code   RO          144    .text.ba431_get_rand_func  lto-llvm-0469b9.o
    0x07fc38a0   0x07fc38a0   0x00000002   Code   RO          138    .text.crypto_init_func  lto-llvm-0469b9.o
    0x07fc38a2   0x07fc38a2   0x00000002   PAD
    0x07fc38a4   0x07fc38a4   0x00000044   Code   RO          238    .text.custs1_att_info_rsp_handler  lto-llvm-0469b9.o
    0x07fc38e8   0x07fc38e8   0x0000002c   Code   RO          222    .text.custs1_cleanup  lto-llvm-0469b9.o
    0x07fc3914   0x07fc3914   0x00000014   Code   RO          220    .text.custs1_create  lto-llvm-0469b9.o
    0x07fc3928   0x07fc3928   0x0000002c   Code   RO          218    .text.custs1_destroy  lto-llvm-0469b9.o
    0x07fc3954   0x07fc3954   0x0000020c   Code   RO          242    .text.custs1_exe_operation  lto-llvm-0469b9.o
    0x07fc3b60   0x07fc3b60   0x0000039c   Code   RO          216    .text.custs1_init   lto-llvm-0469b9.o
    0x07fc3efc   0x07fc3efc   0x000000f6   Code   RO          244    .text.custs1_set_ccc_value  lto-llvm-0469b9.o
    0x07fc3ff2   0x07fc3ff2   0x00000002   PAD
    0x07fc3ff4   0x07fc3ff4   0x000000f0   Code   RO          236    .text.custs1_val_ind_req_handler  lto-llvm-0469b9.o
    0x07fc40e4   0x07fc40e4   0x000000f4   Code   RO          232    .text.custs1_val_ntf_req_handler  lto-llvm-0469b9.o
    0x07fc41d8   0x07fc41d8   0x00000022   Code   RO          234    .text.custs1_val_set_req_handler  lto-llvm-0469b9.o
    0x07fc41fa   0x07fc41fa   0x00000002   PAD
    0x07fc41fc   0x07fc41fc   0x00000098   Code   RO          240    .text.custs1_value_req_rsp_handler  lto-llvm-0469b9.o
    0x07fc4294   0x07fc4294   0x00000002   Code   RO          134    .text.dbg_init_func_empty  lto-llvm-0469b9.o
    0x07fc4296   0x07fc4296   0x00000002   Code   RO          136    .text.dbg_platform_reset_complete_func_empty  lto-llvm-0469b9.o
    0x07fc4298   0x07fc4298   0x00000008   Code   RO          140    .text.dia_rand_func  lto-llvm-0469b9.o
    0x07fc42a0   0x07fc42a0   0x00000008   Code   RO          142    .text.dia_srand_func  lto-llvm-0469b9.o
    0x07fc42a8   0x07fc42a8   0x00000002   Code   RO          206    .text.diss_cleanup  lto-llvm-0469b9.o
    0x07fc42aa   0x07fc42aa   0x00000002   Code   RO          204    .text.diss_create   lto-llvm-0469b9.o
    0x07fc42ac   0x07fc42ac   0x0000002a   Code   RO          202    .text.diss_destroy  lto-llvm-0469b9.o
    0x07fc42d6   0x07fc42d6   0x00000002   PAD
    0x07fc42d8   0x07fc42d8   0x00000104   Code   RO          200    .text.diss_init     lto-llvm-0469b9.o
    0x07fc43dc   0x07fc43dc   0x000000e8   Code   RO          210    .text.diss_set_value_req_handler  lto-llvm-0469b9.o
    0x07fc44c4   0x07fc44c4   0x00000088   Code   RO          214    .text.diss_value_cfm_handler  lto-llvm-0469b9.o
    0x07fc454c   0x07fc454c   0x000000c8   Code   RO          334    .text.diss_value_req_ind_handler  lto-llvm-0469b9.o
    0x07fc4614   0x07fc4614   0x00000066   Code   RO          208    .text.diss_value_to_handle  lto-llvm-0469b9.o
    0x07fc467a   0x07fc467a   0x00000002   PAD
    0x07fc467c   0x07fc467c   0x000000f4   Code   RO          320    .text.gapc_bond_ind_handler  lto-llvm-0469b9.o
    0x07fc4770   0x07fc4770   0x0000029c   Code   RO          318    .text.gapc_bond_req_ind_handler  lto-llvm-0469b9.o
    0x07fc4a0c   0x07fc4a0c   0x00000018   Code   RO          294    .text.gapc_cmp_evt_handler  lto-llvm-0469b9.o
    0x07fc4a24   0x07fc4a24   0x00000220   Code   RO          296    .text.gapc_connection_req_ind_handler  lto-llvm-0469b9.o
    0x07fc4c44   0x07fc4c44   0x00000100   Code   RO          298    .text.gapc_disconnect_ind_handler  lto-llvm-0469b9.o
    0x07fc4d44   0x07fc4d44   0x00000018   Code   RO          324    .text.gapc_encrypt_ind_handler  lto-llvm-0469b9.o
    0x07fc4d5c   0x07fc4d5c   0x0000006c   Code   RO          322    .text.gapc_encrypt_req_ind_handler  lto-llvm-0469b9.o
    0x07fc4dc8   0x07fc4dc8   0x00000098   Code   RO          300    .text.gapc_get_dev_info_req_ind_handler  lto-llvm-0469b9.o
    0x07fc4e60   0x07fc4e60   0x00000004   Code   RO          310    .text.gapc_le_pkt_size_ind_handler  lto-llvm-0469b9.o
    0x07fc4e64   0x07fc4e64   0x00000020   Code   RO          308    .text.gapc_param_update_req_ind_handler  lto-llvm-0469b9.o
    0x07fc4e84   0x07fc4e84   0x00000004   Code   RO          314    .text.gapc_peer_features_ind_handler  lto-llvm-0469b9.o
    0x07fc4e88   0x07fc4e88   0x00000004   Code   RO          316    .text.gapc_security_ind_handler  lto-llvm-0469b9.o
    0x07fc4e8c   0x07fc4e8c   0x0000005c   Code   RO          302    .text.gapc_set_dev_info_req_ind_handler  lto-llvm-0469b9.o
    0x07fc4ee8   0x07fc4ee8   0x00000004   Code   RO          326    .text.gapm_addr_solved_ind_handler  lto-llvm-0469b9.o
    0x07fc4eec   0x07fc4eec   0x00000004   Code   RO          306    .text.gapm_adv_report_ind_handler  lto-llvm-0469b9.o
    0x07fc4ef0   0x07fc4ef0   0x000001c0   Code   RO          292    .text.gapm_cmp_evt_handler  lto-llvm-0469b9.o
    0x07fc50b0   0x07fc50b0   0x00000030   Code   RO          290    .text.gapm_device_ready_ind_handler  lto-llvm-0469b9.o
    0x07fc50e0   0x07fc50e0   0x000000ec   Code   RO          304    .text.gapm_profile_added_ind_handler  lto-llvm-0469b9.o
    0x07fc51cc   0x07fc51cc   0x00000004   Code   RO          330    .text.gapm_ral_addr_ind_handler  lto-llvm-0469b9.o
    0x07fc51d0   0x07fc51d0   0x00000004   Code   RO          328    .text.gapm_ral_size_ind_handler  lto-llvm-0469b9.o
    0x07fc51d4   0x07fc51d4   0x00000048   Code   RO          228    .text.gattc_att_info_req_ind_handler  lto-llvm-0469b9.o
    0x07fc521c   0x07fc521c   0x00000070   Code   RO          280    .text.gattc_att_info_req_ind_handler.94  lto-llvm-0469b9.o
    0x07fc528c   0x07fc528c   0x00000014   Code   RO          230    .text.gattc_cmp_evt_handler  lto-llvm-0469b9.o
    0x07fc52a0   0x07fc52a0   0x00000054   Code   RO          286    .text.gattc_cmp_evt_handler.97  lto-llvm-0469b9.o
    0x07fc52f4   0x07fc52f4   0x00000194   Code   RO          212    .text.gattc_read_req_ind_handler  lto-llvm-0469b9.o
    0x07fc5488   0x07fc5488   0x00000144   Code   RO          224    .text.gattc_read_req_ind_handler.67  lto-llvm-0469b9.o
    0x07fc55cc   0x07fc55cc   0x000001b8   Code   RO          284    .text.gattc_read_req_ind_handler.96  lto-llvm-0469b9.o
    0x07fc5784   0x07fc5784   0x00000004   Code   RO          312    .text.gattc_svc_changed_cfg_ind_handler  lto-llvm-0469b9.o
    0x07fc5788   0x07fc5788   0x000001bc   Code   RO          226    .text.gattc_write_req_ind_handler  lto-llvm-0469b9.o
    0x07fc5944   0x07fc5944   0x00000268   Code   RO          282    .text.gattc_write_req_ind_handler.95  lto-llvm-0469b9.o
    0x07fc5bac   0x07fc5bac   0x0000006a   Code   RO          266    .text.hogpd_cleanup  lto-llvm-0469b9.o
    0x07fc5c16   0x07fc5c16   0x00000002   Code   RO          264    .text.hogpd_create  lto-llvm-0469b9.o
    0x07fc5c18   0x07fc5c18   0x00000010   Code   RO          262    .text.hogpd_destroy  lto-llvm-0469b9.o
    0x07fc5c28   0x07fc5c28   0x00000124   Code   RO          272    .text.hogpd_enable_req_handler  lto-llvm-0469b9.o
    0x07fc5d4c   0x07fc5d4c   0x000001e2   Code   RO          268    .text.hogpd_get_att_handle  lto-llvm-0469b9.o
    0x07fc5f2e   0x07fc5f2e   0x000001ac   Code   RO          270    .text.hogpd_get_att_idx  lto-llvm-0469b9.o
    0x07fc60da   0x07fc60da   0x00000002   PAD
    0x07fc60dc   0x07fc60dc   0x00000708   Code   RO          260    .text.hogpd_init    lto-llvm-0469b9.o
    0x07fc67e4   0x07fc67e4   0x000000cc   Code   RO          278    .text.hogpd_proto_mode_cfm_handler  lto-llvm-0469b9.o
    0x07fc68b0   0x07fc68b0   0x00000108   Code   RO          276    .text.hogpd_report_cfm_handler  lto-llvm-0469b9.o
    0x07fc69b8   0x07fc69b8   0x0000018c   Code   RO          274    .text.hogpd_report_upd_req_handler  lto-llvm-0469b9.o
    0x07fc6b44   0x07fc6b44   0x00000088   Code   RO          174    .text.lld_sleep_compensate_func  lto-llvm-0469b9.o
    0x07fc6bcc   0x07fc6bcc   0x00000050   Code   RO          152    .text.lld_sleep_init_func  lto-llvm-0469b9.o
    0x07fc6c1c   0x07fc6c1c   0x00000008   Code   RO          150    .text.lld_sleep_lpcycles_2_us_sel_func  lto-llvm-0469b9.o
    0x07fc6c24   0x07fc6c24   0x00000008   Code   RO          148    .text.lld_sleep_us_2_lpcycles_sel_func  lto-llvm-0469b9.o
    0x07fc6c2c   0x07fc6c2c   0x000014a4   Code   RO          130    .text.main          lto-llvm-0469b9.o
    0x07fc80d0   0x07fc80d0   0x00000004   Code   RO          126    .text.nvds_del_func  lto-llvm-0469b9.o
    0x07fc80d4   0x07fc80d4   0x000000e8   Code   RO          122    .text.nvds_get_func  lto-llvm-0469b9.o
    0x07fc81bc   0x07fc81bc   0x00000004   Code   RO          124    .text.nvds_init_func  lto-llvm-0469b9.o
    0x07fc81c0   0x07fc81c0   0x00000004   Code   RO          128    .text.nvds_put_func  lto-llvm-0469b9.o
    0x07fc81c4   0x07fc81c4   0x00000060   Code   RO          350    .text.param_update_request_timer_cb  lto-llvm-0469b9.o
    0x07fc8224   0x07fc8224   0x000002a0   Code   RO          348    .text.periph_init   lto-llvm-0469b9.o
    0x07fc84c4   0x07fc84c4   0x00000024   Code   RO          132    .text.platform_reset_func  lto-llvm-0469b9.o
    0x07fc84e8   0x07fc84e8   0x0000044c   Code   RO          248    .text.prf_add_profile_func  lto-llvm-0469b9.o
    0x07fc8934   0x07fc8934   0x00000038   Code   RO          252    .text.prf_cleanup_func  lto-llvm-0469b9.o
    0x07fc896c   0x07fc896c   0x00000044   Code   RO          250    .text.prf_create_func  lto-llvm-0469b9.o
    0x07fc89b0   0x07fc89b0   0x000001d0   Code   RO          254    .text.prf_env_get   lto-llvm-0469b9.o
    0x07fc8b80   0x07fc8b80   0x000001c4   Code   RO          256    .text.prf_get_id_from_task_func  lto-llvm-0469b9.o
    0x07fc8d44   0x07fc8d44   0x000001d8   Code   RO          258    .text.prf_get_task_from_id_func  lto-llvm-0469b9.o
    0x07fc8f1c   0x07fc8f1c   0x00000080   Code   RO          246    .text.prf_init_func  lto-llvm-0469b9.o
    0x07fc8f9c   0x07fc8f9c   0x00000002   Code   RO          194    .text.rf_force_agc_enable  lto-llvm-0469b9.o
    0x07fc8f9e   0x07fc8f9e   0x00000002   PAD
    0x07fc8fa0   0x07fc8fa0   0x000001bc   Code   RO          180    .text.rf_init_func  lto-llvm-0469b9.o
    0x07fc915c   0x07fc915c   0x00000004   Code   RO          182    .text.rf_reg_rd     lto-llvm-0469b9.o
    0x07fc9160   0x07fc9160   0x00000002   Code   RO          184    .text.rf_reg_wr     lto-llvm-0469b9.o
    0x07fc9162   0x07fc9162   0x00000002   PAD
    0x07fc9164   0x07fc9164   0x00000098   Code   RO          198    .text.rf_reinit_func  lto-llvm-0469b9.o
    0x07fc91fc   0x07fc91fc   0x00000002   Code   RO          190    .text.rf_reset      lto-llvm-0469b9.o
    0x07fc91fe   0x07fc91fe   0x00000008   Code   RO          196    .text.rf_rssi_convert  lto-llvm-0469b9.o
    0x07fc9206   0x07fc9206   0x00000002   PAD
    0x07fc9208   0x07fc9208   0x00000010   Code   RO          188    .text.rf_sleep      lto-llvm-0469b9.o
    0x07fc9218   0x07fc9218   0x00000004   Code   RO          186    .text.rf_txpwr_dbm_get  lto-llvm-0469b9.o
    0x07fc921c   0x07fc921c   0x00000474   Code   RO          178    .text.rwble_isr     lto-llvm-0469b9.o
    0x07fc9690   0x07fc9690   0x00000002   Code   RO          146    .text.smpm_ecdh_key_create_empty_func  lto-llvm-0469b9.o
    0x07fc9692   0x07fc9692   0x00000002   Code   RO          338    .text.timer_canceled_handler  lto-llvm-0469b9.o
    0x07fc9694   0x07fc9694   0x00000002   Code   RO          340    .text.timer_modified_handler  lto-llvm-0469b9.o
    0x07fc9696   0x07fc9696   0x00000002   PAD
    0x07fc9698   0x07fc9698   0x0000013c   Code   RO          120    .text.uart_callback  lto-llvm-0469b9.o
    0x07fc97d4   0x07fc97d4   0x00000210   Code   RO          352    .text.user_catch_rest_hndl  lto-llvm-0469b9.o
    0x07fc99e4   0x07fc99e4   0x00000048   Code   RO          362    .text.user_gamepad_axis_polling_cb  lto-llvm-0469b9.o
    0x07fc9a2c   0x07fc9a2c   0x000000fc   Code   RO          356    .text.user_gamepad_button_cb  lto-llvm-0469b9.o
    0x07fc9b28   0x07fc9b28   0x0000023c   Code   RO          354    .text.user_gamepad_enable_buttons  lto-llvm-0469b9.o
    0x07fc9d64   0x07fc9d64   0x00000164   Code   RO          360    .text.user_gamepad_update_joystick  lto-llvm-0469b9.o
    0x07fc9ec8   0x07fc9ec8   0x0000000e   Code   RO          427    i.__scatterload_copy  mc_p.l(handlers.o)
    0x07fc9ed6   0x07fc9ed6   0x00000002   Code   RO          428    i.__scatterload_null  mc_p.l(handlers.o)
    0x07fc9ed8   0x07fc9ed8   0x0000000e   Code   RO          429    i.__scatterload_zeroinit  mc_p.l(handlers.o)
    0x07fc9ee6   0x07fc9ee6   0x00000002   PAD
    0x07fc9ee8   0x07fc9ee8   0x00000040   Code   RO          112    system_DA14xxx      lto-llvm-0469b9.o
    0x07fc9f28   0x07fc9f28   0x000000e0   Data   RO           86    .constdata          da14585_586.lib(patch.o)
    0x07fca008   0x07fca008   0x00000011   Data   RO          400    .rodata..L.str.1.111  lto-llvm-0469b9.o
    0x07fca019   0x07fca019   0x00000001   PAD
    0x07fca01a   0x07fca01a   0x00000016   Data   RO          395    .rodata..Lswitch.table.gattc_att_info_req_ind_handler  lto-llvm-0469b9.o
    0x07fca030   0x07fca030   0x00000010   Data   RO          410    .rodata.CUST1_SERVER_RX_UUID_128  lto-llvm-0469b9.o
    0x07fca040   0x07fca040   0x00000010   Data   RO          413    .rodata.CUST1_SERVER_TX_UUID_128  lto-llvm-0469b9.o
    0x07fca050   0x07fca050   0x00000010   Data   RO          399    .rodata.TASK_DESC_APP  lto-llvm-0469b9.o
    0x07fca060   0x07fca060   0x00000008   Data   RO          402    .rodata.app_default_handler  lto-llvm-0469b9.o
    0x07fca068   0x07fca068   0x00000008   Data   RO          401    .rodata.app_default_state  lto-llvm-0469b9.o
    0x07fca070   0x07fca070   0x00000070   Data   RO          403    .rodata.app_gap_process_handlers  lto-llvm-0469b9.o
    0x07fca0e0   0x07fca0e0   0x00000002   Data   RO          408    .rodata.att_decl_char  lto-llvm-0469b9.o
    0x07fca0e2   0x07fca0e2   0x00000002   Data   RO          406    .rodata.att_decl_svc  lto-llvm-0469b9.o
    0x07fca0e4   0x07fca0e4   0x00000002   Data   RO          414    .rodata.att_desc_cfg  lto-llvm-0469b9.o
    0x07fca0e6   0x07fca0e6   0x00000002   Data   RO          411    .rodata.att_desc_user_desc  lto-llvm-0469b9.o
    0x07fca0e8   0x07fca0e8   0x00000038   Data   RO          405    .rodata.cust_prf_funcs  lto-llvm-0469b9.o
    0x07fca120   0x07fca120   0x000000a0   Data   RO          415    .rodata.custs1_att_db  lto-llvm-0469b9.o
    0x07fca1c0   0x07fca1c0   0x00000008   Data   RO          390    .rodata.custs1_default_handler  lto-llvm-0469b9.o
    0x07fca1c8   0x07fca1c8   0x00000048   Data   RO          389    .rodata.custs1_default_state  lto-llvm-0469b9.o
    0x07fca210   0x07fca210   0x00000010   Data   RO          388    .rodata.custs1_itf  lto-llvm-0469b9.o
    0x07fca220   0x07fca220   0x00000010   Data   RO          407    .rodata.custs1_svc1  lto-llvm-0469b9.o
    0x07fca230   0x07fca230   0x000000e4   Data   RO          384    .rodata.diss_att_db  lto-llvm-0469b9.o
    0x07fca314   0x07fca314   0x00000008   Data   RO          387    .rodata.diss_default_handler  lto-llvm-0469b9.o
    0x07fca31c   0x07fca31c   0x00000018   Data   RO          386    .rodata.diss_default_state  lto-llvm-0469b9.o
    0x07fca334   0x07fca334   0x00000010   Data   RO          385    .rodata.diss_itf    lto-llvm-0469b9.o
    0x07fca344   0x07fca344   0x0000005a   Data   RO          378    .rodata.gap_cfg_user_var_struct  lto-llvm-0469b9.o
    0x07fca39e   0x07fca39e   0x00000002   PAD
    0x07fca3a0   0x07fca3a0   0x00000114   Data   RO          391    .rodata.hids_att_db  lto-llvm-0469b9.o
    0x07fca4b4   0x07fca4b4   0x00000008   Data   RO          394    .rodata.hogpd_default_handler  lto-llvm-0469b9.o
    0x07fca4bc   0x07fca4bc   0x00000040   Data   RO          393    .rodata.hogpd_default_state  lto-llvm-0469b9.o
    0x07fca4fc   0x07fca4fc   0x00000010   Data   RO          392    .rodata.hogpd_itf   lto-llvm-0469b9.o
    0x07fca50c   0x07fca50c   0x0000000e   Data   RO          371    .rodata.nvds_data_storage  lto-llvm-0469b9.o
    0x07fca51a   0x07fca51a   0x00000002   PAD
    0x07fca51c   0x07fca51c   0x00000018   Data   RO          396    .rodata.prf_funcs   lto-llvm-0469b9.o
    0x07fca534   0x07fca534   0x0000004b   Data   RO          417    .rodata.report_map  lto-llvm-0469b9.o
    0x07fca57f   0x07fca57f   0x00000001   PAD
    0x07fca580   0x07fca580   0x000000bc   Data   RO          380    .rodata.rom_cfg_table_var  lto-llvm-0469b9.o
    0x07fca63c   0x07fca63c   0x00000184   Data   RO          379    .rodata.rom_func_addr_table_var  lto-llvm-0469b9.o
    0x07fca7c0   0x07fca7c0   0x0000005c   Data   RO          370    .rodata.str1.1      lto-llvm-0469b9.o
    0x07fca81c   0x07fca81c   0x0000000c   Data   RO          398    .rodata.str1.4      lto-llvm-0469b9.o
    0x07fca828   0x07fca828   0x00000018   Data   RO          397    .rodata.user_prf_funcs  lto-llvm-0469b9.o
    0x07fca840   0x07fca840   0x00000007   Data   RO          404    .rodata.user_security_conf  lto-llvm-0469b9.o
    0x07fca847   0x07fca847   0x00000001   PAD
    0x07fca848   0x07fca848   0x00000030   Data   RO          426    Region$$Table       anon$$obj.o
    0x07fca878   0x07fca878   0x00000013   Data   RW          409    .data.custs1_server_rx_char  lto-llvm-0469b9.o
    0x07fca88b   0x07fca88b   0x00000013   Data   RW          412    .data.custs1_server_tx_char  lto-llvm-0469b9.o
    0x07fca89e   0x07fca89e   0x00000002   PAD
    0x07fca8a0   0x07fca8a0   0x00000004   Data   RW          377    .data.startup_sleep_delay  lto-llvm-0469b9.o


    Execution Region ER_PRODTEST (Exec base: 0x07fca8a8, Load base: 0x07fca8a4, Size: 0x00000000, Max: 0xffffffff, ABSOLUTE, UNINIT)

    **** No section assigned to this execution region ****


    Execution Region ER_ZI (Exec base: 0x07fca8a8, Load base: 0x07fca8a4, Size: 0x00000718, Max: 0xffffffff, ABSOLUTE)

    Exec Addr    Load Addr    Size         Type   Attr      Idx    E Section Name        Object

    0x07fca8a8        -       0x00000001   Zero   RW          383    .bss.cal_failed     lto-llvm-0469b9.o
    0x07fca8a9   0x07fca8a4   0x00000003   PAD
    0x07fca8ac        -       0x00000100   Zero   RW          369    .bss.current_msg_buffer  lto-llvm-0469b9.o
    0x07fca9ac        -       0x00000001   Zero   RW          416    .bss.hogpd_conidx   lto-llvm-0469b9.o
    0x07fca9ad   0x07fca8a4   0x00000003   PAD
    0x07fca9b0        -       0x00000010   Zero   RW          382    .bss.trng_bits      lto-llvm-0469b9.o
    0x07fca9c0        -       0x00000600   Zero   RW            3    STACK               startup_da14585_586.o


    Execution Region ER_NZI (Exec base: 0x07fcafc0, Load base: 0x07fca8a4, Size: 0x0000040c, Max: 0xffffffff, ABSOLUTE, UNINIT)

    Exec Addr    Load Addr    Size         Type   Attr      Idx    E Section Name        Object

    0x07fcafc0        -       0x0000040c   Zero   RW          373    .bss.heap_mem_area_not_ret  lto-llvm-0469b9.o



  Load Region LR_RETAINED_RAM0 (Base: 0x07fd2a98, Size: 0x00000000, Max: 0x0000316c, ABSOLUTE)

    Execution Region RET_DATA_UNINIT (Exec base: 0x07fd2a98, Load base: 0x07fd2a98, Size: 0x00000000, Max: 0x00000000, ABSOLUTE, UNINIT)

    **** No section assigned to this execution region ****


    Execution Region RET_DATA (Exec base: 0x07fd2a98, Load base: 0x07fd2a98, Size: 0x00000610, Max: 0x00000800, ABSOLUTE)

    Exec Addr    Load Addr    Size         Type   Attr      Idx    E Section Name        Object

    0x07fd2a98        -       0x0000060d   Zero   RW          368    .bss.retention_mem_area0  lto-llvm-0469b9.o


    Execution Region RET_HEAP (Exec base: 0x07fd30a8, Load base: 0x07fd2a98, Size: 0x0000296c, Max: 0x0000296c, ABSOLUTE, UNINIT)

    Exec Addr    Load Addr    Size         Type   Attr      Idx    E Section Name        Object

    0x07fd30a8        -       0x0000080c   Zero   RW          375    .bss.heap_db_area   lto-llvm-0469b9.o
    0x07fd38b4        -       0x00000274   Zero   RW          374    .bss.heap_env_area  lto-llvm-0469b9.o
    0x07fd3b28        -       0x00001eec   Zero   RW          376    .bss.heap_msg_area  lto-llvm-0469b9.o



  Load Region LR_FREE_AREA (Base: 0x07fd7278, Size: 0x00000000, Max: 0x00000388, ABSOLUTE)

    Execution Region ER_FREE_AREA (Exec base: 0x07fd7278, Load base: 0x07fd7278, Size: 0x00000000, Max: 0x00000388, ABSOLUTE)

    **** No section assigned to this execution region ****


==============================================================================

Image component sizes


      Code (inc. data)   RO Data    RW Data    ZI Data      Debug   Object Name

     33304       2688       2105         42      14487     273161   lto-llvm-0469b9.o
        80         16        160          0       1536        808   startup_da14585_586.o

    ----------------------------------------------------------------------
     33408       2704       2320         44      16112     273969   Object Totals
         0          0         48          0         80          0   (incl. Generated)
        24          0          7          2          9          0   (incl. Padding)

    ----------------------------------------------------------------------

      Code (inc. data)   RO Data    RW Data    ZI Data      Debug   Library Member Name

      5444        230        224          0          0       1008   patch.o
       276         26          0          0          0        172   rf_calibration.o
       232         14          0          0          0        112   smpc_util.o
         0          0          0          0          0          0   entry.o
         0          0          0          0          0          0   entry10a.o
         0          0          0          0          0          0   entry11a.o
         8          4          0          0          0          0   entry2.o
         4          0          0          0          0          0   entry5.o
         0          0          0          0          0          0   entry7b.o
         0          0          0          0          0          0   entry8b.o
         8          4          0          0          0          0   entry9a.o
        30          0          0          0          0          0   handlers.o
        36          8          0          0          0         68   init.o

    ----------------------------------------------------------------------
      6040        286        224          0          0       1360   Library Totals
         2          0          0          0          0          0   (incl. Padding)

    ----------------------------------------------------------------------

      Code (inc. data)   RO Data    RW Data    ZI Data      Debug   Library Name

      5952        270        224          0          0       1292   da14585_586.lib
        86         16          0          0          0         68   mc_p.l

    ----------------------------------------------------------------------
      6040        286        224          0          0       1360   Library Totals

    ----------------------------------------------------------------------

==============================================================================


      Code (inc. data)   RO Data    RW Data    ZI Data      Debug   

     39448       2990       2544         44      16112     275349   Grand Totals
     39448       2990       2544         44      16112     275349   ELF Image Totals
     39448       2990       2544         44          0          0   ROM Totals

==============================================================================

    Total RO  Size (Code + RO Data)                41992 (  41.01kB)
    Total RW  Size (RW Data + ZI Data)             16156 (  15.78kB)
    Total ROM Size (Code + RO Data + RW Data)      42036 (  41.05kB)

==============================================================================

