Component: ARM Compiler 5.06 update 6 (build 750) Tool: armlink [4d35ed]

==============================================================================

Section Cross References

    system_da14531.o(.text) refers to system_da14531.o(.data) for SystemCoreClock
    startup_da14531.o(RESET) refers to startup_da14531.o(STACK) for __initial_sp
    startup_da14531.o(RESET) refers to startup_da14531.o(.text) for Reset_Handler
    startup_da14531.o(RESET) refers to systick.o(.text) for SysTick_Handler
    startup_da14531.o(RESET) refers to rwble.o(.text) for BLE_WAKEUP_LP_Handler
    startup_da14531.o(RESET) refers to uart.o(.text) for UART2_Handler
    startup_da14531.o(RESET) refers to i2c.o(.text) for I2C_Handler
    startup_da14531.o(RESET) refers to adc_531.o(.text) for ADC_Handler
    startup_da14531.o(RESET) refers to gpio.o(.text) for GPIO0_Handler
    startup_da14531.o(RESET) refers to wkupct_quadec.o(.text) for WKUP_QUADEC_Handler
    startup_da14531.o(.text) refers to system_da14531.o(.text) for SystemInit
    startup_da14531.o(.text) refers to entry.o(.ARM.Collect$$$$00000000) for __main
    startup_da14531.o(.text) refers to nmi_handler.o(.text) for NMI_HandlerC
    startup_da14531.o(.text) refers to hardfault_handler.o(.text) for HardFault_HandlerC
    hardfault_handler.o(.text) refers to syscntl.o(.text) for syscntl_dcdc_set_level
    nmi_handler.o(.text) refers to syscntl.o(.text) for syscntl_dcdc_set_level
    nvds.o(.text) refers to nvds.o(.constdata) for blank_otp_bdaddr
    nvds.o(.text) refers to arch_system.o(retention_mem_area0) for dev_bdaddr
    nvds.o(.constdata) refers to arch_system.o(retention_mem_area0) for dev_bdaddr
    arch_main.o(.text) refers to arch_system.o(.text) for read_rcx_freq
    arch_main.o(.text) refers to rwip.o(.text) for rwip_sleep
    arch_main.o(.text) refers to user_periph_setup.o(.text) for periph_init
    arch_main.o(.text) refers to arch_main.o(.constdata) for user_app_main_loop_callbacks
    arch_main.o(.text) refers to arch_main.o(retention_mem_area0) for clk_freq_trim_reg_value
    arch_main.o(.text) refers to arch_system.o(retention_mem_area0) for lp_clk_sel
    arch_main.o(.text) refers to rwble.o(retention_mem_area0) for arch_rwble_last_event
    arch_main.o(.text) refers to hw_otpc_531.o(.text) for hw_otpc_init
    arch_main.o(.text) refers to syscntl.o(.text) for syscntl_dcdc_set_level
    arch_main.o(.constdata) refers to app_default_handlers.o(.text) for default_app_on_init
    jump_table.o(.constdata) refers to ble_arp.o(.text) for rf_init_func
    jump_table.o(.constdata) refers to nvds.o(.text) for patched_nvds_get_func
    jump_table.o(.constdata) refers to jump_table.o(.text) for platform_reset_func
    jump_table.o(.constdata) refers to rwble.o(.text) for lld_sleep_compensate_func
    jump_table.o(.constdata) refers to arch_system.o(.text) for lld_sleep_init_func
    jump_table.o(.constdata) refers to patch.o(.text) for JT_lld_test_mode_rx_func
    jump_table.o(.constdata) refers to jump_table.o(heap_mem_area_not_ret) for rwip_heap_non_ret
    jump_table.o(.constdata) refers to jump_table.o(heap_env_area) for rwip_heap_env_ret
    jump_table.o(.constdata) refers to jump_table.o(heap_db_area) for rwip_heap_db_ret
    jump_table.o(.constdata) refers to jump_table.o(heap_msg_area) for rwip_heap_msg_ret
    jump_table.o(.constdata) refers to nvds.o(.constdata) for rom_nvds_cfg
    jump_table.o(.constdata) refers to app_easy_timer.o(.constdata) for rom_app_easy_timer_cfg
    jump_table.o(.constdata) refers to custs1.o(.constdata) for rom_cust_prf_cfg
    jump_table.o(.constdata) refers to prf.o(.constdata) for rom_prf_cfg
    jump_table.o(.constdata) refers to app_entry_point.o(.constdata) for rom_app_task_cfg
    arch_sleep.o(.text) refers to arch_sleep.o(retention_mem_area0) for sleep_md
    arch_sleep.o(.text) refers to arch_sleep.o(.text) for arch_set_extended_sleep
    arch_sleep.o(.text) refers to arch_sleep.o(retention_mem_area0) for sleep_cnt
    arch_sleep.o(.text) refers to arch_sleep.o(.text) for arch_get_sleep_mode
    arch_sleep.o(.text) refers to arch_sleep.o(.text) for arch_disable_sleep
    arch_sleep.o(.text) refers to arch_sleep.o(retention_mem_area0) for sleep_cnt
    arch_sleep.o(.text) refers to arch_sleep.o(retention_mem_area0) for sleep_ext_force
    arch_sleep.o(.text) refers to arch_sleep.o(retention_mem_area0) for sleep_ext_force
    arch_sleep.o(.text) refers to rwble.o(retention_mem_area0) for arch_rwble_last_event
    arch_system.o(.text) refers to arch_system.o(i.__ARM_common_ll_muluu) for __ARM_common_ll_muluu
    arch_system.o(.text) refers to adc_531.o(.text) for adc_init
    arch_system.o(.text) refers to rf_531.o(.text) for rf_calibration
    arch_system.o(.text) refers to arch_system.o(retention_mem_area0) for rcx_cal_in_progress
    arch_system.o(.text) refers to arch_system.o(.constdata) for .constdata
    arch_system.o(.text) refers to arch_system.o(.data) for startup_sleep_delay
[...]
    gapc_link_encrypted                      0x07f153ed   Thumb Code     0  da14531_symbols.txt ABSOLUTE
    gapc_auth_set                            0x07f15407   Thumb Code     0  da14531_symbols.txt ABSOLUTE
    gapc_svc_chg_ccc_get                     0x07f15427   Thumb Code     0  da14531_symbols.txt ABSOLUTE
    gapc_svc_chg_ccc_set                     0x07f15437   Thumb Code     0  da14531_symbols.txt ABSOLUTE
    gapc_check_lecb_sec_perm                 0x07f1544d   Thumb Code     0  da14531_symbols.txt ABSOLUTE
    gapc_search_lecb_channel                 0x07f154b5   Thumb Code     0  da14531_symbols.txt ABSOLUTE
    gapc_lecnx_check_tx                      0x07f154ef   Thumb Code     0  da14531_symbols.txt ABSOLUTE
    gapc_lecnx_check_rx                      0x07f15537   Thumb Code     0  da14531_symbols.txt ABSOLUTE
    gapc_lecnx_get_field                     0x07f1557b   Thumb Code     0  da14531_symbols.txt ABSOLUTE
    gapc_process_op                          0x07f155f1   Thumb Code     0  da14531_symbols.txt ABSOLUTE
    gapc_param_update_sanity                 0x07f1576b   Thumb Code     0  da14531_symbols.txt ABSOLUTE
    gapc_param_cb_con_sanity                 0x07f15793   Thumb Code     0  da14531_symbols.txt ABSOLUTE
    l2cc_pdu_recv_ind_handler_func           0x07f15c4f   Thumb Code     0  da14531_symbols.txt ABSOLUTE
    gapc_lecb_connect_cfm_handler_func       0x07f16bef   Thumb Code     0  da14531_symbols.txt ABSOLUTE
    gapm_init                                0x07f16fcb   Thumb Code     0  da14531_symbols.txt ABSOLUTE
    gapm_init_attr                           0x07f17027   Thumb Code     0  da14531_symbols.txt ABSOLUTE
    gapm_get_operation                       0x07f17053   Thumb Code     0  da14531_symbols.txt ABSOLUTE
    gapm_get_requester                       0x07f17065   Thumb Code     0  da14531_symbols.txt ABSOLUTE
    gapm_reschedule_operation                0x07f1707d   Thumb Code     0  da14531_symbols.txt ABSOLUTE
    gapm_send_complete_evt                   0x07f1709f   Thumb Code     0  da14531_symbols.txt ABSOLUTE
    gapm_send_error_evt                      0x07f170d5   Thumb Code     0  da14531_symbols.txt ABSOLUTE
    gapm_con_create                          0x07f170f5   Thumb Code     0  da14531_symbols.txt ABSOLUTE
    gapm_con_enable                          0x07f17179   Thumb Code     0  da14531_symbols.txt ABSOLUTE
    gapm_con_cleanup                         0x07f17185   Thumb Code     0  da14531_symbols.txt ABSOLUTE
    gapm_get_id_from_task                    0x07f171b5   Thumb Code     0  da14531_symbols.txt ABSOLUTE
    gapm_get_task_from_id                    0x07f171f5   Thumb Code     0  da14531_symbols.txt ABSOLUTE
    gapm_is_disc_connection                  0x07f17231   Thumb Code     0  da14531_symbols.txt ABSOLUTE
    gapm_adv_sanity                          0x07f1807d   Thumb Code     0  da14531_symbols.txt ABSOLUTE
    gapm_adv_op_sanity                       0x07f18171   Thumb Code     0  da14531_symbols.txt ABSOLUTE
    gapm_set_adv_mode                        0x07f182f7   Thumb Code     0  da14531_symbols.txt ABSOLUTE
    gapm_set_adv_data                        0x07f18311   Thumb Code     0  da14531_symbols.txt ABSOLUTE
    gapm_execute_adv_op                      0x07f183a1   Thumb Code     0  da14531_symbols.txt ABSOLUTE
    gapm_scan_op_sanity                      0x07f184c7   Thumb Code     0  da14531_symbols.txt ABSOLUTE
    gapm_set_scan_mode                       0x07f185cf   Thumb Code     0  da14531_symbols.txt ABSOLUTE
    gapm_execute_scan_op                     0x07f185ed   Thumb Code     0  da14531_symbols.txt ABSOLUTE
    gapm_connect_op_sanity                   0x07f186a7   Thumb Code     0  da14531_symbols.txt ABSOLUTE
    gapm_basic_hci_cmd_send                  0x07f18827   Thumb Code     0  da14531_symbols.txt ABSOLUTE
    gapm_execute_connect_op                  0x07f1883b   Thumb Code     0  da14531_symbols.txt ABSOLUTE
    gapm_get_role                            0x07f189dd   Thumb Code     0  da14531_symbols.txt ABSOLUTE
    gapm_get_ad_type_flag                    0x07f189e5   Thumb Code     0  da14531_symbols.txt ABSOLUTE
    gapm_add_to_filter                       0x07f18a0b   Thumb Code     0  da14531_symbols.txt ABSOLUTE
    gapm_is_filtered                         0x07f18a8b   Thumb Code     0  da14531_symbols.txt ABSOLUTE
    gapm_update_air_op_state                 0x07f18aef   Thumb Code     0  da14531_symbols.txt ABSOLUTE
    gapm_get_irk                             0x07f18bb7   Thumb Code     0  da14531_symbols.txt ABSOLUTE
    gapm_get_bdaddr                          0x07f18bbd   Thumb Code     0  da14531_symbols.txt ABSOLUTE
    l2cc_pdu_pack_func                       0x07f18bd9   Thumb Code     0  da14531_symbols.txt ABSOLUTE
    l2cc_pdu_unpack_func                     0x07f190d1   Thumb Code     0  da14531_symbols.txt ABSOLUTE
    l2cc_detect_dest                         0x07f193d3   Thumb Code     0  da14531_symbols.txt ABSOLUTE
    l2c_process_sdu_func                     0x07f1942f   Thumb Code     0  da14531_symbols.txt ABSOLUTE
    l2c_send_lecb_message_func               0x07f19547   Thumb Code     0  da14531_symbols.txt ABSOLUTE
    smpc_check_param_func                    0x07f19641   Thumb Code     0  da14531_symbols.txt ABSOLUTE
    gapc_hci_handler                         0x07f1a263   Thumb Code     0  da14531_symbols.txt ABSOLUTE
    gapm_hci_handler                         0x07f1aebb   Thumb Code     0  da14531_symbols.txt ABSOLUTE
    smpc_pairing_start                       0x07f1af49   Thumb Code     0  da14531_symbols.txt ABSOLUTE
    smpc_pairing_tk_exch                     0x07f1afcf   Thumb Code     0  da14531_symbols.txt ABSOLUTE
    smpc_pairing_ltk_exch                    0x07f1b08d   Thumb Code     0  da14531_symbols.txt ABSOLUTE
    smpc_pairing_csrk_exch                   0x07f1b0e1   Thumb Code     0  da14531_symbols.txt ABSOLUTE
    smpc_pairing_rsp                         0x07f1b137   Thumb Code     0  da14531_symbols.txt ABSOLUTE
    smpc_pairing_req_handler                 0x07f1b21b   Thumb Code     0  da14531_symbols.txt ABSOLUTE
    smpc_security_req_send                   0x07f1b253   Thumb Code     0  da14531_symbols.txt ABSOLUTE
    smpc_encrypt_start                       0x07f1b27d   Thumb Code     0  da14531_symbols.txt ABSOLUTE
    smpc_encrypt_start_handler               0x07f1b2a3   Thumb Code     0  da14531_symbols.txt ABSOLUTE
    smpc_encrypt_cfm                         0x07f1b2d5   Thumb Code     0  da14531_symbols.txt ABSOLUTE
    smpc_sign_command                        0x07f1b301   Thumb Code     0  da14531_symbols.txt ABSOLUTE
    smpc_sign_cont                           0x07f1b3d9   Thumb Code     0  da14531_symbols.txt ABSOLUTE
    smpc_calc_confirm_cont                   0x07f1b57f   Thumb Code     0  da14531_symbols.txt ABSOLUTE
    smpc_confirm_gen_rand                    0x07f1bac1   Thumb Code     0  da14531_symbols.txt ABSOLUTE
    smpc_public_key_exchange_start_func      0x07f1bb87   Thumb Code     0  da14531_symbols.txt ABSOLUTE
    smpc_dhkey_calc_start                    0x07f1bbab   Thumb Code     0  da14531_symbols.txt ABSOLUTE
    smpc_sec_authentication_start            0x07f1bc33   Thumb Code     0  da14531_symbols.txt ABSOLUTE
    smpc_dhkey_calc_ind_func                 0x07f1bc61   Thumb Code     0  da14531_symbols.txt ABSOLUTE
    smpm_gen_rand_addr                       0x07f1bca5   Thumb Code     0  da14531_symbols.txt ABSOLUTE
    smpm_resolv_addr                         0x07f1bcbd   Thumb Code     0  da14531_symbols.txt ABSOLUTE
    smpm_use_enc_block                       0x07f1bcdf   Thumb Code     0  da14531_symbols.txt ABSOLUTE
    smpm_gen_rand_nb                         0x07f1bce7   Thumb Code     0  da14531_symbols.txt ABSOLUTE
    smpm_ecdh_key_create_func                0x07f1bcef   Thumb Code     0  da14531_symbols.txt ABSOLUTE
    ke_init                                  0x07f1bd0d   Thumb Code     0  da14531_symbols.txt ABSOLUTE
    ke_flush                                 0x07f1bd3f   Thumb Code     0  da14531_symbols.txt ABSOLUTE
    ke_sleep_check                           0x07f1bd7f   Thumb Code     0  da14531_symbols.txt ABSOLUTE
    ke_stats_get                             0x07f1bd91   Thumb Code     0  da14531_symbols.txt ABSOLUTE
    ke_event_init                            0x07f1bdad   Thumb Code     0  da14531_symbols.txt ABSOLUTE
    ke_event_callback_set                    0x07f1bdb9   Thumb Code     0  da14531_symbols.txt ABSOLUTE
    ke_event_set                             0x07f1bdcd   Thumb Code     0  da14531_symbols.txt ABSOLUTE
    ke_event_clear                           0x07f1bdf9   Thumb Code     0  da14531_symbols.txt ABSOLUTE
    ke_event_get                             0x07f1be25   Thumb Code     0  da14531_symbols.txt ABSOLUTE
    ke_event_get_all                         0x07f1be4b   Thumb Code     0  da14531_symbols.txt ABSOLUTE
    ke_event_flush                           0x07f1be51   Thumb Code     0  da14531_symbols.txt ABSOLUTE
    ke_event_schedule                        0x07f1be59   Thumb Code     0  da14531_symbols.txt ABSOLUTE
    ke_mem_init                              0x07f1bea9   Thumb Code     0  da14531_symbols.txt ABSOLUTE
    ke_mem_is_empty                          0x07f1bef5   Thumb Code     0  da14531_symbols.txt ABSOLUTE
    ke_check_malloc                          0x07f1bf35   Thumb Code     0  da14531_symbols.txt ABSOLUTE
    ke_malloc                                0x07f1bfc5   Thumb Code     0  da14531_symbols.txt ABSOLUTE
    ke_free                                  0x07f1c0bb   Thumb Code     0  da14531_symbols.txt ABSOLUTE
    ke_is_free                               0x07f1c19d   Thumb Code     0  da14531_symbols.txt ABSOLUTE
    ke_get_mem_usage                         0x07f1c1af   Thumb Code     0  da14531_symbols.txt ABSOLUTE
    ke_get_max_mem_usage                     0x07f1c1bb   Thumb Code     0  da14531_symbols.txt ABSOLUTE
    ke_msg_alloc                             0x07f1c1e1   Thumb Code     0  da14531_symbols.txt ABSOLUTE
    ke_msg_send                              0x07f1c217   Thumb Code     0  da14531_symbols.txt ABSOLUTE
    ke_msg_send_basic                        0x07f1c243   Thumb Code     0  da14531_symbols.txt ABSOLUTE
    ke_msg_forward                           0x07f1c251   Thumb Code     0  da14531_symbols.txt ABSOLUTE
    ke_msg_forward_new_id                    0x07f1c25b   Thumb Code     0  da14531_symbols.txt ABSOLUTE
    ke_msg_free                              0x07f1c26b   Thumb Code     0  da14531_symbols.txt ABSOLUTE
    ke_msg_dest_id_get                       0x07f1c273   Thumb Code     0  da14531_symbols.txt ABSOLUTE
    ke_msg_src_id_get                        0x07f1c279   Thumb Code     0  da14531_symbols.txt ABSOLUTE
    ke_msg_in_queue                          0x07f1c27f   Thumb Code     0  da14531_symbols.txt ABSOLUTE
    ke_queue_extract                         0x07f1c291   Thumb Code     0  da14531_symbols.txt ABSOLUTE
    ke_queue_insert                          0x07f1c2e1   Thumb Code     0  da14531_symbols.txt ABSOLUTE
    ke_task_init_func                        0x07f1c475   Thumb Code     0  da14531_symbols.txt ABSOLUTE
    ke_task_create                           0x07f1c489   Thumb Code     0  da14531_symbols.txt ABSOLUTE
    ke_task_delete                           0x07f1c4c1   Thumb Code     0  da14531_symbols.txt ABSOLUTE
    ke_state_set                             0x07f1c4ed   Thumb Code     0  da14531_symbols.txt ABSOLUTE
    ke_state_get                             0x07f1c553   Thumb Code     0  da14531_symbols.txt ABSOLUTE
    ke_msg_discard                           0x07f1c571   Thumb Code     0  da14531_symbols.txt ABSOLUTE
    ke_msg_save                              0x07f1c575   Thumb Code     0  da14531_symbols.txt ABSOLUTE
    ke_task_msg_flush                        0x07f1c579   Thumb Code     0  da14531_symbols.txt ABSOLUTE
    ke_timer_init_func                       0x07f1c681   Thumb Code     0  da14531_symbols.txt ABSOLUTE
    ke_timer_set                             0x07f1c68d   Thumb Code     0  da14531_symbols.txt ABSOLUTE
    ke_timer_clear                           0x07f1c721   Thumb Code     0  da14531_symbols.txt ABSOLUTE
    ke_timer_active                          0x07f1c777   Thumb Code     0  da14531_symbols.txt ABSOLUTE
    ke_timer_sleep_check                     0x07f1c79d   Thumb Code     0  da14531_symbols.txt ABSOLUTE
    rwble_hl_init                            0x07f1c8a1   Thumb Code     0  da14531_symbols.txt ABSOLUTE
    rwble_hl_reset                           0x07f1c8c3   Thumb Code     0  da14531_symbols.txt ABSOLUTE
    rwble_hl_send_message                    0x07f1c8e5   Thumb Code     0  da14531_symbols.txt ABSOLUTE
    rwip_check_wakeup_boundary               0x07f1c8e9   Thumb Code     0  da14531_symbols.txt ABSOLUTE
    rwip_init                                0x07f1c90f   Thumb Code     0  da14531_symbols.txt ABSOLUTE
    rwip_reset                               0x07f1c9d3   Thumb Code     0  da14531_symbols.txt ABSOLUTE
    rwip_version                             0x07f1ca0b   Thumb Code     0  da14531_symbols.txt ABSOLUTE
    rwip_schedule                            0x07f1ca13   Thumb Code     0  da14531_symbols.txt ABSOLUTE
    rwip_prevent_sleep_set                   0x07f1cabf   Thumb Code     0  da14531_symbols.txt ABSOLUTE
    rwip_wakeup                              0x07f1cae1   Thumb Code     0  da14531_symbols.txt ABSOLUTE
    rwip_prevent_sleep_clear                 0x07f1caf7   Thumb Code     0  da14531_symbols.txt ABSOLUTE
    rwip_wakeup_end                          0x07f1cb19   Thumb Code     0  da14531_symbols.txt ABSOLUTE
    rwip_wakeup_delay_set                    0x07f1cb35   Thumb Code     0  da14531_symbols.txt ABSOLUTE
    rwip_sleep_enable                        0x07f1cb43   Thumb Code     0  da14531_symbols.txt ABSOLUTE
    rwip_ext_wakeup_enable                   0x07f1cb49   Thumb Code     0  da14531_symbols.txt ABSOLUTE
    rwble_init                               0x07f1cb6d   Thumb Code     0  da14531_symbols.txt ABSOLUTE
    rwble_reset                              0x07f1cbd3   Thumb Code     0  da14531_symbols.txt ABSOLUTE
    rwble_version                            0x07f1cc07   Thumb Code     0  da14531_symbols.txt ABSOLUTE
    rwble_send_message                       0x07f1cc33   Thumb Code     0  da14531_symbols.txt ABSOLUTE
    YieldToScheduler                         0x07f1cd3d   Thumb Code     0  da14531_symbols.txt ABSOLUTE
    xorshift64star                           0x07f1cd45   Thumb Code     0  da14531_symbols.txt ABSOLUTE
    uECC_set_rng                             0x07f1cdab   Thumb Code     0  da14531_symbols.txt ABSOLUTE
    uECC_get_rng                             0x07f1cdb1   Thumb Code     0  da14531_symbols.txt ABSOLUTE
    uECC_curve_private_key_size              0x07f1cdb7   Thumb Code     0  da14531_symbols.txt ABSOLUTE
    uECC_curve_public_key_size               0x07f1cdc7   Thumb Code     0  da14531_symbols.txt ABSOLUTE
    uECC_vli_clear                           0x07f1cdcf   Thumb Code     0  da14531_symbols.txt ABSOLUTE
    uECC_vli_isZero                          0x07f1cde5   Thumb Code     0  da14531_symbols.txt ABSOLUTE
    uECC_vli_testBit                         0x07f1ce07   Thumb Code     0  da14531_symbols.txt ABSOLUTE
    uECC_vli_numBits                         0x07f1ce19   Thumb Code     0  da14531_symbols.txt ABSOLUTE
    uECC_vli_set                             0x07f1ce53   Thumb Code     0  da14531_symbols.txt ABSOLUTE
    uECC_vli_equal                           0x07f1ce91   Thumb Code     0  da14531_symbols.txt ABSOLUTE
    uECC_vli_cmp                             0x07f1ceb5   Thumb Code     0  da14531_symbols.txt ABSOLUTE
    uECC_vli_rshift1                         0x07f1ceeb   Thumb Code     0  da14531_symbols.txt ABSOLUTE
    uECC_vli_square                          0x07f1cf09   Thumb Code     0  da14531_symbols.txt ABSOLUTE
    uECC_vli_modAdd                          0x07f1cf15   Thumb Code     0  da14531_symbols.txt ABSOLUTE
    uECC_vli_modSub                          0x07f1cf43   Thumb Code     0  da14531_symbols.txt ABSOLUTE
    uECC_vli_mmod                            0x07f1cf63   Thumb Code     0  da14531_symbols.txt ABSOLUTE
    uECC_vli_modMult                         0x07f1d06d   Thumb Code     0  da14531_symbols.txt ABSOLUTE
    uECC_vli_modMult_fast                    0x07f1d08f   Thumb Code     0  da14531_symbols.txt ABSOLUTE
    uECC_vli_modSquare                       0x07f1d0af   Thumb Code     0  da14531_symbols.txt ABSOLUTE
    uECC_vli_modSquare_fast                  0x07f1d0bd   Thumb Code     0  da14531_symbols.txt ABSOLUTE
    uECC_vli_modInv                          0x07f1d0fd   Thumb Code     0  da14531_symbols.txt ABSOLUTE
    uECC_secp256r1                           0x07f1d439   Thumb Code     0  da14531_symbols.txt ABSOLUTE
    uECC_vli_nativeToBytes                   0x07f1da37   Thumb Code     0  da14531_symbols.txt ABSOLUTE
    uECC_vli_bytesToNative                   0x07f1da59   Thumb Code     0  da14531_symbols.txt ABSOLUTE
    uECC_generate_random_int                 0x07f1da97   Thumb Code     0  da14531_symbols.txt ABSOLUTE
    uECC_make_key                            0x07f1daf9   Thumb Code     0  da14531_symbols.txt ABSOLUTE
    uECC_shared_secret                       0x07f1db77   Thumb Code     0  da14531_symbols.txt ABSOLUTE
    uECC_compress                            0x07f1dc33   Thumb Code     0  da14531_symbols.txt ABSOLUTE
    uECC_decompress                          0x07f1dc61   Thumb Code     0  da14531_symbols.txt ABSOLUTE
    uECC_valid_point                         0x07f1dcd1   Thumb Code     0  da14531_symbols.txt ABSOLUTE
    uECC_valid_public_key                    0x07f1dd33   Thumb Code     0  da14531_symbols.txt ABSOLUTE
    uECC_compute_public_key                  0x07f1dd67   Thumb Code     0  da14531_symbols.txt ABSOLUTE
    uECC_sign                                0x07f1dfed   Thumb Code     0  da14531_symbols.txt ABSOLUTE
    uECC_sign_deterministic                  0x07f1e0d3   Thumb Code     0  da14531_symbols.txt ABSOLUTE
    uECC_verify                              0x07f1e241   Thumb Code     0  da14531_symbols.txt ABSOLUTE
    uECC_curve_num_words                     0x07f1e4ed   Thumb Code     0  da14531_symbols.txt ABSOLUTE
    uECC_curve_num_bytes                     0x07f1e4f5   Thumb Code     0  da14531_symbols.txt ABSOLUTE
    uECC_curve_num_bits                      0x07f1e4fd   Thumb Code     0  da14531_symbols.txt ABSOLUTE
    uECC_curve_num_n_words                   0x07f1e505   Thumb Code     0  da14531_symbols.txt ABSOLUTE
    uECC_curve_num_n_bytes                   0x07f1e515   Thumb Code     0  da14531_symbols.txt ABSOLUTE
    uECC_curve_num_n_bits                    0x07f1e525   Thumb Code     0  da14531_symbols.txt ABSOLUTE
    uECC_curve_p                             0x07f1e52d   Thumb Code     0  da14531_symbols.txt ABSOLUTE
    uECC_curve_n                             0x07f1e531   Thumb Code     0  da14531_symbols.txt ABSOLUTE
    uECC_curve_G                             0x07f1e535   Thumb Code     0  da14531_symbols.txt ABSOLUTE
    uECC_curve_b                             0x07f1e539   Thumb Code     0  da14531_symbols.txt ABSOLUTE
    uECC_vli_mod_sqrt                        0x07f1e53d   Thumb Code     0  da14531_symbols.txt ABSOLUTE
    uECC_vli_mmod_fast                       0x07f1e543   Thumb Code     0  da14531_symbols.txt ABSOLUTE
    uECC_point_mult                          0x07f1e549   Thumb Code     0  da14531_symbols.txt ABSOLUTE
    __aeabi_uidiv                            0x07f1e61d   Thumb Code     0  da14531_symbols.txt ABSOLUTE
    __aeabi_uidivmod                         0x07f1e61d   Thumb Code     0  da14531_symbols.txt ABSOLUTE
    __aeabi_idiv                             0x07f1e649   Thumb Code     0  da14531_symbols.txt ABSOLUTE
    __aeabi_idivmod                          0x07f1e649   Thumb Code     0  da14531_symbols.txt ABSOLUTE
    __aeabi_lmul                             0x07f1e671   Thumb Code     0  da14531_symbols.txt ABSOLUTE
    _ll_mul                                  0x07f1e671   Thumb Code     0  da14531_symbols.txt ABSOLUTE
    rand                                     0x07f1e6ed   Thumb Code     0  da14531_symbols.txt ABSOLUTE
    srand                                    0x07f1e6ff   Thumb Code     0  da14531_symbols.txt ABSOLUTE
    __aeabi_memcpy                           0x07f1e711   Thumb Code     0  da14531_symbols.txt ABSOLUTE
    __aeabi_memcpy4                          0x07f1e711   Thumb Code     0  da14531_symbols.txt ABSOLUTE
    __aeabi_memcpy8                          0x07f1e711   Thumb Code     0  da14531_symbols.txt ABSOLUTE
    __aeabi_memset                           0x07f1e735   Thumb Code     0  da14531_symbols.txt ABSOLUTE
    __aeabi_memset4                          0x07f1e735   Thumb Code     0  da14531_symbols.txt ABSOLUTE
    __aeabi_memset8                          0x07f1e735   Thumb Code     0  da14531_symbols.txt ABSOLUTE
    __aeabi_memclr                           0x07f1e743   Thumb Code     0  da14531_symbols.txt ABSOLUTE
    __aeabi_memclr4                          0x07f1e743   Thumb Code     0  da14531_symbols.txt ABSOLUTE
    __aeabi_memclr8                          0x07f1e743   Thumb Code     0  da14531_symbols.txt ABSOLUTE
    _memset$wrapper                          0x07f1e747   Thumb Code     0  da14531_symbols.txt ABSOLUTE
    memcmp                                   0x07f1e759   Thumb Code     0  da14531_symbols.txt ABSOLUTE
    __aeabi_uread4                           0x07f1e773   Thumb Code     0  da14531_symbols.txt ABSOLUTE
    __rt_uread4                              0x07f1e773   Thumb Code     0  da14531_symbols.txt ABSOLUTE
    _uread4                                  0x07f1e773   Thumb Code     0  da14531_symbols.txt ABSOLUTE
    __aeabi_uwrite4                          0x07f1e787   Thumb Code     0  da14531_symbols.txt ABSOLUTE
    __rt_uwrite4                             0x07f1e787   Thumb Code     0  da14531_symbols.txt ABSOLUTE
    _uwrite4                                 0x07f1e787   Thumb Code     0  da14531_symbols.txt ABSOLUTE
    __aeabi_llsl                             0x07f1e799   Thumb Code     0  da14531_symbols.txt ABSOLUTE
    _ll_shift_l                              0x07f1e799   Thumb Code     0  da14531_symbols.txt ABSOLUTE
    __ARM_common_switch8                     0x07f1e7b9   Thumb Code     0  da14531_symbols.txt ABSOLUTE
    uart_api                                 0x07f1e7d4   Data           0  da14531_symbols.txt ABSOLUTE
    co_sca2ppm                               0x07f1e7e4   Data           0  da14531_symbols.txt ABSOLUTE
    co_null_bdaddr                           0x07f1e7f4   Data           0  da14531_symbols.txt ABSOLUTE
    co_default_bdaddr                        0x07f1e7fa   Data           0  da14531_symbols.txt ABSOLUTE
    llc_state_handler                        0x07f1ea80   Data           0  da14531_symbols.txt ABSOLUTE
    llc_default_handler                      0x07f1eb50   Data           0  da14531_symbols.txt ABSOLUTE
    llm_local_cmds                           0x07f1eb80   Data           0  da14531_symbols.txt ABSOLUTE
    llm_local_le_states                      0x07f1ebc0   Data           0  da14531_symbols.txt ABSOLUTE
    llm_state_handler                        0x07f1eda8   Data           0  da14531_symbols.txt ABSOLUTE
    llm_default_handler                      0x07f1edd8   Data           0  da14531_symbols.txt ABSOLUTE
    LLM_AA_CT1                               0x07f1ede0   Data           0  da14531_symbols.txt ABSOLUTE
    LLM_AA_CT2                               0x07f1ede3   Data           0  da14531_symbols.txt ABSOLUTE
    ecc_p256_G                               0x07f1ede5   Data           0  da14531_symbols.txt ABSOLUTE
    gtl_default_state                        0x07f1ee38   Data           0  da14531_symbols.txt ABSOLUTE
    gtl_default_handler                      0x07f1ee40   Data           0  da14531_symbols.txt ABSOLUTE
    hci_cmd_desc_tab_lk_ctrl                 0x07f1ee4c   Data           0  da14531_symbols.txt ABSOLUTE
    hci_cmd_desc_tab_ctrl_bb                 0x07f1ee70   Data           0  da14531_symbols.txt ABSOLUTE
    hci_cmd_desc_tab_info_par                0x07f1eee8   Data           0  da14531_symbols.txt ABSOLUTE
    hci_cmd_desc_tab_stat_par                0x07f1ef24   Data           0  da14531_symbols.txt ABSOLUTE
    hci_cmd_desc_tab_le                      0x07f1ef30   Data           0  da14531_symbols.txt ABSOLUTE
    hci_cmd_desc_tab_vs                      0x07f1f170   Data           0  da14531_symbols.txt ABSOLUTE
    rom_hci_cmd_desc_root_tab                0x07f1f2b4   Data           0  da14531_symbols.txt ABSOLUTE
    hci_evt_desc_tab                         0x07f1f2e4   Data           0  da14531_symbols.txt ABSOLUTE
    hci_evt_le_desc_tab                      0x07f1f32c   Data           0  da14531_symbols.txt ABSOLUTE
    attc_handlers                            0x07f1f39c   Data           0  da14531_symbols.txt ABSOLUTE
    atts_handlers                            0x07f1f40c   Data           0  da14531_symbols.txt ABSOLUTE
    gattc_default_state                      0x07f1f48c   Data           0  da14531_symbols.txt ABSOLUTE
    gattc_default_handler                    0x07f1f56c   Data           0  da14531_symbols.txt ABSOLUTE
    gattm_default_state                      0x07f1f5b8   Data           0  da14531_symbols.txt ABSOLUTE
    gattm_default_handler                    0x07f1f610   Data           0  da14531_symbols.txt ABSOLUTE
    l2cc_default_state                       0x07f1f628   Data           0  da14531_symbols.txt ABSOLUTE
    l2cc_default_handler                     0x07f1f640   Data           0  da14531_symbols.txt ABSOLUTE
    const_Rb                                 0x07f1f661   Data           0  da14531_symbols.txt ABSOLUTE
    const_Zero                               0x07f1f671   Data           0  da14531_symbols.txt ABSOLUTE
    gapc_default_state                       0x07f1f694   Data           0  da14531_symbols.txt ABSOLUTE
    gapc_default_handler                     0x07f1f7e4   Data           0  da14531_symbols.txt ABSOLUTE
    gapm_default_state                       0x07f1f880   Data           0  da14531_symbols.txt ABSOLUTE
    gapm_default_handler                     0x07f1f968   Data           0  da14531_symbols.txt ABSOLUTE
    smpc_construct_pdu                       0x07f1fa8c   Data           0  da14531_symbols.txt ABSOLUTE
    arch_printf_flush                        0x07f20265   Thumb Code     0  da14531_symbols.txt ABSOLUTE
    arch_vprintf                             0x07f2031d   Thumb Code     0  da14531_symbols.txt ABSOLUTE
    arch_printf                              0x07f2037d   Thumb Code     0  da14531_symbols.txt ABSOLUTE
    arch_puts                                0x07f20391   Thumb Code     0  da14531_symbols.txt ABSOLUTE
    arch_printf_process                      0x07f203a1   Thumb Code     0  da14531_symbols.txt ABSOLUTE
    nvds_get_func                            0x07f2044d   Thumb Code     0  da14531_symbols.txt ABSOLUTE
    nvds_init_func                           0x07f20529   Thumb Code     0  da14531_symbols.txt ABSOLUTE
    nvds_del_func                            0x07f2052d   Thumb Code     0  da14531_symbols.txt ABSOLUTE
    nvds_put_func                            0x07f20531   Thumb Code     0  da14531_symbols.txt ABSOLUTE
    csprng_seed                              0x07f205c9   Thumb Code     0  da14531_symbols.txt ABSOLUTE
    csprng_get_next_uint32                   0x07f205f9   Thumb Code     0  da14531_symbols.txt ABSOLUTE
    trng_acquire                             0x07f206a1   Thumb Code     0  da14531_symbols.txt ABSOLUTE
    prf_init_func                            0x07f206d1   Thumb Code     0  da14531_symbols.txt ABSOLUTE
    prf_add_profile_func                     0x07f20751   Thumb Code     0  da14531_symbols.txt ABSOLUTE
    prf_create_func                          0x07f207f5   Thumb Code     0  da14531_symbols.txt ABSOLUTE
    prf_cleanup_func                         0x07f20831   Thumb Code     0  da14531_symbols.txt ABSOLUTE
    prf_env_get                              0x07f20871   Thumb Code     0  da14531_symbols.txt ABSOLUTE
    prf_src_task_get                         0x07f2089d   Thumb Code     0  da14531_symbols.txt ABSOLUTE
    prf_dst_task_get                         0x07f208ad   Thumb Code     0  da14531_symbols.txt ABSOLUTE
    prf_get_id_from_task_func                0x07f208c1   Thumb Code     0  da14531_symbols.txt ABSOLUTE
    prf_get_task_from_id_func                0x07f208f9   Thumb Code     0  da14531_symbols.txt ABSOLUTE
    prf_reset_func                           0x07f20931   Thumb Code     0  da14531_symbols.txt ABSOLUTE
    prf_pack_char_pres_fmt                   0x07f209a1   Thumb Code     0  da14531_symbols.txt ABSOLUTE
    prf_pack_date_time                       0x07f209bf   Thumb Code     0  da14531_symbols.txt ABSOLUTE
    prf_unpack_date_time                     0x07f209df   Thumb Code     0  da14531_symbols.txt ABSOLUTE
    diss_compute_cfg_flag                    0x07f20a01   Thumb Code     0  da14531_symbols.txt ABSOLUTE
    diss_handle_to_value                     0x07f20ad3   Thumb Code     0  da14531_symbols.txt ABSOLUTE
    diss_value_to_handle                     0x07f20b03   Thumb Code     0  da14531_symbols.txt ABSOLUTE
    diss_check_val_len                       0x07f20b37   Thumb Code     0  da14531_symbols.txt ABSOLUTE
    diss_prf_itf_get                         0x07f20b6d   Thumb Code     0  da14531_symbols.txt ABSOLUTE
    bass_get_att_handle                      0x07f20ecb   Thumb Code     0  da14531_symbols.txt ABSOLUTE
    bass_get_att_idx                         0x07f20f81   Thumb Code     0  da14531_symbols.txt ABSOLUTE
    bass_exe_operation                       0x07f20feb   Thumb Code     0  da14531_symbols.txt ABSOLUTE
    bass_prf_itf_get                         0x07f210ed   Thumb Code     0  da14531_symbols.txt ABSOLUTE
    suotar_prf_itf_get                       0x07f216d9   Thumb Code     0  da14531_symbols.txt ABSOLUTE
    check_client_char_cfg                    0x07f219d5   Thumb Code     0  da14531_symbols.txt ABSOLUTE
    get_value_handle                         0x07f219ff   Thumb Code     0  da14531_symbols.txt ABSOLUTE
    get_cfg_handle                           0x07f21a4b   Thumb Code     0  da14531_symbols.txt ABSOLUTE
    custs1_get_att_handle                    0x07f21aad   Thumb Code     0  da14531_symbols.txt ABSOLUTE
    custs1_get_att_idx                       0x07f21ac9   Thumb Code     0  da14531_symbols.txt ABSOLUTE
    custs1_prf_itf_get                       0x07f21ca1   Thumb Code     0  da14531_symbols.txt ABSOLUTE
    custs1_init_ccc_values                   0x07f21d53   Thumb Code     0  da14531_symbols.txt ABSOLUTE
    custs1_set_ccc_value                     0x07f21d8b   Thumb Code     0  da14531_symbols.txt ABSOLUTE
    attm_svc_create_db_128                   0x07f22299   Thumb Code     0  da14531_symbols.txt ABSOLUTE
    app_entry_point_handler                  0x07f22911   Thumb Code     0  da14531_symbols.txt ABSOLUTE
    app_std_process_event                    0x07f22959   Thumb Code     0  da14531_symbols.txt ABSOLUTE
    app_timer_api_process_handler            0x07f229f1   Thumb Code     0  da14531_symbols.txt ABSOLUTE
    app_easy_timer                           0x07f22a9d   Thumb Code     0  da14531_symbols.txt ABSOLUTE
    app_easy_timer_cancel                    0x07f22aed   Thumb Code     0  da14531_symbols.txt ABSOLUTE
    app_easy_timer_modify                    0x07f22b51   Thumb Code     0  da14531_symbols.txt ABSOLUTE
    app_easy_timer_cancel_all                0x07f22bdd   Thumb Code     0  da14531_symbols.txt ABSOLUTE
    app_get_address_type                     0x07f22ccd   Thumb Code     0  da14531_symbols.txt ABSOLUTE
    app_fill_random_byte_array               0x07f22cf9   Thumb Code     0  da14531_symbols.txt ABSOLUTE
    __aeabi_ldivmod                          0x07f23339   Thumb Code     0  da14531_symbols.txt ABSOLUTE
    __aeabi_llsr                             0x07f23385   Thumb Code     0  da14531_symbols.txt ABSOLUTE
    _ll_ushift_r                             0x07f23385   Thumb Code     0  da14531_symbols.txt ABSOLUTE
    __aeabi_uldivmod                         0x07f233a7   Thumb Code     0  da14531_symbols.txt ABSOLUTE
    app_db_init_start                        0x07f23409   Thumb Code     0  da14531_symbols.txt ABSOLUTE
    app_db_init                              0x07f23425   Thumb Code     0  da14531_symbols.txt ABSOLUTE
    app_easy_gap_confirm                     0x07f23431   Thumb Code     0  da14531_symbols.txt ABSOLUTE
    append_device_name                       0x07f2345d   Thumb Code     0  da14531_symbols.txt ABSOLUTE
    app_easy_gap_update_adv_data             0x07f23481   Thumb Code     0  da14531_symbols.txt ABSOLUTE
    app_easy_gap_disconnect                  0x07f234c9   Thumb Code     0  da14531_symbols.txt ABSOLUTE
    app_easy_gap_advertise_stop              0x07f23505   Thumb Code     0  da14531_symbols.txt ABSOLUTE
    active_conidx_to_conhdl                  0x07f23521   Thumb Code     0  da14531_symbols.txt ABSOLUTE
    active_conhdl_to_conidx                  0x07f2354d   Thumb Code     0  da14531_symbols.txt ABSOLUTE
    app_timer_set                            0x07f23589   Thumb Code     0  da14531_symbols.txt ABSOLUTE
    app_easy_gap_set_data_packet_length      0x07f235a5   Thumb Code     0  da14531_symbols.txt ABSOLUTE
    get_user_prf_srv_perm                    0x07f235e1   Thumb Code     0  da14531_symbols.txt ABSOLUTE
    app_set_prf_srv_perm                     0x07f23609   Thumb Code     0  da14531_symbols.txt ABSOLUTE
    prf_init_srv_perm                        0x07f23639   Thumb Code     0  da14531_symbols.txt ABSOLUTE
    app_gattc_svc_changed_cmd_send           0x07f2365d   Thumb Code     0  da14531_symbols.txt ABSOLUTE
    app_gap_process_handlers                 0x07f23ee8   Data           0  da14531_symbols.txt ABSOLUTE
    app_default_handler                      0x07f23f58   Data           0  da14531_symbols.txt ABSOLUTE
    gap_cfg_user_var_struct                  0x07f23f60   Data           0  da14531_symbols.txt ABSOLUTE
    __Vectors                                0x07fc0000   Data           4  startup_da14531.o(RESET)
    __Vectors_End                            0x07fc00a0   Data           0  startup_da14531.o(RESET)
    Image$$ER_IROM3$$Base                    0x07fc0110   Number         0  anon$$obj.o ABSOLUTE
    __main                                   0x07fc0111   Thumb Code     0  entry.o(.ARM.Collect$$$$00000000)
    _main_stk                                0x07fc0111   Thumb Code     0  entry2.o(.ARM.Collect$$$$00000001)
    _main_scatterload                        0x07fc0115   Thumb Code     0  entry5.o(.ARM.Collect$$$$00000004)
    __main_after_scatterload                 0x07fc0119   Thumb Code     0  entry5.o(.ARM.Collect$$$$00000004)
    _main_clock                              0x07fc0119   Thumb Code     0  entry7b.o(.ARM.Collect$$$$00000008)
    _main_cpp_init                           0x07fc0119   Thumb Code     0  entry8b.o(.ARM.Collect$$$$0000000A)
    _main_init                               0x07fc0119   Thumb Code     0  entry9a.o(.ARM.Collect$$$$0000000B)
    __rt_final_cpp                           0x07fc0121   Thumb Code     0  entry10a.o(.ARM.Collect$$$$0000000D)
    __rt_final_exit                          0x07fc0121   Thumb Code     0  entry11a.o(.ARM.Collect$$$$0000000F)
    SystemInit                               0x07fc0157   Thumb Code    50  system_da14531.o(.text)
    Reset_Handler                            0x07fc0191   Thumb Code     8  startup_da14531.o(.text)
    SVC_Handler                              0x07fc01c9   Thumb Code     2  startup_da14531.o(.text)
    PendSV_Handler                           0x07fc01cb   Thumb Code     2  startup_da14531.o(.text)
    BLE_RF_DIAG_Handler                      0x07fc01cf   Thumb Code     0  startup_da14531.o(.text)
    DMA_Handler                              0x07fc01cf   Thumb Code     0  startup_da14531.o(.text)
    KEYBRD_Handler                           0x07fc01cf   Thumb Code     0  startup_da14531.o(.text)
    RESERVED21_Handler                       0x07fc01cf   Thumb Code     0  startup_da14531.o(.text)
    RESERVED22_Handler                       0x07fc01cf   Thumb Code     0  startup_da14531.o(.text)
    RESERVED23_Handler                       0x07fc01cf   Thumb Code     0  startup_da14531.o(.text)
    RFCAL_Handler                            0x07fc01cf   Thumb Code     0  startup_da14531.o(.text)
    RTC_Handler                              0x07fc01cf   Thumb Code     0  startup_da14531.o(.text)
    SPI_Handler                              0x07fc01cf   Thumb Code     0  startup_da14531.o(.text)
    SWTIM1_Handler                           0x07fc01cf   Thumb Code     0  startup_da14531.o(.text)
    SWTIM_Handler                            0x07fc01cf   Thumb Code     0  startup_da14531.o(.text)
    XTAL32M_RDY_Handler                      0x07fc01cf   Thumb Code     0  startup_da14531.o(.text)
    HardFault_HandlerC                       0x07fc01e1   Thumb Code   190  hardfault_handler.o(.text)
    NMI_HandlerC                             0x07fc02b1   Thumb Code   270  nmi_handler.o(.text)
    patched_nvds_get_func                    0x07fc03d5   Thumb Code    74  nvds.o(.text)
    main                                     0x07fc05c5   Thumb Code   194  arch_main.o(.text)
    crypto_init_func                         0x07fc092d   Thumb Code     2  jump_table.o(.text)
    ba431_get_rand_func                      0x07fc092f   Thumb Code    34  jump_table.o(.text)
    dia_rand_func                            0x07fc0951   Thumb Code     8  jump_table.o(.text)
    dia_srand_func                           0x07fc0959   Thumb Code    12  jump_table.o(.text)
    dbg_init_func_empty                      0x07fc0965   Thumb Code     2  jump_table.o(.text)
    dbg_platform_reset_complete_func_empty   0x07fc0967   Thumb Code     2  jump_table.o(.text)
    smpm_ecdh_key_create_func_empty          0x07fc0969   Thumb Code     2  jump_table.o(.text)
    platform_reset_func                      0x07fc096b   Thumb Code    38  jump_table.o(.text)
    arch_disable_sleep                       0x07fc0995   Thumb Code    26  arch_sleep.o(.text)
    arch_set_extended_sleep                  0x07fc09af   Thumb Code    50  arch_sleep.o(.text)
    arch_set_sleep_mode                      0x07fc09e1   Thumb Code    46  arch_sleep.o(.text)
    arch_ble_ext_wakeup_get                  0x07fc0a0f   Thumb Code     6  arch_sleep.o(.text)
    arch_ble_force_wakeup                    0x07fc0a15   Thumb Code    82  arch_sleep.o(.text)
    read_rcx_freq                            0x07fc0a81   Thumb Code   120  arch_system.o(.text)
    calibrate_rcx20                          0x07fc0af9   Thumb Code    38  arch_system.o(.text)
    lld_sleep_lpcycles_2_us_rcx_func         0x07fc0c9f   Thumb Code    50  arch_system.o(.text)
    lld_sleep_lpcycles_2_us_sel_func         0x07fc0cd1   Thumb Code    64  arch_system.o(.text)
    set_sleep_delay                          0x07fc0d11   Thumb Code    24  arch_system.o(.text)
    conditionally_run_radio_cals             0x07fc0d29   Thumb Code   172  arch_system.o(.text)
    lld_sleep_us_2_lpcycles_rcx_func         0x07fc0dd5   Thumb Code    28  arch_system.o(.text)
    lld_sleep_us_2_lpcycles_sel_func         0x07fc0df1   Thumb Code    64  arch_system.o(.text)
    check_sys_startup_period                 0x07fc0e31   Thumb Code   152  arch_system.o(.text)
    app_use_lower_clocks_check               0x07fc0ec9   Thumb Code     4  arch_system.o(.text)
    lld_sleep_init_func                      0x07fc0ecd   Thumb Code    38  arch_system.o(.text)
    set_xtal32m_trim_value                   0x07fc0ef3   Thumb Code   128  arch_system.o(.text)
    reset_indication                         0x07fc0f73   Thumb Code     2  arch_system.o(.text)
    system_init                              0x07fc0f75   Thumb Code   998  arch_system.o(.text)
    arch_rom_init                            0x07fc1371   Thumb Code   298  arch_rom.o(.text)
    otp_cs_store                             0x07fc152d   Thumb Code   712  otp_cs.o(.text)
    otp_cs_load_pd_rad                       0x07fc17f5   Thumb Code   136  otp_cs.o(.text)
    otp_cs_load_pd_adpll                     0x07fc187d   Thumb Code    96  otp_cs.o(.text)
    otp_cs_get_adc_trim_val                  0x07fc18dd   Thumb Code     6  otp_cs.o(.text)
    otp_cs_get_adc_25_cal                    0x07fc18e3   Thumb Code     6  otp_cs.o(.text)
    otp_cs_is_xtal32m_trim_present           0x07fc18e9   Thumb Code     6  otp_cs.o(.text)
    otp_cs_get_xtal_wait_trim                0x07fc18ef   Thumb Code     6  otp_cs.o(.text)
    otp_cs_get_adc_single_ge                 0x07fc1921   Thumb Code    10  otp_cs.o(.text)
    otp_cs_get_adc_single_offset             0x07fc1931   Thumb Code    10  otp_cs.o(.text)
    otp_cs_get_adc_diff_ge                   0x07fc1941   Thumb Code    10  otp_cs.o(.text)
    otp_cs_get_adc_diff_offset               0x07fc1951   Thumb Code    10  otp_cs.o(.text)
    otp_cs_get_adc_offsh_ge                  0x07fc1961   Thumb Code    10  otp_cs.o(.text)
    otp_cs_get_adc_offsh_offset              0x07fc1971   Thumb Code    10  otp_cs.o(.text)
    otp_hdr_get_bd_address                   0x07fc1981   Thumb Code    16  otp_hdr.o(.text)
    syscntl_use_lowest_amba_clocks           0x07fc1995   Thumb Code    32  syscntl.o(.text)
    syscntl_use_highest_amba_clocks          0x07fc19b5   Thumb Code    28  syscntl.o(.text)
    syscntl_cfg_xtal32m_amp_reg              0x07fc19d1   Thumb Code    20  syscntl.o(.text)
    syscntl_dcdc_get_level                   0x07fc1a31   Thumb Code    30  syscntl.o(.text)
    syscntl_dcdc_set_level                   0x07fc1a4f   Thumb Code    42  syscntl.o(.text)
    syscntl_dcdc_turn_on_in_boost            0x07fc1a79   Thumb Code   106  syscntl.o(.text)
    GPIO_init                                0x07fc1af5   Thumb Code   280  gpio.o(.text)
    GPIO_ResetIRQ                            0x07fc1c2f   Thumb Code    46  gpio.o(.text)
    GPIOn_Handler                            0x07fc1c5d   Thumb Code    62  gpio.o(.text)
    GPIO0_Handler                            0x07fc1c9b   Thumb Code    10  gpio.o(.text)
    GPIO1_Handler                            0x07fc1ca5   Thumb Code    10  gpio.o(.text)
    GPIO2_Handler                            0x07fc1caf   Thumb Code    10  gpio.o(.text)
    GPIO3_Handler                            0x07fc1cb9   Thumb Code    10  gpio.o(.text)
    GPIO4_Handler                            0x07fc1cc3   Thumb Code    10  gpio.o(.text)
    WKUP_QUADEC_Handler                      0x07fc1d4b   Thumb Code   268  wkupct_quadec.o(.text)
    adc_temp_sensor_disable                  0x07fc1ea3   Thumb Code    16  adc_531.o(.text)
    adc_temp_sensor_enable                   0x07fc1eb3   Thumb Code    34  adc_531.o(.text)
    adc_set_diff_input                       0x07fc1ed5   Thumb Code    16  adc_531.o(.text)
    adc_set_se_input                         0x07fc1ee5   Thumb Code    18  adc_531.o(.text)
    adc_enable                               0x07fc20bb   Thumb Code    16  adc_531.o(.text)
    adc_init                                 0x07fc20cb   Thumb Code    60  adc_531.o(.text)
    adc_start                                0x07fc2107   Thumb Code    16  adc_531.o(.text)
    adc_get_sample                           0x07fc2117   Thumb Code    40  adc_531.o(.text)
    ADC_Handler                              0x07fc213f   Thumb Code    28  adc_531.o(.text)
    adc_get_temp                             0x07fc21d7   Thumb Code    92  adc_531.o(.text)
    init_rand_seed_from_trng                 0x07fc22a7   Thumb Code   106  trng.o(.text)
    SysTick_Handler                          0x07fc2321   Thumb Code    18  systick.o(.text)
    UART2_Handler                            0x07fc2517   Thumb Code    10  uart.o(.text)
    hw_otpc_enter_mode                       0x07fc256b   Thumb Code   120  hw_otpc_531.o(.text)
    hw_otpc_is_dcdc_reserved                 0x07fc25e3   Thumb Code     6  hw_otpc_531.o(.text)
    hw_otpc_set_speed                        0x07fc25e9   Thumb Code    38  hw_otpc_531.o(.text)
    hw_otpc_init                             0x07fc260f   Thumb Code   140  hw_otpc_531.o(.text)
    hw_otpc_disable                          0x07fc26e9   Thumb Code   170  hw_otpc_531.o(.text)
    i2c_register_int                         0x07fc27b5   Thumb Code    14  i2c.o(.text)
    i2c_unregister_int                       0x07fc27cd   Thumb Code    18  i2c.o(.text)
    I2C_Handler                              0x07fc2b13   Thumb Code    20  i2c.o(.text)
    lld_sleep_compensate_func                0x07fc2b99   Thumb Code    54  rwble.o(.text)
    power_up                                 0x07fc2bcf   Thumb Code   130  rwble.o(.text)
    BLE_WAKEUP_LP_Handler                    0x07fc2c51   Thumb Code   118  rwble.o(.text)
    rwble_isr                                0x07fc2cc7   Thumb Code   444  rwble.o(.text)
    patched_ble_regs_push                    0x07fc2f13   Thumb Code    16  rwip.o(.text)
    patched_ble_regs_pop                     0x07fc2f23   Thumb Code    16  rwip.o(.text)
    rwip_sleep                               0x07fc2f33   Thumb Code   720  rwip.o(.text)
    rf_reg_rd                                0x07fc3251   Thumb Code     6  ble_arp.o(.text)
    rf_reg_wr                                0x07fc3257   Thumb Code     2  ble_arp.o(.text)
    rf_init_func                             0x07fc3465   Thumb Code   184  ble_arp.o(.text)
    rf_reinit_func                           0x07fc351d   Thumb Code   152  ble_arp.o(.text)
    ble_init_arp_func                        0x07fc35b5   Thumb Code    58  ble_arp.o(.text)
    set_recommended_settings                 0x07fc363d   Thumb Code   544  rf_531.o(.text)
    dis_adpll                                0x07fc385d   Thumb Code    58  rf_531.o(.text)
    kdtc_cal_end                             0x07fc3897   Thumb Code    90  rf_531.o(.text)
    dis_kdtc_cal                             0x07fc38f1   Thumb Code    14  rf_531.o(.text)
    en_hclk                                  0x07fc38ff   Thumb Code     8  rf_531.o(.text)
    en_adpll_tx                              0x07fc3907   Thumb Code    78  rf_531.o(.text)
    dis_hclk                                 0x07fc3955   Thumb Code    28  rf_531.o(.text)
    en_kdtc_cal_mod0                         0x07fc3971   Thumb Code    28  rf_531.o(.text)
    en_kdtc_cal_mod1                         0x07fc398d   Thumb Code     8  rf_531.o(.text)
    kdtc_cal_init                            0x07fc3995   Thumb Code   240  rf_531.o(.text)
    kdtc_calibration                         0x07fc3a85   Thumb Code   376  rf_531.o(.text)
    rf_calibration                           0x07fc3bfd   Thumb Code     8  rf_531.o(.text)
    rf_power_up                              0x07fc3c05   Thumb Code     2  rf_531.o(.text)
    rf_adplldig_activate                     0x07fc3c07   Thumb Code    34  rf_531.o(.text)
    rf_adplldig_deactivate                   0x07fc3c29   Thumb Code    12  rf_531.o(.text)
    rf_pa_pwr_set                            0x07fc3c35   Thumb Code     6  rf_531.o(.text)
    rf_pa_pwr_get                            0x07fc3c3b   Thumb Code     6  rf_531.o(.text)
    rf_nfm_is_enabled                        0x07fc3c41   Thumb Code     6  rf_531.o(.text)
    default_app_on_init                      0x07fc3c61   Thumb Code    18  app_default_handlers.o(.text)
    default_app_on_set_dev_config_complete   0x07fc3c73   Thumb Code    26  app_default_handlers.o(.text)
    default_app_on_db_init_complete          0x07fc3c8d   Thumb Code    18  app_default_handlers.o(.text)
    default_app_generate_static_random_addr  0x07fc3c9f   Thumb Code    96  app_default_handlers.o(.text)
    default_app_on_pairing_request           0x07fc3cff   Thumb Code    16  app_default_handlers.o(.text)
    default_app_on_tk_exch                   0x07fc3d0f   Thumb Code    84  app_default_handlers.o(.text)
    default_app_on_ltk_exch                  0x07fc3d63   Thumb Code    28  app_default_handlers.o(.text)
    app_db_init_next                         0x07fc3dc3   Thumb Code   268  app.o(.text)
    app_init                                 0x07fc4295   Thumb Code    88  app.o(.text)
    app_easy_gap_non_connectable_advertise_get_active 0x07fc42ed   Thumb Code     8  app.o(.text)
    app_easy_gap_non_connectable_advertise_start 0x07fc42f5   Thumb Code    46  app.o(.text)
    app_easy_gap_dev_configure               0x07fc4323   Thumb Code    26  app.o(.text)
    app_gap_process_handler                  0x07fc438f   Thumb Code    68  app_task.o(.text)
    app_sec_gen_ltk                          0x07fc43e1   Thumb Code    92  app_security.o(.text)
    app_sec_process_handler                  0x07fc46d5   Thumb Code    38  app_security_task.o(.text)
    app_dis_init                             0x07fc470d   Thumb Code     2  app_diss.o(.text)
    app_diss_create_db                       0x07fc470f   Thumb Code    58  app_diss.o(.text)
    app_diss_process_handler                 0x07fc47ef   Thumb Code    38  app_diss_task.o(.text)
    app_check_BLE_active                     0x07fc4869   Thumb Code    52  app_msg_utils.o(.text)
    app_msg_utils_api_process_handler        0x07fc4911   Thumb Code    40  app_easy_msg_utils.o(.text)
    app_easy_security_send_pairing_rsp       0x07fc4941   Thumb Code    92  app_easy_security.o(.text)
    app_easy_security_tk_exch                0x07fc49d9   Thumb Code    68  app_easy_security.o(.text)
    app_easy_security_ltk_exch               0x07fc4a5d   Thumb Code    28  app_easy_security.o(.text)
    app_easy_security_set_ltk_exch_from_sec_env 0x07fc4a79   Thumb Code    78  app_easy_security.o(.text)
    custs_get_func_callbacks                 0x07fc4ae1   Thumb Code    44  app_customs.o(.text)
    app_custs1_create_db                     0x07fc4b0d   Thumb Code    58  app_customs.o(.text)
    app_custs1_process_handler               0x07fc4b51   Thumb Code    36  app_customs_task.o(.text)
    GPIO_reservations                        0x07fc4b75   Thumb Code     2  user_periph_setup.o(.text)
    set_pad_functions                        0x07fc4b77   Thumb Code     2  user_periph_setup.o(.text)
    periph_init                              0x07fc4b79   Thumb Code    34  user_periph_setup.o(.text)
    user_app_adv_start                       0x07fc4d37   Thumb Code    72  user_simple_beacon.o(.text)
    user_app_adv_nonconn_complete            0x07fc4d7f   Thumb Code    86  user_simple_beacon.o(.text)
    JT_lld_test_mode_rx_func                 0x07fc4e55   Thumb Code   146  patch.o(.text)
    patch_func                               0x07fc4ee7   Thumb Code    52  patch.o(.text)
    patch_global_vars_init                   0x07fc4f1b   Thumb Code     2  patch.o(.text)
    __scatterload                            0x07fc4f49   Thumb Code    28  init.o(.text)
    __scatterload_rt2                        0x07fc4f49   Thumb Code     0  init.o(.text)
    __ARM_common_ll_muluu                    0x07fc4f6d   Thumb Code    48  arch_system.o(i.__ARM_common_ll_muluu)
    __scatterload_copy                       0x07fc4f9d   Thumb Code    14  handlers.o(i.__scatterload_copy)
    __scatterload_null                       0x07fc4fab   Thumb Code     2  handlers.o(i.__scatterload_null)
    __scatterload_zeroinit                   0x07fc4fad   Thumb Code    14  handlers.o(i.__scatterload_zeroinit)
    rom_nvds_cfg                             0x07fc4fd0   Data           8  nvds.o(.constdata)
    rom_func_addr_table_var                  0x07fc5000   Data         380  jump_table.o(.constdata)
    rom_cfg_table_var                        0x07fc517c   Data         260  jump_table.o(.constdata)
    rom_patched_address1                     0x07fc52b0   Data           4  arch_rom.o(.constdata)
    arp_init_table                           0x07fc52e4   Data         112  ble_arp.o(.constdata)
    rom_cust_prf_cfg                         0x07fc5354   Data          16  custs1.o(.constdata)
    prf_if                                   0x07fc5364   Data          24  prf.o(.constdata)
    rom_prf_cfg                              0x07fc537c   Data          12  prf.o(.constdata)
    prf_funcs                                0x07fc5440   Data          24  app.o(.constdata)
    app_process_handlers                     0x07fc5684   Data          28  app_entry_point.o(.constdata)
    rom_app_task_cfg                         0x07fc56a0   Data          32  app_entry_point.o(.constdata)
    rom_app_easy_timer_cfg                   0x07fc56f4   Data          16  app_easy_timer.o(.constdata)
    cust_prf_funcs                           0x07fc5704   Data          56  user_custs_config.o(.constdata)
    custs1_services                          0x07fc5834   Data           4  user_custs1_def.o(.constdata)
    custs1_services_size                     0x07fc5838   Data           1  user_custs1_def.o(.constdata)
    custs1_att_max_nb                        0x07fc583a   Data           2  user_custs1_def.o(.constdata)
    custs1_att_db                            0x07fc583c   Data         900  user_custs1_def.o(.constdata)
    Region$$Table$$Base                      0x07fc5d68   Number         0  anon$$obj.o(Region$$Table)
    Region$$Table$$Limit                     0x07fc5d88   Number         0  anon$$obj.o(Region$$Table)
    startup_sleep_delay                      0x07fc5d88   Data           4  arch_system.o(.data)
    pa_en_dcf_tx_setting                     0x07fc5d8c   Data           1  rf_531.o(.data)
    syscntl_dcdc_state                       0x07fc5d98   Data           2  syscntl.o(.bss)
    trng_bits                                0x07fc5da0   Data          16  trng.o(.bss)
    arp_table                                0x07fc5de4   Data           4  ble_arp.o(.bss)
    calibration_res                          0x07fc5de8   Data          42  rf_531.o(.bss)
    __initial_sp                             0x07fc6418   Data           0  startup_da14531.o(STACK)
    user_store_data                          0x07fc6418   Data          50  user_simple_beacon.o(retention_mem_area_uninit)
    heap_mem_area_not_ret$$Base              0x07fc644c   Number         0  jump_table.o(heap_mem_area_not_ret)
    rwip_heap_non_ret                        0x07fc644c   Data        1036  jump_table.o(heap_mem_area_not_ret)
    Image$$RET_DATA_UNINIT$$Base             0x07fc8bf0   Number         0  anon$$obj.o ABSOLUTE
    clk_freq_trim_reg_value                  0x07fc8bf8   Data           2  arch_main.o(retention_mem_area0)
    sys_startup_flag                         0x07fc8c00   Data           1  arch_system.o(retention_mem_area0)
    last_temp_time                           0x07fc8c08   Data           4  arch_system.o(retention_mem_area0)
    lp_clk_sel                               0x07fc8c0c   Data           4  arch_system.o(retention_mem_area0)
    rcx_freq                                 0x07fc8c10   Data           4  arch_system.o(retention_mem_area0)
    rcx_cal_in_progress                      0x07fc8c14   Data           1  arch_system.o(retention_mem_area0)
    rcx_period                               0x07fc8c18   Data           4  arch_system.o(retention_mem_area0)
    rcx_slot_duration                        0x07fc8c20   Data           8  arch_system.o(retention_mem_area0)
    force_rf_cal                             0x07fc8c28   Data           1  arch_system.o(retention_mem_area0)
    arch_wkupct_deb_time                     0x07fc8c2a   Data           2  arch_system.o(retention_mem_area0)
    dev_bdaddr                               0x07fc8c2c   Data           6  arch_system.o(retention_mem_area0)
    iq_trim_bias_ctrl1_reg                   0x07fc8c32   Data           2  arch_system.o(retention_mem_area0)
    iq_trim_rf_mixer_ctrl1_reg               0x07fc8c34   Data           2  arch_system.o(retention_mem_area0)
    heap_usage_env                           0x07fc8c36   Data           8  arch_system.o(retention_mem_area0)
    heap_usage_db                            0x07fc8c3e   Data           8  arch_system.o(retention_mem_area0)
    heap_usage_msg                           0x07fc8c46   Data           8  arch_system.o(retention_mem_area0)
    heap_usage_nonRet                        0x07fc8c4e   Data           8  arch_system.o(retention_mem_area0)
    xtal_wait_trim                           0x07fc8c56   Data           2  arch_system.o(retention_mem_area0)
    twirq_set_value                          0x07fc8c58   Data           4  arch_system.o(retention_mem_area0)
    twirq_reset_value                        0x07fc8c5c   Data           4  arch_system.o(retention_mem_area0)
    twext_value                              0x07fc8c60   Data           4  arch_system.o(retention_mem_area0)
    heap_log                                 0x07fc8c64   Data           2  arch_rom.o(retention_mem_area0)
    GPIO                                     0x07fc8cc8   Data          48  gpio.o(retention_mem_area0)
    GPIO_status                              0x07fc8cf8   Data           8  gpio.o(retention_mem_area0)
    GPIOHandlerFunction                      0x07fc8d00   Data          20  gpio.o(retention_mem_area0)
    callback_function                        0x07fc8d24   Data           4  systick.o(retention_mem_area0)
    arch_rwble_last_event                    0x07fc8d68   Data           1  rwble.o(retention_mem_area0)
    set_boost_low_vbat1v_overhead            0x07fc8d69   Data           1  rwble.o(retention_mem_area0)
    ble_finetim_corr                         0x07fc8d6c   Data           4  rwble.o(retention_mem_area0)
    sleep_lp_cycles                          0x07fc8d70   Data           4  rwip.o(retention_mem_area0)
    slp_period_retained                      0x07fc8d74   Data           4  rwip.o(retention_mem_area0)
    retained_BLE_EM_BASE_REG                 0x07fc8d78   Data           4  rwip.o(retention_mem_area0)
    radiopwrupdn_pref_setting                0x07fc8d7c   Data           4  ble_arp.o(retention_mem_area0)
    rf_tx_pwr_lvl                            0x07fc8d80   Data           1  rf_531.o(retention_mem_area0)
    prf_env                                  0x07fc8d88   Data          48  prf.o(retention_mem_area0)
    app_env                                  0x07fc8db8   Data          12  app.o(retention_mem_area0)
    app_prf_srv_perm                         0x07fc8dc4   Data          20  app.o(retention_mem_area0)
    device_info                              0x07fc8dd8   Data          36  app.o(retention_mem_area0)
    app_state                                0x07fc8e17   Data           1  app_task.o(retention_mem_area0)
    app_sec_env                              0x07fc8e18   Data         122  app_security.o(retention_mem_area0)
    app_adv_data_update_timer_used           0x07fc8f14   Data           1  user_simple_beacon.o(retention_mem_area0)
    initial_adv_data                         0x07fc8f15   Data          31  user_simple_beacon.o(retention_mem_area0)
    initial_adv_data_len                     0x07fc8f34   Data           1  user_simple_beacon.o(retention_mem_area0)
    user_adv_data                            0x07fc8f35   Data          31  user_simple_beacon.o(retention_mem_area0)
    user_adv_data_len                        0x07fc8f54   Data           1  user_simple_beacon.o(retention_mem_area0)
    initial_scan_rsp_data                    0x07fc8f55   Data          31  user_simple_beacon.o(retention_mem_area0)
    initial_scan_rsp_data_len                0x07fc8f74   Data           1  user_simple_beacon.o(retention_mem_area0)
    user_scan_rsp_data                       0x07fc8f75   Data          31  user_simple_beacon.o(retention_mem_area0)
    user_scan_rsp_data_len                   0x07fc8f94   Data           1  user_simple_beacon.o(retention_mem_area0)
    added_adv_data_len                       0x07fc8f95   Data           1  user_simple_beacon.o(retention_mem_area0)
    added_scan_rsp_data_len                  0x07fc8f96   Data           1  user_simple_beacon.o(retention_mem_area0)
    adv_data_cursor                          0x07fc8f97   Data           1  user_simple_beacon.o(retention_mem_area0)
    scan_rsp_data_cursor                     0x07fc8f98   Data           1  user_simple_beacon.o(retention_mem_area0)
    update_adv_data                          0x07fc8f99   Data           1  user_simple_beacon.o(retention_mem_area0)
    user_store_data_len                      0x07fc8f9a   Data           1  user_simple_beacon.o(retention_mem_area0)
    user_store_data_counter                  0x07fc8f9b   Data           1  user_simple_beacon.o(retention_mem_area0)
    append_data                              0x07fc8f9c   Data           1  user_simple_beacon.o(retention_mem_area0)
    append_data_empty                        0x07fc8f9d   Data           1  user_simple_beacon.o(retention_mem_area0)
    rwip_heap_db_ret                         0x07fc8fa0   Data        1036  jump_table.o(heap_db_area)
    rwip_heap_env_ret                        0x07fc93ac   Data         648  jump_table.o(heap_env_area)
    rwip_heap_msg_ret                        0x07fc9634   Data        1404  jump_table.o(heap_msg_area)
    dummy                                    0x07fc9c00   Data           0  da14531_symbols.txt ABSOLUTE
    ble_wakeup_executed                      0x07fcb900   Data           0  da14531_symbols.txt ABSOLUTE
    rf_in_sleep                              0x07fcb901   Data           0  da14531_symbols.txt ABSOLUTE
    custom_preinit                           0x07fcb904   Data           0  da14531_symbols.txt ABSOLUTE
    custom_postinit                          0x07fcb908   Data           0  da14531_symbols.txt ABSOLUTE
    custom_appinit                           0x07fcb90c   Data           0  da14531_symbols.txt ABSOLUTE
    custom_preloop                           0x07fcb910   Data           0  da14531_symbols.txt ABSOLUTE
    custom_preschedule                       0x07fcb914   Data           0  da14531_symbols.txt ABSOLUTE
    custom_postschedule                      0x07fcb918   Data           0  da14531_symbols.txt ABSOLUTE
    custom_postschedule_async                0x07fcb91c   Data           0  da14531_symbols.txt ABSOLUTE
    custom_presleepcheck                     0x07fcb920   Data           0  da14531_symbols.txt ABSOLUTE
    custom_appsleepset                       0x07fcb924   Data           0  da14531_symbols.txt ABSOLUTE
    custom_postsleepcheck                    0x07fcb928   Data           0  da14531_symbols.txt ABSOLUTE
    custom_presleepenter                     0x07fcb92c   Data           0  da14531_symbols.txt ABSOLUTE
    custom_postsleepexit                     0x07fcb930   Data           0  da14531_symbols.txt ABSOLUTE
    custom_prewakeup                         0x07fcb934   Data           0  da14531_symbols.txt ABSOLUTE
    custom_postwakeup                        0x07fcb938   Data           0  da14531_symbols.txt ABSOLUTE
    custom_preidlecheck                      0x07fcb93c   Data           0  da14531_symbols.txt ABSOLUTE
    custom_pti_set                           0x07fcb940   Data           0  da14531_symbols.txt ABSOLUTE
    REG_BLE_EM_TX_BUFFER_SIZE                0x07fcb944   Data           0  da14531_symbols.txt ABSOLUTE
    REG_BLE_EM_RX_BUFFER_SIZE                0x07fcb948   Data           0  da14531_symbols.txt ABSOLUTE
    _ble_base                                0x07fcb94c   Data           0  da14531_symbols.txt ABSOLUTE
    gap_cfg_user                             0x07fcb950   Data           0  da14531_symbols.txt ABSOLUTE
    rom_func_addr_table                      0x07fcb954   Data           0  da14531_symbols.txt ABSOLUTE
    rom_cfg_table                            0x07fcb958   Data           0  da14531_symbols.txt ABSOLUTE
    BLE_TX_DESC_DATA_USER                    0x07fcb95c   Data           0  da14531_symbols.txt ABSOLUTE
    BLE_TX_DESC_CNTL_USER                    0x07fcb960   Data           0  da14531_symbols.txt ABSOLUTE
    LLM_LE_ADV_DUMMY_IDX                     0x07fcb964   Data           0  da14531_symbols.txt ABSOLUTE
    LLM_LE_SCAN_CON_REQ_ADV_DIR_IDX          0x07fcb968   Data           0  da14531_symbols.txt ABSOLUTE
    LLM_LE_SCAN_RSP_IDX                      0x07fcb96c   Data           0  da14531_symbols.txt ABSOLUTE
    LLM_LE_ADV_IDX                           0x07fcb970   Data           0  da14531_symbols.txt ABSOLUTE
    length_exchange_needed                   0x07fcb974   Data           0  da14531_symbols.txt ABSOLUTE
    enh_con_cmp_cnt                          0x07fcb978   Data           0  da14531_symbols.txt ABSOLUTE
    rx_pkt_cnt                               0x07fcb980   Data           0  da14531_symbols.txt ABSOLUTE
    rx_pkt_cnt_bad                           0x07fcb984   Data           0  da14531_symbols.txt ABSOLUTE
    rx_pkt_cnt_bad_adv                       0x07fcb988   Data           0  da14531_symbols.txt ABSOLUTE
    rx_pkt_cnt_bad_scn                       0x07fcb98c   Data           0  da14531_symbols.txt ABSOLUTE
    rx_pkt_cnt_bad_oth                       0x07fcb990   Data           0  da14531_symbols.txt ABSOLUTE
    rx_pkt_cnt_bad_wo_sync_err               0x07fcb994   Data           0  da14531_symbols.txt ABSOLUTE
    rx_pkt_cnt_bad_con                       0x07fcb998   Data           0  da14531_symbols.txt ABSOLUTE
    connect_req_cnt                          0x07fcb99c   Data           0  da14531_symbols.txt ABSOLUTE
    last_status                              0x07fcb9a0   Data           0  da14531_symbols.txt ABSOLUTE
    llc_state                                0x07fcb9a4   Data           0  da14531_symbols.txt ABSOLUTE
    lld_sleep_env                            0x07fcb9a8   Data           0  da14531_symbols.txt ABSOLUTE
    lld_wlcoex_enable                        0x07fcb9ac   Data           0  da14531_symbols.txt ABSOLUTE
    ble_duplicate_filter_max                 0x07fcb9b0   Data           0  da14531_symbols.txt ABSOLUTE
    ble_duplicate_filter_found               0x07fcb9b1   Data           0  da14531_symbols.txt ABSOLUTE
    alter_conn_adv_all_cnt                   0x07fcb9b4   Data           0  da14531_symbols.txt ABSOLUTE
    alter_conn_adv_dir_cnt                   0x07fcb9b8   Data           0  da14531_symbols.txt ABSOLUTE
    alter_conn_adv_cnt                       0x07fcb9bc   Data           0  da14531_symbols.txt ABSOLUTE
    create_conn_cnt                          0x07fcb9c0   Data           0  da14531_symbols.txt ABSOLUTE
    alter_conn_cnt                           0x07fcb9c4   Data           0  da14531_symbols.txt ABSOLUTE
    alter_conn_restart_cnt                   0x07fcb9c8   Data           0  da14531_symbols.txt ABSOLUTE
    alter_conn_peer_addr                     0x07fcb9cc   Data           0  da14531_symbols.txt ABSOLUTE
    alter_conn_local_addr                    0x07fcb9d2   Data           0  da14531_symbols.txt ABSOLUTE
    set_adv_data_discard_old                 0x07fcb9d8   Data           0  da14531_symbols.txt ABSOLUTE
    llm_resolving_list_max                   0x07fcb9d9   Data           0  da14531_symbols.txt ABSOLUTE
    llm_local_le_feats                       0x07fcb9da   Data           0  da14531_symbols.txt ABSOLUTE
    llm_bt_env                               0x07fcb9e2   Data           0  da14531_symbols.txt ABSOLUTE
    init_tx_cnt_cntl_cnt1                    0x07fcb9ec   Data           0  da14531_symbols.txt ABSOLUTE
    init_tx_cnt_cntl_cnt                     0x07fcb9f0   Data           0  da14531_symbols.txt ABSOLUTE
    tx_cnt_cntl_cnt                          0x07fcb9f4   Data           0  da14531_symbols.txt ABSOLUTE
    llm_state                                0x07fcb9f8   Data           0  da14531_symbols.txt ABSOLUTE
    delay_us_cnt                             0x07fcb9fa   Data           0  da14531_symbols.txt ABSOLUTE
    gtl_state                                0x07fcb9fc   Data           0  da14531_symbols.txt ABSOLUTE
    use_h4tl                                 0x07fcb9fd   Data           0  da14531_symbols.txt ABSOLUTE
    hci_cmd_desc_root_tab                    0x07fcba00   Data           0  da14531_symbols.txt ABSOLUTE
    gattc_state                              0x07fcba30   Data           0  da14531_symbols.txt ABSOLUTE
    gattm_state                              0x07fcba33   Data           0  da14531_symbols.txt ABSOLUTE
    l2cc_state                               0x07fcba34   Data           0  da14531_symbols.txt ABSOLUTE
    l2cm_env                                 0x07fcba38   Data           0  da14531_symbols.txt ABSOLUTE
    gapc_state                               0x07fcba3e   Data           0  da14531_symbols.txt ABSOLUTE
    gapm_state                               0x07fcba41   Data           0  da14531_symbols.txt ABSOLUTE
    ecdh_key_creation_in_progress            0x07fcba44   Data           0  da14531_symbols.txt ABSOLUTE
    ke_free_bad                              0x07fcba48   Data           0  da14531_symbols.txt ABSOLUTE
    rwip_env                                 0x07fcba4c   Data           0  da14531_symbols.txt ABSOLUTE
    custom_msg_handlers                      0x07fcba58   Data           0  da14531_symbols.txt ABSOLUTE
    ble_reg_save                             0x07fcba5c   Data           0  da14531_symbols.txt ABSOLUTE
    sleep_env                                0x07fcbaac   Data           0  da14531_symbols.txt ABSOLUTE
    uart_env                                 0x07fcbab0   Data           0  da14531_symbols.txt ABSOLUTE
    ke_mem_heaps_used                        0x07fcbad4   Data           0  da14531_symbols.txt ABSOLUTE
    co_buf_env                               0x07fcbad8   Data           0  da14531_symbols.txt ABSOLUTE
    llc_env                                  0x07fcbb70   Data           0  da14531_symbols.txt ABSOLUTE
    lld_evt_env                              0x07fcbb7c   Data           0  da14531_symbols.txt ABSOLUTE
    llm_le_env                               0x07fcbba8   Data           0  da14531_symbols.txt ABSOLUTE
    gtl_env                                  0x07fcbce4   Data           0  da14531_symbols.txt ABSOLUTE
    hci_env                                  0x07fcbd2c   Data           0  da14531_symbols.txt ABSOLUTE
    h4tl_env                                 0x07fcbd3c   Data           0  da14531_symbols.txt ABSOLUTE
    gattc_env                                0x07fcbd54   Data           0  da14531_symbols.txt ABSOLUTE
    gattm_env                                0x07fcbd60   Data           0  da14531_symbols.txt ABSOLUTE
    l2cc_env                                 0x07fcbd84   Data           0  da14531_symbols.txt ABSOLUTE
    ecdh_key                                 0x07fcbd90   Data           0  da14531_symbols.txt ABSOLUTE
    gapc_env                                 0x07fcbdf0   Data           0  da14531_symbols.txt ABSOLUTE
    gapm_env                                 0x07fcbdfc   Data           0  da14531_symbols.txt ABSOLUTE
    ke_env                                   0x07fcbe28   Data           0  da14531_symbols.txt ABSOLUTE
    rwip_rf                                  0x07fcbf0c   Data           0  da14531_symbols.txt ABSOLUTE



==============================================================================

Memory Map of the image

  Image Entry point : 0x07fc0111

  Load Region LR_IROM1 (Base: 0x07fc0000, Size: 0x000000a0, Max: 0x000000c0, ABSOLUTE)

    Execution Region ER_IROM1 (Exec base: 0x07fc0000, Load base: 0x07fc0000, Size: 0x000000a0, Max: 0x000000c0, ABSOLUTE)

    Exec Addr    Load Addr    Size         Type   Attr      Idx    E Section Name        Object

    0x07fc0000   0x07fc0000   0x000000a0   Data   RO          277    RESET               startup_da14531.o



  Load Region LR_IROM2 (Base: 0x07fc00c0, Size: 0x00000000, Max: 0x00000050, ABSOLUTE)

    Execution Region ER_IROM2 (Exec base: 0x07fc00c0, Load base: 0x07fc00c0, Size: 0x00000050, Max: 0x00000050, ABSOLUTE)

    Exec Addr    Load Addr    Size         Type   Attr      Idx    E Section Name        Object

    0x07fc00c0        -       0x00000050   Zero   RW            1    ER_IROM2.bss        anon$$obj.o



  Load Region LR_IROM3 (Base: 0x07fc0110, Size: 0x00005c80, Max: 0x0000a6f0, ABSOLUTE)

    Execution Region ER_IROM3 (Exec base: 0x07fc0110, Load base: 0x07fc0110, Size: 0x00005c80, Max: 0x0000a6f0, ABSOLUTE)

    Exec Addr    Load Addr    Size         Type   Attr      Idx    E Section Name        Object

    0x07fc0110   0x07fc0110   0x00000000   Code   RO         4210  * .ARM.Collect$$$$00000000  mc_p.l(entry.o)
    0x07fc0110   0x07fc0110   0x00000004   Code   RO         4211    .ARM.Collect$$$$00000001  mc_p.l(entry2.o)
    0x07fc0114   0x07fc0114   0x00000004   Code   RO         4214    .ARM.Collect$$$$00000004  mc_p.l(entry5.o)
    0x07fc0118   0x07fc0118   0x00000000   Code   RO         4216    .ARM.Collect$$$$00000008  mc_p.l(entry7b.o)
    0x07fc0118   0x07fc0118   0x00000000   Code   RO         4218    .ARM.Collect$$$$0000000A  mc_p.l(entry8b.o)
    0x07fc0118   0x07fc0118   0x00000008   Code   RO         4219    .ARM.Collect$$$$0000000B  mc_p.l(entry9a.o)
    0x07fc0120   0x07fc0120   0x00000000   Code   RO         4221    .ARM.Collect$$$$0000000D  mc_p.l(entry10a.o)
    0x07fc0120   0x07fc0120   0x00000000   Code   RO         4223    .ARM.Collect$$$$0000000F  mc_p.l(entry11a.o)
    0x07fc0120   0x07fc0120   0x00000004   Code   RO         4212    .ARM.Collect$$$$00002712  mc_p.l(entry2.o)
    0x07fc0124   0x07fc0124   0x0000006c   Code   RO            2    .text               system_da14531.o
    0x07fc0190   0x07fc0190   0x00000050   Code   RO          278    .text               startup_da14531.o
    0x07fc01e0   0x07fc01e0   0x000000d0   Code   RO          283    .text               hardfault_handler.o
    0x07fc02b0   0x07fc02b0   0x00000124   Code   RO          317    .text               nmi_handler.o
    0x07fc03d4   0x07fc03d4   0x00000058   Code   RO          335    .text               nvds.o
    0x07fc042c   0x07fc042c   0x00000500   Code   RO          363    .text               arch_main.o
    0x07fc092c   0x07fc092c   0x00000068   Code   RO          809    .text               jump_table.o
    0x07fc0994   0x07fc0994   0x000000ec   Code   RO          975    .text               arch_sleep.o
    0x07fc0a80   0x07fc0a80   0x000008f0   Code   RO         1041    .text               arch_system.o
    0x07fc1370   0x07fc1370   0x0000019c   Code   RO         1163    .text               arch_rom.o
    0x07fc150c   0x07fc150c   0x00000414   Code   RO         1209    .text               otp_cs.o
    0x07fc1920   0x07fc1920   0x00000010   Code   RO         1211    .text               otp_cs.o
    0x07fc1930   0x07fc1930   0x00000010   Code   RO         1212    .text               otp_cs.o
    0x07fc1940   0x07fc1940   0x00000010   Code   RO         1213    .text               otp_cs.o
    0x07fc1950   0x07fc1950   0x00000010   Code   RO         1214    .text               otp_cs.o
    0x07fc1960   0x07fc1960   0x00000010   Code   RO         1215    .text               otp_cs.o
    0x07fc1970   0x07fc1970   0x00000010   Code   RO         1216    .text               otp_cs.o
    0x07fc1980   0x07fc1980   0x00000014   Code   RO         1275    .text               otp_hdr.o
    0x07fc1994   0x07fc1994   0x00000160   Code   RO         1290    .text               syscntl.o
    0x07fc1af4   0x07fc1af4   0x000001f4   Code   RO         1338    .text               gpio.o
    0x07fc1ce8   0x07fc1ce8   0x00000188   Code   RO         1466    .text               wkupct_quadec.o
    0x07fc1e70   0x07fc1e70   0x000003e8   Code   RO         1604    .text               adc_531.o
    0x07fc2258   0x07fc2258   0x000000c8   Code   RO         1696    .text               trng.o
    0x07fc2320   0x07fc2320   0x00000018   Code   RO         2205    .text               systick.o
    0x07fc2338   0x07fc2338   0x000001f4   Code   RO         2254    .text               uart.o
    0x07fc252c   0x07fc252c   0x00000288   Code   RO         2388    .text               hw_otpc_531.o
    0x07fc27b4   0x07fc27b4   0x00000018   Code   RO         2449    .text               i2c.o
    0x07fc27cc   0x07fc27cc   0x00000012   Code   RO         2450    .text               i2c.o
    0x07fc27de   0x07fc27de   0x00000002   PAD
    0x07fc27e0   0x07fc27e0   0x00000364   Code   RO         2451    .text               i2c.o
    0x07fc2b44   0x07fc2b44   0x00000370   Code   RO         2552    .text               rwble.o
    0x07fc2eb4   0x07fc2eb4   0x0000039c   Code   RO         2607    .text               rwip.o
    0x07fc3250   0x07fc3250   0x000003ec   Code   RO         2638    .text               ble_arp.o
    0x07fc363c   0x07fc363c   0x00000624   Code   RO         2667    .text               rf_531.o
    0x07fc3c60   0x07fc3c60   0x00000138   Code   RO         3288    .text               app_default_handlers.o
    0x07fc3d98   0x07fc3d98   0x000005d4   Code   RO         3420    .text               app.o
    0x07fc436c   0x07fc436c   0x00000074   Code   RO         3544    .text               app_task.o
    0x07fc43e0   0x07fc43e0   0x00000060   Code   RO         3572    .text               app_security.o
    0x07fc4440   0x07fc4440   0x000002cc   Code   RO         3623    .text               app_security_task.o
    0x07fc470c   0x07fc470c   0x00000040   Code   RO         3679    .text               app_diss.o
    0x07fc474c   0x07fc474c   0x0000011c   Code   RO         3691    .text               app_diss_task.o
    0x07fc4868   0x07fc4868   0x00000038   Code   RO         3751    .text               app_msg_utils.o
    0x07fc48a0   0x07fc48a0   0x000000a0   Code   RO         3769    .text               app_easy_msg_utils.o
    0x07fc4940   0x07fc4940   0x000001a0   Code   RO         3820    .text               app_easy_security.o
    0x07fc4ae0   0x07fc4ae0   0x00000070   Code   RO         4018    .text               app_customs.o
    0x07fc4b50   0x07fc4b50   0x00000024   Code   RO         4043    .text               app_customs_task.o
    0x07fc4b74   0x07fc4b74   0x0000002c   Code   RO         4163    .text               user_periph_setup.o
    0x07fc4ba0   0x07fc4ba0   0x000002b4   Code   RO         4179    .text               user_simple_beacon.o
    0x07fc4e54   0x07fc4e54   0x000000f4   Code   RO         4207    .text               da14531.lib(patch.o)
    0x07fc4f48   0x07fc4f48   0x00000024   Code   RO         4225    .text               mc_p.l(init.o)
    0x07fc4f6c   0x07fc4f6c   0x00000030   Code   RO         1067    i.__ARM_common_ll_muluu  arch_system.o
    0x07fc4f9c   0x07fc4f9c   0x0000000e   Code   RO         4229    i.__scatterload_copy  mc_p.l(handlers.o)
    0x07fc4faa   0x07fc4faa   0x00000002   Code   RO         4230    i.__scatterload_null  mc_p.l(handlers.o)
    0x07fc4fac   0x07fc4fac   0x0000000e   Code   RO         4231    i.__scatterload_zeroinit  mc_p.l(handlers.o)
    0x07fc4fba   0x07fc4fba   0x00000002   PAD
    0x07fc4fbc   0x07fc4fbc   0x0000001c   Data   RO          336    .constdata          nvds.o
    0x07fc4fd8   0x07fc4fd8   0x00000028   Data   RO          364    .constdata          arch_main.o
    0x07fc5000   0x07fc5000   0x00000280   Data   RO          810    .constdata          jump_table.o
    0x07fc5280   0x07fc5280   0x00000030   Data   RO         1044    .constdata          arch_system.o
    0x07fc52b0   0x07fc52b0   0x0000000c   Data   RO         1164    .constdata          arch_rom.o
    0x07fc52bc   0x07fc52bc   0x00000002   Data   RO         1356    .constdata          gpio.o
    0x07fc52be   0x07fc52be   0x00000008   Data   RO         1698    .constdata          trng.o
    0x07fc52c6   0x07fc52c6   0x00000002   PAD
    0x07fc52c8   0x07fc52c8   0x0000001c   Data   RO         2395    .constdata          hw_otpc_531.o
    0x07fc52e4   0x07fc52e4   0x00000070   Data   RO         2640    .constdata          ble_arp.o
    0x07fc5354   0x07fc5354   0x00000010   Data   RO         3214    .constdata          custs1.o
    0x07fc5364   0x07fc5364   0x00000024   Data   RO         3259    .constdata          prf.o
    0x07fc5388   0x07fc5388   0x0000001c   Data   RO         3303    .constdata          app_default_handlers.o
    0x07fc53a4   0x07fc53a4   0x000000d0   Data   RO         3435    .constdata          app.o
    0x07fc5474   0x07fc5474   0x000000a0   Data   RO         3545    .constdata          app_task.o
    0x07fc5514   0x07fc5514   0x000000d0   Data   RO         3624    .constdata          app_security_task.o
    0x07fc55e4   0x07fc55e4   0x00000008   Data   RO         3692    .constdata          app_diss_task.o
    0x07fc55ec   0x07fc55ec   0x000000d4   Data   RO         3720    .constdata          app_entry_point.o
    0x07fc56c0   0x07fc56c0   0x00000034   Data   RO         3848    .constdata          app_easy_security.o
    0x07fc56f4   0x07fc56f4   0x00000010   Data   RO         4008    .constdata          app_easy_timer.o
    0x07fc5704   0x07fc5704   0x00000038   Data   RO         4137    .constdata          user_custs_config.o
    0x07fc573c   0x07fc573c   0x00000484   Data   RO         4153    .constdata          user_custs1_def.o
    0x07fc5bc0   0x07fc5bc0   0x000000f8   Data   RO         4208    .constdata          da14531.lib(patch.o)
    0x07fc5cb8   0x07fc5cb8   0x000000ae   Data   RO         4154    .conststring        user_custs1_def.o
    0x07fc5d66   0x07fc5d66   0x00000002   PAD
    0x07fc5d68   0x07fc5d68   0x00000020   Data   RO         4227    Region$$Table       anon$$obj.o
    0x07fc5d88   0x07fc5d88   0x00000004   Data   RW         1045    .data               arch_system.o
    0x07fc5d8c   0x07fc5d8c   0x00000001   Data   RW         2680    .data               rf_531.o


    Execution Region ER_PRODTEST (Exec base: 0x07fc5d90, Load base: 0x07fc5d90, Size: 0x00000000, Max: 0xffffffff, ABSOLUTE, UNINIT)

    **** No section assigned to this execution region ****


    Execution Region ER_ZI (Exec base: 0x07fc5d90, Load base: 0x07fc5d90, Size: 0x000006bc, Max: 0xffffffff, ABSOLUTE)

    Exec Addr    Load Addr    Size         Type   Attr      Idx    E Section Name        Object

    0x07fc5d90        -       0x00000008   Zero   RW         1217    .bss                otp_cs.o
    0x07fc5d98        -       0x00000002   Zero   RW         1295    .bss                syscntl.o
    0x07fc5d9a        -       0x00000002   Zero   RW         1616    .bss                adc_531.o
    0x07fc5d9c        -       0x00000014   Zero   RW         1697    .bss                trng.o
    0x07fc5db0        -       0x00000001   Zero   RW         2394    .bss                hw_otpc_531.o
    0x07fc5db1   0x07fc5d90   0x00000003   PAD
    0x07fc5db4        -       0x00000030   Zero   RW         2459    .bss                i2c.o
    0x07fc5de4        -       0x00000004   Zero   RW         2639    .bss                ble_arp.o
    0x07fc5de8        -       0x00000030   Zero   RW         2679    .bss                rf_531.o
    0x07fc5e18        -       0x00000600   Zero   RW          275    STACK               startup_da14531.o
    0x07fc6418        -       0x00000032   Zero   RW         4181    retention_mem_area_uninit  user_simple_beacon.o


    Execution Region ER_NZI (Exec base: 0x07fc644c, Load base: 0x07fc5d90, Size: 0x0000040c, Max: 0xffffffff, ABSOLUTE, UNINIT)

    Exec Addr    Load Addr    Size         Type   Attr      Idx    E Section Name        Object

    0x07fc644c        -       0x0000040c   Zero   RW          813    heap_mem_area_not_ret  jump_table.o



  Load Region LR_RETAINED_RAM0 (Base: 0x07fc8bf0, Size: 0x00000000, Max: 0xffffffff, ABSOLUTE)

    Execution Region RET_DATA_UNINIT (Exec base: 0x07fc8bf0, Load base: 0x07fc8bf0, Size: 0x00000000, Max: 0x00000000, ABSOLUTE, UNINIT)

    **** No section assigned to this execution region ****


    Execution Region RET_DATA (Exec base: 0x07fc8bf0, Load base: 0x07fc8bf0, Size: 0x000003b0, Max: 0x00000800, ABSOLUTE)

    Exec Addr    Load Addr    Size         Type   Attr      Idx    E Section Name        Object

    0x07fc8bf0        -       0x0000000a   Zero   RW          365    retention_mem_area0  arch_main.o
    0x07fc8bfa        -       0x00000004   Zero   RW          984    retention_mem_area0  arch_sleep.o
    0x07fc8bfe   0x07fc8bf0   0x00000002   PAD
    0x07fc8c00        -       0x00000064   Zero   RW         1046    retention_mem_area0  arch_system.o
    0x07fc8c64        -       0x00000002   Zero   RW         1165    retention_mem_area0  arch_rom.o
    0x07fc8c66   0x07fc8bf0   0x00000002   PAD
    0x07fc8c68        -       0x0000005c   Zero   RW         1218    retention_mem_area0  otp_cs.o
    0x07fc8cc4   0x07fc8bf0   0x00000004   PAD
    0x07fc8cc8        -       0x0000004c   Zero   RW         1357    retention_mem_area0  gpio.o
    0x07fc8d14        -       0x0000000c   Zero   RW         1480    retention_mem_area0  wkupct_quadec.o
    0x07fc8d20        -       0x00000004   Zero   RW         1617    retention_mem_area0  adc_531.o
    0x07fc8d24        -       0x00000004   Zero   RW         2210    retention_mem_area0  systick.o
    0x07fc8d28        -       0x00000040   Zero   RW         2273    retention_mem_area0  uart.o
    0x07fc8d68        -       0x00000008   Zero   RW         2553    retention_mem_area0  rwble.o
    0x07fc8d70        -       0x0000000c   Zero   RW         2608    retention_mem_area0  rwip.o
    0x07fc8d7c        -       0x00000004   Zero   RW         2641    retention_mem_area0  ble_arp.o
    0x07fc8d80        -       0x00000008   Zero   RW         2681    retention_mem_area0  rf_531.o
    0x07fc8d88        -       0x00000030   Zero   RW         3260    retention_mem_area0  prf.o
    0x07fc8db8        -       0x0000005f   Zero   RW         3436    retention_mem_area0  app.o
    0x07fc8e17        -       0x00000001   Zero   RW         3546    retention_mem_area0  app_task.o
    0x07fc8e18        -       0x0000007a   Zero   RW         3574    retention_mem_area0  app_security.o
    0x07fc8e92   0x07fc8bf0   0x00000002   PAD
    0x07fc8e94        -       0x00000016   Zero   RW         3776    retention_mem_area0  app_easy_msg_utils.o
    0x07fc8eaa   0x07fc8bf0   0x00000002   PAD
    0x07fc8eac        -       0x00000018   Zero   RW         3849    retention_mem_area0  app_easy_security.o
    0x07fc8ec4        -       0x00000050   Zero   RW         4009    retention_mem_area0  app_easy_timer.o
    0x07fc8f14        -       0x0000008a   Zero   RW         4180    retention_mem_area0  user_simple_beacon.o


    Execution Region RET_HEAP (Exec base: 0x07fc8fa0, Load base: 0x07fc8bf0, Size: 0x00000c10, Max: 0x00000c10, ABSOLUTE, UNINIT)

    Exec Addr    Load Addr    Size         Type   Attr      Idx    E Section Name        Object

    0x07fc8fa0        -       0x0000040c   Zero   RW          811    heap_db_area        jump_table.o
    0x07fc93ac        -       0x00000288   Zero   RW          812    heap_env_area       jump_table.o
    0x07fc9634        -       0x0000057c   Zero   RW          814    heap_msg_area       jump_table.o


==============================================================================

Image component sizes


      Code (inc. data)   RO Data    RW Data    ZI Data      Debug   Object Name

      1000         38          0          0          6       8563   adc_531.o
      1492        122        208          0         95      22075   app.o
       112         10          0          0          0       1876   app_customs.o
        36          0          0          0          0       1605   app_customs_task.o
       312         26         28          0          0      10889   app_default_handlers.o
        64          4          0          0          0       1454   app_diss.o
       284         96          8          0          0       2675   app_diss_task.o
       160          8          0          0         22       2920   app_easy_msg_utils.o
       416         26         52          0         24      11442   app_easy_security.o
         0          0         16          0         80       1765   app_easy_timer.o
         0          0        212          0          0       3604   app_entry_point.o
        56          4          0          0          0        751   app_msg_utils.o
        96          4          0          0        122       4040   app_security.o
       716         36        208          0          0       5546   app_security_task.o
       116         14        160          0          1       3941   app_task.o
      1280        110         40          0         10     283173   arch_main.o
       412        114         12          0          2       2188   arch_rom.o
       236         26          0          0          4       4671   arch_sleep.o
      2336        170         48          4        100     102298   arch_system.o
         0          0          0          0          0       2156   battery.o
      1004         78        112          0          8      76705   ble_arp.o
         0          0         16          0          0       1446   custs1.o
         0          0          0          0          0       3354   custs1_task.o
       500         28          2          0         76      13854   gpio.o
       208         18          0          0          0       4041   hardfault_handler.o
       648         36         28          0          1       5170   hw_otpc_531.o
       910         22          0          0         48      12290   i2c.o
       104          4        640          0       4124      12684   jump_table.o
       292         22          0          0          0       8379   nmi_handler.o
        88         14         28          0          0       5904   nvds.o
      1140         98          0          0        100       9390   otp_cs.o
        20          4          0          0          0       1213   otp_hdr.o
         0          0         36          0         48       2441   prf.o
      1572        134          0          1         56       6163   rf_531.o
       880         50          0          0          8      76750   rwble.o
       924         78          0          0         12      77141   rwip.o
        80         16        160          0       1536        800   startup_da14531.o
       352         18          0          0          2       4506   syscntl.o
       108          8          0          0          0     265598   system_da14531.o
        24          6          0          0          4       1430   systick.o
       200         16          8          0         20       3459   trng.o
       500         12          0          0         64      11836   uart.o
         0          0       1330          0          0       1935   user_custs1_def.o
         0          0         56          0          0       1777   user_custs_config.o
        44          6          0          0          0       3093   user_periph_setup.o
       692        128          0          0        188       3750   user_simple_beacon.o
       392         26          0          0         12      13978   wkupct_quadec.o

    ----------------------------------------------------------------------
     19808       1630       3444          8       6872    1106719   Object Totals
         0          0         32          0         80          0   (incl. Generated)
         2          0          4          3         19          0   (incl. Padding)

    ----------------------------------------------------------------------

      Code (inc. data)   RO Data    RW Data    ZI Data      Debug   Library Member Name

       244         44        248          0          0        160   patch.o
         0          0          0          0          0          0   entry.o
         0          0          0          0          0          0   entry10a.o
         0          0          0          0          0          0   entry11a.o
         8          4          0          0          0          0   entry2.o
         4          0          0          0          0          0   entry5.o
         0          0          0          0          0          0   entry7b.o
         0          0          0          0          0          0   entry8b.o
         8          4          0          0          0          0   entry9a.o
        30          0          0          0          0          0   handlers.o
        36          8          0          0          0         68   init.o

    ----------------------------------------------------------------------
       332         60        248          0          0        228   Library Totals
         2          0          0          0          0          0   (incl. Padding)

    ----------------------------------------------------------------------

      Code (inc. data)   RO Data    RW Data    ZI Data      Debug   Library Name

       244         44        248          0          0        160   da14531.lib
        86         16          0          0          0         68   mc_p.l

    ----------------------------------------------------------------------
       332         60        248          0          0        228   Library Totals

    ----------------------------------------------------------------------

==============================================================================


      Code (inc. data)   RO Data    RW Data    ZI Data      Debug   

     20140       1690       3692          8       6872    1104371   Grand Totals
     20140       1690       3692          8       6872    1104371   ELF Image Totals
     20140       1690       3692          8          0          0   ROM Totals

==============================================================================

    Total RO  Size (Code + RO Data)                23832 (  23.27kB)
    Total RW  Size (RW Data + ZI Data)              6880 (   6.72kB)
    Total ROM Size (Code + RO Data + RW Data)      23840 (  23.28kB)

==============================================================================

