<!doctype html public "-//w3c//dtd html 4.0 transitional//en">
<html><head>
<title>Static Call Graph - [.\out_DA14585\Objects\empty_peripheral_template_585.axf]</title></head>
<body><HR>
<H1>Static Call Graph for image .\out_DA14585\Objects\empty_peripheral_template_585.axf</H1><HR>
<BR><P>#&#060CALLGRAPH&#062# ARM Linker, 5060750: Last Updated: Mon Sep 23 18:42:35 2019
<BR><P>
<H3>Maximum Stack Usage =        184 bytes + Unknown(Cycles, Untraceable Function Pointers)</H3><H3>
Call chain for Maximum Stack Depth:</H3>
PK_PointMult_func
<P>
<H3>
Mutually Recursive functions
</H3> <LI><a href="#[3]">SVC_Handler</a>&nbsp;&nbsp;&nbsp;&rArr;&nbsp;&nbsp;&nbsp;<a href="#[3]">SVC_Handler</a><BR>
 <LI><a href="#[4]">PendSV_Handler</a>&nbsp;&nbsp;&nbsp;&rArr;&nbsp;&nbsp;&nbsp;<a href="#[4]">PendSV_Handler</a><BR>
 <LI><a href="#[e]">BLE_RF_DIAG_Handler</a>&nbsp;&nbsp;&nbsp;&rArr;&nbsp;&nbsp;&nbsp;<a href="#[e]">BLE_RF_DIAG_Handler</a><BR>
</UL>
<P>
<H3>
Function Pointers
</H3><UL>
 <LI><a href="#[c]">ADC_Handler</a> from adc_58x.o(.text) referenced from startup_da14585_586.o(RESET)
 <LI><a href="#[e]">BLE_RF_DIAG_Handler</a> from startup_da14585_586.o(.text) referenced from startup_da14585_586.o(RESET)
 <LI><a href="#[6]">BLE_WAKEUP_LP_Handler</a> from rwble.o(.text) referenced from startup_da14585_586.o(RESET)
 <LI><a href="#[78]">DCoffsetCalibration_func</a> from da14585_symbols.txt(ABSOLUTE) referenced from jump_table.o(.constdata)
 <LI><a href="#[1a]">DMA_Handler</a> from startup_da14585_586.o(.text) referenced from startup_da14585_586.o(RESET)
 <LI><a href="#[10]">GPIO0_Handler</a> from gpio.o(.text) referenced from startup_da14585_586.o(RESET)
 <LI><a href="#[11]">GPIO1_Handler</a> from gpio.o(.text) referenced from startup_da14585_586.o(RESET)
 <LI><a href="#[12]">GPIO2_Handler</a> from gpio.o(.text) referenced from startup_da14585_586.o(RESET)
 <LI><a href="#[13]">GPIO3_Handler</a> from gpio.o(.text) referenced from startup_da14585_586.o(RESET)
 <LI><a href="#[14]">GPIO4_Handler</a> from gpio.o(.text) referenced from startup_da14585_586.o(RESET)
 <LI><a href="#[2]">HardFault_Handler</a> from startup_da14585_586.o(.text) referenced from startup_da14585_586.o(RESET)
 <LI><a href="#[22]">HardFault_HandlerC</a> from hardfault_handler.o(.text) referenced from startup_da14585_586.o(.text)
 <LI><a href="#[a]">I2C_Handler</a> from i2c.o(.text) referenced from startup_da14585_586.o(RESET)
 <LI><a href="#[d]">KEYBRD_Handler</a> from startup_da14585_586.o(.text) referenced from startup_da14585_586.o(RESET)
 <LI><a href="#[1]">NMI_Handler</a> from startup_da14585_586.o(.text) referenced from startup_da14585_586.o(RESET)
 <LI><a href="#[21]">NMI_HandlerC</a> from nmi_handler.o(.text) referenced from startup_da14585_586.o(.text)
 <LI><a href="#[b3]">PATCHED_atts_mtu_exc_req</a> from patch.o(.text) referenced from patch.o(.constdata)
 <LI><a href="#[bc]">PATCHED_gapm_adv_sanity</a> from patch.o(.text) referenced from patch.o(.constdata)
 <LI><a href="#[b8]">PATCHED_gapm_get_ad_type_flag</a> from patch.o(.text) referenced from patch.o(.constdata)
 <LI><a href="#[b1]">PATCHED_gapm_reset_cmd_handler</a> from patch.o(.text) referenced from patch.o(.constdata)
 <LI><a href="#[b2]">PATCHED_hci_command_handler</a> from patch.o(.text) referenced from patch.o(.constdata)
 <LI><a href="#[b9]">PATCHED_llc_util_gen_skdx</a> from patch.o(.text) referenced from patch.o(.constdata)
 <LI><a href="#[b0]">PATCHED_llcp_length_req_handler</a> from patch.o(.text) referenced from patch.o(.constdata)
 <LI><a href="#[ba]">PATCHED_lld_evt_move_to_master</a> from patch.o(.text) referenced from patch.o(.constdata)
 <LI><a href="#[bb]">PATCHED_llm_adv_report_set</a> from patch.o(.text) referenced from patch.o(.constdata)
 <LI><a href="#[b6]">PATCHED_smpc_check_key_distrib</a> from patch.o(.text) referenced from patch.o(.constdata)
 <LI><a href="#[b7]">PATCHED_smpc_construct_id_addr_info_pdu</a> from patch.o(.text) referenced from patch.o(.constdata)
 <LI><a href="#[b4]">PATCHED_smpc_dhkey_calc_start</a> from smpc_util.o(.text) referenced from patch.o(.constdata)
 <LI><a href="#[b5]">PATCHED_smpc_is_sec_mode_reached</a> from patch.o(.text) referenced from patch.o(.constdata)
 <LI><a href="#[17]">PCM_Handler</a> from startup_da14585_586.o(.text) referenced from startup_da14585_586.o(RESET)
 <LI><a href="#[6b]">PK_PointMult_func</a> from patch.o(.text) referenced from jump_table.o(.constdata)
 <LI><a href="#[4]">PendSV_Handler</a> from startup_da14585_586.o(.text) referenced from startup_da14585_586.o(RESET)
 <LI><a href="#[79]">PllLF_IFF_MIX_CapCalibration_func</a> from da14585_symbols.txt(ABSOLUTE) referenced from jump_table.o(.constdata)
 <LI><a href="#[28]">RADIOCNTL_Handler</a> from rf_585.o(.text) referenced from rf_585.o(.text)
 <LI><a href="#[1b]">RESERVED21_Handler</a> from startup_da14585_586.o(.text) referenced from startup_da14585_586.o(RESET)
 <LI><a href="#[1c]">RESERVED22_Handler</a> from startup_da14585_586.o(.text) referenced from startup_da14585_586.o(RESET)
 <LI><a href="#[1d]">RESERVED23_Handler</a> from startup_da14585_586.o(.text) referenced from startup_da14585_586.o(RESET)
 <LI><a href="#[f]">RFCAL_Handler</a> from startup_da14585_586.o(.text) referenced from startup_da14585_586.o(RESET)
 <LI><a href="#[0]">Reset_Handler</a> from startup_da14585_586.o(.text) referenced from startup_da14585_586.o(RESET)
 <LI><a href="#[b]">SPI_Handler</a> from startup_da14585_586.o(.text) referenced from startup_da14585_586.o(RESET)
 <LI><a href="#[18]">SRCIN_Handler</a> from startup_da14585_586.o(.text) referenced from startup_da14585_586.o(RESET)
 <LI><a href="#[19]">SRCOUT_Handler</a> from startup_da14585_586.o(.text) referenced from startup_da14585_586.o(RESET)
 <LI><a href="#[3]">SVC_Handler</a> from startup_da14585_586.o(.text) referenced from startup_da14585_586.o(RESET)
 <LI><a href="#[15]">SWTIM_Handler</a> from startup_da14585_586.o(.text) referenced from startup_da14585_586.o(RESET)
 <LI><a href="#[5]">SysTick_Handler</a> from systick.o(.text) referenced from startup_da14585_586.o(RESET)
 <LI><a href="#[1f]">SystemInit</a> from system_da14585_586.o(.text) referenced from startup_da14585_586.o(.text)
 <LI><a href="#[9]">UART2_Handler</a> from uart.o(.text) referenced from startup_da14585_586.o(RESET)
 <LI><a href="#[8]">UART_Handler</a> from da14585_symbols.txt(ABSOLUTE) referenced from startup_da14585_586.o(RESET)
 <LI><a href="#[36]">UART_Handler_func</a> from da14585_symbols.txt(ABSOLUTE) referenced from jump_table.o(.constdata)
 <LI><a href="#[16]">WKUP_QUADEC_Handler</a> from wkupct_quadec.o(.text) referenced from startup_da14585_586.o(RESET)
 <LI><a href="#[20]">__main</a> from entry.o(.ARM.Collect$$$$00000000) referenced from startup_da14585_586.o(.text)
 <LI><a href="#[2d]">adv_data_update_timer_cb</a> from user_simple_beacon.o(.text) referenced from user_simple_beacon.o(.text)
 <LI><a href="#[af]">app_custs1_create_db</a> from app_customs.o(.text) referenced from user_custs_config.o(.constdata)
 <LI><a href="#[ae]">app_custs1_process_handler</a> from app_customs_task.o(.text) referenced from app_entry_point.o(.constdata)
 <LI><a href="#[91]">app_diss_create_db</a> from app_diss.o(.text) referenced from app.o(.constdata)
 <LI><a href="#[ad]">app_diss_process_handler</a> from app_diss_task.o(.text) referenced from app_entry_point.o(.constdata)
 <LI><a href="#[a0]">app_entry_point_handler</a> from app_entry_point.o(.text) referenced from app_task.o(.constdata)
 <LI><a href="#[a9]">app_gap_process_handler</a> from app_task.o(.text) referenced from app_entry_point.o(.constdata)
 <LI><a href="#[ab]">app_msg_utils_api_process_handler</a> from app_easy_msg_utils.o(.text) referenced from app_entry_point.o(.constdata)
 <LI><a href="#[ac]">app_sec_process_handler</a> from app_security_task.o(.text) referenced from app_entry_point.o(.constdata)
 <LI><a href="#[aa]">app_timer_api_process_handler</a> from app_easy_timer.o(.text) referenced from app_entry_point.o(.constdata)
 <LI><a href="#[68]">attc_l2cc_pdu_recv_handler_func</a> from da14585_symbols.txt(ABSOLUTE) referenced from jump_table.o(.constdata)
 <LI><a href="#[67]">atts_l2cc_pdu_recv_handler_func</a> from da14585_symbols.txt(ABSOLUTE) referenced from jump_table.o(.constdata)
 <LI><a href="#[bd]">atts_mtu_exc_req</a> from da14585_symbols.txt(ABSOLUTE) referenced from patch.o(.constdata)
 <LI><a href="#[76]">ba431_get_rand_func</a> from jump_table.o(.text) referenced from jump_table.o(.constdata)
 <LI><a href="#[69]">crypto_init_func</a> from jump_table.o(.text) referenced from jump_table.o(.constdata)
 <LI><a href="#[8f]">custs1_att_info_rsp_handler</a> from custs1_task.o(.text) referenced from custs1_task.o(.constdata)
 <LI><a href="#[87]">custs1_cleanup</a> from custs1.o(.text) referenced from custs1.o(.constdata)
 <LI><a href="#[86]">custs1_create</a> from custs1.o(.text) referenced from custs1.o(.constdata)
 <LI><a href="#[85]">custs1_destroy</a> from custs1.o(.text) referenced from custs1.o(.constdata)
 <LI><a href="#[84]">custs1_init</a> from custs1.o(.text) referenced from custs1.o(.constdata)
 <LI><a href="#[8e]">custs1_val_ind_req_handler</a> from custs1_task.o(.text) referenced from custs1_task.o(.constdata)
 <LI><a href="#[8c]">custs1_val_ntf_req_handler</a> from custs1_task.o(.text) referenced from custs1_task.o(.constdata)
 <LI><a href="#[8d]">custs1_val_set_req_handler</a> from custs1_task.o(.text) referenced from custs1_task.o(.constdata)
 <LI><a href="#[90]">custs1_value_req_rsp_handler</a> from custs1_task.o(.text) referenced from custs1_task.o(.constdata)
 <LI><a href="#[5e]">dbg_init_func_empty</a> from jump_table.o(.text) referenced from jump_table.o(.constdata)
 <LI><a href="#[5f]">dbg_platform_reset_complete_func_empty</a> from jump_table.o(.text) referenced from jump_table.o(.constdata)
 <LI><a href="#[74]">dia_rand_func</a> from jump_table.o(.text) referenced from jump_table.o(.constdata)
 <LI><a href="#[75]">dia_srand_func</a> from jump_table.o(.text) referenced from jump_table.o(.constdata)
 <LI><a href="#[80]">diss_cleanup</a> from diss.o(.text) referenced from diss.o(.constdata)
 <LI><a href="#[7f]">diss_create</a> from diss.o(.text) referenced from diss.o(.constdata)
 <LI><a href="#[7e]">diss_destroy</a> from diss.o(.text) referenced from diss.o(.constdata)
 <LI><a href="#[7d]">diss_init</a> from diss.o(.text) referenced from diss.o(.constdata)
 <LI><a href="#[81]">diss_set_value_req_handler</a> from diss_task.o(.text) referenced from diss_task.o(.constdata)
 <LI><a href="#[83]">diss_value_cfm_handler</a> from diss_task.o(.text) referenced from diss_task.o(.constdata)
 <LI><a href="#[a8]">diss_value_req_ind_handler</a> from app_diss_task.o(.text) referenced from app_diss_task.o(.constdata)
 <LI><a href="#[a2]">gapc_bond_ind_handler</a> from app_security_task.o(.text) referenced from app_security_task.o(.constdata)
 <LI><a href="#[a1]">gapc_bond_req_ind_handler</a> from app_security_task.o(.text) referenced from app_security_task.o(.constdata)
 <LI><a href="#[95]">gapc_cmp_evt_handler</a> from app_task.o(.text) referenced from app_task.o(.constdata)
 <LI><a href="#[96]">gapc_connection_req_ind_handler</a> from app_task.o(.text) referenced from app_task.o(.constdata)
 <LI><a href="#[97]">gapc_disconnect_ind_handler</a> from app_task.o(.text) referenced from app_task.o(.constdata)
 <LI><a href="#[a4]">gapc_encrypt_ind_handler</a> from app_security_task.o(.text) referenced from app_security_task.o(.constdata)
 <LI><a href="#[a3]">gapc_encrypt_req_ind_handler</a> from app_security_task.o(.text) referenced from app_security_task.o(.constdata)
 <LI><a href="#[98]">gapc_get_dev_info_req_ind_handler</a> from app_task.o(.text) referenced from app_task.o(.constdata)
 <LI><a href="#[9d]">gapc_le_pkt_size_ind_handler</a> from app_task.o(.text) referenced from app_task.o(.constdata)
 <LI><a href="#[66]">gapc_lecb_connect_cfm_handler_func</a> from da14585_symbols.txt(ABSOLUTE) referenced from jump_table.o(.constdata)
 <LI><a href="#[9c]">gapc_param_update_req_ind_handler</a> from app_task.o(.text) referenced from app_task.o(.constdata)
 <LI><a href="#[92]">gapc_peer_features_ind_handler</a> from app_task.o(.text) referenced from app_task.o(.constdata)
 <LI><a href="#[9f]">gapc_security_ind_handler</a> from app_task.o(.text) referenced from app_task.o(.constdata)
 <LI><a href="#[99]">gapc_set_dev_info_req_ind_handler</a> from app_task.o(.text) referenced from app_task.o(.constdata)
 <LI><a href="#[a5]">gapm_addr_solved_ind_handler</a> from app_security_task.o(.text) referenced from app_security_task.o(.constdata)
 <LI><a href="#[9b]">gapm_adv_report_ind_handler</a> from app_task.o(.text) referenced from app_task.o(.constdata)
 <LI><a href="#[c6]">gapm_adv_sanity</a> from da14585_symbols.txt(ABSOLUTE) referenced from patch.o(.constdata)
 <LI><a href="#[94]">gapm_cmp_evt_handler</a> from app_task.o(.text) referenced from app_task.o(.constdata)
 <LI><a href="#[93]">gapm_device_ready_ind_handler</a> from app_task.o(.text) referenced from app_task.o(.constdata)
 <LI><a href="#[c2]">gapm_get_ad_type_flag</a> from da14585_symbols.txt(ABSOLUTE) referenced from patch.o(.constdata)
 <LI><a href="#[9a]">gapm_profile_added_ind_handler</a> from app_task.o(.text) referenced from app_task.o(.constdata)
 <LI><a href="#[a7]">gapm_ral_addr_ind_handler</a> from app_security_task.o(.text) referenced from app_security_task.o(.constdata)
 <LI><a href="#[a6]">gapm_ral_size_ind_handler</a> from app_security_task.o(.text) referenced from app_security_task.o(.constdata)
 <LI><a href="#[8a]">gattc_att_info_req_ind_handler</a> from custs1_task.o(.text) referenced from custs1_task.o(.constdata)
 <LI><a href="#[8b]">gattc_cmp_evt_handler</a> from custs1_task.o(.text) referenced from custs1_task.o(.constdata)
 <LI><a href="#[82]">gattc_read_req_ind_handler</a> from diss_task.o(.text) referenced 2 times from diss_task.o(.constdata)
 <LI><a href="#[9e]">gattc_svc_changed_cfg_ind_handler</a> from app_task.o(.text) referenced from app_task.o(.constdata)
 <LI><a href="#[89]">gattc_write_req_ind_handler</a> from custs1_task.o(.text) referenced from custs1_task.o(.constdata)
 <LI><a href="#[38]">gtl_eif_init_func</a> from da14585_symbols.txt(ABSOLUTE) referenced from jump_table.o(.constdata)
 <LI><a href="#[3a]">gtl_eif_read_hdr_func</a> from da14585_symbols.txt(ABSOLUTE) referenced from jump_table.o(.constdata)
 <LI><a href="#[3b]">gtl_eif_read_payl_func</a> from da14585_symbols.txt(ABSOLUTE) referenced from jump_table.o(.constdata)
 <LI><a href="#[39]">gtl_eif_read_start_func</a> from da14585_symbols.txt(ABSOLUTE) referenced from jump_table.o(.constdata)
 <LI><a href="#[3d]">gtl_eif_rx_done_func</a> from da14585_symbols.txt(ABSOLUTE) referenced from jump_table.o(.constdata)
 <LI><a href="#[3c]">gtl_eif_tx_done_func</a> from da14585_symbols.txt(ABSOLUTE) referenced from jump_table.o(.constdata)
 <LI><a href="#[37]">gtl_init_func</a> from da14585_symbols.txt(ABSOLUTE) referenced from jump_table.o(.constdata)
 <LI><a href="#[3e]">h4tl_init_func</a> from da14585_symbols.txt(ABSOLUTE) referenced from jump_table.o(.constdata)
 <LI><a href="#[43]">h4tl_out_of_sync_func</a> from da14585_symbols.txt(ABSOLUTE) referenced from jump_table.o(.constdata)
 <LI><a href="#[40]">h4tl_read_hdr_func</a> from da14585_symbols.txt(ABSOLUTE) referenced from jump_table.o(.constdata)
 <LI><a href="#[42]">h4tl_read_next_out_of_sync_func</a> from da14585_symbols.txt(ABSOLUTE) referenced from jump_table.o(.constdata)
 <LI><a href="#[41]">h4tl_read_payl_func</a> from da14585_symbols.txt(ABSOLUTE) referenced from jump_table.o(.constdata)
 <LI><a href="#[3f]">h4tl_read_start_func</a> from da14585_symbols.txt(ABSOLUTE) referenced from jump_table.o(.constdata)
 <LI><a href="#[45]">h4tl_rx_done_func</a> from da14585_symbols.txt(ABSOLUTE) referenced from jump_table.o(.constdata)
 <LI><a href="#[44]">h4tl_tx_done_func</a> from da14585_symbols.txt(ABSOLUTE) referenced from jump_table.o(.constdata)
 <LI><a href="#[60]">hci_rd_local_supp_feats_cmd_handler_func</a> from da14585_symbols.txt(ABSOLUTE) referenced from jump_table.o(.constdata)
 <LI><a href="#[46]">ke_task_init_func</a> from da14585_symbols.txt(ABSOLUTE) referenced from jump_table.o(.constdata)
 <LI><a href="#[47]">ke_timer_init_func</a> from da14585_symbols.txt(ABSOLUTE) referenced from jump_table.o(.constdata)
 <LI><a href="#[64]">l2c_process_sdu_func</a> from da14585_symbols.txt(ABSOLUTE) referenced from jump_table.o(.constdata)
 <LI><a href="#[63]">l2c_send_lecb_message_func</a> from da14585_symbols.txt(ABSOLUTE) referenced from jump_table.o(.constdata)
 <LI><a href="#[61]">l2cc_pdu_pack_func</a> from da14585_symbols.txt(ABSOLUTE) referenced from jump_table.o(.constdata)
 <LI><a href="#[65]">l2cc_pdu_recv_ind_handler_func</a> from da14585_symbols.txt(ABSOLUTE) referenced from jump_table.o(.constdata)
 <LI><a href="#[62]">l2cc_pdu_unpack_func</a> from da14585_symbols.txt(ABSOLUTE) referenced from jump_table.o(.constdata)
 <LI><a href="#[70]">llc_le_length_conn_init_func</a> from da14585_symbols.txt(ABSOLUTE) referenced from jump_table.o(.constdata)
 <LI><a href="#[6f]">llc_le_length_effective_func</a> from da14585_symbols.txt(ABSOLUTE) referenced from jump_table.o(.constdata)
 <LI><a href="#[73]">llc_pdu_send_func</a> from da14585_symbols.txt(ABSOLUTE) referenced from jump_table.o(.constdata)
 <LI><a href="#[c3]">llc_util_gen_skdx</a> from da14585_symbols.txt(ABSOLUTE) referenced from patch.o(.constdata)
 <LI><a href="#[72]">lld_data_tx_check_func</a> from da14585_symbols.txt(ABSOLUTE) referenced from jump_table.o(.constdata)
 <LI><a href="#[71]">lld_data_tx_prog_func</a> from da14585_symbols.txt(ABSOLUTE) referenced from jump_table.o(.constdata)
 <LI><a href="#[c4]">lld_evt_move_to_master</a> from da14585_symbols.txt(ABSOLUTE) referenced from patch.o(.constdata)
 <LI><a href="#[4f]">lld_sleep_compensate_func</a> from rwble.o(.text) referenced from jump_table.o(.constdata)
 <LI><a href="#[50]">lld_sleep_init_func</a> from arch_system.o(.text) referenced from jump_table.o(.constdata)
 <LI><a href="#[52]">lld_sleep_lpcycles_2_us_sel_func</a> from arch_system.o(.text) referenced from jump_table.o(.constdata)
 <LI><a href="#[51]">lld_sleep_us_2_lpcycles_sel_func</a> from arch_system.o(.text) referenced from jump_table.o(.constdata)
 <LI><a href="#[55]">lld_test_mode_rx_func</a> from da14585_symbols.txt(ABSOLUTE) referenced from jump_table.o(.constdata)
 <LI><a href="#[54]">lld_test_mode_tx_func</a> from da14585_symbols.txt(ABSOLUTE) referenced from jump_table.o(.constdata)
 <LI><a href="#[53]">lld_test_stop_func</a> from da14585_symbols.txt(ABSOLUTE) referenced from jump_table.o(.constdata)
 <LI><a href="#[c5]">llm_adv_report_set</a> from da14585_symbols.txt(ABSOLUTE) referenced from patch.o(.constdata)
 <LI><a href="#[6d]">llm_create_p256_key_func</a> from patch.o(.text) referenced from jump_table.o(.constdata)
 <LI><a href="#[48]">llm_encryption_done_func</a> from da14585_symbols.txt(ABSOLUTE) referenced from jump_table.o(.constdata)
 <LI><a href="#[6a]">llm_le_adv_report_ind_func</a> from da14585_symbols.txt(ABSOLUTE) referenced from jump_table.o(.constdata)
 <LI><a href="#[6e]">llm_p256_req_handler_func</a> from patch.o(.text) referenced from jump_table.o(.constdata)
 <LI><a href="#[6c]">llm_p256_start_func</a> from da14585_symbols.txt(ABSOLUTE) referenced from jump_table.o(.constdata)
 <LI><a href="#[1e]">main</a> from arch_main.o(.text) referenced from entry9a.o(.ARM.Collect$$$$0000000B)
 <LI><a href="#[77]">modulationGainCalibration_func</a> from da14585_symbols.txt(ABSOLUTE) referenced from jump_table.o(.constdata)
 <LI><a href="#[4b]">nvds_del_func</a> from nvds.o(.text) referenced from jump_table.o(.constdata)
 <LI><a href="#[49]">nvds_get_func</a> from nvds.o(.text) referenced from jump_table.o(.constdata)
 <LI><a href="#[4c]">nvds_init_func</a> from nvds.o(.text) referenced from jump_table.o(.constdata)
 <LI><a href="#[4a]">nvds_put_func</a> from nvds.o(.text) referenced from jump_table.o(.constdata)
 <LI><a href="#[4e]">platform_reset_func</a> from jump_table.o(.text) referenced from jump_table.o(.constdata)
 <LI><a href="#[59]">prf_add_profile_func</a> from prf.o(.text) referenced from jump_table.o(.constdata)
 <LI><a href="#[5b]">prf_cleanup_func</a> from prf.o(.text) referenced from jump_table.o(.constdata)
 <LI><a href="#[5a]">prf_create_func</a> from prf.o(.text) referenced from jump_table.o(.constdata)
 <LI><a href="#[5c]">prf_get_id_from_task_func</a> from prf.o(.text) referenced from jump_table.o(.constdata)
 <LI><a href="#[5d]">prf_get_task_from_id_func</a> from prf.o(.text) referenced from jump_table.o(.constdata)
 <LI><a href="#[58]">prf_init_func</a> from prf.o(.text) referenced from jump_table.o(.constdata)
 <LI><a href="#[29]">rf_force_agc_enable</a> from rf_585.o(.text) referenced from rf_585.o(.text)
 <LI><a href="#[2e]">rf_init_func</a> from rf_585.o(.text) referenced from jump_table.o(.constdata)
 <LI><a href="#[23]">rf_reg_rd</a> from rf_585.o(.text) referenced from rf_585.o(.text)
 <LI><a href="#[24]">rf_reg_wr</a> from rf_585.o(.text) referenced from rf_585.o(.text)
 <LI><a href="#[2f]">rf_reinit_func</a> from rf_585.o(.text) referenced from jump_table.o(.constdata)
 <LI><a href="#[27]">rf_reset</a> from rf_585.o(.text) referenced from rf_585.o(.text)
 <LI><a href="#[2a]">rf_rssi_convert</a> from rf_585.o(.text) referenced from rf_585.o(.text)
 <LI><a href="#[26]">rf_sleep</a> from rf_585.o(.text) referenced from rf_585.o(.text)
 <LI><a href="#[25]">rf_txpwr_dbm_get</a> from rf_585.o(.text) referenced from rf_585.o(.text)
 <LI><a href="#[7]">rwble_isr</a> from rwble.o(.text) referenced from startup_da14585_586.o(RESET)
 <LI><a href="#[4d]">rwip_eif_get_func</a> from da14585_symbols.txt(ABSOLUTE) referenced from jump_table.o(.constdata)
 <LI><a href="#[c0]">smpc_check_key_distrib</a> from da14585_symbols.txt(ABSOLUTE) referenced from patch.o(.constdata)
 <LI><a href="#[56]">smpc_check_param_func</a> from da14585_symbols.txt(ABSOLUTE) referenced from jump_table.o(.constdata)
 <LI><a href="#[c1]">smpc_construct_id_addr_info_pdu</a> from da14585_symbols.txt(ABSOLUTE) referenced from patch.o(.constdata)
 <LI><a href="#[7b]">smpc_dhkey_calc_ind_func</a> from da14585_symbols.txt(ABSOLUTE) referenced from jump_table.o(.constdata)
 <LI><a href="#[be]">smpc_dhkey_calc_start</a> from da14585_symbols.txt(ABSOLUTE) referenced from patch.o(.constdata)
 <LI><a href="#[bf]">smpc_is_sec_mode_reached</a> from da14585_symbols.txt(ABSOLUTE) referenced from patch.o(.constdata)
 <LI><a href="#[57]">smpc_pdu_recv_func</a> from da14585_symbols.txt(ABSOLUTE) referenced from jump_table.o(.constdata)
 <LI><a href="#[7a]">smpc_public_key_exchange_start_func</a> from da14585_symbols.txt(ABSOLUTE) referenced from jump_table.o(.constdata)
 <LI><a href="#[7c]">smpm_ecdh_key_create_func</a> from da14585_symbols.txt(ABSOLUTE) referenced from jump_table.o(.constdata)
 <LI><a href="#[2c]">timer_canceled_handler</a> from app_easy_timer.o(.text) referenced from app_easy_timer.o(.text)
 <LI><a href="#[2b]">timer_modified_handler</a> from app_easy_timer.o(.text) referenced from app_easy_timer.o(.text)
 <LI><a href="#[33]">uart_finish_transfers_func</a> from da14585_symbols.txt(ABSOLUTE) referenced from jump_table.o(.constdata)
 <LI><a href="#[32]">uart_flow_off_func</a> from da14585_symbols.txt(ABSOLUTE) referenced from jump_table.o(.constdata)
 <LI><a href="#[31]">uart_flow_on_func</a> from da14585_symbols.txt(ABSOLUTE) referenced from jump_table.o(.constdata)
 <LI><a href="#[30]">uart_init_func</a> from da14585_symbols.txt(ABSOLUTE) referenced from jump_table.o(.constdata)
 <LI><a href="#[34]">uart_read_func</a> from da14585_symbols.txt(ABSOLUTE) referenced from jump_table.o(.constdata)
 <LI><a href="#[35]">uart_write_func</a> from da14585_symbols.txt(ABSOLUTE) referenced from jump_table.o(.constdata)
</UL>
<P>
<H3>
Global Symbols
</H3>
<P><STRONG><a name="[4d]"></a>rwip_eif_get_func</STRONG> (Thumb, 0 bytes, Stack size 0 bytes, da14585_symbols.txt(ABSOLUTE), UNUSED)
<BR>[Address Reference Count : 1]<UL><LI> jump_table.o(.constdata)
</UL>
<P><STRONG><a name="[eb]"></a>ble_init</STRONG> (Thumb, 0 bytes, Stack size 0 bytes, da14585_symbols.txt(ABSOLUTE))
<BR><BR>[Called By]<UL><LI><a href="#[cf]">&gt;&gt;</a>&nbsp;&nbsp;&nbsp;system_init
</UL>

<P><STRONG><a name="[115]"></a>ble_regs_push</STRONG> (Thumb, 0 bytes, Stack size 0 bytes, da14585_symbols.txt(ABSOLUTE))
<BR><BR>[Called By]<UL><LI><a href="#[114]">&gt;&gt;</a>&nbsp;&nbsp;&nbsp;patched_ble_regs_push
</UL>

<P><STRONG><a name="[116]"></a>ble_regs_pop</STRONG> (Thumb, 0 bytes, Stack size 0 bytes, da14585_symbols.txt(ABSOLUTE))
<BR><BR>[Called By]<UL><LI><a href="#[10a]">&gt;&gt;</a>&nbsp;&nbsp;&nbsp;patched_ble_regs_pop
</UL>

<P><STRONG><a name="[112]"></a>rf_reinit</STRONG> (Thumb, 0 bytes, Stack size 0 bytes, da14585_symbols.txt(ABSOLUTE))
<BR><BR>[Called By]<UL><LI><a href="#[7]">&gt;&gt;</a>&nbsp;&nbsp;&nbsp;rwble_isr
</UL>

<P><STRONG><a name="[8]"></a>UART_Handler</STRONG> (Thumb, 0 bytes, Stack size 0 bytes, da14585_symbols.txt(ABSOLUTE), UNUSED)
<BR>[Address Reference Count : 1]<UL><LI> startup_da14585_586.o(RESET)
</UL>
<P><STRONG><a name="[19b]"></a>platform_reset</STRONG> (Thumb, 0 bytes, Stack size 0 bytes, da14585_symbols.txt(ABSOLUTE))
<BR><BR>[Called By]<UL><LI><a href="#[b1]">&gt;&gt;</a>&nbsp;&nbsp;&nbsp;PATCHED_gapm_reset_cmd_handler
</UL>

<P><STRONG><a name="[191]"></a>PK_PointMult</STRONG> (Thumb, 0 bytes, Stack size 0 bytes, da14585_symbols.txt(ABSOLUTE))
<BR><BR>[Called By]<UL><LI><a href="#[6d]">&gt;&gt;</a>&nbsp;&nbsp;&nbsp;llm_create_p256_key_func
</UL>

<P><STRONG><a name="[197]"></a>llm_p256_start</STRONG> (Thumb, 0 bytes, Stack size 0 bytes, da14585_symbols.txt(ABSOLUTE))
<BR><BR>[Called By]<UL><LI><a href="#[6e]">&gt;&gt;</a>&nbsp;&nbsp;&nbsp;llm_p256_req_handler_func
</UL>

<P><STRONG><a name="[193]"></a>llm_create_p256_key</STRONG> (Thumb, 0 bytes, Stack size 0 bytes, da14585_symbols.txt(ABSOLUTE))
<BR><BR>[Called By]<UL><LI><a href="#[6e]">&gt;&gt;</a>&nbsp;&nbsp;&nbsp;llm_p256_req_handler_func
</UL>

<P><STRONG><a name="[d5]"></a>dia_rand</STRONG> (Thumb, 0 bytes, Stack size 0 bytes, da14585_symbols.txt(ABSOLUTE))
<BR><BR>[Called By]<UL><LI><a href="#[76]">&gt;&gt;</a>&nbsp;&nbsp;&nbsp;ba431_get_rand_func
<LI><a href="#[16e]">&gt;&gt;</a>&nbsp;&nbsp;&nbsp;app_fill_random_byte_array
<LI><a href="#[159]">&gt;&gt;</a>&nbsp;&nbsp;&nbsp;app_sec_gen_ltk
<LI><a href="#[b9]">&gt;&gt;</a>&nbsp;&nbsp;&nbsp;PATCHED_llc_util_gen_skdx
</UL>

<P><STRONG><a name="[e9]"></a>dia_srand</STRONG> (Thumb, 0 bytes, Stack size 0 bytes, da14585_symbols.txt(ABSOLUTE))
<BR><BR>[Called By]<UL><LI><a href="#[cf]">&gt;&gt;</a>&nbsp;&nbsp;&nbsp;system_init
<LI><a href="#[ec]">&gt;&gt;</a>&nbsp;&nbsp;&nbsp;init_rand_seed_from_trng
</UL>

<P><STRONG><a name="[190]"></a>ba431_get_rand</STRONG> (Thumb, 0 bytes, Stack size 0 bytes, da14585_symbols.txt(ABSOLUTE))
<BR><BR>[Called By]<UL><LI><a href="#[6d]">&gt;&gt;</a>&nbsp;&nbsp;&nbsp;llm_create_p256_key_func
</UL>

<P><STRONG><a name="[1a3]"></a>modulationGainCalibration</STRONG> (Thumb, 0 bytes, Stack size 0 bytes, da14585_symbols.txt(ABSOLUTE))
<BR><BR>[Called By]<UL><LI><a href="#[de]">&gt;&gt;</a>&nbsp;&nbsp;&nbsp;rf_calibration_585
</UL>

<P><STRONG><a name="[100]"></a>DCoffsetCalibration</STRONG> (Thumb, 0 bytes, Stack size 0 bytes, da14585_symbols.txt(ABSOLUTE))
<BR><BR>[Called By]<UL><LI><a href="#[fe]">&gt;&gt;</a>&nbsp;&nbsp;&nbsp;trng_acquire
<LI><a href="#[de]">&gt;&gt;</a>&nbsp;&nbsp;&nbsp;rf_calibration_585
</UL>

<P><STRONG><a name="[101]"></a>PllLF_IFF_MIX_CapCalibration</STRONG> (Thumb, 0 bytes, Stack size 0 bytes, da14585_symbols.txt(ABSOLUTE))
<BR><BR>[Called By]<UL><LI><a href="#[fe]">&gt;&gt;</a>&nbsp;&nbsp;&nbsp;trng_acquire
<LI><a href="#[de]">&gt;&gt;</a>&nbsp;&nbsp;&nbsp;rf_calibration_585
</UL>

<P><STRONG><a name="[19c]"></a>smpm_ecdh_key_create</STRONG> (Thumb, 0 bytes, Stack size 0 bytes, da14585_symbols.txt(ABSOLUTE))
<BR><BR>[Called By]<UL><LI><a href="#[b1]">&gt;&gt;</a>&nbsp;&nbsp;&nbsp;PATCHED_gapm_reset_cmd_handler
</UL>

<P><STRONG><a name="[187]"></a>co_buf_rx_buffer_get</STRONG> (Thumb, 0 bytes, Stack size 0 bytes, da14585_symbols.txt(ABSOLUTE))
<BR><BR>[Called By]<UL><LI><a href="#[bb]">&gt;&gt;</a>&nbsp;&nbsp;&nbsp;PATCHED_llm_adv_report_set
</UL>

<P><STRONG><a name="[127]"></a>co_list_init</STRONG> (Thumb, 0 bytes, Stack size 0 bytes, da14585_symbols.txt(ABSOLUTE))
<BR><BR>[Called By]<UL><LI><a href="#[84]">&gt;&gt;</a>&nbsp;&nbsp;&nbsp;custs1_init
<LI><a href="#[7d]">&gt;&gt;</a>&nbsp;&nbsp;&nbsp;diss_init
</UL>

<P><STRONG><a name="[129]"></a>co_list_pop_front</STRONG> (Thumb, 0 bytes, Stack size 0 bytes, da14585_symbols.txt(ABSOLUTE))
<BR><BR>[Called By]<UL><LI><a href="#[6e]">&gt;&gt;</a>&nbsp;&nbsp;&nbsp;llm_p256_req_handler_func
<LI><a href="#[85]">&gt;&gt;</a>&nbsp;&nbsp;&nbsp;custs1_destroy
<LI><a href="#[7e]">&gt;&gt;</a>&nbsp;&nbsp;&nbsp;diss_destroy
</UL>

<P><STRONG><a name="[12e]"></a>co_list_push_back</STRONG> (Thumb, 0 bytes, Stack size 0 bytes, da14585_symbols.txt(ABSOLUTE))
<BR><BR>[Called By]<UL><LI><a href="#[13e]">&gt;&gt;</a>&nbsp;&nbsp;&nbsp;custs1_att_set_value
<LI><a href="#[81]">&gt;&gt;</a>&nbsp;&nbsp;&nbsp;diss_set_value_req_handler
</UL>

<P><STRONG><a name="[12d]"></a>co_list_extract</STRONG> (Thumb, 0 bytes, Stack size 0 bytes, da14585_symbols.txt(ABSOLUTE))
<BR><BR>[Called By]<UL><LI><a href="#[13e]">&gt;&gt;</a>&nbsp;&nbsp;&nbsp;custs1_att_set_value
<LI><a href="#[81]">&gt;&gt;</a>&nbsp;&nbsp;&nbsp;diss_set_value_req_handler
</UL>

<P><STRONG><a name="[6f]"></a>llc_le_length_effective_func</STRONG> (Thumb, 0 bytes, Stack size 0 bytes, da14585_symbols.txt(ABSOLUTE), UNUSED)
<BR>[Address Reference Count : 1]<UL><LI> jump_table.o(.constdata)
</UL>
<P><STRONG><a name="[70]"></a>llc_le_length_conn_init_func</STRONG> (Thumb, 0 bytes, Stack size 0 bytes, da14585_symbols.txt(ABSOLUTE), UNUSED)
<BR>[Address Reference Count : 1]<UL><LI> jump_table.o(.constdata)
</UL>
<P><STRONG><a name="[73]"></a>llc_pdu_send_func</STRONG> (Thumb, 0 bytes, Stack size 0 bytes, da14585_symbols.txt(ABSOLUTE), UNUSED)
<BR>[Address Reference Count : 1]<UL><LI> jump_table.o(.constdata)
</UL>
<P><STRONG><a name="[185]"></a>llc_reject_ind_pdu_send</STRONG> (Thumb, 0 bytes, Stack size 0 bytes, da14585_symbols.txt(ABSOLUTE))
<BR><BR>[Called By]<UL><LI><a href="#[b0]">&gt;&gt;</a>&nbsp;&nbsp;&nbsp;PATCHED_llcp_length_req_handler
</UL>

<P><STRONG><a name="[183]"></a>llc_length_rsp_pdu_send</STRONG> (Thumb, 0 bytes, Stack size 0 bytes, da14585_symbols.txt(ABSOLUTE))
<BR><BR>[Called By]<UL><LI><a href="#[b0]">&gt;&gt;</a>&nbsp;&nbsp;&nbsp;PATCHED_llcp_length_req_handler
</UL>

<P><STRONG><a name="[184]"></a>llc_length_ind</STRONG> (Thumb, 0 bytes, Stack size 0 bytes, da14585_symbols.txt(ABSOLUTE))
<BR><BR>[Called By]<UL><LI><a href="#[b0]">&gt;&gt;</a>&nbsp;&nbsp;&nbsp;PATCHED_llcp_length_req_handler
</UL>

<P><STRONG><a name="[182]"></a>llc_util_dicon_procedure</STRONG> (Thumb, 0 bytes, Stack size 0 bytes, da14585_symbols.txt(ABSOLUTE))
<BR><BR>[Called By]<UL><LI><a href="#[b0]">&gt;&gt;</a>&nbsp;&nbsp;&nbsp;PATCHED_llcp_length_req_handler
</UL>

<P><STRONG><a name="[c3]"></a>llc_util_gen_skdx</STRONG> (Thumb, 0 bytes, Stack size 0 bytes, da14585_symbols.txt(ABSOLUTE), UNUSED)
<BR>[Address Reference Count : 1]<UL><LI> patch.o(.constdata)
</UL>
<P><STRONG><a name="[110]"></a>lld_crypt_isr</STRONG> (Thumb, 0 bytes, Stack size 0 bytes, da14585_symbols.txt(ABSOLUTE))
<BR><BR>[Called By]<UL><LI><a href="#[7]">&gt;&gt;</a>&nbsp;&nbsp;&nbsp;rwble_isr
</UL>

<P><STRONG><a name="[54]"></a>lld_test_mode_tx_func</STRONG> (Thumb, 0 bytes, Stack size 0 bytes, da14585_symbols.txt(ABSOLUTE), UNUSED)
<BR>[Address Reference Count : 1]<UL><LI> jump_table.o(.constdata)
</UL>
<P><STRONG><a name="[55]"></a>lld_test_mode_rx_func</STRONG> (Thumb, 0 bytes, Stack size 0 bytes, da14585_symbols.txt(ABSOLUTE), UNUSED)
<BR>[Address Reference Count : 1]<UL><LI> jump_table.o(.constdata)
</UL>
<P><STRONG><a name="[53]"></a>lld_test_stop_func</STRONG> (Thumb, 0 bytes, Stack size 0 bytes, da14585_symbols.txt(ABSOLUTE), UNUSED)
<BR>[Address Reference Count : 1]<UL><LI> jump_table.o(.constdata)
</UL>
<P><STRONG><a name="[72]"></a>lld_data_tx_check_func</STRONG> (Thumb, 0 bytes, Stack size 0 bytes, da14585_symbols.txt(ABSOLUTE), UNUSED)
<BR>[Address Reference Count : 1]<UL><LI> jump_table.o(.constdata)
</UL>
<P><STRONG><a name="[71]"></a>lld_data_tx_prog_func</STRONG> (Thumb, 0 bytes, Stack size 0 bytes, da14585_symbols.txt(ABSOLUTE), UNUSED)
<BR>[Address Reference Count : 1]<UL><LI> jump_table.o(.constdata)
</UL>
<P><STRONG><a name="[189]"></a>lld_evt_elt_delete</STRONG> (Thumb, 0 bytes, Stack size 0 bytes, da14585_symbols.txt(ABSOLUTE))
<BR><BR>[Called By]<UL><LI><a href="#[ba]">&gt;&gt;</a>&nbsp;&nbsp;&nbsp;PATCHED_lld_evt_move_to_master
</UL>

<P><STRONG><a name="[18b]"></a>lld_evt_channel_next</STRONG> (Thumb, 0 bytes, Stack size 0 bytes, da14585_symbols.txt(ABSOLUTE))
<BR><BR>[Called By]<UL><LI><a href="#[ba]">&gt;&gt;</a>&nbsp;&nbsp;&nbsp;PATCHED_lld_evt_move_to_master
</UL>

<P><STRONG><a name="[c4]"></a>lld_evt_move_to_master</STRONG> (Thumb, 0 bytes, Stack size 0 bytes, da14585_symbols.txt(ABSOLUTE), UNUSED)
<BR>[Address Reference Count : 1]<UL><LI> patch.o(.constdata)
</UL>
<P><STRONG><a name="[10f]"></a>lld_evt_timer_isr</STRONG> (Thumb, 0 bytes, Stack size 0 bytes, da14585_symbols.txt(ABSOLUTE))
<BR><BR>[Called By]<UL><LI><a href="#[7]">&gt;&gt;</a>&nbsp;&nbsp;&nbsp;rwble_isr
</UL>

<P><STRONG><a name="[10d]"></a>lld_evt_end_isr</STRONG> (Thumb, 0 bytes, Stack size 0 bytes, da14585_symbols.txt(ABSOLUTE))
<BR><BR>[Called By]<UL><LI><a href="#[7]">&gt;&gt;</a>&nbsp;&nbsp;&nbsp;rwble_isr
</UL>

<P><STRONG><a name="[10c]"></a>lld_evt_rx_isr</STRONG> (Thumb, 0 bytes, Stack size 0 bytes, da14585_symbols.txt(ABSOLUTE))
<BR><BR>[Called By]<UL><LI><a href="#[7]">&gt;&gt;</a>&nbsp;&nbsp;&nbsp;rwble_isr
</UL>

<P><STRONG><a name="[df]"></a>lld_sleep_us_2_lpcycles_func</STRONG> (Thumb, 0 bytes, Stack size 0 bytes, da14585_symbols.txt(ABSOLUTE))
<BR><BR>[Called By]<UL><LI><a href="#[51]">&gt;&gt;</a>&nbsp;&nbsp;&nbsp;lld_sleep_us_2_lpcycles_sel_func
</UL>

<P><STRONG><a name="[e0]"></a>lld_sleep_lpcycles_2_us_func</STRONG> (Thumb, 0 bytes, Stack size 0 bytes, da14585_symbols.txt(ABSOLUTE))
<BR><BR>[Called By]<UL><LI><a href="#[52]">&gt;&gt;</a>&nbsp;&nbsp;&nbsp;lld_sleep_lpcycles_2_us_sel_func
</UL>

<P><STRONG><a name="[11c]"></a>lld_sleep_enter</STRONG> (Thumb, 0 bytes, Stack size 0 bytes, da14585_symbols.txt(ABSOLUTE))
<BR><BR>[Called By]<UL><LI><a href="#[d3]">&gt;&gt;</a>&nbsp;&nbsp;&nbsp;rwip_sleep
</UL>

<P><STRONG><a name="[c5]"></a>llm_adv_report_set</STRONG> (Thumb, 0 bytes, Stack size 0 bytes, da14585_symbols.txt(ABSOLUTE), UNUSED)
<BR>[Address Reference Count : 1]<UL><LI> patch.o(.constdata)
</UL>
<P><STRONG><a name="[6a]"></a>llm_le_adv_report_ind_func</STRONG> (Thumb, 0 bytes, Stack size 0 bytes, da14585_symbols.txt(ABSOLUTE), UNUSED)
<BR>[Address Reference Count : 1]<UL><LI> jump_table.o(.constdata)
</UL>
<P><STRONG><a name="[48]"></a>llm_encryption_done_func</STRONG> (Thumb, 0 bytes, Stack size 0 bytes, da14585_symbols.txt(ABSOLUTE), UNUSED)
<BR>[Address Reference Count : 1]<UL><LI> jump_table.o(.constdata)
</UL>
<P><STRONG><a name="[6c]"></a>llm_p256_start_func</STRONG> (Thumb, 0 bytes, Stack size 0 bytes, da14585_symbols.txt(ABSOLUTE), UNUSED)
<BR><BR>[Called By]<UL><LI><a href="#[1a7]">&gt;&gt;</a>&nbsp;&nbsp;&nbsp;JT_llm_p256_start_func
</UL>
<BR>[Address Reference Count : 1]<UL><LI> jump_table.o(.constdata)
</UL>
<P><STRONG><a name="[60]"></a>hci_rd_local_supp_feats_cmd_handler_func</STRONG> (Thumb, 0 bytes, Stack size 0 bytes, da14585_symbols.txt(ABSOLUTE), UNUSED)
<BR>[Address Reference Count : 1]<UL><LI> jump_table.o(.constdata)
</UL>
<P><STRONG><a name="[192]"></a>llm_util_check_evt_mask</STRONG> (Thumb, 0 bytes, Stack size 0 bytes, da14585_symbols.txt(ABSOLUTE))
<BR><BR>[Called By]<UL><LI><a href="#[6e]">&gt;&gt;</a>&nbsp;&nbsp;&nbsp;llm_p256_req_handler_func
</UL>

<P><STRONG><a name="[18a]"></a>ea_time_get_halfslot_rounded</STRONG> (Thumb, 0 bytes, Stack size 0 bytes, da14585_symbols.txt(ABSOLUTE))
<BR><BR>[Called By]<UL><LI><a href="#[ba]">&gt;&gt;</a>&nbsp;&nbsp;&nbsp;PATCHED_lld_evt_move_to_master
</UL>

<P><STRONG><a name="[188]"></a>ea_interval_create</STRONG> (Thumb, 0 bytes, Stack size 0 bytes, da14585_symbols.txt(ABSOLUTE))
<BR><BR>[Called By]<UL><LI><a href="#[ba]">&gt;&gt;</a>&nbsp;&nbsp;&nbsp;PATCHED_lld_evt_move_to_master
</UL>

<P><STRONG><a name="[18c]"></a>ea_interval_insert</STRONG> (Thumb, 0 bytes, Stack size 0 bytes, da14585_symbols.txt(ABSOLUTE))
<BR><BR>[Called By]<UL><LI><a href="#[ba]">&gt;&gt;</a>&nbsp;&nbsp;&nbsp;PATCHED_lld_evt_move_to_master
</UL>

<P><STRONG><a name="[10b]"></a>ea_finetimer_isr</STRONG> (Thumb, 0 bytes, Stack size 0 bytes, da14585_symbols.txt(ABSOLUTE))
<BR><BR>[Called By]<UL><LI><a href="#[7]">&gt;&gt;</a>&nbsp;&nbsp;&nbsp;rwble_isr
</UL>

<P><STRONG><a name="[10e]"></a>ea_sw_isr</STRONG> (Thumb, 0 bytes, Stack size 0 bytes, da14585_symbols.txt(ABSOLUTE))
<BR><BR>[Called By]<UL><LI><a href="#[7]">&gt;&gt;</a>&nbsp;&nbsp;&nbsp;rwble_isr
</UL>

<P><STRONG><a name="[d0]"></a>ea_sleep_check</STRONG> (Thumb, 0 bytes, Stack size 0 bytes, da14585_symbols.txt(ABSOLUTE))
<BR><BR>[Called By]<UL><LI><a href="#[d3]">&gt;&gt;</a>&nbsp;&nbsp;&nbsp;rwip_sleep
<LI><a href="#[1e]">&gt;&gt;</a>&nbsp;&nbsp;&nbsp;main
</UL>

<P><STRONG><a name="[30]"></a>uart_init_func</STRONG> (Thumb, 0 bytes, Stack size 0 bytes, da14585_symbols.txt(ABSOLUTE), UNUSED)
<BR>[Address Reference Count : 1]<UL><LI> jump_table.o(.constdata)
</UL>
<P><STRONG><a name="[31]"></a>uart_flow_on_func</STRONG> (Thumb, 0 bytes, Stack size 0 bytes, da14585_symbols.txt(ABSOLUTE), UNUSED)
<BR>[Address Reference Count : 1]<UL><LI> jump_table.o(.constdata)
</UL>
<P><STRONG><a name="[32]"></a>uart_flow_off_func</STRONG> (Thumb, 0 bytes, Stack size 0 bytes, da14585_symbols.txt(ABSOLUTE), UNUSED)
<BR>[Address Reference Count : 1]<UL><LI> jump_table.o(.constdata)
</UL>
<P><STRONG><a name="[33]"></a>uart_finish_transfers_func</STRONG> (Thumb, 0 bytes, Stack size 0 bytes, da14585_symbols.txt(ABSOLUTE), UNUSED)
<BR>[Address Reference Count : 1]<UL><LI> jump_table.o(.constdata)
</UL>
<P><STRONG><a name="[34]"></a>uart_read_func</STRONG> (Thumb, 0 bytes, Stack size 0 bytes, da14585_symbols.txt(ABSOLUTE), UNUSED)
<BR>[Address Reference Count : 1]<UL><LI> jump_table.o(.constdata)
</UL>
<P><STRONG><a name="[35]"></a>uart_write_func</STRONG> (Thumb, 0 bytes, Stack size 0 bytes, da14585_symbols.txt(ABSOLUTE), UNUSED)
<BR>[Address Reference Count : 1]<UL><LI> jump_table.o(.constdata)
</UL>
<P><STRONG><a name="[36]"></a>UART_Handler_func</STRONG> (Thumb, 0 bytes, Stack size 0 bytes, da14585_symbols.txt(ABSOLUTE), UNUSED)
<BR>[Address Reference Count : 1]<UL><LI> jump_table.o(.constdata)
</UL>
<P><STRONG><a name="[77]"></a>modulationGainCalibration_func</STRONG> (Thumb, 0 bytes, Stack size 0 bytes, da14585_symbols.txt(ABSOLUTE), UNUSED)
<BR>[Address Reference Count : 1]<UL><LI> jump_table.o(.constdata)
</UL>
<P><STRONG><a name="[78]"></a>DCoffsetCalibration_func</STRONG> (Thumb, 0 bytes, Stack size 0 bytes, da14585_symbols.txt(ABSOLUTE), UNUSED)
<BR>[Address Reference Count : 1]<UL><LI> jump_table.o(.constdata)
</UL>
<P><STRONG><a name="[79]"></a>PllLF_IFF_MIX_CapCalibration_func</STRONG> (Thumb, 0 bytes, Stack size 0 bytes, da14585_symbols.txt(ABSOLUTE), UNUSED)
<BR>[Address Reference Count : 1]<UL><LI> jump_table.o(.constdata)
</UL>
<P><STRONG><a name="[37]"></a>gtl_init_func</STRONG> (Thumb, 0 bytes, Stack size 0 bytes, da14585_symbols.txt(ABSOLUTE), UNUSED)
<BR>[Address Reference Count : 1]<UL><LI> jump_table.o(.constdata)
</UL>
<P><STRONG><a name="[39]"></a>gtl_eif_read_start_func</STRONG> (Thumb, 0 bytes, Stack size 0 bytes, da14585_symbols.txt(ABSOLUTE), UNUSED)
<BR>[Address Reference Count : 1]<UL><LI> jump_table.o(.constdata)
</UL>
<P><STRONG><a name="[3a]"></a>gtl_eif_read_hdr_func</STRONG> (Thumb, 0 bytes, Stack size 0 bytes, da14585_symbols.txt(ABSOLUTE), UNUSED)
<BR>[Address Reference Count : 1]<UL><LI> jump_table.o(.constdata)
</UL>
<P><STRONG><a name="[3b]"></a>gtl_eif_read_payl_func</STRONG> (Thumb, 0 bytes, Stack size 0 bytes, da14585_symbols.txt(ABSOLUTE), UNUSED)
<BR>[Address Reference Count : 1]<UL><LI> jump_table.o(.constdata)
</UL>
<P><STRONG><a name="[3c]"></a>gtl_eif_tx_done_func</STRONG> (Thumb, 0 bytes, Stack size 0 bytes, da14585_symbols.txt(ABSOLUTE), UNUSED)
<BR>[Address Reference Count : 1]<UL><LI> jump_table.o(.constdata)
</UL>
<P><STRONG><a name="[3d]"></a>gtl_eif_rx_done_func</STRONG> (Thumb, 0 bytes, Stack size 0 bytes, da14585_symbols.txt(ABSOLUTE), UNUSED)
<BR>[Address Reference Count : 1]<UL><LI> jump_table.o(.constdata)
</UL>
<P><STRONG><a name="[38]"></a>gtl_eif_init_func</STRONG> (Thumb, 0 bytes, Stack size 0 bytes, da14585_symbols.txt(ABSOLUTE), UNUSED)
<BR>[Address Reference Count : 1]<UL><LI> jump_table.o(.constdata)
</UL>
<P><STRONG><a name="[194]"></a>hci_send_2_host</STRONG> (Thumb, 0 bytes, Stack size 0 bytes, da14585_symbols.txt(ABSOLUTE))
<BR><BR>[Called By]<UL><LI><a href="#[6e]">&gt;&gt;</a>&nbsp;&nbsp;&nbsp;llm_p256_req_handler_func
<LI><a href="#[b2]">&gt;&gt;</a>&nbsp;&nbsp;&nbsp;PATCHED_hci_command_handler
</UL>

<P><STRONG><a name="[3f]"></a>h4tl_read_start_func</STRONG> (Thumb, 0 bytes, Stack size 0 bytes, da14585_symbols.txt(ABSOLUTE), UNUSED)
<BR>[Address Reference Count : 1]<UL><LI> jump_table.o(.constdata)
</UL>
<P><STRONG><a name="[40]"></a>h4tl_read_hdr_func</STRONG> (Thumb, 0 bytes, Stack size 0 bytes, da14585_symbols.txt(ABSOLUTE), UNUSED)
<BR>[Address Reference Count : 1]<UL><LI> jump_table.o(.constdata)
</UL>
<P><STRONG><a name="[41]"></a>h4tl_read_payl_func</STRONG> (Thumb, 0 bytes, Stack size 0 bytes, da14585_symbols.txt(ABSOLUTE), UNUSED)
<BR>[Address Reference Count : 1]<UL><LI> jump_table.o(.constdata)
</UL>
<P><STRONG><a name="[42]"></a>h4tl_read_next_out_of_sync_func</STRONG> (Thumb, 0 bytes, Stack size 0 bytes, da14585_symbols.txt(ABSOLUTE), UNUSED)
<BR>[Address Reference Count : 1]<UL><LI> jump_table.o(.constdata)
</UL>
<P><STRONG><a name="[43]"></a>h4tl_out_of_sync_func</STRONG> (Thumb, 0 bytes, Stack size 0 bytes, da14585_symbols.txt(ABSOLUTE), UNUSED)
<BR>[Address Reference Count : 1]<UL><LI> jump_table.o(.constdata)
</UL>
<P><STRONG><a name="[44]"></a>h4tl_tx_done_func</STRONG> (Thumb, 0 bytes, Stack size 0 bytes, da14585_symbols.txt(ABSOLUTE), UNUSED)
<BR>[Address Reference Count : 1]<UL><LI> jump_table.o(.constdata)
</UL>
<P><STRONG><a name="[45]"></a>h4tl_rx_done_func</STRONG> (Thumb, 0 bytes, Stack size 0 bytes, da14585_symbols.txt(ABSOLUTE), UNUSED)
<BR>[Address Reference Count : 1]<UL><LI> jump_table.o(.constdata)
</UL>
<P><STRONG><a name="[3e]"></a>h4tl_init_func</STRONG> (Thumb, 0 bytes, Stack size 0 bytes, da14585_symbols.txt(ABSOLUTE), UNUSED)
<BR>[Address Reference Count : 1]<UL><LI> jump_table.o(.constdata)
</UL>
<P><STRONG><a name="[68]"></a>attc_l2cc_pdu_recv_handler_func</STRONG> (Thumb, 0 bytes, Stack size 0 bytes, da14585_symbols.txt(ABSOLUTE), UNUSED)
<BR>[Address Reference Count : 1]<UL><LI> jump_table.o(.constdata)
</UL>
<P><STRONG><a name="[122]"></a>attmdb_add_service</STRONG> (Thumb, 0 bytes, Stack size 0 bytes, da14585_symbols.txt(ABSOLUTE))
<BR><BR>[Called By]<UL><LI><a href="#[11e]">&gt;&gt;</a>&nbsp;&nbsp;&nbsp;attm_svc_create_db_128
</UL>

<P><STRONG><a name="[135]"></a>attmdb_get_service</STRONG> (Thumb, 0 bytes, Stack size 0 bytes, da14585_symbols.txt(ABSOLUTE))
<BR><BR>[Called By]<UL><LI><a href="#[138]">&gt;&gt;</a>&nbsp;&nbsp;&nbsp;get_cfg_handle
<LI><a href="#[134]">&gt;&gt;</a>&nbsp;&nbsp;&nbsp;get_value_handle
</UL>

<P><STRONG><a name="[136]"></a>attmdb_get_attribute</STRONG> (Thumb, 0 bytes, Stack size 0 bytes, da14585_symbols.txt(ABSOLUTE))
<BR><BR>[Called By]<UL><LI><a href="#[138]">&gt;&gt;</a>&nbsp;&nbsp;&nbsp;get_cfg_handle
<LI><a href="#[134]">&gt;&gt;</a>&nbsp;&nbsp;&nbsp;get_value_handle
</UL>

<P><STRONG><a name="[123]"></a>attmdb_att_set_value</STRONG> (Thumb, 0 bytes, Stack size 0 bytes, da14585_symbols.txt(ABSOLUTE))
<BR><BR>[Called By]<UL><LI><a href="#[89]">&gt;&gt;</a>&nbsp;&nbsp;&nbsp;gattc_write_req_ind_handler
<LI><a href="#[8d]">&gt;&gt;</a>&nbsp;&nbsp;&nbsp;custs1_val_set_req_handler
<LI><a href="#[11e]">&gt;&gt;</a>&nbsp;&nbsp;&nbsp;attm_svc_create_db_128
</UL>

<P><STRONG><a name="[137]"></a>attmdb_get_uuid</STRONG> (Thumb, 0 bytes, Stack size 0 bytes, da14585_symbols.txt(ABSOLUTE))
<BR><BR>[Called By]<UL><LI><a href="#[138]">&gt;&gt;</a>&nbsp;&nbsp;&nbsp;get_cfg_handle
<LI><a href="#[134]">&gt;&gt;</a>&nbsp;&nbsp;&nbsp;get_value_handle
</UL>

<P><STRONG><a name="[142]"></a>attmdb_att_get_permission</STRONG> (Thumb, 0 bytes, Stack size 0 bytes, da14585_symbols.txt(ABSOLUTE))
<BR><BR>[Called By]<UL><LI><a href="#[89]">&gt;&gt;</a>&nbsp;&nbsp;&nbsp;gattc_write_req_ind_handler
</UL>

<P><STRONG><a name="[126]"></a>attm_svc_create_db</STRONG> (Thumb, 0 bytes, Stack size 0 bytes, da14585_symbols.txt(ABSOLUTE))
<BR><BR>[Called By]<UL><LI><a href="#[7d]">&gt;&gt;</a>&nbsp;&nbsp;&nbsp;diss_init
</UL>

<P><STRONG><a name="[bd]"></a>atts_mtu_exc_req</STRONG> (Thumb, 0 bytes, Stack size 0 bytes, da14585_symbols.txt(ABSOLUTE), UNUSED)
<BR>[Address Reference Count : 1]<UL><LI> patch.o(.constdata)
</UL>
<P><STRONG><a name="[67]"></a>atts_l2cc_pdu_recv_handler_func</STRONG> (Thumb, 0 bytes, Stack size 0 bytes, da14585_symbols.txt(ABSOLUTE), UNUSED)
<BR>[Address Reference Count : 1]<UL><LI> jump_table.o(.constdata)
</UL>
<P><STRONG><a name="[17e]"></a>atts_allocate_pdu</STRONG> (Thumb, 0 bytes, Stack size 0 bytes, da14585_symbols.txt(ABSOLUTE))
<BR><BR>[Called By]<UL><LI><a href="#[b3]">&gt;&gt;</a>&nbsp;&nbsp;&nbsp;PATCHED_atts_mtu_exc_req
</UL>

<P><STRONG><a name="[180]"></a>atts_send_pdu</STRONG> (Thumb, 0 bytes, Stack size 0 bytes, da14585_symbols.txt(ABSOLUTE))
<BR><BR>[Called By]<UL><LI><a href="#[b3]">&gt;&gt;</a>&nbsp;&nbsp;&nbsp;PATCHED_atts_mtu_exc_req
</UL>

<P><STRONG><a name="[181]"></a>gattc_set_mtu</STRONG> (Thumb, 0 bytes, Stack size 0 bytes, da14585_symbols.txt(ABSOLUTE))
<BR><BR>[Called By]<UL><LI><a href="#[b3]">&gt;&gt;</a>&nbsp;&nbsp;&nbsp;PATCHED_atts_mtu_exc_req
</UL>

<P><STRONG><a name="[17f]"></a>gattm_get_max_mtu</STRONG> (Thumb, 0 bytes, Stack size 0 bytes, da14585_symbols.txt(ABSOLUTE))
<BR><BR>[Called By]<UL><LI><a href="#[b3]">&gt;&gt;</a>&nbsp;&nbsp;&nbsp;PATCHED_atts_mtu_exc_req
</UL>

<P><STRONG><a name="[c0]"></a>smpc_check_key_distrib</STRONG> (Thumb, 0 bytes, Stack size 0 bytes, da14585_symbols.txt(ABSOLUTE), UNUSED)
<BR>[Address Reference Count : 1]<UL><LI> patch.o(.constdata)
</UL>
<P><STRONG><a name="[1a6]"></a>smpc_pairing_end</STRONG> (Thumb, 0 bytes, Stack size 0 bytes, da14585_symbols.txt(ABSOLUTE))
<BR><BR>[Called By]<UL><LI><a href="#[b4]">&gt;&gt;</a>&nbsp;&nbsp;&nbsp;PATCHED_smpc_dhkey_calc_start
</UL>

<P><STRONG><a name="[1a4]"></a>smpc_pdu_send</STRONG> (Thumb, 0 bytes, Stack size 0 bytes, da14585_symbols.txt(ABSOLUTE))
<BR><BR>[Called By]<UL><LI><a href="#[b4]">&gt;&gt;</a>&nbsp;&nbsp;&nbsp;PATCHED_smpc_dhkey_calc_start
</UL>

<P><STRONG><a name="[bf]"></a>smpc_is_sec_mode_reached</STRONG> (Thumb, 0 bytes, Stack size 0 bytes, da14585_symbols.txt(ABSOLUTE), UNUSED)
<BR>[Address Reference Count : 1]<UL><LI> patch.o(.constdata)
</UL>
<P><STRONG><a name="[57]"></a>smpc_pdu_recv_func</STRONG> (Thumb, 0 bytes, Stack size 0 bytes, da14585_symbols.txt(ABSOLUTE), UNUSED)
<BR>[Address Reference Count : 1]<UL><LI> jump_table.o(.constdata)
</UL>
<P><STRONG><a name="[1a5]"></a>gapc_get_role</STRONG> (Thumb, 0 bytes, Stack size 0 bytes, da14585_symbols.txt(ABSOLUTE))
<BR><BR>[Called By]<UL><LI><a href="#[b4]">&gt;&gt;</a>&nbsp;&nbsp;&nbsp;PATCHED_smpc_dhkey_calc_start
</UL>

<P><STRONG><a name="[65]"></a>l2cc_pdu_recv_ind_handler_func</STRONG> (Thumb, 0 bytes, Stack size 0 bytes, da14585_symbols.txt(ABSOLUTE), UNUSED)
<BR>[Address Reference Count : 1]<UL><LI> jump_table.o(.constdata)
</UL>
<P><STRONG><a name="[66]"></a>gapc_lecb_connect_cfm_handler_func</STRONG> (Thumb, 0 bytes, Stack size 0 bytes, da14585_symbols.txt(ABSOLUTE), UNUSED)
<BR>[Address Reference Count : 1]<UL><LI> jump_table.o(.constdata)
</UL>
<P><STRONG><a name="[198]"></a>gapm_send_error_evt</STRONG> (Thumb, 0 bytes, Stack size 0 bytes, da14585_symbols.txt(ABSOLUTE))
<BR><BR>[Called By]<UL><LI><a href="#[b1]">&gt;&gt;</a>&nbsp;&nbsp;&nbsp;PATCHED_gapm_reset_cmd_handler
</UL>

<P><STRONG><a name="[c6]"></a>gapm_adv_sanity</STRONG> (Thumb, 0 bytes, Stack size 0 bytes, da14585_symbols.txt(ABSOLUTE), UNUSED)
<BR>[Address Reference Count : 1]<UL><LI> patch.o(.constdata)
</UL>
<P><STRONG><a name="[19a]"></a>gapm_basic_hci_cmd_send</STRONG> (Thumb, 0 bytes, Stack size 0 bytes, da14585_symbols.txt(ABSOLUTE))
<BR><BR>[Called By]<UL><LI><a href="#[b1]">&gt;&gt;</a>&nbsp;&nbsp;&nbsp;PATCHED_gapm_reset_cmd_handler
</UL>

<P><STRONG><a name="[c2]"></a>gapm_get_ad_type_flag</STRONG> (Thumb, 0 bytes, Stack size 0 bytes, da14585_symbols.txt(ABSOLUTE), UNUSED)
<BR>[Address Reference Count : 1]<UL><LI> patch.o(.constdata)
</UL>
<P><STRONG><a name="[186]"></a>gapm_get_bdaddr</STRONG> (Thumb, 0 bytes, Stack size 0 bytes, da14585_symbols.txt(ABSOLUTE))
<BR><BR>[Called By]<UL><LI><a href="#[b7]">&gt;&gt;</a>&nbsp;&nbsp;&nbsp;PATCHED_smpc_construct_id_addr_info_pdu
</UL>

<P><STRONG><a name="[61]"></a>l2cc_pdu_pack_func</STRONG> (Thumb, 0 bytes, Stack size 0 bytes, da14585_symbols.txt(ABSOLUTE), UNUSED)
<BR>[Address Reference Count : 1]<UL><LI> jump_table.o(.constdata)
</UL>
<P><STRONG><a name="[62]"></a>l2cc_pdu_unpack_func</STRONG> (Thumb, 0 bytes, Stack size 0 bytes, da14585_symbols.txt(ABSOLUTE), UNUSED)
<BR>[Address Reference Count : 1]<UL><LI> jump_table.o(.constdata)
</UL>
<P><STRONG><a name="[64]"></a>l2c_process_sdu_func</STRONG> (Thumb, 0 bytes, Stack size 0 bytes, da14585_symbols.txt(ABSOLUTE), UNUSED)
<BR>[Address Reference Count : 1]<UL><LI> jump_table.o(.constdata)
</UL>
<P><STRONG><a name="[63]"></a>l2c_send_lecb_message_func</STRONG> (Thumb, 0 bytes, Stack size 0 bytes, da14585_symbols.txt(ABSOLUTE), UNUSED)
<BR>[Address Reference Count : 1]<UL><LI> jump_table.o(.constdata)
</UL>
<P><STRONG><a name="[56]"></a>smpc_check_param_func</STRONG> (Thumb, 0 bytes, Stack size 0 bytes, da14585_symbols.txt(ABSOLUTE), UNUSED)
<BR>[Address Reference Count : 1]<UL><LI> jump_table.o(.constdata)
</UL>
<P><STRONG><a name="[c1]"></a>smpc_construct_id_addr_info_pdu</STRONG> (Thumb, 0 bytes, Stack size 0 bytes, da14585_symbols.txt(ABSOLUTE), UNUSED)
<BR>[Address Reference Count : 1]<UL><LI> patch.o(.constdata)
</UL>
<P><STRONG><a name="[7a]"></a>smpc_public_key_exchange_start_func</STRONG> (Thumb, 0 bytes, Stack size 0 bytes, da14585_symbols.txt(ABSOLUTE), UNUSED)
<BR>[Address Reference Count : 1]<UL><LI> jump_table.o(.constdata)
</UL>
<P><STRONG><a name="[be]"></a>smpc_dhkey_calc_start</STRONG> (Thumb, 0 bytes, Stack size 0 bytes, da14585_symbols.txt(ABSOLUTE), UNUSED)
<BR>[Address Reference Count : 1]<UL><LI> patch.o(.constdata)
</UL>
<P><STRONG><a name="[7b]"></a>smpc_dhkey_calc_ind_func</STRONG> (Thumb, 0 bytes, Stack size 0 bytes, da14585_symbols.txt(ABSOLUTE), UNUSED)
<BR>[Address Reference Count : 1]<UL><LI> jump_table.o(.constdata)
</UL>
<P><STRONG><a name="[7c]"></a>smpm_ecdh_key_create_func</STRONG> (Thumb, 0 bytes, Stack size 0 bytes, da14585_symbols.txt(ABSOLUTE), UNUSED)
<BR>[Address Reference Count : 1]<UL><LI> jump_table.o(.constdata)
</UL>
<P><STRONG><a name="[11a]"></a>ke_sleep_check</STRONG> (Thumb, 0 bytes, Stack size 0 bytes, da14585_symbols.txt(ABSOLUTE))
<BR><BR>[Called By]<UL><LI><a href="#[d3]">&gt;&gt;</a>&nbsp;&nbsp;&nbsp;rwip_sleep
</UL>

<P><STRONG><a name="[d4]"></a>ke_mem_init</STRONG> (Thumb, 0 bytes, Stack size 0 bytes, da14585_symbols.txt(ABSOLUTE))
<BR><BR>[Called By]<UL><LI><a href="#[1e]">&gt;&gt;</a>&nbsp;&nbsp;&nbsp;main
</UL>

<P><STRONG><a name="[cd]"></a>ke_mem_is_empty</STRONG> (Thumb, 0 bytes, Stack size 0 bytes, da14585_symbols.txt(ABSOLUTE))
<BR><BR>[Called By]<UL><LI><a href="#[cc]">&gt;&gt;</a>&nbsp;&nbsp;&nbsp;arch_turn_peripherals_off
</UL>

<P><STRONG><a name="[11f]"></a>ke_malloc</STRONG> (Thumb, 0 bytes, Stack size 0 bytes, da14585_symbols.txt(ABSOLUTE))
<BR><BR>[Called By]<UL><LI><a href="#[13e]">&gt;&gt;</a>&nbsp;&nbsp;&nbsp;custs1_att_set_value
<LI><a href="#[84]">&gt;&gt;</a>&nbsp;&nbsp;&nbsp;custs1_init
<LI><a href="#[81]">&gt;&gt;</a>&nbsp;&nbsp;&nbsp;diss_set_value_req_handler
<LI><a href="#[7d]">&gt;&gt;</a>&nbsp;&nbsp;&nbsp;diss_init
<LI><a href="#[11e]">&gt;&gt;</a>&nbsp;&nbsp;&nbsp;attm_svc_create_db_128
</UL>

<P><STRONG><a name="[124]"></a>ke_free</STRONG> (Thumb, 0 bytes, Stack size 0 bytes, da14585_symbols.txt(ABSOLUTE))
<BR><BR>[Called By]<UL><LI><a href="#[140]">&gt;&gt;</a>&nbsp;&nbsp;&nbsp;custs1_exe_operation
<LI><a href="#[13e]">&gt;&gt;</a>&nbsp;&nbsp;&nbsp;custs1_att_set_value
<LI><a href="#[85]">&gt;&gt;</a>&nbsp;&nbsp;&nbsp;custs1_destroy
<LI><a href="#[81]">&gt;&gt;</a>&nbsp;&nbsp;&nbsp;diss_set_value_req_handler
<LI><a href="#[7e]">&gt;&gt;</a>&nbsp;&nbsp;&nbsp;diss_destroy
<LI><a href="#[11e]">&gt;&gt;</a>&nbsp;&nbsp;&nbsp;attm_svc_create_db_128
</UL>

<P><STRONG><a name="[12f]"></a>ke_msg_alloc</STRONG> (Thumb, 0 bytes, Stack size 0 bytes, da14585_symbols.txt(ABSOLUTE))
<BR><BR>[Called By]<UL><LI><a href="#[6e]">&gt;&gt;</a>&nbsp;&nbsp;&nbsp;llm_p256_req_handler_func
<LI><a href="#[6d]">&gt;&gt;</a>&nbsp;&nbsp;&nbsp;llm_create_p256_key_func
<LI><a href="#[90]">&gt;&gt;</a>&nbsp;&nbsp;&nbsp;custs1_value_req_rsp_handler
<LI><a href="#[8a]">&gt;&gt;</a>&nbsp;&nbsp;&nbsp;gattc_att_info_req_ind_handler
<LI><a href="#[89]">&gt;&gt;</a>&nbsp;&nbsp;&nbsp;gattc_write_req_ind_handler
<LI><a href="#[88]">&gt;&gt;</a>&nbsp;&nbsp;&nbsp;gattc_read_req_ind_handler
<LI><a href="#[8f]">&gt;&gt;</a>&nbsp;&nbsp;&nbsp;custs1_att_info_rsp_handler
<LI><a href="#[140]">&gt;&gt;</a>&nbsp;&nbsp;&nbsp;custs1_exe_operation
<LI><a href="#[83]">&gt;&gt;</a>&nbsp;&nbsp;&nbsp;diss_value_cfm_handler
<LI><a href="#[82]">&gt;&gt;</a>&nbsp;&nbsp;&nbsp;gattc_read_req_ind_handler
<LI><a href="#[81]">&gt;&gt;</a>&nbsp;&nbsp;&nbsp;diss_set_value_req_handler
<LI><a href="#[a8]">&gt;&gt;</a>&nbsp;&nbsp;&nbsp;diss_value_req_ind_handler
<LI><a href="#[9c]">&gt;&gt;</a>&nbsp;&nbsp;&nbsp;gapc_param_update_req_ind_handler
<LI><a href="#[99]">&gt;&gt;</a>&nbsp;&nbsp;&nbsp;gapc_set_dev_info_req_ind_handler
<LI><a href="#[98]">&gt;&gt;</a>&nbsp;&nbsp;&nbsp;gapc_get_dev_info_req_ind_handler
<LI><a href="#[93]">&gt;&gt;</a>&nbsp;&nbsp;&nbsp;gapm_device_ready_ind_handler
<LI><a href="#[91]">&gt;&gt;</a>&nbsp;&nbsp;&nbsp;app_diss_create_db
<LI><a href="#[164]">&gt;&gt;</a>&nbsp;&nbsp;&nbsp;app_easy_gap_confirm
<LI><a href="#[163]">&gt;&gt;</a>&nbsp;&nbsp;&nbsp;app_easy_gap_disconnect
<LI><a href="#[168]">&gt;&gt;</a>&nbsp;&nbsp;&nbsp;app_easy_gap_update_adv_data
<LI><a href="#[169]">&gt;&gt;</a>&nbsp;&nbsp;&nbsp;app_easy_gap_advertise_stop
<LI><a href="#[161]">&gt;&gt;</a>&nbsp;&nbsp;&nbsp;app_easy_gap_dev_config_create_msg
<LI><a href="#[15f]">&gt;&gt;</a>&nbsp;&nbsp;&nbsp;app_easy_gap_undirected_advertise_start_create_msg
<LI><a href="#[167]">&gt;&gt;</a>&nbsp;&nbsp;&nbsp;app_easy_gap_non_connectable_advertise_start_create_msg
<LI><a href="#[155]">&gt;&gt;</a>&nbsp;&nbsp;&nbsp;app_easy_security_send_pairing_rsp
<LI><a href="#[af]">&gt;&gt;</a>&nbsp;&nbsp;&nbsp;app_custs1_create_db
<LI><a href="#[178]">&gt;&gt;</a>&nbsp;&nbsp;&nbsp;cancel_timer_handler
<LI><a href="#[174]">&gt;&gt;</a>&nbsp;&nbsp;&nbsp;create_timer
<LI><a href="#[173]">&gt;&gt;</a>&nbsp;&nbsp;&nbsp;ltk_exch_create_msg
<LI><a href="#[172]">&gt;&gt;</a>&nbsp;&nbsp;&nbsp;tk_exch_create_msg
<LI><a href="#[b4]">&gt;&gt;</a>&nbsp;&nbsp;&nbsp;PATCHED_smpc_dhkey_calc_start
<LI><a href="#[b2]">&gt;&gt;</a>&nbsp;&nbsp;&nbsp;PATCHED_hci_command_handler
</UL>

<P><STRONG><a name="[130]"></a>ke_msg_send</STRONG> (Thumb, 0 bytes, Stack size 0 bytes, da14585_symbols.txt(ABSOLUTE))
<BR><BR>[Called By]<UL><LI><a href="#[6d]">&gt;&gt;</a>&nbsp;&nbsp;&nbsp;llm_create_p256_key_func
<LI><a href="#[90]">&gt;&gt;</a>&nbsp;&nbsp;&nbsp;custs1_value_req_rsp_handler
<LI><a href="#[8a]">&gt;&gt;</a>&nbsp;&nbsp;&nbsp;gattc_att_info_req_ind_handler
<LI><a href="#[89]">&gt;&gt;</a>&nbsp;&nbsp;&nbsp;gattc_write_req_ind_handler
<LI><a href="#[88]">&gt;&gt;</a>&nbsp;&nbsp;&nbsp;gattc_read_req_ind_handler
<LI><a href="#[8f]">&gt;&gt;</a>&nbsp;&nbsp;&nbsp;custs1_att_info_rsp_handler
<LI><a href="#[140]">&gt;&gt;</a>&nbsp;&nbsp;&nbsp;custs1_exe_operation
<LI><a href="#[83]">&gt;&gt;</a>&nbsp;&nbsp;&nbsp;diss_value_cfm_handler
<LI><a href="#[82]">&gt;&gt;</a>&nbsp;&nbsp;&nbsp;gattc_read_req_ind_handler
<LI><a href="#[81]">&gt;&gt;</a>&nbsp;&nbsp;&nbsp;diss_set_value_req_handler
<LI><a href="#[a8]">&gt;&gt;</a>&nbsp;&nbsp;&nbsp;diss_value_req_ind_handler
<LI><a href="#[9c]">&gt;&gt;</a>&nbsp;&nbsp;&nbsp;gapc_param_update_req_ind_handler
<LI><a href="#[99]">&gt;&gt;</a>&nbsp;&nbsp;&nbsp;gapc_set_dev_info_req_ind_handler
<LI><a href="#[98]">&gt;&gt;</a>&nbsp;&nbsp;&nbsp;gapc_get_dev_info_req_ind_handler
<LI><a href="#[93]">&gt;&gt;</a>&nbsp;&nbsp;&nbsp;gapm_device_ready_ind_handler
<LI><a href="#[91]">&gt;&gt;</a>&nbsp;&nbsp;&nbsp;app_diss_create_db
<LI><a href="#[166]">&gt;&gt;</a>&nbsp;&nbsp;&nbsp;app_easy_gap_dev_configure
<LI><a href="#[164]">&gt;&gt;</a>&nbsp;&nbsp;&nbsp;app_easy_gap_confirm
<LI><a href="#[163]">&gt;&gt;</a>&nbsp;&nbsp;&nbsp;app_easy_gap_disconnect
<LI><a href="#[168]">&gt;&gt;</a>&nbsp;&nbsp;&nbsp;app_easy_gap_update_adv_data
<LI><a href="#[16b]">&gt;&gt;</a>&nbsp;&nbsp;&nbsp;app_easy_gap_non_connectable_advertise_start
<LI><a href="#[169]">&gt;&gt;</a>&nbsp;&nbsp;&nbsp;app_easy_gap_advertise_stop
<LI><a href="#[157]">&gt;&gt;</a>&nbsp;&nbsp;&nbsp;app_easy_security_tk_exch
<LI><a href="#[155]">&gt;&gt;</a>&nbsp;&nbsp;&nbsp;app_easy_security_send_pairing_rsp
<LI><a href="#[15b]">&gt;&gt;</a>&nbsp;&nbsp;&nbsp;app_easy_security_ltk_exch
<LI><a href="#[165]">&gt;&gt;</a>&nbsp;&nbsp;&nbsp;app_easy_gap_undirected_advertise_start
<LI><a href="#[af]">&gt;&gt;</a>&nbsp;&nbsp;&nbsp;app_custs1_create_db
<LI><a href="#[178]">&gt;&gt;</a>&nbsp;&nbsp;&nbsp;cancel_timer_handler
<LI><a href="#[174]">&gt;&gt;</a>&nbsp;&nbsp;&nbsp;create_timer
<LI><a href="#[b4]">&gt;&gt;</a>&nbsp;&nbsp;&nbsp;PATCHED_smpc_dhkey_calc_start
</UL>

<P><STRONG><a name="[1cf]"></a>ke_msg_send_basic</STRONG> (Thumb, 0 bytes, Stack size 0 bytes, da14585_symbols.txt(ABSOLUTE), UNUSED)
<BR><BR>[Called By]<UL></UL>

<P><STRONG><a name="[196]"></a>ke_msg_free</STRONG> (Thumb, 0 bytes, Stack size 0 bytes, da14585_symbols.txt(ABSOLUTE))
<BR><BR>[Called By]<UL><LI><a href="#[6e]">&gt;&gt;</a>&nbsp;&nbsp;&nbsp;llm_p256_req_handler_func
</UL>

<P><STRONG><a name="[46]"></a>ke_task_init_func</STRONG> (Thumb, 0 bytes, Stack size 0 bytes, da14585_symbols.txt(ABSOLUTE), UNUSED)
<BR>[Address Reference Count : 1]<UL><LI> jump_table.o(.constdata)
</UL>
<P><STRONG><a name="[146]"></a>ke_task_create</STRONG> (Thumb, 0 bytes, Stack size 0 bytes, da14585_symbols.txt(ABSOLUTE))
<BR><BR>[Called By]<UL><LI><a href="#[58]">&gt;&gt;</a>&nbsp;&nbsp;&nbsp;prf_init_func
<LI><a href="#[ed]">&gt;&gt;</a>&nbsp;&nbsp;&nbsp;app_init
</UL>

<P><STRONG><a name="[128]"></a>ke_state_set</STRONG> (Thumb, 0 bytes, Stack size 0 bytes, da14585_symbols.txt(ABSOLUTE))
<BR><BR>[Called By]<UL><LI><a href="#[ed]">&gt;&gt;</a>&nbsp;&nbsp;&nbsp;app_init
<LI><a href="#[90]">&gt;&gt;</a>&nbsp;&nbsp;&nbsp;custs1_value_req_rsp_handler
<LI><a href="#[88]">&gt;&gt;</a>&nbsp;&nbsp;&nbsp;gattc_read_req_ind_handler
<LI><a href="#[8e]">&gt;&gt;</a>&nbsp;&nbsp;&nbsp;custs1_val_ind_req_handler
<LI><a href="#[8c]">&gt;&gt;</a>&nbsp;&nbsp;&nbsp;custs1_val_ntf_req_handler
<LI><a href="#[140]">&gt;&gt;</a>&nbsp;&nbsp;&nbsp;custs1_exe_operation
<LI><a href="#[87]">&gt;&gt;</a>&nbsp;&nbsp;&nbsp;custs1_cleanup
<LI><a href="#[84]">&gt;&gt;</a>&nbsp;&nbsp;&nbsp;custs1_init
<LI><a href="#[83]">&gt;&gt;</a>&nbsp;&nbsp;&nbsp;diss_value_cfm_handler
<LI><a href="#[82]">&gt;&gt;</a>&nbsp;&nbsp;&nbsp;gattc_read_req_ind_handler
<LI><a href="#[7d]">&gt;&gt;</a>&nbsp;&nbsp;&nbsp;diss_init
<LI><a href="#[9a]">&gt;&gt;</a>&nbsp;&nbsp;&nbsp;gapm_profile_added_ind_handler
<LI><a href="#[96]">&gt;&gt;</a>&nbsp;&nbsp;&nbsp;gapc_connection_req_ind_handler
<LI><a href="#[16b]">&gt;&gt;</a>&nbsp;&nbsp;&nbsp;app_easy_gap_non_connectable_advertise_start
<LI><a href="#[165]">&gt;&gt;</a>&nbsp;&nbsp;&nbsp;app_easy_gap_undirected_advertise_start
<LI><a href="#[150]">&gt;&gt;</a>&nbsp;&nbsp;&nbsp;app_db_init_start
</UL>

<P><STRONG><a name="[131]"></a>ke_state_get</STRONG> (Thumb, 0 bytes, Stack size 0 bytes, da14585_symbols.txt(ABSOLUTE))
<BR><BR>[Called By]<UL><LI><a href="#[90]">&gt;&gt;</a>&nbsp;&nbsp;&nbsp;custs1_value_req_rsp_handler
<LI><a href="#[8a]">&gt;&gt;</a>&nbsp;&nbsp;&nbsp;gattc_att_info_req_ind_handler
<LI><a href="#[88]">&gt;&gt;</a>&nbsp;&nbsp;&nbsp;gattc_read_req_ind_handler
<LI><a href="#[8f]">&gt;&gt;</a>&nbsp;&nbsp;&nbsp;custs1_att_info_rsp_handler
<LI><a href="#[8e]">&gt;&gt;</a>&nbsp;&nbsp;&nbsp;custs1_val_ind_req_handler
<LI><a href="#[8c]">&gt;&gt;</a>&nbsp;&nbsp;&nbsp;custs1_val_ntf_req_handler
<LI><a href="#[83]">&gt;&gt;</a>&nbsp;&nbsp;&nbsp;diss_value_cfm_handler
<LI><a href="#[82]">&gt;&gt;</a>&nbsp;&nbsp;&nbsp;gattc_read_req_ind_handler
<LI><a href="#[9a]">&gt;&gt;</a>&nbsp;&nbsp;&nbsp;gapm_profile_added_ind_handler
<LI><a href="#[97]">&gt;&gt;</a>&nbsp;&nbsp;&nbsp;gapc_disconnect_ind_handler
<LI><a href="#[96]">&gt;&gt;</a>&nbsp;&nbsp;&nbsp;gapc_connection_req_ind_handler
<LI><a href="#[93]">&gt;&gt;</a>&nbsp;&nbsp;&nbsp;gapm_device_ready_ind_handler
<LI><a href="#[16b]">&gt;&gt;</a>&nbsp;&nbsp;&nbsp;app_easy_gap_non_connectable_advertise_start
<LI><a href="#[b0]">&gt;&gt;</a>&nbsp;&nbsp;&nbsp;PATCHED_llcp_length_req_handler
</UL>

<P><STRONG><a name="[145]"></a>ke_task_msg_flush</STRONG> (Thumb, 0 bytes, Stack size 0 bytes, da14585_symbols.txt(ABSOLUTE))
<BR><BR>[Called By]<UL><LI><a href="#[58]">&gt;&gt;</a>&nbsp;&nbsp;&nbsp;prf_init_func
</UL>

<P><STRONG><a name="[47]"></a>ke_timer_init_func</STRONG> (Thumb, 0 bytes, Stack size 0 bytes, da14585_symbols.txt(ABSOLUTE), UNUSED)
<BR>[Address Reference Count : 1]<UL><LI> jump_table.o(.constdata)
</UL>
<P><STRONG><a name="[176]"></a>ke_timer_set</STRONG> (Thumb, 0 bytes, Stack size 0 bytes, da14585_symbols.txt(ABSOLUTE))
<BR><BR>[Called By]<UL><LI><a href="#[aa]">&gt;&gt;</a>&nbsp;&nbsp;&nbsp;app_timer_api_process_handler
<LI><a href="#[174]">&gt;&gt;</a>&nbsp;&nbsp;&nbsp;create_timer
</UL>

<P><STRONG><a name="[1cc]"></a>ke_timer_clear</STRONG> (Thumb, 0 bytes, Stack size 0 bytes, da14585_symbols.txt(ABSOLUTE), UNUSED)
<BR><BR>[Called By]<UL></UL>

<P><STRONG><a name="[11b]"></a>ke_timer_sleep_check</STRONG> (Thumb, 0 bytes, Stack size 0 bytes, da14585_symbols.txt(ABSOLUTE))
<BR><BR>[Called By]<UL><LI><a href="#[d3]">&gt;&gt;</a>&nbsp;&nbsp;&nbsp;rwip_sleep
</UL>

<P><STRONG><a name="[199]"></a>rwble_hl_reset</STRONG> (Thumb, 0 bytes, Stack size 0 bytes, da14585_symbols.txt(ABSOLUTE))
<BR><BR>[Called By]<UL><LI><a href="#[b1]">&gt;&gt;</a>&nbsp;&nbsp;&nbsp;PATCHED_gapm_reset_cmd_handler
</UL>

<P><STRONG><a name="[d2]"></a>rwip_schedule</STRONG> (Thumb, 0 bytes, Stack size 0 bytes, da14585_symbols.txt(ABSOLUTE))
<BR><BR>[Called By]<UL><LI><a href="#[1e]">&gt;&gt;</a>&nbsp;&nbsp;&nbsp;main
</UL>

<P><STRONG><a name="[111]"></a>rwip_wakeup</STRONG> (Thumb, 0 bytes, Stack size 0 bytes, da14585_symbols.txt(ABSOLUTE))
<BR><BR>[Called By]<UL><LI><a href="#[7]">&gt;&gt;</a>&nbsp;&nbsp;&nbsp;rwble_isr
</UL>

<P><STRONG><a name="[195]"></a>rwip_prevent_sleep_clear</STRONG> (Thumb, 0 bytes, Stack size 0 bytes, da14585_symbols.txt(ABSOLUTE))
<BR><BR>[Called By]<UL><LI><a href="#[6e]">&gt;&gt;</a>&nbsp;&nbsp;&nbsp;llm_p256_req_handler_func
</UL>

<P><STRONG><a name="[113]"></a>rwip_wakeup_end</STRONG> (Thumb, 0 bytes, Stack size 0 bytes, da14585_symbols.txt(ABSOLUTE))
<BR><BR>[Called By]<UL><LI><a href="#[7]">&gt;&gt;</a>&nbsp;&nbsp;&nbsp;rwble_isr
</UL>

<P><STRONG><a name="[dc]"></a>rwip_wakeup_delay_set</STRONG> (Thumb, 0 bytes, Stack size 0 bytes, da14585_symbols.txt(ABSOLUTE))
<BR><BR>[Called By]<UL><LI><a href="#[db]">&gt;&gt;</a>&nbsp;&nbsp;&nbsp;set_sleep_delay
</UL>

<P><STRONG><a name="[18d]"></a>uECC_secp256r1</STRONG> (Thumb, 0 bytes, Stack size 0 bytes, da14585_symbols.txt(ABSOLUTE))
<BR><BR>[Called By]<UL><LI><a href="#[6b]">&gt;&gt;</a>&nbsp;&nbsp;&nbsp;PK_PointMult_func
<LI><a href="#[b4]">&gt;&gt;</a>&nbsp;&nbsp;&nbsp;PATCHED_smpc_dhkey_calc_start
</UL>

<P><STRONG><a name="[18e]"></a>uECC_valid_public_key</STRONG> (Thumb, 0 bytes, Stack size 0 bytes, da14585_symbols.txt(ABSOLUTE))
<BR><BR>[Called By]<UL><LI><a href="#[6b]">&gt;&gt;</a>&nbsp;&nbsp;&nbsp;PK_PointMult_func
<LI><a href="#[b4]">&gt;&gt;</a>&nbsp;&nbsp;&nbsp;PATCHED_smpc_dhkey_calc_start
</UL>

<P><STRONG><a name="[18f]"></a>uECC_point_mult</STRONG> (Thumb, 0 bytes, Stack size 0 bytes, da14585_symbols.txt(ABSOLUTE))
<BR><BR>[Called By]<UL><LI><a href="#[6b]">&gt;&gt;</a>&nbsp;&nbsp;&nbsp;PK_PointMult_func
</UL>

<P><STRONG><a name="[107]"></a>__aeabi_uidivmod</STRONG> (Thumb, 0 bytes, Stack size 0 bytes, da14585_symbols.txt(ABSOLUTE))
<BR><BR>[Called By]<UL><LI><a href="#[4f]">&gt;&gt;</a>&nbsp;&nbsp;&nbsp;lld_sleep_compensate_func
<LI><a href="#[d3]">&gt;&gt;</a>&nbsp;&nbsp;&nbsp;rwip_sleep
<LI><a href="#[ba]">&gt;&gt;</a>&nbsp;&nbsp;&nbsp;PATCHED_lld_evt_move_to_master
</UL>

<P><STRONG><a name="[1eb]"></a>__aeabi_idivmod</STRONG> (Thumb, 0 bytes, Stack size 0 bytes, da14585_symbols.txt(ABSOLUTE), UNUSED)
<BR><BR>[Called By]<UL></UL>

<P><STRONG><a name="[d6]"></a>rand</STRONG> (Thumb, 0 bytes, Stack size 0 bytes, da14585_symbols.txt(ABSOLUTE))
<BR><BR>[Called By]<UL><LI><a href="#[74]">&gt;&gt;</a>&nbsp;&nbsp;&nbsp;dia_rand_func
</UL>

<P><STRONG><a name="[d7]"></a>srand</STRONG> (Thumb, 0 bytes, Stack size 0 bytes, da14585_symbols.txt(ABSOLUTE))
<BR><BR>[Called By]<UL><LI><a href="#[75]">&gt;&gt;</a>&nbsp;&nbsp;&nbsp;dia_srand_func
</UL>

<P><STRONG><a name="[cb]"></a>__aeabi_memcpy</STRONG> (Thumb, 0 bytes, Stack size 0 bytes, da14585_symbols.txt(ABSOLUTE))
<BR><BR>[Called By]<UL><LI><a href="#[2e]">&gt;&gt;</a>&nbsp;&nbsp;&nbsp;rf_init_func
<LI><a href="#[6e]">&gt;&gt;</a>&nbsp;&nbsp;&nbsp;llm_p256_req_handler_func
<LI><a href="#[49]">&gt;&gt;</a>&nbsp;&nbsp;&nbsp;nvds_get_func
<LI><a href="#[e5]">&gt;&gt;</a>&nbsp;&nbsp;&nbsp;otp_hdr_get_bd_address
<LI><a href="#[e7]">&gt;&gt;</a>&nbsp;&nbsp;&nbsp;arch_rom_init
<LI><a href="#[ed]">&gt;&gt;</a>&nbsp;&nbsp;&nbsp;app_init
<LI><a href="#[90]">&gt;&gt;</a>&nbsp;&nbsp;&nbsp;custs1_value_req_rsp_handler
<LI><a href="#[89]">&gt;&gt;</a>&nbsp;&nbsp;&nbsp;gattc_write_req_ind_handler
<LI><a href="#[88]">&gt;&gt;</a>&nbsp;&nbsp;&nbsp;gattc_read_req_ind_handler
<LI><a href="#[140]">&gt;&gt;</a>&nbsp;&nbsp;&nbsp;custs1_exe_operation
<LI><a href="#[13e]">&gt;&gt;</a>&nbsp;&nbsp;&nbsp;custs1_att_set_value
<LI><a href="#[13c]">&gt;&gt;</a>&nbsp;&nbsp;&nbsp;custs1_set_ccc_value
<LI><a href="#[83]">&gt;&gt;</a>&nbsp;&nbsp;&nbsp;diss_value_cfm_handler
<LI><a href="#[82]">&gt;&gt;</a>&nbsp;&nbsp;&nbsp;gattc_read_req_ind_handler
<LI><a href="#[81]">&gt;&gt;</a>&nbsp;&nbsp;&nbsp;diss_set_value_req_handler
<LI><a href="#[11e]">&gt;&gt;</a>&nbsp;&nbsp;&nbsp;attm_svc_create_db_128
<LI><a href="#[a8]">&gt;&gt;</a>&nbsp;&nbsp;&nbsp;diss_value_req_ind_handler
<LI><a href="#[a2]">&gt;&gt;</a>&nbsp;&nbsp;&nbsp;gapc_bond_ind_handler
<LI><a href="#[16c]">&gt;&gt;</a>&nbsp;&nbsp;&nbsp;user_app_adv_nonconn_complete
<LI><a href="#[98]">&gt;&gt;</a>&nbsp;&nbsp;&nbsp;gapc_get_dev_info_req_ind_handler
<LI><a href="#[96]">&gt;&gt;</a>&nbsp;&nbsp;&nbsp;gapc_connection_req_ind_handler
<LI><a href="#[168]">&gt;&gt;</a>&nbsp;&nbsp;&nbsp;app_easy_gap_update_adv_data
<LI><a href="#[160]">&gt;&gt;</a>&nbsp;&nbsp;&nbsp;append_device_name
<LI><a href="#[14d]">&gt;&gt;</a>&nbsp;&nbsp;&nbsp;user_app_adv_start
<LI><a href="#[157]">&gt;&gt;</a>&nbsp;&nbsp;&nbsp;app_easy_security_tk_exch
<LI><a href="#[15a]">&gt;&gt;</a>&nbsp;&nbsp;&nbsp;app_easy_security_set_ltk_exch_from_sec_env
<LI><a href="#[155]">&gt;&gt;</a>&nbsp;&nbsp;&nbsp;app_easy_security_send_pairing_rsp
<LI><a href="#[153]">&gt;&gt;</a>&nbsp;&nbsp;&nbsp;default_app_on_set_dev_info
<LI><a href="#[152]">&gt;&gt;</a>&nbsp;&nbsp;&nbsp;default_app_on_get_dev_name
<LI><a href="#[17b]">&gt;&gt;</a>&nbsp;&nbsp;&nbsp;data_init
<LI><a href="#[1a7]">&gt;&gt;</a>&nbsp;&nbsp;&nbsp;JT_llm_p256_start_func
<LI><a href="#[b2]">&gt;&gt;</a>&nbsp;&nbsp;&nbsp;PATCHED_hci_command_handler
<LI><a href="#[bb]">&gt;&gt;</a>&nbsp;&nbsp;&nbsp;PATCHED_llm_adv_report_set
<LI><a href="#[b7]">&gt;&gt;</a>&nbsp;&nbsp;&nbsp;PATCHED_smpc_construct_id_addr_info_pdu
</UL>

<P><STRONG><a name="[19d]"></a>__aeabi_memcpy4</STRONG> (Thumb, 0 bytes, Stack size 0 bytes, da14585_symbols.txt(ABSOLUTE))
<BR><BR>[Called By]<UL><LI><a href="#[17a]">&gt;&gt;</a>&nbsp;&nbsp;&nbsp;patch_func
</UL>

<P><STRONG><a name="[162]"></a>__aeabi_memclr</STRONG> (Thumb, 0 bytes, Stack size 0 bytes, da14585_symbols.txt(ABSOLUTE))
<BR><BR>[Called By]<UL><LI><a href="#[161]">&gt;&gt;</a>&nbsp;&nbsp;&nbsp;app_easy_gap_dev_config_create_msg
<LI><a href="#[157]">&gt;&gt;</a>&nbsp;&nbsp;&nbsp;app_easy_security_tk_exch
</UL>

<P><STRONG><a name="[120]"></a>__aeabi_memclr4</STRONG> (Thumb, 0 bytes, Stack size 0 bytes, da14585_symbols.txt(ABSOLUTE))
<BR><BR>[Called By]<UL><LI><a href="#[13e]">&gt;&gt;</a>&nbsp;&nbsp;&nbsp;custs1_att_set_value
<LI><a href="#[84]">&gt;&gt;</a>&nbsp;&nbsp;&nbsp;custs1_init
<LI><a href="#[81]">&gt;&gt;</a>&nbsp;&nbsp;&nbsp;diss_set_value_req_handler
<LI><a href="#[7d]">&gt;&gt;</a>&nbsp;&nbsp;&nbsp;diss_init
<LI><a href="#[11e]">&gt;&gt;</a>&nbsp;&nbsp;&nbsp;attm_svc_create_db_128
</UL>

<P><STRONG><a name="[ca]"></a>memcmp</STRONG> (Thumb, 0 bytes, Stack size 0 bytes, da14585_symbols.txt(ABSOLUTE))
<BR><BR>[Called By]<UL><LI><a href="#[49]">&gt;&gt;</a>&nbsp;&nbsp;&nbsp;nvds_get_func
<LI><a href="#[11e]">&gt;&gt;</a>&nbsp;&nbsp;&nbsp;attm_svc_create_db_128
</UL>

<P><STRONG><a name="[121]"></a>__aeabi_uwrite4</STRONG> (Thumb, 0 bytes, Stack size 0 bytes, da14585_symbols.txt(ABSOLUTE))
<BR><BR>[Called By]<UL><LI><a href="#[11e]">&gt;&gt;</a>&nbsp;&nbsp;&nbsp;attm_svc_create_db_128
</UL>

<P><STRONG><a name="[f1]"></a>__aeabi_llsl</STRONG> (Thumb, 0 bytes, Stack size 0 bytes, da14585_symbols.txt(ABSOLUTE))
<BR><BR>[Called By]<UL><LI><a href="#[e1]">&gt;&gt;</a>&nbsp;&nbsp;&nbsp;GPIO_init
</UL>

<P><STRONG><a name="[16f]"></a>__ARM_common_switch8</STRONG> (Thumb, 0 bytes, Stack size 0 bytes, da14585_symbols.txt(ABSOLUTE))
<BR><BR>[Called By]<UL><LI><a href="#[a8]">&gt;&gt;</a>&nbsp;&nbsp;&nbsp;diss_value_req_ind_handler
<LI><a href="#[a2]">&gt;&gt;</a>&nbsp;&nbsp;&nbsp;gapc_bond_ind_handler
<LI><a href="#[a1]">&gt;&gt;</a>&nbsp;&nbsp;&nbsp;gapc_bond_req_ind_handler
<LI><a href="#[bc]">&gt;&gt;</a>&nbsp;&nbsp;&nbsp;PATCHED_gapm_adv_sanity
<LI><a href="#[bb]">&gt;&gt;</a>&nbsp;&nbsp;&nbsp;PATCHED_llm_adv_report_set
</UL>

<P><STRONG><a name="[20]"></a>__main</STRONG> (Thumb, 0 bytes, Stack size unknown bytes, entry.o(.ARM.Collect$$$$00000000))
<BR>[Address Reference Count : 1]<UL><LI> startup_da14585_586.o(.text)
</UL>
<P><STRONG><a name="[1ed]"></a>_main_stk</STRONG> (Thumb, 0 bytes, Stack size unknown bytes, entry2.o(.ARM.Collect$$$$00000001))

<P><STRONG><a name="[c7]"></a>_main_scatterload</STRONG> (Thumb, 0 bytes, Stack size unknown bytes, entry5.o(.ARM.Collect$$$$00000004))
<BR><BR>[Calls]<UL><LI><a href="#[c8]">&gt;&gt;</a>&nbsp;&nbsp;&nbsp;__scatterload
</UL>

<P><STRONG><a name="[1a8]"></a>__main_after_scatterload</STRONG> (Thumb, 0 bytes, Stack size unknown bytes, entry5.o(.ARM.Collect$$$$00000004))
<BR><BR>[Called By]<UL><LI><a href="#[c8]">&gt;&gt;</a>&nbsp;&nbsp;&nbsp;__scatterload
</UL>

<P><STRONG><a name="[1ee]"></a>_main_clock</STRONG> (Thumb, 0 bytes, Stack size unknown bytes, entry7b.o(.ARM.Collect$$$$00000008))

<P><STRONG><a name="[1ef]"></a>_main_cpp_init</STRONG> (Thumb, 0 bytes, Stack size unknown bytes, entry8b.o(.ARM.Collect$$$$0000000A))

<P><STRONG><a name="[1f0]"></a>_main_init</STRONG> (Thumb, 0 bytes, Stack size unknown bytes, entry9a.o(.ARM.Collect$$$$0000000B))

<P><STRONG><a name="[1f1]"></a>__rt_final_cpp</STRONG> (Thumb, 0 bytes, Stack size unknown bytes, entry10a.o(.ARM.Collect$$$$0000000D))

<P><STRONG><a name="[1f2]"></a>__rt_final_exit</STRONG> (Thumb, 0 bytes, Stack size unknown bytes, entry11a.o(.ARM.Collect$$$$0000000F))

<P><STRONG><a name="[1f]"></a>SystemInit</STRONG> (Thumb, 38 bytes, Stack size 8 bytes, system_da14585_586.o(.text))
<BR><BR>[Stack]<UL><LI>Max Depth = 8<LI>Call Chain = SystemInit
</UL>
<BR>[Calls]<UL><LI><a href="#[c9]">&gt;&gt;</a>&nbsp;&nbsp;&nbsp;__NVIC_DisableIRQ
</UL>
<BR>[Address Reference Count : 1]<UL><LI> startup_da14585_586.o(.text)
</UL>
<P><STRONG><a name="[0]"></a>Reset_Handler</STRONG> (Thumb, 8 bytes, Stack size 0 bytes, startup_da14585_586.o(.text))
<BR>[Address Reference Count : 1]<UL><LI> startup_da14585_586.o(RESET)
</UL>
<P><STRONG><a name="[3]"></a>SVC_Handler</STRONG> (Thumb, 2 bytes, Stack size 0 bytes, startup_da14585_586.o(.text))
<BR><BR>[Calls]<UL><LI><a href="#[3]">&gt;&gt;</a>&nbsp;&nbsp;&nbsp;SVC_Handler
</UL>
<BR>[Called By]<UL><LI><a href="#[3]">&gt;&gt;</a>&nbsp;&nbsp;&nbsp;SVC_Handler
</UL>
<BR>[Address Reference Count : 1]<UL><LI> startup_da14585_586.o(RESET)
</UL>
<P><STRONG><a name="[4]"></a>PendSV_Handler</STRONG> (Thumb, 2 bytes, Stack size 0 bytes, startup_da14585_586.o(.text))
<BR><BR>[Calls]<UL><LI><a href="#[4]">&gt;&gt;</a>&nbsp;&nbsp;&nbsp;PendSV_Handler
</UL>
<BR>[Called By]<UL><LI><a href="#[4]">&gt;&gt;</a>&nbsp;&nbsp;&nbsp;PendSV_Handler
</UL>
<BR>[Address Reference Count : 1]<UL><LI> startup_da14585_586.o(RESET)
</UL>
<P><STRONG><a name="[e]"></a>BLE_RF_DIAG_Handler</STRONG> (Thumb, 0 bytes, Stack size 0 bytes, startup_da14585_586.o(.text))
<BR><BR>[Calls]<UL><LI><a href="#[e]">&gt;&gt;</a>&nbsp;&nbsp;&nbsp;BLE_RF_DIAG_Handler
</UL>
<BR>[Called By]<UL><LI><a href="#[e]">&gt;&gt;</a>&nbsp;&nbsp;&nbsp;BLE_RF_DIAG_Handler
</UL>
<BR>[Address Reference Count : 1]<UL><LI> startup_da14585_586.o(RESET)
</UL>
<P><STRONG><a name="[1a]"></a>DMA_Handler</STRONG> (Thumb, 0 bytes, Stack size 0 bytes, startup_da14585_586.o(.text))
<BR>[Address Reference Count : 1]<UL><LI> startup_da14585_586.o(RESET)
</UL>
<P><STRONG><a name="[d]"></a>KEYBRD_Handler</STRONG> (Thumb, 0 bytes, Stack size 0 bytes, startup_da14585_586.o(.text))
<BR>[Address Reference Count : 1]<UL><LI> startup_da14585_586.o(RESET)
</UL>
<P><STRONG><a name="[17]"></a>PCM_Handler</STRONG> (Thumb, 0 bytes, Stack size 0 bytes, startup_da14585_586.o(.text))
<BR>[Address Reference Count : 1]<UL><LI> startup_da14585_586.o(RESET)
</UL>
<P><STRONG><a name="[1b]"></a>RESERVED21_Handler</STRONG> (Thumb, 0 bytes, Stack size 0 bytes, startup_da14585_586.o(.text))
<BR>[Address Reference Count : 1]<UL><LI> startup_da14585_586.o(RESET)
</UL>
<P><STRONG><a name="[1c]"></a>RESERVED22_Handler</STRONG> (Thumb, 0 bytes, Stack size 0 bytes, startup_da14585_586.o(.text))
<BR>[Address Reference Count : 1]<UL><LI> startup_da14585_586.o(RESET)
</UL>
<P><STRONG><a name="[1d]"></a>RESERVED23_Handler</STRONG> (Thumb, 0 bytes, Stack size 0 bytes, startup_da14585_586.o(.text))
<BR>[Address Reference Count : 1]<UL><LI> startup_da14585_586.o(RESET)
</UL>
<P><STRONG><a name="[f]"></a>RFCAL_Handler</STRONG> (Thumb, 0 bytes, Stack size 0 bytes, startup_da14585_586.o(.text))
<BR>[Address Reference Count : 1]<UL><LI> startup_da14585_586.o(RESET)
</UL>
<P><STRONG><a name="[b]"></a>SPI_Handler</STRONG> (Thumb, 0 bytes, Stack size 0 bytes, startup_da14585_586.o(.text))
<BR>[Address Reference Count : 1]<UL><LI> startup_da14585_586.o(RESET)
</UL>
<P><STRONG><a name="[18]"></a>SRCIN_Handler</STRONG> (Thumb, 0 bytes, Stack size 0 bytes, startup_da14585_586.o(.text))
<BR>[Address Reference Count : 1]<UL><LI> startup_da14585_586.o(RESET)
</UL>
<P><STRONG><a name="[19]"></a>SRCOUT_Handler</STRONG> (Thumb, 0 bytes, Stack size 0 bytes, startup_da14585_586.o(.text))
<BR>[Address Reference Count : 1]<UL><LI> startup_da14585_586.o(RESET)
</UL>
<P><STRONG><a name="[15]"></a>SWTIM_Handler</STRONG> (Thumb, 0 bytes, Stack size 0 bytes, startup_da14585_586.o(.text))
<BR>[Address Reference Count : 1]<UL><LI> startup_da14585_586.o(RESET)
</UL>
<P><STRONG><a name="[22]"></a>HardFault_HandlerC</STRONG> (Thumb, 92 bytes, Stack size 0 bytes, hardfault_handler.o(.text))
<BR>[Address Reference Count : 1]<UL><LI> startup_da14585_586.o(.text)
</UL>
<P><STRONG><a name="[21]"></a>NMI_HandlerC</STRONG> (Thumb, 140 bytes, Stack size 0 bytes, nmi_handler.o(.text))
<BR>[Address Reference Count : 1]<UL><LI> startup_da14585_586.o(.text)
</UL>
<P><STRONG><a name="[49]"></a>nvds_get_func</STRONG> (Thumb, 174 bytes, Stack size 24 bytes, nvds.o(.text))
<BR><BR>[Stack]<UL><LI>Max Depth = 24<LI>Call Chain = nvds_get_func
</UL>
<BR>[Calls]<UL><LI><a href="#[ca]">&gt;&gt;</a>&nbsp;&nbsp;&nbsp;memcmp
<LI><a href="#[cb]">&gt;&gt;</a>&nbsp;&nbsp;&nbsp;__aeabi_memcpy
</UL>
<BR>[Address Reference Count : 1]<UL><LI> jump_table.o(.constdata)
</UL>
<P><STRONG><a name="[4c]"></a>nvds_init_func</STRONG> (Thumb, 4 bytes, Stack size 0 bytes, nvds.o(.text))
<BR>[Address Reference Count : 1]<UL><LI> jump_table.o(.constdata)
</UL>
<P><STRONG><a name="[4b]"></a>nvds_del_func</STRONG> (Thumb, 4 bytes, Stack size 0 bytes, nvds.o(.text))
<BR>[Address Reference Count : 1]<UL><LI> jump_table.o(.constdata)
</UL>
<P><STRONG><a name="[4a]"></a>nvds_put_func</STRONG> (Thumb, 4 bytes, Stack size 0 bytes, nvds.o(.text))
<BR>[Address Reference Count : 1]<UL><LI> jump_table.o(.constdata)
</UL>
<P><STRONG><a name="[1e]"></a>main</STRONG> (Thumb, 268 bytes, Stack size 8 bytes, arch_main.o(.text))
<BR><BR>[Stack]<UL><LI>Max Depth = 144<LI>Call Chain = main &rArr; system_init &rArr; init_rand_seed_from_trng &rArr; trng_acquire &rArr; trng_init
</UL>
<BR>[Calls]<UL><LI><a href="#[cf]">&gt;&gt;</a>&nbsp;&nbsp;&nbsp;system_init
<LI><a href="#[d3]">&gt;&gt;</a>&nbsp;&nbsp;&nbsp;rwip_sleep
<LI><a href="#[d2]">&gt;&gt;</a>&nbsp;&nbsp;&nbsp;rwip_schedule
<LI><a href="#[d4]">&gt;&gt;</a>&nbsp;&nbsp;&nbsp;ke_mem_init
<LI><a href="#[d0]">&gt;&gt;</a>&nbsp;&nbsp;&nbsp;ea_sleep_check
<LI><a href="#[d1]">&gt;&gt;</a>&nbsp;&nbsp;&nbsp;conditionally_run_radio_cals
<LI><a href="#[ce]">&gt;&gt;</a>&nbsp;&nbsp;&nbsp;init_retention_mode
<LI><a href="#[cc]">&gt;&gt;</a>&nbsp;&nbsp;&nbsp;arch_turn_peripherals_off
</UL>
<BR>[Address Reference Count : 1]<UL><LI> entry9a.o(.ARM.Collect$$$$0000000B)
</UL>
<P><STRONG><a name="[69]"></a>crypto_init_func</STRONG> (Thumb, 2 bytes, Stack size 0 bytes, jump_table.o(.text))
<BR>[Address Reference Count : 1]<UL><LI> jump_table.o(.constdata)
</UL>
<P><STRONG><a name="[76]"></a>ba431_get_rand_func</STRONG> (Thumb, 24 bytes, Stack size 16 bytes, jump_table.o(.text))
<BR><BR>[Stack]<UL><LI>Max Depth = 16<LI>Call Chain = ba431_get_rand_func
</UL>
<BR>[Calls]<UL><LI><a href="#[d5]">&gt;&gt;</a>&nbsp;&nbsp;&nbsp;dia_rand
</UL>
<BR>[Address Reference Count : 1]<UL><LI> jump_table.o(.constdata)
</UL>
<P><STRONG><a name="[74]"></a>dia_rand_func</STRONG> (Thumb, 8 bytes, Stack size 8 bytes, jump_table.o(.text))
<BR><BR>[Stack]<UL><LI>Max Depth = 8<LI>Call Chain = dia_rand_func
</UL>
<BR>[Calls]<UL><LI><a href="#[d6]">&gt;&gt;</a>&nbsp;&nbsp;&nbsp;rand
</UL>
<BR>[Address Reference Count : 1]<UL><LI> jump_table.o(.constdata)
</UL>
<P><STRONG><a name="[75]"></a>dia_srand_func</STRONG> (Thumb, 8 bytes, Stack size 8 bytes, jump_table.o(.text))
<BR><BR>[Stack]<UL><LI>Max Depth = 8<LI>Call Chain = dia_srand_func
</UL>
<BR>[Calls]<UL><LI><a href="#[d7]">&gt;&gt;</a>&nbsp;&nbsp;&nbsp;srand
</UL>
<BR>[Address Reference Count : 1]<UL><LI> jump_table.o(.constdata)
</UL>
[...]
</UL>
<P><STRONG><a name="[89]"></a>gattc_write_req_ind_handler</STRONG> (Thumb, 272 bytes, Stack size 56 bytes, custs1_task.o(.text))
<BR><BR>[Stack]<UL><LI>Max Depth = 136<LI>Call Chain = gattc_write_req_ind_handler &rArr; custs1_set_ccc_value &rArr; custs1_att_set_value &rArr; prf_env_get
</UL>
<BR>[Calls]<UL><LI><a href="#[cb]">&gt;&gt;</a>&nbsp;&nbsp;&nbsp;__aeabi_memcpy
<LI><a href="#[13c]">&gt;&gt;</a>&nbsp;&nbsp;&nbsp;custs1_set_ccc_value
<LI><a href="#[13a]">&gt;&gt;</a>&nbsp;&nbsp;&nbsp;custs1_get_att_idx
<LI><a href="#[134]">&gt;&gt;</a>&nbsp;&nbsp;&nbsp;get_value_handle
<LI><a href="#[143]">&gt;&gt;</a>&nbsp;&nbsp;&nbsp;check_client_char_cfg
<LI><a href="#[12a]">&gt;&gt;</a>&nbsp;&nbsp;&nbsp;prf_env_get
<LI><a href="#[133]">&gt;&gt;</a>&nbsp;&nbsp;&nbsp;prf_dst_task_get
<LI><a href="#[130]">&gt;&gt;</a>&nbsp;&nbsp;&nbsp;ke_msg_send
<LI><a href="#[12f]">&gt;&gt;</a>&nbsp;&nbsp;&nbsp;ke_msg_alloc
<LI><a href="#[123]">&gt;&gt;</a>&nbsp;&nbsp;&nbsp;attmdb_att_set_value
<LI><a href="#[141]">&gt;&gt;</a>&nbsp;&nbsp;&nbsp;custs_get_func_callbacks
<LI><a href="#[142]">&gt;&gt;</a>&nbsp;&nbsp;&nbsp;attmdb_att_get_permission
</UL>
<BR>[Address Reference Count : 1]<UL><LI> custs1_task.o(.constdata)
</UL>
<P><STRONG><a name="[8a]"></a>gattc_att_info_req_ind_handler</STRONG> (Thumb, 66 bytes, Stack size 24 bytes, custs1_task.o(.text))
<BR><BR>[Stack]<UL><LI>Max Depth = 32<LI>Call Chain = gattc_att_info_req_ind_handler &rArr; prf_env_get
</UL>
<BR>[Calls]<UL><LI><a href="#[12a]">&gt;&gt;</a>&nbsp;&nbsp;&nbsp;prf_env_get
<LI><a href="#[131]">&gt;&gt;</a>&nbsp;&nbsp;&nbsp;ke_state_get
<LI><a href="#[130]">&gt;&gt;</a>&nbsp;&nbsp;&nbsp;ke_msg_send
<LI><a href="#[12f]">&gt;&gt;</a>&nbsp;&nbsp;&nbsp;ke_msg_alloc
</UL>
<BR>[Address Reference Count : 1]<UL><LI> custs1_task.o(.constdata)
</UL>
<P><STRONG><a name="[90]"></a>custs1_value_req_rsp_handler</STRONG> (Thumb, 120 bytes, Stack size 16 bytes, custs1_task.o(.text))
<BR><BR>[Stack]<UL><LI>Max Depth = 32<LI>Call Chain = custs1_value_req_rsp_handler &rArr; custs1_get_att_handle &rArr; prf_env_get
</UL>
<BR>[Calls]<UL><LI><a href="#[cb]">&gt;&gt;</a>&nbsp;&nbsp;&nbsp;__aeabi_memcpy
<LI><a href="#[139]">&gt;&gt;</a>&nbsp;&nbsp;&nbsp;custs1_get_att_handle
<LI><a href="#[131]">&gt;&gt;</a>&nbsp;&nbsp;&nbsp;ke_state_get
<LI><a href="#[130]">&gt;&gt;</a>&nbsp;&nbsp;&nbsp;ke_msg_send
<LI><a href="#[12f]">&gt;&gt;</a>&nbsp;&nbsp;&nbsp;ke_msg_alloc
<LI><a href="#[128]">&gt;&gt;</a>&nbsp;&nbsp;&nbsp;ke_state_set
</UL>
<BR>[Address Reference Count : 1]<UL><LI> custs1_task.o(.constdata)
</UL>
<P><STRONG><a name="[144]"></a>prf_itf_get</STRONG> (Thumb, 28 bytes, Stack size 8 bytes, prf.o(.text))
<BR><BR>[Stack]<UL><LI>Max Depth = 8<LI>Call Chain = prf_itf_get
</UL>
<BR>[Calls]<UL><LI><a href="#[147]">&gt;&gt;</a>&nbsp;&nbsp;&nbsp;custs1_prf_itf_get
<LI><a href="#[148]">&gt;&gt;</a>&nbsp;&nbsp;&nbsp;diss_prf_itf_get
</UL>
<BR>[Called By]<UL><LI><a href="#[58]">&gt;&gt;</a>&nbsp;&nbsp;&nbsp;prf_init_func
<LI><a href="#[5a]">&gt;&gt;</a>&nbsp;&nbsp;&nbsp;prf_create_func
<LI><a href="#[5b]">&gt;&gt;</a>&nbsp;&nbsp;&nbsp;prf_cleanup_func
<LI><a href="#[59]">&gt;&gt;</a>&nbsp;&nbsp;&nbsp;prf_add_profile_func
</UL>

<P><STRONG><a name="[167]"></a>app_easy_gap_non_connectable_advertise_start_create_msg</STRONG> (Thumb, 72 bytes, Stack size 8 bytes, app.o(.text))
<BR><BR>[Stack]<UL><LI>Max Depth = 24<LI>Call Chain = app_easy_gap_non_connectable_advertise_start_create_msg &rArr; append_device_name
</UL>
<BR>[Calls]<UL><LI><a href="#[12f]">&gt;&gt;</a>&nbsp;&nbsp;&nbsp;ke_msg_alloc
<LI><a href="#[160]">&gt;&gt;</a>&nbsp;&nbsp;&nbsp;append_device_name
</UL>
<BR>[Called By]<UL><LI><a href="#[16b]">&gt;&gt;</a>&nbsp;&nbsp;&nbsp;app_easy_gap_non_connectable_advertise_start
<LI><a href="#[16a]">&gt;&gt;</a>&nbsp;&nbsp;&nbsp;app_easy_gap_non_connectable_advertise_get_active
</UL>

<P><STRONG><a name="[15d]"></a>app_task_in_user_app</STRONG> (Thumb, 32 bytes, Stack size 0 bytes, app.o(.text))
<BR><BR>[Called By]<UL><LI><a href="#[15c]">&gt;&gt;</a>&nbsp;&nbsp;&nbsp;app_db_init_next
<LI><a href="#[14c]">&gt;&gt;</a>&nbsp;&nbsp;&nbsp;app_prf_enable
</UL>

<P><STRONG><a name="[15c]"></a>app_db_init_next</STRONG> (Thumb, 164 bytes, Stack size 16 bytes, app.o(.text))
<BR><BR>[Stack]<UL><LI>Max Depth = 16<LI>Call Chain = app_db_init_next
</UL>
<BR>[Calls]<UL><LI><a href="#[15d]">&gt;&gt;</a>&nbsp;&nbsp;&nbsp;app_task_in_user_app
</UL>
<BR>[Called By]<UL><LI><a href="#[15e]">&gt;&gt;</a>&nbsp;&nbsp;&nbsp;app_db_init
<LI><a href="#[150]">&gt;&gt;</a>&nbsp;&nbsp;&nbsp;app_db_init_start
</UL>

<P><STRONG><a name="[15f]"></a>app_easy_gap_undirected_advertise_start_create_msg</STRONG> (Thumb, 72 bytes, Stack size 8 bytes, app.o(.text), UNUSED)
<BR><BR>[Calls]<UL><LI><a href="#[12f]">&gt;&gt;</a>&nbsp;&nbsp;&nbsp;ke_msg_alloc
<LI><a href="#[160]">&gt;&gt;</a>&nbsp;&nbsp;&nbsp;append_device_name
</UL>
<BR>[Called By]<UL><LI><a href="#[165]">&gt;&gt;</a>&nbsp;&nbsp;&nbsp;app_easy_gap_undirected_advertise_start
</UL>

<P><STRONG><a name="[161]"></a>app_easy_gap_dev_config_create_msg</STRONG> (Thumb, 94 bytes, Stack size 16 bytes, app.o(.text))
<BR><BR>[Stack]<UL><LI>Max Depth = 16<LI>Call Chain = app_easy_gap_dev_config_create_msg
</UL>
<BR>[Calls]<UL><LI><a href="#[12f]">&gt;&gt;</a>&nbsp;&nbsp;&nbsp;ke_msg_alloc
<LI><a href="#[162]">&gt;&gt;</a>&nbsp;&nbsp;&nbsp;__aeabi_memclr
</UL>
<BR>[Called By]<UL><LI><a href="#[166]">&gt;&gt;</a>&nbsp;&nbsp;&nbsp;app_easy_gap_dev_configure
</UL>

<P><STRONG><a name="[160]"></a>append_device_name</STRONG> (Thumb, 36 bytes, Stack size 16 bytes, app.o(.text))
<BR><BR>[Stack]<UL><LI>Max Depth = 16<LI>Call Chain = append_device_name
</UL>
<BR>[Calls]<UL><LI><a href="#[cb]">&gt;&gt;</a>&nbsp;&nbsp;&nbsp;__aeabi_memcpy
</UL>
<BR>[Called By]<UL><LI><a href="#[15f]">&gt;&gt;</a>&nbsp;&nbsp;&nbsp;app_easy_gap_undirected_advertise_start_create_msg
<LI><a href="#[167]">&gt;&gt;</a>&nbsp;&nbsp;&nbsp;app_easy_gap_non_connectable_advertise_start_create_msg
</UL>

<P><STRONG><a name="[93]"></a>gapm_device_ready_ind_handler</STRONG> (Thumb, 40 bytes, Stack size 8 bytes, app_task.o(.text))
<BR><BR>[Stack]<UL><LI>Max Depth = 8<LI>Call Chain = gapm_device_ready_ind_handler
</UL>
<BR>[Calls]<UL><LI><a href="#[131]">&gt;&gt;</a>&nbsp;&nbsp;&nbsp;ke_state_get
<LI><a href="#[130]">&gt;&gt;</a>&nbsp;&nbsp;&nbsp;ke_msg_send
<LI><a href="#[12f]">&gt;&gt;</a>&nbsp;&nbsp;&nbsp;ke_msg_alloc
</UL>
<BR>[Address Reference Count : 1]<UL><LI> app_task.o(.constdata)
</UL>
<P><STRONG><a name="[94]"></a>gapm_cmp_evt_handler</STRONG> (Thumb, 82 bytes, Stack size 8 bytes, app_task.o(.text))
<BR><BR>[Stack]<UL><LI>Max Depth = 64<LI>Call Chain = gapm_cmp_evt_handler &rArr; default_app_on_set_dev_config_complete &rArr; user_app_adv_start &rArr; app_easy_gap_non_connectable_advertise_start &rArr; app_easy_gap_non_connectable_advertise_start_create_msg &rArr; append_device_name
</UL>
<BR>[Calls]<UL><LI><a href="#[16c]">&gt;&gt;</a>&nbsp;&nbsp;&nbsp;user_app_adv_nonconn_complete
<LI><a href="#[166]">&gt;&gt;</a>&nbsp;&nbsp;&nbsp;app_easy_gap_dev_configure
<LI><a href="#[14f]">&gt;&gt;</a>&nbsp;&nbsp;&nbsp;default_app_on_set_dev_config_complete
</UL>
<BR>[Address Reference Count : 1]<UL><LI> app_task.o(.constdata)
</UL>
<P><STRONG><a name="[96]"></a>gapc_connection_req_ind_handler</STRONG> (Thumb, 100 bytes, Stack size 24 bytes, app_task.o(.text))
<BR><BR>[Stack]<UL><LI>Max Depth = 40<LI>Call Chain = gapc_connection_req_ind_handler &rArr; app_easy_gap_confirm
</UL>
<BR>[Calls]<UL><LI><a href="#[cb]">&gt;&gt;</a>&nbsp;&nbsp;&nbsp;__aeabi_memcpy
<LI><a href="#[131]">&gt;&gt;</a>&nbsp;&nbsp;&nbsp;ke_state_get
<LI><a href="#[128]">&gt;&gt;</a>&nbsp;&nbsp;&nbsp;ke_state_set
<LI><a href="#[164]">&gt;&gt;</a>&nbsp;&nbsp;&nbsp;app_easy_gap_confirm
</UL>
<BR>[Address Reference Count : 1]<UL><LI> app_task.o(.constdata)
</UL>
<P><STRONG><a name="[95]"></a>gapc_cmp_evt_handler</STRONG> (Thumb, 18 bytes, Stack size 0 bytes, app_task.o(.text))
<BR>[Address Reference Count : 1]<UL><LI> app_task.o(.constdata)
</UL>
<P><STRONG><a name="[97]"></a>gapc_disconnect_ind_handler</STRONG> (Thumb, 40 bytes, Stack size 8 bytes, app_task.o(.text))
<BR><BR>[Stack]<UL><LI>Max Depth = 8<LI>Call Chain = gapc_disconnect_ind_handler
</UL>
<BR>[Calls]<UL><LI><a href="#[131]">&gt;&gt;</a>&nbsp;&nbsp;&nbsp;ke_state_get
</UL>
<BR>[Address Reference Count : 1]<UL><LI> app_task.o(.constdata)
</UL>
<P><STRONG><a name="[9b]"></a>gapm_adv_report_ind_handler</STRONG> (Thumb, 4 bytes, Stack size 0 bytes, app_task.o(.text))
<BR>[Address Reference Count : 1]<UL><LI> app_task.o(.constdata)
</UL>
<P><STRONG><a name="[9f]"></a>gapc_security_ind_handler</STRONG> (Thumb, 4 bytes, Stack size 0 bytes, app_task.o(.text))
<BR>[Address Reference Count : 1]<UL><LI> app_task.o(.constdata)
</UL>
<P><STRONG><a name="[98]"></a>gapc_get_dev_info_req_ind_handler</STRONG> (Thumb, 126 bytes, Stack size 48 bytes, app_task.o(.text))
<BR><BR>[Stack]<UL><LI>Max Depth = 48<LI>Call Chain = gapc_get_dev_info_req_ind_handler
</UL>
<BR>[Calls]<UL><LI><a href="#[cb]">&gt;&gt;</a>&nbsp;&nbsp;&nbsp;__aeabi_memcpy
<LI><a href="#[130]">&gt;&gt;</a>&nbsp;&nbsp;&nbsp;ke_msg_send
<LI><a href="#[12f]">&gt;&gt;</a>&nbsp;&nbsp;&nbsp;ke_msg_alloc
</UL>
<BR>[Address Reference Count : 1]<UL><LI> app_task.o(.constdata)
</UL>
<P><STRONG><a name="[99]"></a>gapc_set_dev_info_req_ind_handler</STRONG> (Thumb, 38 bytes, Stack size 16 bytes, app_task.o(.text))
<BR><BR>[Stack]<UL><LI>Max Depth = 16<LI>Call Chain = gapc_set_dev_info_req_ind_handler
</UL>
<BR>[Calls]<UL><LI><a href="#[130]">&gt;&gt;</a>&nbsp;&nbsp;&nbsp;ke_msg_send
<LI><a href="#[12f]">&gt;&gt;</a>&nbsp;&nbsp;&nbsp;ke_msg_alloc
</UL>
<BR>[Address Reference Count : 1]<UL><LI> app_task.o(.constdata)
</UL>
<P><STRONG><a name="[9a]"></a>gapm_profile_added_ind_handler</STRONG> (Thumb, 36 bytes, Stack size 8 bytes, app_task.o(.text))
<BR><BR>[Stack]<UL><LI>Max Depth = 64<LI>Call Chain = gapm_profile_added_ind_handler &rArr; default_app_on_db_init_complete &rArr; user_app_adv_start &rArr; app_easy_gap_non_connectable_advertise_start &rArr; app_easy_gap_non_connectable_advertise_start_create_msg &rArr; append_device_name
</UL>
<BR>[Calls]<UL><LI><a href="#[131]">&gt;&gt;</a>&nbsp;&nbsp;&nbsp;ke_state_get
<LI><a href="#[128]">&gt;&gt;</a>&nbsp;&nbsp;&nbsp;ke_state_set
<LI><a href="#[15e]">&gt;&gt;</a>&nbsp;&nbsp;&nbsp;app_db_init
<LI><a href="#[151]">&gt;&gt;</a>&nbsp;&nbsp;&nbsp;default_app_on_db_init_complete
</UL>
<BR>[Address Reference Count : 1]<UL><LI> app_task.o(.constdata)
</UL>
<P><STRONG><a name="[9c]"></a>gapc_param_update_req_ind_handler</STRONG> (Thumb, 22 bytes, Stack size 8 bytes, app_task.o(.text))
<BR><BR>[Stack]<UL><LI>Max Depth = 8<LI>Call Chain = gapc_param_update_req_ind_handler
</UL>
<BR>[Calls]<UL><LI><a href="#[130]">&gt;&gt;</a>&nbsp;&nbsp;&nbsp;ke_msg_send
<LI><a href="#[12f]">&gt;&gt;</a>&nbsp;&nbsp;&nbsp;ke_msg_alloc
</UL>
<BR>[Address Reference Count : 1]<UL><LI> app_task.o(.constdata)
</UL>
<P><STRONG><a name="[9d]"></a>gapc_le_pkt_size_ind_handler</STRONG> (Thumb, 4 bytes, Stack size 0 bytes, app_task.o(.text))
<BR>[Address Reference Count : 1]<UL><LI> app_task.o(.constdata)
</UL>
<P><STRONG><a name="[9e]"></a>gattc_svc_changed_cfg_ind_handler</STRONG> (Thumb, 4 bytes, Stack size 0 bytes, app_task.o(.text))
<BR>[Address Reference Count : 1]<UL><LI> app_task.o(.constdata)
</UL>
<P><STRONG><a name="[92]"></a>gapc_peer_features_ind_handler</STRONG> (Thumb, 4 bytes, Stack size 0 bytes, app_task.o(.text))
<BR>[Address Reference Count : 1]<UL><LI> app_task.o(.constdata)
</UL>
<P><STRONG><a name="[a1]"></a>gapc_bond_req_ind_handler</STRONG> (Thumb, 68 bytes, Stack size 8 bytes, app_security_task.o(.text))
<BR><BR>[Stack]<UL><LI>Max Depth = 88<LI>Call Chain = gapc_bond_req_ind_handler &rArr; default_app_on_tk_exch &rArr; app_easy_security_tk_exch &rArr; tk_exch_create_msg
</UL>
<BR>[Calls]<UL><LI><a href="#[158]">&gt;&gt;</a>&nbsp;&nbsp;&nbsp;default_app_on_ltk_exch
<LI><a href="#[156]">&gt;&gt;</a>&nbsp;&nbsp;&nbsp;default_app_on_tk_exch
<LI><a href="#[154]">&gt;&gt;</a>&nbsp;&nbsp;&nbsp;default_app_on_pairing_request
<LI><a href="#[16f]">&gt;&gt;</a>&nbsp;&nbsp;&nbsp;__ARM_common_switch8
</UL>
<BR>[Address Reference Count : 1]<UL><LI> app_security_task.o(.constdata)
</UL>
<P><STRONG><a name="[a2]"></a>gapc_bond_ind_handler</STRONG> (Thumb, 166 bytes, Stack size 24 bytes, app_security_task.o(.text))
<BR><BR>[Stack]<UL><LI>Max Depth = 32<LI>Call Chain = gapc_bond_ind_handler &rArr; app_easy_gap_disconnect
</UL>
<BR>[Calls]<UL><LI><a href="#[cb]">&gt;&gt;</a>&nbsp;&nbsp;&nbsp;__aeabi_memcpy
<LI><a href="#[163]">&gt;&gt;</a>&nbsp;&nbsp;&nbsp;app_easy_gap_disconnect
<LI><a href="#[16f]">&gt;&gt;</a>&nbsp;&nbsp;&nbsp;__ARM_common_switch8
</UL>
<BR>[Address Reference Count : 1]<UL><LI> app_security_task.o(.constdata)
</UL>
<P><STRONG><a name="[a3]"></a>gapc_encrypt_req_ind_handler</STRONG> (Thumb, 4 bytes, Stack size 0 bytes, app_security_task.o(.text))
<BR>[Address Reference Count : 1]<UL><LI> app_security_task.o(.constdata)
</UL>
<P><STRONG><a name="[a4]"></a>gapc_encrypt_ind_handler</STRONG> (Thumb, 20 bytes, Stack size 0 bytes, app_security_task.o(.text))
<BR>[Address Reference Count : 1]<UL><LI> app_security_task.o(.constdata)
</UL>
<P><STRONG><a name="[a5]"></a>gapm_addr_solved_ind_handler</STRONG> (Thumb, 4 bytes, Stack size 0 bytes, app_security_task.o(.text))
<BR>[Address Reference Count : 1]<UL><LI> app_security_task.o(.constdata)
</UL>
<P><STRONG><a name="[a6]"></a>gapm_ral_size_ind_handler</STRONG> (Thumb, 4 bytes, Stack size 0 bytes, app_security_task.o(.text))
<BR>[Address Reference Count : 1]<UL><LI> app_security_task.o(.constdata)
</UL>
<P><STRONG><a name="[a7]"></a>gapm_ral_addr_ind_handler</STRONG> (Thumb, 4 bytes, Stack size 0 bytes, app_security_task.o(.text))
<BR>[Address Reference Count : 1]<UL><LI> app_security_task.o(.constdata)
</UL>
<P><STRONG><a name="[a8]"></a>diss_value_req_ind_handler</STRONG> (Thumb, 116 bytes, Stack size 24 bytes, app_diss_task.o(.text))
<BR><BR>[Stack]<UL><LI>Max Depth = 24<LI>Call Chain = diss_value_req_ind_handler
</UL>
<BR>[Calls]<UL><LI><a href="#[cb]">&gt;&gt;</a>&nbsp;&nbsp;&nbsp;__aeabi_memcpy
<LI><a href="#[130]">&gt;&gt;</a>&nbsp;&nbsp;&nbsp;ke_msg_send
<LI><a href="#[12f]">&gt;&gt;</a>&nbsp;&nbsp;&nbsp;ke_msg_alloc
<LI><a href="#[16f]">&gt;&gt;</a>&nbsp;&nbsp;&nbsp;__ARM_common_switch8
</UL>
<BR>[Address Reference Count : 1]<UL><LI> app_diss_task.o(.constdata)
</UL>
<P><STRONG><a name="[171]"></a>app_easy_msg_find_idx</STRONG> (Thumb, 18 bytes, Stack size 0 bytes, app_easy_msg_utils.o(.text))
<BR><BR>[Called By]<UL><LI><a href="#[ab]">&gt;&gt;</a>&nbsp;&nbsp;&nbsp;app_msg_utils_api_process_handler
</UL>

<P><STRONG><a name="[172]"></a>tk_exch_create_msg</STRONG> (Thumb, 40 bytes, Stack size 16 bytes, app_easy_security.o(.text))
<BR><BR>[Stack]<UL><LI>Max Depth = 16<LI>Call Chain = tk_exch_create_msg
</UL>
<BR>[Calls]<UL><LI><a href="#[12f]">&gt;&gt;</a>&nbsp;&nbsp;&nbsp;ke_msg_alloc
</UL>
<BR>[Called By]<UL><LI><a href="#[157]">&gt;&gt;</a>&nbsp;&nbsp;&nbsp;app_easy_security_tk_exch
</UL>

<P><STRONG><a name="[173]"></a>ltk_exch_create_msg</STRONG> (Thumb, 44 bytes, Stack size 16 bytes, app_easy_security.o(.text))
<BR><BR>[Stack]<UL><LI>Max Depth = 16<LI>Call Chain = ltk_exch_create_msg
</UL>
<BR>[Calls]<UL><LI><a href="#[12f]">&gt;&gt;</a>&nbsp;&nbsp;&nbsp;ke_msg_alloc
</UL>
<BR>[Called By]<UL><LI><a href="#[15a]">&gt;&gt;</a>&nbsp;&nbsp;&nbsp;app_easy_security_set_ltk_exch_from_sec_env
<LI><a href="#[15b]">&gt;&gt;</a>&nbsp;&nbsp;&nbsp;app_easy_security_ltk_exch
</UL>

<P><STRONG><a name="[174]"></a>create_timer</STRONG> (Thumb, 56 bytes, Stack size 16 bytes, app_easy_timer.o(.text))
<BR><BR>[Stack]<UL><LI>Max Depth = 16<LI>Call Chain = create_timer
</UL>
<BR>[Calls]<UL><LI><a href="#[177]">&gt;&gt;</a>&nbsp;&nbsp;&nbsp;arch_ble_force_wakeup
<LI><a href="#[130]">&gt;&gt;</a>&nbsp;&nbsp;&nbsp;ke_msg_send
<LI><a href="#[12f]">&gt;&gt;</a>&nbsp;&nbsp;&nbsp;ke_msg_alloc
<LI><a href="#[175]">&gt;&gt;</a>&nbsp;&nbsp;&nbsp;app_check_BLE_active
<LI><a href="#[176]">&gt;&gt;</a>&nbsp;&nbsp;&nbsp;ke_timer_set
</UL>
<BR>[Called By]<UL><LI><a href="#[aa]">&gt;&gt;</a>&nbsp;&nbsp;&nbsp;app_timer_api_process_handler
<LI><a href="#[179]">&gt;&gt;</a>&nbsp;&nbsp;&nbsp;app_easy_timer
</UL>

<P><STRONG><a name="[2c]"></a>timer_canceled_handler</STRONG> (Thumb, 2 bytes, Stack size 0 bytes, app_easy_timer.o(.text))
<BR>[Address Reference Count : 1]<UL><LI> app_easy_timer.o(.text)
</UL>
<P><STRONG><a name="[2b]"></a>timer_modified_handler</STRONG> (Thumb, 2 bytes, Stack size 0 bytes, app_easy_timer.o(.text))
<BR>[Address Reference Count : 1]<UL><LI> app_easy_timer.o(.text)
</UL>
<P><STRONG><a name="[178]"></a>cancel_timer_handler</STRONG> (Thumb, 82 bytes, Stack size 8 bytes, app_easy_timer.o(.text))
<BR><BR>[Stack]<UL><LI>Max Depth = 8<LI>Call Chain = cancel_timer_handler
</UL>
<BR>[Calls]<UL><LI><a href="#[130]">&gt;&gt;</a>&nbsp;&nbsp;&nbsp;ke_msg_send
<LI><a href="#[12f]">&gt;&gt;</a>&nbsp;&nbsp;&nbsp;ke_msg_alloc
</UL>
<BR>[Called By]<UL><LI><a href="#[aa]">&gt;&gt;</a>&nbsp;&nbsp;&nbsp;app_timer_api_process_handler
</UL>

<P><STRONG><a name="[17b]"></a>data_init</STRONG> (Thumb, 70 bytes, Stack size 8 bytes, user_simple_beacon.o(.text))
<BR><BR>[Stack]<UL><LI>Max Depth = 8<LI>Call Chain = data_init
</UL>
<BR>[Calls]<UL><LI><a href="#[cb]">&gt;&gt;</a>&nbsp;&nbsp;&nbsp;__aeabi_memcpy
</UL>
<BR>[Called By]<UL><LI><a href="#[16c]">&gt;&gt;</a>&nbsp;&nbsp;&nbsp;user_app_adv_nonconn_complete
<LI><a href="#[14d]">&gt;&gt;</a>&nbsp;&nbsp;&nbsp;user_app_adv_start
</UL>

<P><STRONG><a name="[17d]"></a>is_scan_rsp_data_full</STRONG> (Thumb, 56 bytes, Stack size 12 bytes, user_simple_beacon.o(.text))
<BR><BR>[Stack]<UL><LI>Max Depth = 12<LI>Call Chain = is_scan_rsp_data_full
</UL>
<BR>[Called By]<UL><LI><a href="#[2d]">&gt;&gt;</a>&nbsp;&nbsp;&nbsp;adv_data_update_timer_cb
</UL>

<P><STRONG><a name="[2d]"></a>adv_data_update_timer_cb</STRONG> (Thumb, 92 bytes, Stack size 16 bytes, user_simple_beacon.o(.text))
<BR><BR>[Stack]<UL><LI>Max Depth = 56<LI>Call Chain = adv_data_update_timer_cb &rArr; app_easy_gap_update_adv_data
</UL>
<BR>[Calls]<UL><LI><a href="#[179]">&gt;&gt;</a>&nbsp;&nbsp;&nbsp;app_easy_timer
<LI><a href="#[168]">&gt;&gt;</a>&nbsp;&nbsp;&nbsp;app_easy_gap_update_adv_data
<LI><a href="#[169]">&gt;&gt;</a>&nbsp;&nbsp;&nbsp;app_easy_gap_advertise_stop
<LI><a href="#[17c]">&gt;&gt;</a>&nbsp;&nbsp;&nbsp;is_adv_data_full
<LI><a href="#[17d]">&gt;&gt;</a>&nbsp;&nbsp;&nbsp;is_scan_rsp_data_full
</UL>
<BR>[Address Reference Count : 1]<UL><LI> user_simple_beacon.o(.text)
</UL>
<P><STRONG><a name="[17c]"></a>is_adv_data_full</STRONG> (Thumb, 56 bytes, Stack size 12 bytes, user_simple_beacon.o(.text))
<BR><BR>[Stack]<UL><LI>Max Depth = 12<LI>Call Chain = is_adv_data_full
</UL>
<BR>[Called By]<UL><LI><a href="#[2d]">&gt;&gt;</a>&nbsp;&nbsp;&nbsp;adv_data_update_timer_cb
</UL>

<P><STRONG><a name="[b1]"></a>PATCHED_gapm_reset_cmd_handler</STRONG> (Thumb, 78 bytes, Stack size 16 bytes, patch.o(.text))
<BR><BR>[Stack]<UL><LI>Max Depth = 16<LI>Call Chain = PATCHED_gapm_reset_cmd_handler
</UL>
<BR>[Calls]<UL><LI><a href="#[19c]">&gt;&gt;</a>&nbsp;&nbsp;&nbsp;smpm_ecdh_key_create
<LI><a href="#[19a]">&gt;&gt;</a>&nbsp;&nbsp;&nbsp;gapm_basic_hci_cmd_send
<LI><a href="#[198]">&gt;&gt;</a>&nbsp;&nbsp;&nbsp;gapm_send_error_evt
<LI><a href="#[19b]">&gt;&gt;</a>&nbsp;&nbsp;&nbsp;platform_reset
<LI><a href="#[199]">&gt;&gt;</a>&nbsp;&nbsp;&nbsp;rwble_hl_reset
</UL>
<BR>[Address Reference Count : 1]<UL><LI> patch.o(.constdata)
</UL>
<P><STRONG><a name="[19e]"></a>modulationGainCalibration_580</STRONG> (Thumb, 222 bytes, Stack size 48 bytes, rf_calibration.o(.text), UNUSED)
<BR><BR>[Calls]<UL><LI><a href="#[19f]">&gt;&gt;</a>&nbsp;&nbsp;&nbsp;set_rf_cal_cap
</UL>
<BR>[Called By]<UL><LI><a href="#[1a1]">&gt;&gt;</a>&nbsp;&nbsp;&nbsp;rf_calibration_580
</UL>
<P>
<H3>
Undefined Global Symbols
</H3><HR></body></html>
