<!doctype html public "-//w3c//dtd html 4.0 transitional//en">
<html><head>
<title>Static Call Graph - [.\out_DA14585\Objects\ble_app_peripheral_585.axf]</title></head>
<body><HR>
<H1>Static Call Graph for image .\out_DA14585\Objects\ble_app_peripheral_585.axf</H1><HR>
<BR><P>#&#060CALLGRAPH&#062# ARM Linker, 6190004: Last Updated: Mon Feb 20 14:36:25 2023
<BR><P>
<H3>Maximum Stack Usage =        384 bytes + Unknown(Cycles, Untraceable Function Pointers)</H3><H3>
Call chain for Maximum Stack Depth:</H3>
app_hogpd_create_db &rArr; arch_printf
<P>
<H3>
Mutually Recursive functions
</H3> <LI><a href="#[3]">SVC_Handler</a>&nbsp;&nbsp;&nbsp;&rArr;&nbsp;&nbsp;&nbsp;<a href="#[3]">SVC_Handler</a><BR>
 <LI><a href="#[4]">PendSV_Handler</a>&nbsp;&nbsp;&nbsp;&rArr;&nbsp;&nbsp;&nbsp;<a href="#[4]">PendSV_Handler</a><BR>
 <LI><a href="#[5]">SysTick_Handler</a>&nbsp;&nbsp;&nbsp;&rArr;&nbsp;&nbsp;&nbsp;<a href="#[5]">SysTick_Handler</a><BR>
 <LI><a href="#[e]">BLE_RF_DIAG_Handler</a>&nbsp;&nbsp;&nbsp;&rArr;&nbsp;&nbsp;&nbsp;<a href="#[e]">BLE_RF_DIAG_Handler</a><BR>
</UL>
<P>
<H3>
Function Pointers
</H3><UL>
 <LI><a href="#[c]">ADC_Handler</a> from lto-llvm-0469b9.o(.text.ADC_Handler) referenced from startup_da14585_586.o(RESET)
 <LI><a href="#[e]">BLE_RF_DIAG_Handler</a> from startup_da14585_586.o(.text) referenced from startup_da14585_586.o(RESET)
 <LI><a href="#[6]">BLE_WAKEUP_LP_Handler</a> from lto-llvm-0469b9.o(.text.BLE_WAKEUP_LP_Handler) referenced from startup_da14585_586.o(RESET)
 <LI><a href="#[d5]">DCoffsetCalibration_func</a> from da14585_symbols.txt(ABSOLUTE) referenced from lto-llvm-0469b9.o(.rodata.rom_func_addr_table_var)
 <LI><a href="#[1a]">DMA_Handler</a> from startup_da14585_586.o(.text) referenced from startup_da14585_586.o(RESET)
 <LI><a href="#[10]">GPIO0_Handler</a> from lto-llvm-0469b9.o(.text.GPIO0_Handler) referenced from startup_da14585_586.o(RESET)
 <LI><a href="#[11]">GPIO1_Handler</a> from lto-llvm-0469b9.o(.text.GPIO1_Handler) referenced from startup_da14585_586.o(RESET)
 <LI><a href="#[12]">GPIO2_Handler</a> from lto-llvm-0469b9.o(.text.GPIO2_Handler) referenced from startup_da14585_586.o(RESET)
 <LI><a href="#[13]">GPIO3_Handler</a> from lto-llvm-0469b9.o(.text.GPIO3_Handler) referenced from startup_da14585_586.o(RESET)
 <LI><a href="#[14]">GPIO4_Handler</a> from lto-llvm-0469b9.o(.text.GPIO4_Handler) referenced from startup_da14585_586.o(RESET)
 <LI><a href="#[2]">HardFault_Handler</a> from startup_da14585_586.o(.text) referenced from startup_da14585_586.o(RESET)
 <LI><a href="#[22]">HardFault_HandlerC</a> from lto-llvm-0469b9.o(.text.HardFault_HandlerC) referenced from startup_da14585_586.o(.text)
 <LI><a href="#[a]">I2C_Handler</a> from lto-llvm-0469b9.o(.text.I2C_Handler) referenced from startup_da14585_586.o(RESET)
 <LI><a href="#[c2]">JT_l2cc_pdu_recv_ind_handler_func</a> from patch.o(.text) referenced from lto-llvm-0469b9.o(.rodata.rom_func_addr_table_var)
 <LI><a href="#[bf]">JT_l2cc_pdu_unpack_func</a> from patch.o(.text) referenced from lto-llvm-0469b9.o(.rodata.rom_func_addr_table_var)
 <LI><a href="#[cc]">JT_llc_le_length_effective_func</a> from patch.o(.text) referenced from lto-llvm-0469b9.o(.rodata.rom_func_addr_table_var)
 <LI><a href="#[d]">KEYBRD_Handler</a> from startup_da14585_586.o(.text) referenced from startup_da14585_586.o(RESET)
 <LI><a href="#[1]">NMI_Handler</a> from startup_da14585_586.o(.text) referenced from startup_da14585_586.o(RESET)
 <LI><a href="#[21]">NMI_HandlerC</a> from lto-llvm-0469b9.o(.text.NMI_HandlerC) referenced from startup_da14585_586.o(.text)
 <LI><a href="#[3e]">PATCHED_atts_mtu_exc_req</a> from patch.o(.text) referenced from patch.o(.constdata)
 <LI><a href="#[47]">PATCHED_gapm_adv_sanity</a> from patch.o(.text) referenced from patch.o(.constdata)
 <LI><a href="#[43]">PATCHED_gapm_get_ad_type_flag</a> from patch.o(.text) referenced from patch.o(.constdata)
 <LI><a href="#[3b]">PATCHED_gapm_reset_cmd_handler</a> from patch.o(.text) referenced from patch.o(.constdata)
 <LI><a href="#[39]">PATCHED_hci_acl_data_rx_handler</a> from patch.o(.text) referenced from patch.o(.constdata)
 <LI><a href="#[3c]">PATCHED_hci_command_handler</a> from patch.o(.text) referenced from patch.o(.constdata)
 <LI><a href="#[48]">PATCHED_llc_ch_map_req_ind</a> from patch.o(.text) referenced from patch.o(.constdata)
 <LI><a href="#[3d]">PATCHED_llc_data_ind_handler</a> from patch.o(.text) referenced from patch.o(.constdata)
 <LI><a href="#[44]">PATCHED_llc_util_gen_skdx</a> from patch.o(.text) referenced from patch.o(.constdata)
 <LI><a href="#[38]">PATCHED_llcp_length_req_handler</a> from patch.o(.text) referenced from patch.o(.constdata)
 <LI><a href="#[3a]">PATCHED_llcp_length_rsp_handler</a> from patch.o(.text) referenced from patch.o(.constdata)
 <LI><a href="#[45]">PATCHED_lld_evt_move_to_master</a> from patch.o(.text) referenced from patch.o(.constdata)
 <LI><a href="#[46]">PATCHED_llm_adv_report_set</a> from patch.o(.text) referenced from patch.o(.constdata)
 <LI><a href="#[49]">PATCHED_llm_con_req_ind</a> from patch.o(.text) referenced from patch.o(.constdata)
 <LI><a href="#[41]">PATCHED_smpc_check_key_distrib</a> from patch.o(.text) referenced from patch.o(.constdata)
 <LI><a href="#[42]">PATCHED_smpc_construct_id_addr_info_pdu</a> from patch.o(.text) referenced from patch.o(.constdata)
 <LI><a href="#[3f]">PATCHED_smpc_dhkey_calc_start</a> from smpc_util.o(.text) referenced from patch.o(.constdata)
 <LI><a href="#[40]">PATCHED_smpc_is_sec_mode_reached</a> from patch.o(.text) referenced from patch.o(.constdata)
 <LI><a href="#[4a]">PATCHED_smpc_recv_pair_rand_pdu</a> from patch.o(.text) referenced from patch.o(.constdata)
 <LI><a href="#[4b]">PATCHED_smpc_recv_public_key_exchange_pdu</a> from patch.o(.text) referenced from patch.o(.constdata)
 <LI><a href="#[17]">PCM_Handler</a> from startup_da14585_586.o(.text) referenced from startup_da14585_586.o(RESET)
 <LI><a href="#[c8]">PK_PointMult_func</a> from patch.o(.text) referenced from lto-llvm-0469b9.o(.rodata.rom_func_addr_table_var)
 <LI><a href="#[4]">PendSV_Handler</a> from startup_da14585_586.o(.text) referenced from startup_da14585_586.o(RESET)
 <LI><a href="#[d6]">PllLF_IFF_MIX_CapCalibration_func</a> from da14585_symbols.txt(ABSOLUTE) referenced from lto-llvm-0469b9.o(.rodata.rom_func_addr_table_var)
 <LI><a href="#[33]">RADIOCNTL_Handler</a> from lto-llvm-0469b9.o(.text.RADIOCNTL_Handler) referenced from lto-llvm-0469b9.o(.text.rf_init_func)
 <LI><a href="#[1b]">RESERVED21_Handler</a> from startup_da14585_586.o(.text) referenced from startup_da14585_586.o(RESET)
 <LI><a href="#[1c]">RESERVED22_Handler</a> from startup_da14585_586.o(.text) referenced from startup_da14585_586.o(RESET)
 <LI><a href="#[1d]">RESERVED23_Handler</a> from startup_da14585_586.o(.text) referenced from startup_da14585_586.o(RESET)
 <LI><a href="#[f]">RFCAL_Handler</a> from startup_da14585_586.o(.text) referenced from startup_da14585_586.o(RESET)
 <LI><a href="#[0]">Reset_Handler</a> from startup_da14585_586.o(.text) referenced from startup_da14585_586.o(RESET)
 <LI><a href="#[b]">SPI_Handler</a> from startup_da14585_586.o(.text) referenced from startup_da14585_586.o(RESET)
 <LI><a href="#[18]">SRCIN_Handler</a> from startup_da14585_586.o(.text) referenced from startup_da14585_586.o(RESET)
 <LI><a href="#[19]">SRCOUT_Handler</a> from startup_da14585_586.o(.text) referenced from startup_da14585_586.o(RESET)
 <LI><a href="#[3]">SVC_Handler</a> from startup_da14585_586.o(.text) referenced from startup_da14585_586.o(RESET)
 <LI><a href="#[15]">SWTIM_Handler</a> from startup_da14585_586.o(.text) referenced from startup_da14585_586.o(RESET)
 <LI><a href="#[5]">SysTick_Handler</a> from startup_da14585_586.o(.text) referenced from startup_da14585_586.o(RESET)
 <LI><a href="#[1f]">SystemInit</a> from lto-llvm-0469b9.o(system_DA14xxx) referenced from startup_da14585_586.o(.text)
 <LI><a href="#[9]">UART2_Handler</a> from lto-llvm-0469b9.o(.text.UART2_Handler) referenced from startup_da14585_586.o(RESET)
 <LI><a href="#[8]">UART_Handler</a> from da14585_symbols.txt(ABSOLUTE) referenced from startup_da14585_586.o(RESET)
 <LI><a href="#[93]">UART_Handler_func</a> from da14585_symbols.txt(ABSOLUTE) referenced from lto-llvm-0469b9.o(.rodata.rom_func_addr_table_var)
 <LI><a href="#[16]">WKUP_QUADEC_Handler</a> from lto-llvm-0469b9.o(.text.WKUP_QUADEC_Handler) referenced from startup_da14585_586.o(RESET)
 <LI><a href="#[20]">__main</a> from entry.o(.ARM.Collect$$$$00000000) referenced from startup_da14585_586.o(.text)
 <LI><a href="#[69]">app_custs1_create_db</a> from lto-llvm-0469b9.o(.text.app_custs1_create_db) referenced from lto-llvm-0469b9.o(.rodata.cust_prf_funcs)
 <LI><a href="#[8a]">app_diss_create_db</a> from lto-llvm-0469b9.o(.text.app_diss_create_db) referenced from lto-llvm-0469b9.o(.rodata.prf_funcs)
 <LI><a href="#[5a]">app_entry_point_handler</a> from lto-llvm-0469b9.o(.text.app_entry_point_handler) referenced from lto-llvm-0469b9.o(.rodata.app_default_state)
 <LI><a href="#[da]">app_hogpd_create_db</a> from lto-llvm-0469b9.o(.text.app_hogpd_create_db) referenced from lto-llvm-0469b9.o(.rodata.user_prf_funcs)
 <LI><a href="#[db]">app_hogpd_enable</a> from lto-llvm-0469b9.o(.text.app_hogpd_enable) referenced from lto-llvm-0469b9.o(.rodata.user_prf_funcs)
 <LI><a href="#[c5]">attc_l2cc_pdu_recv_handler_func</a> from da14585_symbols.txt(ABSOLUTE) referenced from lto-llvm-0469b9.o(.rodata.rom_func_addr_table_var)
 <LI><a href="#[c4]">atts_l2cc_pdu_recv_handler_func</a> from da14585_symbols.txt(ABSOLUTE) referenced from lto-llvm-0469b9.o(.rodata.rom_func_addr_table_var)
 <LI><a href="#[4c]">atts_mtu_exc_req</a> from da14585_symbols.txt(ABSOLUTE) referenced from patch.o(.constdata)
 <LI><a href="#[d3]">ba431_get_rand_func</a> from lto-llvm-0469b9.o(.text.ba431_get_rand_func) referenced from lto-llvm-0469b9.o(.rodata.rom_func_addr_table_var)
 <LI><a href="#[c6]">crypto_init_func</a> from lto-llvm-0469b9.o(.text.crypto_init_func) referenced from lto-llvm-0469b9.o(.rodata.rom_func_addr_table_var)
 <LI><a href="#[71]">custs1_att_info_rsp_handler</a> from lto-llvm-0469b9.o(.text.custs1_att_info_rsp_handler) referenced from lto-llvm-0469b9.o(.rodata.custs1_default_state)
 <LI><a href="#[76]">custs1_cleanup</a> from lto-llvm-0469b9.o(.text.custs1_cleanup) referenced from lto-llvm-0469b9.o(.rodata.custs1_itf)
 <LI><a href="#[75]">custs1_create</a> from lto-llvm-0469b9.o(.text.custs1_create) referenced from lto-llvm-0469b9.o(.rodata.custs1_itf)
 <LI><a href="#[74]">custs1_destroy</a> from lto-llvm-0469b9.o(.text.custs1_destroy) referenced from lto-llvm-0469b9.o(.rodata.custs1_itf)
 <LI><a href="#[73]">custs1_init</a> from lto-llvm-0469b9.o(.text.custs1_init) referenced from lto-llvm-0469b9.o(.rodata.custs1_itf)
 <LI><a href="#[70]">custs1_val_ind_req_handler</a> from lto-llvm-0469b9.o(.text.custs1_val_ind_req_handler) referenced from lto-llvm-0469b9.o(.rodata.custs1_default_state)
 <LI><a href="#[6e]">custs1_val_ntf_req_handler</a> from lto-llvm-0469b9.o(.text.custs1_val_ntf_req_handler) referenced from lto-llvm-0469b9.o(.rodata.custs1_default_state)
 <LI><a href="#[6f]">custs1_val_set_req_handler</a> from lto-llvm-0469b9.o(.text.custs1_val_set_req_handler) referenced from lto-llvm-0469b9.o(.rodata.custs1_default_state)
 <LI><a href="#[72]">custs1_value_req_rsp_handler</a> from lto-llvm-0469b9.o(.text.custs1_value_req_rsp_handler) referenced from lto-llvm-0469b9.o(.rodata.custs1_default_state)
 <LI><a href="#[bb]">dbg_init_func_empty</a> from lto-llvm-0469b9.o(.text.dbg_init_func_empty) referenced from lto-llvm-0469b9.o(.rodata.rom_func_addr_table_var)
 <LI><a href="#[bc]">dbg_platform_reset_complete_func_empty</a> from lto-llvm-0469b9.o(.text.dbg_platform_reset_complete_func_empty) referenced from lto-llvm-0469b9.o(.rodata.rom_func_addr_table_var)
 <LI><a href="#[d1]">dia_rand_func</a> from lto-llvm-0469b9.o(.text.dia_rand_func) referenced from lto-llvm-0469b9.o(.rodata.rom_func_addr_table_var)
 <LI><a href="#[d2]">dia_srand_func</a> from lto-llvm-0469b9.o(.text.dia_srand_func) referenced from lto-llvm-0469b9.o(.rodata.rom_func_addr_table_var)
 <LI><a href="#[7d]">diss_cleanup</a> from lto-llvm-0469b9.o(.text.diss_cleanup) referenced from lto-llvm-0469b9.o(.rodata.diss_itf)
 <LI><a href="#[7c]">diss_create</a> from lto-llvm-0469b9.o(.text.diss_create) referenced from lto-llvm-0469b9.o(.rodata.diss_itf)
 <LI><a href="#[7b]">diss_destroy</a> from lto-llvm-0469b9.o(.text.diss_destroy) referenced from lto-llvm-0469b9.o(.rodata.diss_itf)
 <LI><a href="#[7a]">diss_init</a> from lto-llvm-0469b9.o(.text.diss_init) referenced from lto-llvm-0469b9.o(.rodata.diss_itf)
 <LI><a href="#[77]">diss_set_value_req_handler</a> from lto-llvm-0469b9.o(.text.diss_set_value_req_handler) referenced from lto-llvm-0469b9.o(.rodata.diss_default_state)
 <LI><a href="#[79]">diss_value_cfm_handler</a> from lto-llvm-0469b9.o(.text.diss_value_cfm_handler) referenced from lto-llvm-0469b9.o(.rodata.diss_default_state)
 <LI><a href="#[26]">gapc_bond_ind_handler</a> from lto-llvm-0469b9.o(.text.gapc_bond_ind_handler) referenced from lto-llvm-0469b9.o(.text.app_entry_point_handler)
 <LI><a href="#[25]">gapc_bond_req_ind_handler</a> from lto-llvm-0469b9.o(.text.gapc_bond_req_ind_handler) referenced from lto-llvm-0469b9.o(.text.app_entry_point_handler)
 <LI><a href="#[5d]">gapc_cmp_evt_handler</a> from lto-llvm-0469b9.o(.text.gapc_cmp_evt_handler) referenced from lto-llvm-0469b9.o(.rodata.app_gap_process_handlers)
 <LI><a href="#[5e]">gapc_connection_req_ind_handler</a> from lto-llvm-0469b9.o(.text.gapc_connection_req_ind_handler) referenced from lto-llvm-0469b9.o(.rodata.app_gap_process_handlers)
 <LI><a href="#[5f]">gapc_disconnect_ind_handler</a> from lto-llvm-0469b9.o(.text.gapc_disconnect_ind_handler) referenced from lto-llvm-0469b9.o(.rodata.app_gap_process_handlers)
 <LI><a href="#[28]">gapc_encrypt_ind_handler</a> from lto-llvm-0469b9.o(.text.gapc_encrypt_ind_handler) referenced from lto-llvm-0469b9.o(.text.app_entry_point_handler)
 <LI><a href="#[27]">gapc_encrypt_req_ind_handler</a> from lto-llvm-0469b9.o(.text.gapc_encrypt_req_ind_handler) referenced from lto-llvm-0469b9.o(.text.app_entry_point_handler)
 <LI><a href="#[60]">gapc_get_dev_info_req_ind_handler</a> from lto-llvm-0469b9.o(.text.gapc_get_dev_info_req_ind_handler) referenced from lto-llvm-0469b9.o(.rodata.app_gap_process_handlers)
 <LI><a href="#[65]">gapc_le_pkt_size_ind_handler</a> from lto-llvm-0469b9.o(.text.gapc_le_pkt_size_ind_handler) referenced from lto-llvm-0469b9.o(.rodata.app_gap_process_handlers)
 <LI><a href="#[c3]">gapc_lecb_connect_cfm_handler_func</a> from da14585_symbols.txt(ABSOLUTE) referenced from lto-llvm-0469b9.o(.rodata.rom_func_addr_table_var)
 <LI><a href="#[64]">gapc_param_update_req_ind_handler</a> from lto-llvm-0469b9.o(.text.gapc_param_update_req_ind_handler) referenced from lto-llvm-0469b9.o(.rodata.app_gap_process_handlers)
 <LI><a href="#[67]">gapc_peer_features_ind_handler</a> from lto-llvm-0469b9.o(.text.gapc_peer_features_ind_handler) referenced from lto-llvm-0469b9.o(.rodata.app_gap_process_handlers)
 <LI><a href="#[68]">gapc_security_ind_handler</a> from lto-llvm-0469b9.o(.text.gapc_security_ind_handler) referenced from lto-llvm-0469b9.o(.rodata.app_gap_process_handlers)
 <LI><a href="#[61]">gapc_set_dev_info_req_ind_handler</a> from lto-llvm-0469b9.o(.text.gapc_set_dev_info_req_ind_handler) referenced from lto-llvm-0469b9.o(.rodata.app_gap_process_handlers)
 <LI><a href="#[29]">gapm_addr_solved_ind_handler</a> from lto-llvm-0469b9.o(.text.gapm_addr_solved_ind_handler) referenced from lto-llvm-0469b9.o(.text.app_entry_point_handler)
 <LI><a href="#[63]">gapm_adv_report_ind_handler</a> from lto-llvm-0469b9.o(.text.gapm_adv_report_ind_handler) referenced from lto-llvm-0469b9.o(.rodata.app_gap_process_handlers)
 <LI><a href="#[55]">gapm_adv_sanity</a> from da14585_symbols.txt(ABSOLUTE) referenced from patch.o(.constdata)
 <LI><a href="#[5c]">gapm_cmp_evt_handler</a> from lto-llvm-0469b9.o(.text.gapm_cmp_evt_handler) referenced from lto-llvm-0469b9.o(.rodata.app_gap_process_handlers)
 <LI><a href="#[5b]">gapm_device_ready_ind_handler</a> from lto-llvm-0469b9.o(.text.gapm_device_ready_ind_handler) referenced from lto-llvm-0469b9.o(.rodata.app_gap_process_handlers)
 <LI><a href="#[51]">gapm_get_ad_type_flag</a> from da14585_symbols.txt(ABSOLUTE) referenced from patch.o(.constdata)
 <LI><a href="#[62]">gapm_profile_added_ind_handler</a> from lto-llvm-0469b9.o(.text.gapm_profile_added_ind_handler) referenced from lto-llvm-0469b9.o(.rodata.app_gap_process_handlers)
 <LI><a href="#[2b]">gapm_ral_addr_ind_handler</a> from lto-llvm-0469b9.o(.text.gapm_ral_addr_ind_handler) referenced from lto-llvm-0469b9.o(.text.app_entry_point_handler)
 <LI><a href="#[2a]">gapm_ral_size_ind_handler</a> from lto-llvm-0469b9.o(.text.gapm_ral_size_ind_handler) referenced from lto-llvm-0469b9.o(.text.app_entry_point_handler)
 <LI><a href="#[6c]">gattc_att_info_req_ind_handler</a> from lto-llvm-0469b9.o(.text.gattc_att_info_req_ind_handler) referenced from lto-llvm-0469b9.o(.rodata.custs1_default_state)
 <LI><a href="#[82]">gattc_att_info_req_ind_handler.94</a> from lto-llvm-0469b9.o(.text.gattc_att_info_req_ind_handler.94) referenced from lto-llvm-0469b9.o(.rodata.hogpd_default_state)
 <LI><a href="#[6d]">gattc_cmp_evt_handler</a> from lto-llvm-0469b9.o(.text.gattc_cmp_evt_handler) referenced from lto-llvm-0469b9.o(.rodata.custs1_default_state)
 <LI><a href="#[85]">gattc_cmp_evt_handler.97</a> from lto-llvm-0469b9.o(.text.gattc_cmp_evt_handler.97) referenced from lto-llvm-0469b9.o(.rodata.hogpd_default_state)
 <LI><a href="#[78]">gattc_read_req_ind_handler</a> from lto-llvm-0469b9.o(.text.gattc_read_req_ind_handler) referenced from lto-llvm-0469b9.o(.rodata.diss_default_state)
 <LI><a href="#[6a]">gattc_read_req_ind_handler.67</a> from lto-llvm-0469b9.o(.text.gattc_read_req_ind_handler.67) referenced from lto-llvm-0469b9.o(.rodata.custs1_default_state)
 <LI><a href="#[84]">gattc_read_req_ind_handler.96</a> from lto-llvm-0469b9.o(.text.gattc_read_req_ind_handler.96) referenced from lto-llvm-0469b9.o(.rodata.hogpd_default_state)
 <LI><a href="#[66]">gattc_svc_changed_cfg_ind_handler</a> from lto-llvm-0469b9.o(.text.gattc_svc_changed_cfg_ind_handler) referenced from lto-llvm-0469b9.o(.rodata.app_gap_process_handlers)
 <LI><a href="#[6b]">gattc_write_req_ind_handler</a> from lto-llvm-0469b9.o(.text.gattc_write_req_ind_handler) referenced from lto-llvm-0469b9.o(.rodata.custs1_default_state)
 <LI><a href="#[83]">gattc_write_req_ind_handler.95</a> from lto-llvm-0469b9.o(.text.gattc_write_req_ind_handler.95) referenced from lto-llvm-0469b9.o(.rodata.hogpd_default_state)
 <LI><a href="#[95]">gtl_eif_init_func</a> from da14585_symbols.txt(ABSOLUTE) referenced from lto-llvm-0469b9.o(.rodata.rom_func_addr_table_var)
 <LI><a href="#[97]">gtl_eif_read_hdr_func</a> from da14585_symbols.txt(ABSOLUTE) referenced from lto-llvm-0469b9.o(.rodata.rom_func_addr_table_var)
 <LI><a href="#[98]">gtl_eif_read_payl_func</a> from da14585_symbols.txt(ABSOLUTE) referenced from lto-llvm-0469b9.o(.rodata.rom_func_addr_table_var)
 <LI><a href="#[96]">gtl_eif_read_start_func</a> from da14585_symbols.txt(ABSOLUTE) referenced from lto-llvm-0469b9.o(.rodata.rom_func_addr_table_var)
 <LI><a href="#[9a]">gtl_eif_rx_done_func</a> from da14585_symbols.txt(ABSOLUTE) referenced from lto-llvm-0469b9.o(.rodata.rom_func_addr_table_var)
 <LI><a href="#[99]">gtl_eif_tx_done_func</a> from da14585_symbols.txt(ABSOLUTE) referenced from lto-llvm-0469b9.o(.rodata.rom_func_addr_table_var)
 <LI><a href="#[94]">gtl_init_func</a> from da14585_symbols.txt(ABSOLUTE) referenced from lto-llvm-0469b9.o(.rodata.rom_func_addr_table_var)
 <LI><a href="#[9b]">h4tl_init_func</a> from da14585_symbols.txt(ABSOLUTE) referenced from lto-llvm-0469b9.o(.rodata.rom_func_addr_table_var)
 <LI><a href="#[a0]">h4tl_out_of_sync_func</a> from da14585_symbols.txt(ABSOLUTE) referenced from lto-llvm-0469b9.o(.rodata.rom_func_addr_table_var)
 <LI><a href="#[9d]">h4tl_read_hdr_func</a> from da14585_symbols.txt(ABSOLUTE) referenced from lto-llvm-0469b9.o(.rodata.rom_func_addr_table_var)
 <LI><a href="#[9f]">h4tl_read_next_out_of_sync_func</a> from da14585_symbols.txt(ABSOLUTE) referenced from lto-llvm-0469b9.o(.rodata.rom_func_addr_table_var)
 <LI><a href="#[9e]">h4tl_read_payl_func</a> from da14585_symbols.txt(ABSOLUTE) referenced from lto-llvm-0469b9.o(.rodata.rom_func_addr_table_var)
 <LI><a href="#[9c]">h4tl_read_start_func</a> from da14585_symbols.txt(ABSOLUTE) referenced from lto-llvm-0469b9.o(.rodata.rom_func_addr_table_var)
 <LI><a href="#[a2]">h4tl_rx_done_func</a> from da14585_symbols.txt(ABSOLUTE) referenced from lto-llvm-0469b9.o(.rodata.rom_func_addr_table_var)
 <LI><a href="#[a1]">h4tl_tx_done_func</a> from da14585_symbols.txt(ABSOLUTE) referenced from lto-llvm-0469b9.o(.rodata.rom_func_addr_table_var)
 <LI><a href="#[bd]">hci_rd_local_supp_feats_cmd_handler_func</a> from da14585_symbols.txt(ABSOLUTE) referenced from lto-llvm-0469b9.o(.rodata.rom_func_addr_table_var)
 <LI><a href="#[89]">hogpd_cleanup</a> from lto-llvm-0469b9.o(.text.hogpd_cleanup) referenced from lto-llvm-0469b9.o(.rodata.hogpd_itf)
 <LI><a href="#[88]">hogpd_create</a> from lto-llvm-0469b9.o(.text.hogpd_create) referenced from lto-llvm-0469b9.o(.rodata.hogpd_itf)
 <LI><a href="#[87]">hogpd_destroy</a> from lto-llvm-0469b9.o(.text.hogpd_destroy) referenced from lto-llvm-0469b9.o(.rodata.hogpd_itf)
 <LI><a href="#[7e]">hogpd_enable_req_handler</a> from lto-llvm-0469b9.o(.text.hogpd_enable_req_handler) referenced from lto-llvm-0469b9.o(.rodata.hogpd_default_state)
 <LI><a href="#[86]">hogpd_init</a> from lto-llvm-0469b9.o(.text.hogpd_init) referenced from lto-llvm-0469b9.o(.rodata.hogpd_itf)
 <LI><a href="#[81]">hogpd_proto_mode_cfm_handler</a> from lto-llvm-0469b9.o(.text.hogpd_proto_mode_cfm_handler) referenced from lto-llvm-0469b9.o(.rodata.hogpd_default_state)
 <LI><a href="#[80]">hogpd_report_cfm_handler</a> from lto-llvm-0469b9.o(.text.hogpd_report_cfm_handler) referenced from lto-llvm-0469b9.o(.rodata.hogpd_default_state)
 <LI><a href="#[7f]">hogpd_report_upd_req_handler</a> from lto-llvm-0469b9.o(.text.hogpd_report_upd_req_handler) referenced from lto-llvm-0469b9.o(.rodata.hogpd_default_state)
 <LI><a href="#[a3]">ke_task_init_func</a> from da14585_symbols.txt(ABSOLUTE) referenced from lto-llvm-0469b9.o(.rodata.rom_func_addr_table_var)
 <LI><a href="#[a4]">ke_timer_init_func</a> from da14585_symbols.txt(ABSOLUTE) referenced from lto-llvm-0469b9.o(.rodata.rom_func_addr_table_var)
 <LI><a href="#[c1]">l2c_process_sdu_func</a> from da14585_symbols.txt(ABSOLUTE) referenced from lto-llvm-0469b9.o(.rodata.rom_func_addr_table_var)
 <LI><a href="#[c0]">l2c_send_lecb_message_func</a> from da14585_symbols.txt(ABSOLUTE) referenced from lto-llvm-0469b9.o(.rodata.rom_func_addr_table_var)
 <LI><a href="#[be]">l2cc_pdu_pack_func</a> from da14585_symbols.txt(ABSOLUTE) referenced from lto-llvm-0469b9.o(.rodata.rom_func_addr_table_var)
 <LI><a href="#[56]">llc_ch_map_req_ind</a> from da14585_symbols.txt(ABSOLUTE) referenced from patch.o(.constdata)
 <LI><a href="#[cd]">llc_le_length_conn_init_func</a> from da14585_symbols.txt(ABSOLUTE) referenced from lto-llvm-0469b9.o(.rodata.rom_func_addr_table_var)
 <LI><a href="#[d0]">llc_pdu_send_func</a> from da14585_symbols.txt(ABSOLUTE) referenced from lto-llvm-0469b9.o(.rodata.rom_func_addr_table_var)
 <LI><a href="#[52]">llc_util_gen_skdx</a> from da14585_symbols.txt(ABSOLUTE) referenced from patch.o(.constdata)
 <LI><a href="#[cf]">lld_data_tx_check_func</a> from da14585_symbols.txt(ABSOLUTE) referenced from lto-llvm-0469b9.o(.rodata.rom_func_addr_table_var)
 <LI><a href="#[ce]">lld_data_tx_prog_func</a> from da14585_symbols.txt(ABSOLUTE) referenced from lto-llvm-0469b9.o(.rodata.rom_func_addr_table_var)
 <LI><a href="#[53]">lld_evt_move_to_master</a> from da14585_symbols.txt(ABSOLUTE) referenced from patch.o(.constdata)
 <LI><a href="#[ac]">lld_sleep_compensate_func</a> from lto-llvm-0469b9.o(.text.lld_sleep_compensate_func) referenced from lto-llvm-0469b9.o(.rodata.rom_func_addr_table_var)
 <LI><a href="#[ad]">lld_sleep_init_func</a> from lto-llvm-0469b9.o(.text.lld_sleep_init_func) referenced from lto-llvm-0469b9.o(.rodata.rom_func_addr_table_var)
 <LI><a href="#[af]">lld_sleep_lpcycles_2_us_sel_func</a> from lto-llvm-0469b9.o(.text.lld_sleep_lpcycles_2_us_sel_func) referenced from lto-llvm-0469b9.o(.rodata.rom_func_addr_table_var)
 <LI><a href="#[ae]">lld_sleep_us_2_lpcycles_sel_func</a> from lto-llvm-0469b9.o(.text.lld_sleep_us_2_lpcycles_sel_func) referenced from lto-llvm-0469b9.o(.rodata.rom_func_addr_table_var)
 <LI><a href="#[b2]">lld_test_mode_rx_func</a> from da14585_symbols.txt(ABSOLUTE) referenced from lto-llvm-0469b9.o(.rodata.rom_func_addr_table_var)
 <LI><a href="#[b1]">lld_test_mode_tx_func</a> from da14585_symbols.txt(ABSOLUTE) referenced from lto-llvm-0469b9.o(.rodata.rom_func_addr_table_var)
 <LI><a href="#[b0]">lld_test_stop_func</a> from da14585_symbols.txt(ABSOLUTE) referenced from lto-llvm-0469b9.o(.rodata.rom_func_addr_table_var)
 <LI><a href="#[54]">llm_adv_report_set</a> from da14585_symbols.txt(ABSOLUTE) referenced from patch.o(.constdata)
 <LI><a href="#[57]">llm_con_req_ind</a> from da14585_symbols.txt(ABSOLUTE) referenced from patch.o(.constdata)
 <LI><a href="#[ca]">llm_create_p256_key_func</a> from patch.o(.text) referenced from lto-llvm-0469b9.o(.rodata.rom_func_addr_table_var)
 <LI><a href="#[a5]">llm_encryption_done_func</a> from da14585_symbols.txt(ABSOLUTE) referenced from lto-llvm-0469b9.o(.rodata.rom_func_addr_table_var)
 <LI><a href="#[c7]">llm_le_adv_report_ind_func</a> from da14585_symbols.txt(ABSOLUTE) referenced from lto-llvm-0469b9.o(.rodata.rom_func_addr_table_var)
 <LI><a href="#[cb]">llm_p256_req_handler_func</a> from patch.o(.text) referenced from lto-llvm-0469b9.o(.rodata.rom_func_addr_table_var)
 <LI><a href="#[c9]">llm_p256_start_func</a> from da14585_symbols.txt(ABSOLUTE) referenced from lto-llvm-0469b9.o(.rodata.rom_func_addr_table_var)
 <LI><a href="#[1e]">main</a> from lto-llvm-0469b9.o(.text.main) referenced from entry9a.o(.ARM.Collect$$$$0000000B)
 <LI><a href="#[d4]">modulationGainCalibration_func</a> from da14585_symbols.txt(ABSOLUTE) referenced from lto-llvm-0469b9.o(.rodata.rom_func_addr_table_var)
 <LI><a href="#[a8]">nvds_del_func</a> from lto-llvm-0469b9.o(.text.nvds_del_func) referenced from lto-llvm-0469b9.o(.rodata.rom_func_addr_table_var)
 <LI><a href="#[a6]">nvds_get_func</a> from lto-llvm-0469b9.o(.text.nvds_get_func) referenced from lto-llvm-0469b9.o(.rodata.rom_func_addr_table_var)
 <LI><a href="#[a9]">nvds_init_func</a> from lto-llvm-0469b9.o(.text.nvds_init_func) referenced from lto-llvm-0469b9.o(.rodata.rom_func_addr_table_var)
 <LI><a href="#[a7]">nvds_put_func</a> from lto-llvm-0469b9.o(.text.nvds_put_func) referenced from lto-llvm-0469b9.o(.rodata.rom_func_addr_table_var)
 <LI><a href="#[2c]">param_update_request_timer_cb</a> from lto-llvm-0469b9.o(.text.param_update_request_timer_cb) referenced from lto-llvm-0469b9.o(.text.gapc_connection_req_ind_handler)
 <LI><a href="#[ab]">platform_reset_func</a> from lto-llvm-0469b9.o(.text.platform_reset_func) referenced from lto-llvm-0469b9.o(.rodata.rom_func_addr_table_var)
 <LI><a href="#[b6]">prf_add_profile_func</a> from lto-llvm-0469b9.o(.text.prf_add_profile_func) referenced from lto-llvm-0469b9.o(.rodata.rom_func_addr_table_var)
 <LI><a href="#[b8]">prf_cleanup_func</a> from lto-llvm-0469b9.o(.text.prf_cleanup_func) referenced from lto-llvm-0469b9.o(.rodata.rom_func_addr_table_var)
 <LI><a href="#[b7]">prf_create_func</a> from lto-llvm-0469b9.o(.text.prf_create_func) referenced from lto-llvm-0469b9.o(.rodata.rom_func_addr_table_var)
 <LI><a href="#[b9]">prf_get_id_from_task_func</a> from lto-llvm-0469b9.o(.text.prf_get_id_from_task_func) referenced from lto-llvm-0469b9.o(.rodata.rom_func_addr_table_var)
 <LI><a href="#[ba]">prf_get_task_from_id_func</a> from lto-llvm-0469b9.o(.text.prf_get_task_from_id_func) referenced from lto-llvm-0469b9.o(.rodata.rom_func_addr_table_var)
 <LI><a href="#[b5]">prf_init_func</a> from lto-llvm-0469b9.o(.text.prf_init_func) referenced from lto-llvm-0469b9.o(.rodata.rom_func_addr_table_var)
 <LI><a href="#[36]">rf_force_agc_enable</a> from lto-llvm-0469b9.o(.text.rf_force_agc_enable) referenced from lto-llvm-0469b9.o(.text.rf_init_func)
 <LI><a href="#[8b]">rf_init_func</a> from lto-llvm-0469b9.o(.text.rf_init_func) referenced from lto-llvm-0469b9.o(.rodata.rom_func_addr_table_var)
 <LI><a href="#[30]">rf_reg_rd</a> from lto-llvm-0469b9.o(.text.rf_reg_rd) referenced from lto-llvm-0469b9.o(.text.rf_init_func)
 <LI><a href="#[2f]">rf_reg_wr</a> from lto-llvm-0469b9.o(.text.rf_reg_wr) referenced from lto-llvm-0469b9.o(.text.rf_init_func)
 <LI><a href="#[8c]">rf_reinit_func</a> from lto-llvm-0469b9.o(.text.rf_reinit_func) referenced from lto-llvm-0469b9.o(.rodata.rom_func_addr_table_var)
 <LI><a href="#[34]">rf_reset</a> from lto-llvm-0469b9.o(.text.rf_reset) referenced from lto-llvm-0469b9.o(.text.rf_init_func)
 <LI><a href="#[35]">rf_rssi_convert</a> from lto-llvm-0469b9.o(.text.rf_rssi_convert) referenced from lto-llvm-0469b9.o(.text.rf_init_func)
 <LI><a href="#[31]">rf_sleep</a> from lto-llvm-0469b9.o(.text.rf_sleep) referenced from lto-llvm-0469b9.o(.text.rf_init_func)
 <LI><a href="#[32]">rf_txpwr_dbm_get</a> from lto-llvm-0469b9.o(.text.rf_txpwr_dbm_get) referenced from lto-llvm-0469b9.o(.text.rf_init_func)
 <LI><a href="#[7]">rwble_isr</a> from lto-llvm-0469b9.o(.text.rwble_isr) referenced from startup_da14585_586.o(RESET)
 <LI><a href="#[aa]">rwip_eif_get_func</a> from da14585_symbols.txt(ABSOLUTE) referenced from lto-llvm-0469b9.o(.rodata.rom_func_addr_table_var)
 <LI><a href="#[4f]">smpc_check_key_distrib</a> from da14585_symbols.txt(ABSOLUTE) referenced from patch.o(.constdata)
 <LI><a href="#[b3]">smpc_check_param_func</a> from da14585_symbols.txt(ABSOLUTE) referenced from lto-llvm-0469b9.o(.rodata.rom_func_addr_table_var)
 <LI><a href="#[50]">smpc_construct_id_addr_info_pdu</a> from da14585_symbols.txt(ABSOLUTE) referenced from patch.o(.constdata)
 <LI><a href="#[d8]">smpc_dhkey_calc_ind_func</a> from da14585_symbols.txt(ABSOLUTE) referenced from lto-llvm-0469b9.o(.rodata.rom_func_addr_table_var)
 <LI><a href="#[4d]">smpc_dhkey_calc_start</a> from da14585_symbols.txt(ABSOLUTE) referenced from patch.o(.constdata)
 <LI><a href="#[4e]">smpc_is_sec_mode_reached</a> from da14585_symbols.txt(ABSOLUTE) referenced from patch.o(.constdata)
 <LI><a href="#[b4]">smpc_pdu_recv_func</a> from da14585_symbols.txt(ABSOLUTE) referenced from lto-llvm-0469b9.o(.rodata.rom_func_addr_table_var)
 <LI><a href="#[d7]">smpc_public_key_exchange_start_func</a> from da14585_symbols.txt(ABSOLUTE) referenced from lto-llvm-0469b9.o(.rodata.rom_func_addr_table_var)
 <LI><a href="#[58]">smpc_recv_pair_rand_pdu</a> from da14585_symbols.txt(ABSOLUTE) referenced from patch.o(.constdata)
 <LI><a href="#[59]">smpc_recv_public_key_exchange_pdu</a> from da14585_symbols.txt(ABSOLUTE) referenced from patch.o(.constdata)
 <LI><a href="#[d9]">smpm_ecdh_key_create_empty_func</a> from lto-llvm-0469b9.o(.text.smpm_ecdh_key_create_empty_func) referenced from lto-llvm-0469b9.o(.rodata.rom_func_addr_table_var)
 <LI><a href="#[24]">timer_canceled_handler</a> from lto-llvm-0469b9.o(.text.timer_canceled_handler) referenced from lto-llvm-0469b9.o(.text.app_entry_point_handler)
 <LI><a href="#[24]">timer_canceled_handler</a> from lto-llvm-0469b9.o(.text.timer_canceled_handler) referenced from lto-llvm-0469b9.o(.text.gapc_disconnect_ind_handler)
 <LI><a href="#[23]">timer_modified_handler</a> from lto-llvm-0469b9.o(.text.timer_modified_handler) referenced from lto-llvm-0469b9.o(.text.app_entry_point_handler)
 <LI><a href="#[2e]">uart_callback</a> from lto-llvm-0469b9.o(.text.uart_callback) referenced from lto-llvm-0469b9.o(.text.main)
 <LI><a href="#[90]">uart_finish_transfers_func</a> from da14585_symbols.txt(ABSOLUTE) referenced from lto-llvm-0469b9.o(.rodata.rom_func_addr_table_var)
 <LI><a href="#[8f]">uart_flow_off_func</a> from da14585_symbols.txt(ABSOLUTE) referenced from lto-llvm-0469b9.o(.rodata.rom_func_addr_table_var)
 <LI><a href="#[8e]">uart_flow_on_func</a> from da14585_symbols.txt(ABSOLUTE) referenced from lto-llvm-0469b9.o(.rodata.rom_func_addr_table_var)
 <LI><a href="#[8d]">uart_init_func</a> from da14585_symbols.txt(ABSOLUTE) referenced from lto-llvm-0469b9.o(.rodata.rom_func_addr_table_var)
 <LI><a href="#[91]">uart_read_func</a> from da14585_symbols.txt(ABSOLUTE) referenced from lto-llvm-0469b9.o(.rodata.rom_func_addr_table_var)
 <LI><a href="#[92]">uart_write_func</a> from da14585_symbols.txt(ABSOLUTE) referenced from lto-llvm-0469b9.o(.rodata.rom_func_addr_table_var)
 <LI><a href="#[2d]">user_gamepad_axis_polling_cb</a> from lto-llvm-0469b9.o(.text.user_gamepad_axis_polling_cb) referenced from lto-llvm-0469b9.o(.text.gapm_profile_added_ind_handler)
 <LI><a href="#[2d]">user_gamepad_axis_polling_cb</a> from lto-llvm-0469b9.o(.text.user_gamepad_axis_polling_cb) referenced from lto-llvm-0469b9.o(.text.user_gamepad_axis_polling_cb)
 <LI><a href="#[37]">user_gamepad_button_cb</a> from lto-llvm-0469b9.o(.text.user_gamepad_button_cb) referenced from lto-llvm-0469b9.o(.text.user_gamepad_enable_buttons)
</UL>
<P>
<H3>
Global Symbols
</H3>
<P><STRONG><a name="[aa]"></a>rwip_eif_get_func</STRONG> (Thumb, 0 bytes, Stack size 0 bytes, da14585_symbols.txt(ABSOLUTE), UNUSED)
<BR>[Address Reference Count : 1]<UL><LI> lto-llvm-0469b9.o(.rodata.rom_func_addr_table_var)
</UL>
<P><STRONG><a name="[163]"></a>ble_init</STRONG> (Thumb, 0 bytes, Stack size 0 bytes, da14585_symbols.txt(ABSOLUTE))
<BR><BR>[Called By]<UL><LI><a href="#[1e]">&gt;&gt;</a>&nbsp;&nbsp;&nbsp;main
</UL>

<P><STRONG><a name="[16d]"></a>ble_regs_push</STRONG> (Thumb, 0 bytes, Stack size 0 bytes, da14585_symbols.txt(ABSOLUTE))
<BR><BR>[Called By]<UL><LI><a href="#[1e]">&gt;&gt;</a>&nbsp;&nbsp;&nbsp;main
</UL>

<P><STRONG><a name="[138]"></a>ble_regs_pop</STRONG> (Thumb, 0 bytes, Stack size 0 bytes, da14585_symbols.txt(ABSOLUTE))
<BR><BR>[Called By]<UL><LI><a href="#[6]">&gt;&gt;</a>&nbsp;&nbsp;&nbsp;BLE_WAKEUP_LP_Handler
</UL>

<P><STRONG><a name="[176]"></a>rf_reinit</STRONG> (Thumb, 0 bytes, Stack size 0 bytes, da14585_symbols.txt(ABSOLUTE))
<BR><BR>[Called By]<UL><LI><a href="#[7]">&gt;&gt;</a>&nbsp;&nbsp;&nbsp;rwble_isr
</UL>

<P><STRONG><a name="[113]"></a>smpc_pdu_recv</STRONG> (Thumb, 0 bytes, Stack size 0 bytes, da14585_symbols.txt(ABSOLUTE))
<BR><BR>[Called By]<UL><LI><a href="#[c2]">&gt;&gt;</a>&nbsp;&nbsp;&nbsp;JT_l2cc_pdu_recv_ind_handler_func
</UL>

<P><STRONG><a name="[8]"></a>UART_Handler</STRONG> (Thumb, 0 bytes, Stack size 0 bytes, da14585_symbols.txt(ABSOLUTE), UNUSED)
<BR>[Address Reference Count : 1]<UL><LI> startup_da14585_586.o(RESET)
</UL>
<P><STRONG><a name="[104]"></a>platform_reset</STRONG> (Thumb, 0 bytes, Stack size 0 bytes, da14585_symbols.txt(ABSOLUTE))
<BR><BR>[Called By]<UL><LI><a href="#[3b]">&gt;&gt;</a>&nbsp;&nbsp;&nbsp;PATCHED_gapm_reset_cmd_handler
</UL>

<P><STRONG><a name="[142]"></a>prf_get_task_from_id</STRONG> (Thumb, 0 bytes, Stack size 0 bytes, da14585_symbols.txt(ABSOLUTE))
<BR><BR>[Called By]<UL><LI><a href="#[37]">&gt;&gt;</a>&nbsp;&nbsp;&nbsp;user_gamepad_button_cb
<LI><a href="#[db]">&gt;&gt;</a>&nbsp;&nbsp;&nbsp;app_hogpd_enable
<LI><a href="#[155]">&gt;&gt;</a>&nbsp;&nbsp;&nbsp;user_gamepad_update_joystick
<LI><a href="#[5e]">&gt;&gt;</a>&nbsp;&nbsp;&nbsp;gapc_connection_req_ind_handler
</UL>

<P><STRONG><a name="[10b]"></a>l2cc_pdu_unpack</STRONG> (Thumb, 0 bytes, Stack size 0 bytes, da14585_symbols.txt(ABSOLUTE))
<BR><BR>[Called By]<UL><LI><a href="#[39]">&gt;&gt;</a>&nbsp;&nbsp;&nbsp;PATCHED_hci_acl_data_rx_handler
</UL>

<P><STRONG><a name="[10f]"></a>l2c_send_lecb_message</STRONG> (Thumb, 0 bytes, Stack size 0 bytes, da14585_symbols.txt(ABSOLUTE))
<BR><BR>[Called By]<UL><LI><a href="#[39]">&gt;&gt;</a>&nbsp;&nbsp;&nbsp;PATCHED_hci_acl_data_rx_handler
</UL>

<P><STRONG><a name="[10d]"></a>l2c_process_sdu</STRONG> (Thumb, 0 bytes, Stack size 0 bytes, da14585_symbols.txt(ABSOLUTE))
<BR><BR>[Called By]<UL><LI><a href="#[39]">&gt;&gt;</a>&nbsp;&nbsp;&nbsp;PATCHED_hci_acl_data_rx_handler
</UL>

<P><STRONG><a name="[f8]"></a>PK_PointMult</STRONG> (Thumb, 0 bytes, Stack size 0 bytes, da14585_symbols.txt(ABSOLUTE))
<BR><BR>[Called By]<UL><LI><a href="#[ca]">&gt;&gt;</a>&nbsp;&nbsp;&nbsp;llm_create_p256_key_func
</UL>

<P><STRONG><a name="[100]"></a>llm_p256_start</STRONG> (Thumb, 0 bytes, Stack size 0 bytes, da14585_symbols.txt(ABSOLUTE))
<BR><BR>[Called By]<UL><LI><a href="#[cb]">&gt;&gt;</a>&nbsp;&nbsp;&nbsp;llm_p256_req_handler_func
</UL>

<P><STRONG><a name="[fb]"></a>llm_create_p256_key</STRONG> (Thumb, 0 bytes, Stack size 0 bytes, da14585_symbols.txt(ABSOLUTE))
<BR><BR>[Called By]<UL><LI><a href="#[cb]">&gt;&gt;</a>&nbsp;&nbsp;&nbsp;llm_p256_req_handler_func
</UL>

<P><STRONG><a name="[ea]"></a>dia_rand</STRONG> (Thumb, 0 bytes, Stack size 0 bytes, da14585_symbols.txt(ABSOLUTE))
<BR><BR>[Called By]<UL><LI><a href="#[d3]">&gt;&gt;</a>&nbsp;&nbsp;&nbsp;ba431_get_rand_func
<LI><a href="#[44]">&gt;&gt;</a>&nbsp;&nbsp;&nbsp;PATCHED_llc_util_gen_skdx
<LI><a href="#[13f]">&gt;&gt;</a>&nbsp;&nbsp;&nbsp;app_fill_random_byte_array
<LI><a href="#[25]">&gt;&gt;</a>&nbsp;&nbsp;&nbsp;gapc_bond_req_ind_handler
</UL>

<P><STRONG><a name="[162]"></a>dia_srand</STRONG> (Thumb, 0 bytes, Stack size 0 bytes, da14585_symbols.txt(ABSOLUTE))
<BR><BR>[Called By]<UL><LI><a href="#[1e]">&gt;&gt;</a>&nbsp;&nbsp;&nbsp;main
</UL>

<P><STRONG><a name="[f7]"></a>ba431_get_rand</STRONG> (Thumb, 0 bytes, Stack size 0 bytes, da14585_symbols.txt(ABSOLUTE))
<BR><BR>[Called By]<UL><LI><a href="#[ca]">&gt;&gt;</a>&nbsp;&nbsp;&nbsp;llm_create_p256_key_func
</UL>

<P><STRONG><a name="[134]"></a>modulationGainCalibration</STRONG> (Thumb, 0 bytes, Stack size 0 bytes, da14585_symbols.txt(ABSOLUTE))
<BR><BR>[Called By]<UL><LI><a href="#[131]">&gt;&gt;</a>&nbsp;&nbsp;&nbsp;rf_calibration_585
</UL>

<P><STRONG><a name="[132]"></a>DCoffsetCalibration</STRONG> (Thumb, 0 bytes, Stack size 0 bytes, da14585_symbols.txt(ABSOLUTE))
<BR><BR>[Called By]<UL><LI><a href="#[131]">&gt;&gt;</a>&nbsp;&nbsp;&nbsp;rf_calibration_585
<LI><a href="#[1e]">&gt;&gt;</a>&nbsp;&nbsp;&nbsp;main
</UL>

<P><STRONG><a name="[133]"></a>PllLF_IFF_MIX_CapCalibration</STRONG> (Thumb, 0 bytes, Stack size 0 bytes, da14585_symbols.txt(ABSOLUTE))
<BR><BR>[Called By]<UL><LI><a href="#[131]">&gt;&gt;</a>&nbsp;&nbsp;&nbsp;rf_calibration_585
<LI><a href="#[1e]">&gt;&gt;</a>&nbsp;&nbsp;&nbsp;main
</UL>

<P><STRONG><a name="[105]"></a>smpm_ecdh_key_create</STRONG> (Thumb, 0 bytes, Stack size 0 bytes, da14585_symbols.txt(ABSOLUTE))
<BR><BR>[Called By]<UL><LI><a href="#[3b]">&gt;&gt;</a>&nbsp;&nbsp;&nbsp;PATCHED_gapm_reset_cmd_handler
</UL>

<P><STRONG><a name="[110]"></a>co_buf_rx_free</STRONG> (Thumb, 0 bytes, Stack size 0 bytes, da14585_symbols.txt(ABSOLUTE))
<BR><BR>[Called By]<UL><LI><a href="#[3d]">&gt;&gt;</a>&nbsp;&nbsp;&nbsp;PATCHED_llc_data_ind_handler
<LI><a href="#[39]">&gt;&gt;</a>&nbsp;&nbsp;&nbsp;PATCHED_hci_acl_data_rx_handler
</UL>

<P><STRONG><a name="[ec]"></a>co_buf_rx_buffer_get</STRONG> (Thumb, 0 bytes, Stack size 0 bytes, da14585_symbols.txt(ABSOLUTE))
<BR><BR>[Called By]<UL><LI><a href="#[49]">&gt;&gt;</a>&nbsp;&nbsp;&nbsp;PATCHED_llm_con_req_ind
<LI><a href="#[46]">&gt;&gt;</a>&nbsp;&nbsp;&nbsp;PATCHED_llm_adv_report_set
<LI><a href="#[39]">&gt;&gt;</a>&nbsp;&nbsp;&nbsp;PATCHED_hci_acl_data_rx_handler
</UL>

<P><STRONG><a name="[14b]"></a>co_list_init</STRONG> (Thumb, 0 bytes, Stack size 0 bytes, da14585_symbols.txt(ABSOLUTE))
<BR><BR>[Called By]<UL><LI><a href="#[73]">&gt;&gt;</a>&nbsp;&nbsp;&nbsp;custs1_init
<LI><a href="#[7a]">&gt;&gt;</a>&nbsp;&nbsp;&nbsp;diss_init
</UL>

<P><STRONG><a name="[fe]"></a>co_list_pop_front</STRONG> (Thumb, 0 bytes, Stack size 0 bytes, da14585_symbols.txt(ABSOLUTE))
<BR><BR>[Called By]<UL><LI><a href="#[cb]">&gt;&gt;</a>&nbsp;&nbsp;&nbsp;llm_p256_req_handler_func
<LI><a href="#[74]">&gt;&gt;</a>&nbsp;&nbsp;&nbsp;custs1_destroy
<LI><a href="#[7b]">&gt;&gt;</a>&nbsp;&nbsp;&nbsp;diss_destroy
</UL>

<P><STRONG><a name="[10c]"></a>co_list_push_back</STRONG> (Thumb, 0 bytes, Stack size 0 bytes, da14585_symbols.txt(ABSOLUTE))
<BR><BR>[Called By]<UL><LI><a href="#[146]">&gt;&gt;</a>&nbsp;&nbsp;&nbsp;custs1_set_ccc_value
<LI><a href="#[73]">&gt;&gt;</a>&nbsp;&nbsp;&nbsp;custs1_init
<LI><a href="#[77]">&gt;&gt;</a>&nbsp;&nbsp;&nbsp;diss_set_value_req_handler
<LI><a href="#[39]">&gt;&gt;</a>&nbsp;&nbsp;&nbsp;PATCHED_hci_acl_data_rx_handler
</UL>

<P><STRONG><a name="[14c]"></a>co_list_extract</STRONG> (Thumb, 0 bytes, Stack size 0 bytes, da14585_symbols.txt(ABSOLUTE))
<BR><BR>[Called By]<UL><LI><a href="#[146]">&gt;&gt;</a>&nbsp;&nbsp;&nbsp;custs1_set_ccc_value
<LI><a href="#[73]">&gt;&gt;</a>&nbsp;&nbsp;&nbsp;custs1_init
<LI><a href="#[77]">&gt;&gt;</a>&nbsp;&nbsp;&nbsp;diss_set_value_req_handler
</UL>

<P><STRONG><a name="[cd]"></a>llc_le_length_conn_init_func</STRONG> (Thumb, 0 bytes, Stack size 0 bytes, da14585_symbols.txt(ABSOLUTE), UNUSED)
<BR>[Address Reference Count : 1]<UL><LI> lto-llvm-0469b9.o(.rodata.rom_func_addr_table_var)
</UL>
<P><STRONG><a name="[12c]"></a>llc_start</STRONG> (Thumb, 0 bytes, Stack size 0 bytes, da14585_symbols.txt(ABSOLUTE))
<BR><BR>[Called By]<UL><LI><a href="#[49]">&gt;&gt;</a>&nbsp;&nbsp;&nbsp;PATCHED_llm_con_req_ind
</UL>

<P><STRONG><a name="[120]"></a>llc_common_enc_key_ref_comp_evt_send</STRONG> (Thumb, 0 bytes, Stack size 0 bytes, da14585_symbols.txt(ABSOLUTE))
<BR><BR>[Called By]<UL><LI><a href="#[3d]">&gt;&gt;</a>&nbsp;&nbsp;&nbsp;PATCHED_llc_data_ind_handler
</UL>

<P><STRONG><a name="[121]"></a>llc_common_enc_change_evt_send</STRONG> (Thumb, 0 bytes, Stack size 0 bytes, da14585_symbols.txt(ABSOLUTE))
<BR><BR>[Called By]<UL><LI><a href="#[3d]">&gt;&gt;</a>&nbsp;&nbsp;&nbsp;PATCHED_llc_data_ind_handler
</UL>

<P><STRONG><a name="[116]"></a>llc_map_update_ind</STRONG> (Thumb, 0 bytes, Stack size 0 bytes, da14585_symbols.txt(ABSOLUTE))
<BR><BR>[Called By]<UL><LI><a href="#[48]">&gt;&gt;</a>&nbsp;&nbsp;&nbsp;PATCHED_llc_ch_map_req_ind
</UL>

<P><STRONG><a name="[d0]"></a>llc_pdu_send_func</STRONG> (Thumb, 0 bytes, Stack size 0 bytes, da14585_symbols.txt(ABSOLUTE), UNUSED)
<BR>[Address Reference Count : 1]<UL><LI> lto-llvm-0469b9.o(.rodata.rom_func_addr_table_var)
</UL>
<P><STRONG><a name="[e4]"></a>llc_length_rsp_pdu_send</STRONG> (Thumb, 0 bytes, Stack size 0 bytes, da14585_symbols.txt(ABSOLUTE))
<BR><BR>[Called By]<UL><LI><a href="#[38]">&gt;&gt;</a>&nbsp;&nbsp;&nbsp;PATCHED_llcp_length_req_handler
</UL>

<P><STRONG><a name="[e5]"></a>llc_length_ind</STRONG> (Thumb, 0 bytes, Stack size 0 bytes, da14585_symbols.txt(ABSOLUTE))
<BR><BR>[Called By]<UL><LI><a href="#[3a]">&gt;&gt;</a>&nbsp;&nbsp;&nbsp;PATCHED_llcp_length_rsp_handler
<LI><a href="#[38]">&gt;&gt;</a>&nbsp;&nbsp;&nbsp;PATCHED_llcp_length_req_handler
</UL>

<P><STRONG><a name="[56]"></a>llc_ch_map_req_ind</STRONG> (Thumb, 0 bytes, Stack size 0 bytes, da14585_symbols.txt(ABSOLUTE), UNUSED)
<BR>[Address Reference Count : 1]<UL><LI> patch.o(.constdata)
</UL>
<P><STRONG><a name="[122]"></a>llc_util_get_free_conhdl</STRONG> (Thumb, 0 bytes, Stack size 0 bytes, da14585_symbols.txt(ABSOLUTE))
<BR><BR>[Called By]<UL><LI><a href="#[49]">&gt;&gt;</a>&nbsp;&nbsp;&nbsp;PATCHED_llm_con_req_ind
</UL>

<P><STRONG><a name="[e3]"></a>llc_util_dicon_procedure</STRONG> (Thumb, 0 bytes, Stack size 0 bytes, da14585_symbols.txt(ABSOLUTE))
<BR><BR>[Called By]<UL><LI><a href="#[3a]">&gt;&gt;</a>&nbsp;&nbsp;&nbsp;PATCHED_llcp_length_rsp_handler
<LI><a href="#[38]">&gt;&gt;</a>&nbsp;&nbsp;&nbsp;PATCHED_llcp_length_req_handler
<LI><a href="#[3d]">&gt;&gt;</a>&nbsp;&nbsp;&nbsp;PATCHED_llc_data_ind_handler
</UL>

<P><STRONG><a name="[52]"></a>llc_util_gen_skdx</STRONG> (Thumb, 0 bytes, Stack size 0 bytes, da14585_symbols.txt(ABSOLUTE), UNUSED)
<BR>[Address Reference Count : 1]<UL><LI> patch.o(.constdata)
</UL>
<P><STRONG><a name="[12d]"></a>llc_util_update_channel_map</STRONG> (Thumb, 0 bytes, Stack size 0 bytes, da14585_symbols.txt(ABSOLUTE))
<BR><BR>[Called By]<UL><LI><a href="#[49]">&gt;&gt;</a>&nbsp;&nbsp;&nbsp;PATCHED_llm_con_req_ind
</UL>

<P><STRONG><a name="[11f]"></a>lld_get_mode</STRONG> (Thumb, 0 bytes, Stack size 0 bytes, da14585_symbols.txt(ABSOLUTE))
<BR><BR>[Called By]<UL><LI><a href="#[3d]">&gt;&gt;</a>&nbsp;&nbsp;&nbsp;PATCHED_llc_data_ind_handler
</UL>

<P><STRONG><a name="[12b]"></a>lld_move_to_slave</STRONG> (Thumb, 0 bytes, Stack size 0 bytes, da14585_symbols.txt(ABSOLUTE))
<BR><BR>[Called By]<UL><LI><a href="#[49]">&gt;&gt;</a>&nbsp;&nbsp;&nbsp;PATCHED_llm_con_req_ind
</UL>

<P><STRONG><a name="[115]"></a>lld_ch_map_ind</STRONG> (Thumb, 0 bytes, Stack size 0 bytes, da14585_symbols.txt(ABSOLUTE))
<BR><BR>[Called By]<UL><LI><a href="#[48]">&gt;&gt;</a>&nbsp;&nbsp;&nbsp;PATCHED_llc_ch_map_req_ind
</UL>

<P><STRONG><a name="[174]"></a>lld_crypt_isr</STRONG> (Thumb, 0 bytes, Stack size 0 bytes, da14585_symbols.txt(ABSOLUTE))
<BR><BR>[Called By]<UL><LI><a href="#[7]">&gt;&gt;</a>&nbsp;&nbsp;&nbsp;rwble_isr
</UL>

<P><STRONG><a name="[b1]"></a>lld_test_mode_tx_func</STRONG> (Thumb, 0 bytes, Stack size 0 bytes, da14585_symbols.txt(ABSOLUTE), UNUSED)
<BR>[Address Reference Count : 1]<UL><LI> lto-llvm-0469b9.o(.rodata.rom_func_addr_table_var)
</UL>
<P><STRONG><a name="[b2]"></a>lld_test_mode_rx_func</STRONG> (Thumb, 0 bytes, Stack size 0 bytes, da14585_symbols.txt(ABSOLUTE), UNUSED)
<BR>[Address Reference Count : 1]<UL><LI> lto-llvm-0469b9.o(.rodata.rom_func_addr_table_var)
</UL>
<P><STRONG><a name="[b0]"></a>lld_test_stop_func</STRONG> (Thumb, 0 bytes, Stack size 0 bytes, da14585_symbols.txt(ABSOLUTE), UNUSED)
<BR>[Address Reference Count : 1]<UL><LI> lto-llvm-0469b9.o(.rodata.rom_func_addr_table_var)
</UL>
<P><STRONG><a name="[cf]"></a>lld_data_tx_check_func</STRONG> (Thumb, 0 bytes, Stack size 0 bytes, da14585_symbols.txt(ABSOLUTE), UNUSED)
<BR>[Address Reference Count : 1]<UL><LI> lto-llvm-0469b9.o(.rodata.rom_func_addr_table_var)
</UL>
<P><STRONG><a name="[ce]"></a>lld_data_tx_prog_func</STRONG> (Thumb, 0 bytes, Stack size 0 bytes, da14585_symbols.txt(ABSOLUTE), UNUSED)
<BR>[Address Reference Count : 1]<UL><LI> lto-llvm-0469b9.o(.rodata.rom_func_addr_table_var)
</UL>
<P><STRONG><a name="[ee]"></a>lld_evt_elt_delete</STRONG> (Thumb, 0 bytes, Stack size 0 bytes, da14585_symbols.txt(ABSOLUTE))
<BR><BR>[Called By]<UL><LI><a href="#[45]">&gt;&gt;</a>&nbsp;&nbsp;&nbsp;PATCHED_lld_evt_move_to_master
</UL>

<P><STRONG><a name="[f1]"></a>lld_evt_channel_next</STRONG> (Thumb, 0 bytes, Stack size 0 bytes, da14585_symbols.txt(ABSOLUTE))
<BR><BR>[Called By]<UL><LI><a href="#[45]">&gt;&gt;</a>&nbsp;&nbsp;&nbsp;PATCHED_lld_evt_move_to_master
</UL>

<P><STRONG><a name="[114]"></a>lld_evt_schedule_next</STRONG> (Thumb, 0 bytes, Stack size 0 bytes, da14585_symbols.txt(ABSOLUTE))
<BR><BR>[Called By]<UL><LI><a href="#[48]">&gt;&gt;</a>&nbsp;&nbsp;&nbsp;PATCHED_llc_ch_map_req_ind
</UL>

<P><STRONG><a name="[53]"></a>lld_evt_move_to_master</STRONG> (Thumb, 0 bytes, Stack size 0 bytes, da14585_symbols.txt(ABSOLUTE), UNUSED)
<BR>[Address Reference Count : 1]<UL><LI> patch.o(.constdata)
</UL>
<P><STRONG><a name="[173]"></a>lld_evt_timer_isr</STRONG> (Thumb, 0 bytes, Stack size 0 bytes, da14585_symbols.txt(ABSOLUTE))
<BR><BR>[Called By]<UL><LI><a href="#[7]">&gt;&gt;</a>&nbsp;&nbsp;&nbsp;rwble_isr
</UL>

<P><STRONG><a name="[16f]"></a>lld_evt_end_isr</STRONG> (Thumb, 0 bytes, Stack size 0 bytes, da14585_symbols.txt(ABSOLUTE))
<BR><BR>[Called By]<UL><LI><a href="#[7]">&gt;&gt;</a>&nbsp;&nbsp;&nbsp;rwble_isr
</UL>

<P><STRONG><a name="[171]"></a>lld_evt_rx_isr</STRONG> (Thumb, 0 bytes, Stack size 0 bytes, da14585_symbols.txt(ABSOLUTE))
<BR><BR>[Called By]<UL><LI><a href="#[7]">&gt;&gt;</a>&nbsp;&nbsp;&nbsp;rwble_isr
</UL>

<P><STRONG><a name="[15d]"></a>lld_sleep_us_2_lpcycles_func</STRONG> (Thumb, 0 bytes, Stack size 0 bytes, da14585_symbols.txt(ABSOLUTE))
<BR><BR>[Called By]<UL><LI><a href="#[ae]">&gt;&gt;</a>&nbsp;&nbsp;&nbsp;lld_sleep_us_2_lpcycles_sel_func
</UL>

<P><STRONG><a name="[15b]"></a>lld_sleep_lpcycles_2_us_func</STRONG> (Thumb, 0 bytes, Stack size 0 bytes, da14585_symbols.txt(ABSOLUTE))
<BR><BR>[Called By]<UL><LI><a href="#[ac]">&gt;&gt;</a>&nbsp;&nbsp;&nbsp;lld_sleep_compensate_func
<LI><a href="#[af]">&gt;&gt;</a>&nbsp;&nbsp;&nbsp;lld_sleep_lpcycles_2_us_sel_func
</UL>

<P><STRONG><a name="[16c]"></a>lld_sleep_enter</STRONG> (Thumb, 0 bytes, Stack size 0 bytes, da14585_symbols.txt(ABSOLUTE))
<BR><BR>[Called By]<UL><LI><a href="#[1e]">&gt;&gt;</a>&nbsp;&nbsp;&nbsp;main
</UL>

<P><STRONG><a name="[12e]"></a>llm_wl_from_rl_restore</STRONG> (Thumb, 0 bytes, Stack size 0 bytes, da14585_symbols.txt(ABSOLUTE))
<BR><BR>[Called By]<UL><LI><a href="#[49]">&gt;&gt;</a>&nbsp;&nbsp;&nbsp;PATCHED_llm_con_req_ind
</UL>

<P><STRONG><a name="[57]"></a>llm_con_req_ind</STRONG> (Thumb, 0 bytes, Stack size 0 bytes, da14585_symbols.txt(ABSOLUTE), UNUSED)
<BR>[Address Reference Count : 1]<UL><LI> patch.o(.constdata)
</UL>
<P><STRONG><a name="[54]"></a>llm_adv_report_set</STRONG> (Thumb, 0 bytes, Stack size 0 bytes, da14585_symbols.txt(ABSOLUTE), UNUSED)
<BR>[Address Reference Count : 1]<UL><LI> patch.o(.constdata)
</UL>
<P><STRONG><a name="[c7]"></a>llm_le_adv_report_ind_func</STRONG> (Thumb, 0 bytes, Stack size 0 bytes, da14585_symbols.txt(ABSOLUTE), UNUSED)
<BR>[Address Reference Count : 1]<UL><LI> lto-llvm-0469b9.o(.rodata.rom_func_addr_table_var)
</UL>
<P><STRONG><a name="[a5]"></a>llm_encryption_done_func</STRONG> (Thumb, 0 bytes, Stack size 0 bytes, da14585_symbols.txt(ABSOLUTE), UNUSED)
<BR>[Address Reference Count : 1]<UL><LI> lto-llvm-0469b9.o(.rodata.rom_func_addr_table_var)
</UL>
<P><STRONG><a name="[c9]"></a>llm_p256_start_func</STRONG> (Thumb, 0 bytes, Stack size 0 bytes, da14585_symbols.txt(ABSOLUTE), UNUSED)
<BR><BR>[Called By]<UL><LI><a href="#[135]">&gt;&gt;</a>&nbsp;&nbsp;&nbsp;JT_llm_p256_start_func
</UL>
<BR>[Address Reference Count : 1]<UL><LI> lto-llvm-0469b9.o(.rodata.rom_func_addr_table_var)
</UL>
<P><STRONG><a name="[127]"></a>llm_wlpub_addr_set</STRONG> (Thumb, 0 bytes, Stack size 0 bytes, da14585_symbols.txt(ABSOLUTE))
<BR><BR>[Called By]<UL><LI><a href="#[49]">&gt;&gt;</a>&nbsp;&nbsp;&nbsp;PATCHED_llm_con_req_ind
</UL>

<P><STRONG><a name="[128]"></a>llm_wlpriv_addr_set</STRONG> (Thumb, 0 bytes, Stack size 0 bytes, da14585_symbols.txt(ABSOLUTE))
<BR><BR>[Called By]<UL><LI><a href="#[49]">&gt;&gt;</a>&nbsp;&nbsp;&nbsp;PATCHED_llm_con_req_ind
</UL>

<P><STRONG><a name="[bd]"></a>hci_rd_local_supp_feats_cmd_handler_func</STRONG> (Thumb, 0 bytes, Stack size 0 bytes, da14585_symbols.txt(ABSOLUTE), UNUSED)
<BR>[Address Reference Count : 1]<UL><LI> lto-llvm-0469b9.o(.rodata.rom_func_addr_table_var)
</UL>
<P><STRONG><a name="[126]"></a>llm_util_bd_addr_in_wl</STRONG> (Thumb, 0 bytes, Stack size 0 bytes, da14585_symbols.txt(ABSOLUTE))
<BR><BR>[Called By]<UL><LI><a href="#[49]">&gt;&gt;</a>&nbsp;&nbsp;&nbsp;PATCHED_llm_con_req_ind
</UL>

<P><STRONG><a name="[fa]"></a>llm_util_check_evt_mask</STRONG> (Thumb, 0 bytes, Stack size 0 bytes, da14585_symbols.txt(ABSOLUTE))
<BR><BR>[Called By]<UL><LI><a href="#[cb]">&gt;&gt;</a>&nbsp;&nbsp;&nbsp;llm_p256_req_handler_func
</UL>

<P><STRONG><a name="[129]"></a>llm_util_bl_check</STRONG> (Thumb, 0 bytes, Stack size 0 bytes, da14585_symbols.txt(ABSOLUTE))
<BR><BR>[Called By]<UL><LI><a href="#[49]">&gt;&gt;</a>&nbsp;&nbsp;&nbsp;PATCHED_llm_con_req_ind
</UL>

<P><STRONG><a name="[12a]"></a>llm_util_bl_add</STRONG> (Thumb, 0 bytes, Stack size 0 bytes, da14585_symbols.txt(ABSOLUTE))
<BR><BR>[Called By]<UL><LI><a href="#[49]">&gt;&gt;</a>&nbsp;&nbsp;&nbsp;PATCHED_llm_con_req_ind
</UL>

<P><STRONG><a name="[123]"></a>llm_util_rl_check</STRONG> (Thumb, 0 bytes, Stack size 0 bytes, da14585_symbols.txt(ABSOLUTE))
<BR><BR>[Called By]<UL><LI><a href="#[49]">&gt;&gt;</a>&nbsp;&nbsp;&nbsp;PATCHED_llm_con_req_ind
</UL>

<P><STRONG><a name="[124]"></a>llm_util_rl_peer_find</STRONG> (Thumb, 0 bytes, Stack size 0 bytes, da14585_symbols.txt(ABSOLUTE))
<BR><BR>[Called By]<UL><LI><a href="#[49]">&gt;&gt;</a>&nbsp;&nbsp;&nbsp;PATCHED_llm_con_req_ind
</UL>

<P><STRONG><a name="[125]"></a>llm_util_rl_peer_resolv</STRONG> (Thumb, 0 bytes, Stack size 0 bytes, da14585_symbols.txt(ABSOLUTE))
<BR><BR>[Called By]<UL><LI><a href="#[49]">&gt;&gt;</a>&nbsp;&nbsp;&nbsp;PATCHED_llm_con_req_ind
</UL>

<P><STRONG><a name="[ef]"></a>ea_time_get_halfslot_rounded</STRONG> (Thumb, 0 bytes, Stack size 0 bytes, da14585_symbols.txt(ABSOLUTE))
<BR><BR>[Called By]<UL><LI><a href="#[45]">&gt;&gt;</a>&nbsp;&nbsp;&nbsp;PATCHED_lld_evt_move_to_master
</UL>

<P><STRONG><a name="[ed]"></a>ea_interval_create</STRONG> (Thumb, 0 bytes, Stack size 0 bytes, da14585_symbols.txt(ABSOLUTE))
<BR><BR>[Called By]<UL><LI><a href="#[45]">&gt;&gt;</a>&nbsp;&nbsp;&nbsp;PATCHED_lld_evt_move_to_master
</UL>

<P><STRONG><a name="[f2]"></a>ea_interval_insert</STRONG> (Thumb, 0 bytes, Stack size 0 bytes, da14585_symbols.txt(ABSOLUTE))
<BR><BR>[Called By]<UL><LI><a href="#[45]">&gt;&gt;</a>&nbsp;&nbsp;&nbsp;PATCHED_lld_evt_move_to_master
</UL>

<P><STRONG><a name="[170]"></a>ea_finetimer_isr</STRONG> (Thumb, 0 bytes, Stack size 0 bytes, da14585_symbols.txt(ABSOLUTE))
<BR><BR>[Called By]<UL><LI><a href="#[7]">&gt;&gt;</a>&nbsp;&nbsp;&nbsp;rwble_isr
</UL>

<P><STRONG><a name="[172]"></a>ea_sw_isr</STRONG> (Thumb, 0 bytes, Stack size 0 bytes, da14585_symbols.txt(ABSOLUTE))
<BR><BR>[Called By]<UL><LI><a href="#[7]">&gt;&gt;</a>&nbsp;&nbsp;&nbsp;rwble_isr
</UL>

<P><STRONG><a name="[167]"></a>ea_sleep_check</STRONG> (Thumb, 0 bytes, Stack size 0 bytes, da14585_symbols.txt(ABSOLUTE))
<BR><BR>[Called By]<UL><LI><a href="#[1e]">&gt;&gt;</a>&nbsp;&nbsp;&nbsp;main
</UL>

<P><STRONG><a name="[8d]"></a>uart_init_func</STRONG> (Thumb, 0 bytes, Stack size 0 bytes, da14585_symbols.txt(ABSOLUTE), UNUSED)
<BR>[Address Reference Count : 1]<UL><LI> lto-llvm-0469b9.o(.rodata.rom_func_addr_table_var)
</UL>
<P><STRONG><a name="[8e]"></a>uart_flow_on_func</STRONG> (Thumb, 0 bytes, Stack size 0 bytes, da14585_symbols.txt(ABSOLUTE), UNUSED)
<BR>[Address Reference Count : 1]<UL><LI> lto-llvm-0469b9.o(.rodata.rom_func_addr_table_var)
</UL>
<P><STRONG><a name="[8f]"></a>uart_flow_off_func</STRONG> (Thumb, 0 bytes, Stack size 0 bytes, da14585_symbols.txt(ABSOLUTE), UNUSED)
<BR>[Address Reference Count : 1]<UL><LI> lto-llvm-0469b9.o(.rodata.rom_func_addr_table_var)
</UL>
<P><STRONG><a name="[90]"></a>uart_finish_transfers_func</STRONG> (Thumb, 0 bytes, Stack size 0 bytes, da14585_symbols.txt(ABSOLUTE), UNUSED)
<BR>[Address Reference Count : 1]<UL><LI> lto-llvm-0469b9.o(.rodata.rom_func_addr_table_var)
</UL>
<P><STRONG><a name="[91]"></a>uart_read_func</STRONG> (Thumb, 0 bytes, Stack size 0 bytes, da14585_symbols.txt(ABSOLUTE), UNUSED)
<BR>[Address Reference Count : 1]<UL><LI> lto-llvm-0469b9.o(.rodata.rom_func_addr_table_var)
</UL>
<P><STRONG><a name="[92]"></a>uart_write_func</STRONG> (Thumb, 0 bytes, Stack size 0 bytes, da14585_symbols.txt(ABSOLUTE), UNUSED)
<BR>[Address Reference Count : 1]<UL><LI> lto-llvm-0469b9.o(.rodata.rom_func_addr_table_var)
</UL>
<P><STRONG><a name="[93]"></a>UART_Handler_func</STRONG> (Thumb, 0 bytes, Stack size 0 bytes, da14585_symbols.txt(ABSOLUTE), UNUSED)
<BR>[Address Reference Count : 1]<UL><LI> lto-llvm-0469b9.o(.rodata.rom_func_addr_table_var)
</UL>
<P><STRONG><a name="[d4]"></a>modulationGainCalibration_func</STRONG> (Thumb, 0 bytes, Stack size 0 bytes, da14585_symbols.txt(ABSOLUTE), UNUSED)
<BR>[Address Reference Count : 1]<UL><LI> lto-llvm-0469b9.o(.rodata.rom_func_addr_table_var)
</UL>
<P><STRONG><a name="[d5]"></a>DCoffsetCalibration_func</STRONG> (Thumb, 0 bytes, Stack size 0 bytes, da14585_symbols.txt(ABSOLUTE), UNUSED)
<BR>[Address Reference Count : 1]<UL><LI> lto-llvm-0469b9.o(.rodata.rom_func_addr_table_var)
</UL>
<P><STRONG><a name="[d6]"></a>PllLF_IFF_MIX_CapCalibration_func</STRONG> (Thumb, 0 bytes, Stack size 0 bytes, da14585_symbols.txt(ABSOLUTE), UNUSED)
<BR>[Address Reference Count : 1]<UL><LI> lto-llvm-0469b9.o(.rodata.rom_func_addr_table_var)
</UL>
<P><STRONG><a name="[94]"></a>gtl_init_func</STRONG> (Thumb, 0 bytes, Stack size 0 bytes, da14585_symbols.txt(ABSOLUTE), UNUSED)
<BR>[Address Reference Count : 1]<UL><LI> lto-llvm-0469b9.o(.rodata.rom_func_addr_table_var)
</UL>
<P><STRONG><a name="[96]"></a>gtl_eif_read_start_func</STRONG> (Thumb, 0 bytes, Stack size 0 bytes, da14585_symbols.txt(ABSOLUTE), UNUSED)
<BR>[Address Reference Count : 1]<UL><LI> lto-llvm-0469b9.o(.rodata.rom_func_addr_table_var)
</UL>
<P><STRONG><a name="[97]"></a>gtl_eif_read_hdr_func</STRONG> (Thumb, 0 bytes, Stack size 0 bytes, da14585_symbols.txt(ABSOLUTE), UNUSED)
<BR>[Address Reference Count : 1]<UL><LI> lto-llvm-0469b9.o(.rodata.rom_func_addr_table_var)
</UL>
<P><STRONG><a name="[98]"></a>gtl_eif_read_payl_func</STRONG> (Thumb, 0 bytes, Stack size 0 bytes, da14585_symbols.txt(ABSOLUTE), UNUSED)
<BR>[Address Reference Count : 1]<UL><LI> lto-llvm-0469b9.o(.rodata.rom_func_addr_table_var)
</UL>
<P><STRONG><a name="[99]"></a>gtl_eif_tx_done_func</STRONG> (Thumb, 0 bytes, Stack size 0 bytes, da14585_symbols.txt(ABSOLUTE), UNUSED)
<BR>[Address Reference Count : 1]<UL><LI> lto-llvm-0469b9.o(.rodata.rom_func_addr_table_var)
</UL>
<P><STRONG><a name="[9a]"></a>gtl_eif_rx_done_func</STRONG> (Thumb, 0 bytes, Stack size 0 bytes, da14585_symbols.txt(ABSOLUTE), UNUSED)
<BR>[Address Reference Count : 1]<UL><LI> lto-llvm-0469b9.o(.rodata.rom_func_addr_table_var)
</UL>
<P><STRONG><a name="[95]"></a>gtl_eif_init_func</STRONG> (Thumb, 0 bytes, Stack size 0 bytes, da14585_symbols.txt(ABSOLUTE), UNUSED)
<BR>[Address Reference Count : 1]<UL><LI> lto-llvm-0469b9.o(.rodata.rom_func_addr_table_var)
</UL>
<P><STRONG><a name="[fc]"></a>hci_send_2_host</STRONG> (Thumb, 0 bytes, Stack size 0 bytes, da14585_symbols.txt(ABSOLUTE))
<BR><BR>[Called By]<UL><LI><a href="#[cb]">&gt;&gt;</a>&nbsp;&nbsp;&nbsp;llm_p256_req_handler_func
<LI><a href="#[3c]">&gt;&gt;</a>&nbsp;&nbsp;&nbsp;PATCHED_hci_command_handler
<LI><a href="#[3d]">&gt;&gt;</a>&nbsp;&nbsp;&nbsp;PATCHED_llc_data_ind_handler
</UL>

<P><STRONG><a name="[9c]"></a>h4tl_read_start_func</STRONG> (Thumb, 0 bytes, Stack size 0 bytes, da14585_symbols.txt(ABSOLUTE), UNUSED)
<BR>[Address Reference Count : 1]<UL><LI> lto-llvm-0469b9.o(.rodata.rom_func_addr_table_var)
</UL>
<P><STRONG><a name="[9d]"></a>h4tl_read_hdr_func</STRONG> (Thumb, 0 bytes, Stack size 0 bytes, da14585_symbols.txt(ABSOLUTE), UNUSED)
<BR>[Address Reference Count : 1]<UL><LI> lto-llvm-0469b9.o(.rodata.rom_func_addr_table_var)
</UL>
<P><STRONG><a name="[9e]"></a>h4tl_read_payl_func</STRONG> (Thumb, 0 bytes, Stack size 0 bytes, da14585_symbols.txt(ABSOLUTE), UNUSED)
<BR>[Address Reference Count : 1]<UL><LI> lto-llvm-0469b9.o(.rodata.rom_func_addr_table_var)
</UL>
<P><STRONG><a name="[9f]"></a>h4tl_read_next_out_of_sync_func</STRONG> (Thumb, 0 bytes, Stack size 0 bytes, da14585_symbols.txt(ABSOLUTE), UNUSED)
<BR>[Address Reference Count : 1]<UL><LI> lto-llvm-0469b9.o(.rodata.rom_func_addr_table_var)
</UL>
<P><STRONG><a name="[a0]"></a>h4tl_out_of_sync_func</STRONG> (Thumb, 0 bytes, Stack size 0 bytes, da14585_symbols.txt(ABSOLUTE), UNUSED)
<BR>[Address Reference Count : 1]<UL><LI> lto-llvm-0469b9.o(.rodata.rom_func_addr_table_var)
</UL>
<P><STRONG><a name="[a1]"></a>h4tl_tx_done_func</STRONG> (Thumb, 0 bytes, Stack size 0 bytes, da14585_symbols.txt(ABSOLUTE), UNUSED)
<BR>[Address Reference Count : 1]<UL><LI> lto-llvm-0469b9.o(.rodata.rom_func_addr_table_var)
</UL>
<P><STRONG><a name="[a2]"></a>h4tl_rx_done_func</STRONG> (Thumb, 0 bytes, Stack size 0 bytes, da14585_symbols.txt(ABSOLUTE), UNUSED)
<BR>[Address Reference Count : 1]<UL><LI> lto-llvm-0469b9.o(.rodata.rom_func_addr_table_var)
</UL>
<P><STRONG><a name="[9b]"></a>h4tl_init_func</STRONG> (Thumb, 0 bytes, Stack size 0 bytes, da14585_symbols.txt(ABSOLUTE), UNUSED)
<BR>[Address Reference Count : 1]<UL><LI> lto-llvm-0469b9.o(.rodata.rom_func_addr_table_var)
</UL>
<P><STRONG><a name="[c5]"></a>attc_l2cc_pdu_recv_handler_func</STRONG> (Thumb, 0 bytes, Stack size 0 bytes, da14585_symbols.txt(ABSOLUTE), UNUSED)
<BR>[Address Reference Count : 1]<UL><LI> lto-llvm-0469b9.o(.rodata.rom_func_addr_table_var)
</UL>
<P><STRONG><a name="[149]"></a>attmdb_add_service</STRONG> (Thumb, 0 bytes, Stack size 0 bytes, da14585_symbols.txt(ABSOLUTE))
<BR><BR>[Called By]<UL><LI><a href="#[73]">&gt;&gt;</a>&nbsp;&nbsp;&nbsp;custs1_init
</UL>

<P><STRONG><a name="[14d]"></a>attmdb_get_service</STRONG> (Thumb, 0 bytes, Stack size 0 bytes, da14585_symbols.txt(ABSOLUTE))
<BR><BR>[Called By]<UL><LI><a href="#[6b]">&gt;&gt;</a>&nbsp;&nbsp;&nbsp;gattc_write_req_ind_handler
<LI><a href="#[70]">&gt;&gt;</a>&nbsp;&nbsp;&nbsp;custs1_val_ind_req_handler
<LI><a href="#[6e]">&gt;&gt;</a>&nbsp;&nbsp;&nbsp;custs1_val_ntf_req_handler
</UL>

<P><STRONG><a name="[14e]"></a>attmdb_get_attribute</STRONG> (Thumb, 0 bytes, Stack size 0 bytes, da14585_symbols.txt(ABSOLUTE))
<BR><BR>[Called By]<UL><LI><a href="#[6b]">&gt;&gt;</a>&nbsp;&nbsp;&nbsp;gattc_write_req_ind_handler
<LI><a href="#[70]">&gt;&gt;</a>&nbsp;&nbsp;&nbsp;custs1_val_ind_req_handler
<LI><a href="#[6e]">&gt;&gt;</a>&nbsp;&nbsp;&nbsp;custs1_val_ntf_req_handler
</UL>

<P><STRONG><a name="[14a]"></a>attmdb_att_set_value</STRONG> (Thumb, 0 bytes, Stack size 0 bytes, da14585_symbols.txt(ABSOLUTE))
<BR><BR>[Called By]<UL><LI><a href="#[6b]">&gt;&gt;</a>&nbsp;&nbsp;&nbsp;gattc_write_req_ind_handler
<LI><a href="#[73]">&gt;&gt;</a>&nbsp;&nbsp;&nbsp;custs1_init
<LI><a href="#[86]">&gt;&gt;</a>&nbsp;&nbsp;&nbsp;hogpd_init
<LI><a href="#[6f]">&gt;&gt;</a>&nbsp;&nbsp;&nbsp;custs1_val_set_req_handler
</UL>

<P><STRONG><a name="[14f]"></a>attmdb_get_uuid</STRONG> (Thumb, 0 bytes, Stack size 0 bytes, da14585_symbols.txt(ABSOLUTE))
<BR><BR>[Called By]<UL><LI><a href="#[6b]">&gt;&gt;</a>&nbsp;&nbsp;&nbsp;gattc_write_req_ind_handler
<LI><a href="#[70]">&gt;&gt;</a>&nbsp;&nbsp;&nbsp;custs1_val_ind_req_handler
<LI><a href="#[6e]">&gt;&gt;</a>&nbsp;&nbsp;&nbsp;custs1_val_ntf_req_handler
</UL>

<P><STRONG><a name="[157]"></a>attmdb_att_get_permission</STRONG> (Thumb, 0 bytes, Stack size 0 bytes, da14585_symbols.txt(ABSOLUTE))
<BR><BR>[Called By]<UL><LI><a href="#[6b]">&gt;&gt;</a>&nbsp;&nbsp;&nbsp;gattc_write_req_ind_handler
</UL>

<P><STRONG><a name="[152]"></a>attm_svc_create_db</STRONG> (Thumb, 0 bytes, Stack size 0 bytes, da14585_symbols.txt(ABSOLUTE))
<BR><BR>[Called By]<UL><LI><a href="#[7a]">&gt;&gt;</a>&nbsp;&nbsp;&nbsp;diss_init
<LI><a href="#[86]">&gt;&gt;</a>&nbsp;&nbsp;&nbsp;hogpd_init
</UL>

<P><STRONG><a name="[159]"></a>attmdb_reserve_handle_range</STRONG> (Thumb, 0 bytes, Stack size 0 bytes, da14585_symbols.txt(ABSOLUTE))
<BR><BR>[Called By]<UL><LI><a href="#[86]">&gt;&gt;</a>&nbsp;&nbsp;&nbsp;hogpd_init
</UL>

<P><STRONG><a name="[4c]"></a>atts_mtu_exc_req</STRONG> (Thumb, 0 bytes, Stack size 0 bytes, da14585_symbols.txt(ABSOLUTE), UNUSED)
<BR>[Address Reference Count : 1]<UL><LI> patch.o(.constdata)
</UL>
<P><STRONG><a name="[c4]"></a>atts_l2cc_pdu_recv_handler_func</STRONG> (Thumb, 0 bytes, Stack size 0 bytes, da14585_symbols.txt(ABSOLUTE), UNUSED)
<BR>[Address Reference Count : 1]<UL><LI> lto-llvm-0469b9.o(.rodata.rom_func_addr_table_var)
</UL>
<P><STRONG><a name="[de]"></a>atts_allocate_pdu</STRONG> (Thumb, 0 bytes, Stack size 0 bytes, da14585_symbols.txt(ABSOLUTE))
<BR><BR>[Called By]<UL><LI><a href="#[3e]">&gt;&gt;</a>&nbsp;&nbsp;&nbsp;PATCHED_atts_mtu_exc_req
</UL>

<P><STRONG><a name="[e0]"></a>atts_send_pdu</STRONG> (Thumb, 0 bytes, Stack size 0 bytes, da14585_symbols.txt(ABSOLUTE))
<BR><BR>[Called By]<UL><LI><a href="#[3e]">&gt;&gt;</a>&nbsp;&nbsp;&nbsp;PATCHED_atts_mtu_exc_req
</UL>

<P><STRONG><a name="[e1]"></a>gattc_set_mtu</STRONG> (Thumb, 0 bytes, Stack size 0 bytes, da14585_symbols.txt(ABSOLUTE))
<BR><BR>[Called By]<UL><LI><a href="#[3e]">&gt;&gt;</a>&nbsp;&nbsp;&nbsp;PATCHED_atts_mtu_exc_req
</UL>

<P><STRONG><a name="[df]"></a>gattm_get_max_mtu</STRONG> (Thumb, 0 bytes, Stack size 0 bytes, da14585_symbols.txt(ABSOLUTE))
<BR><BR>[Called By]<UL><LI><a href="#[3e]">&gt;&gt;</a>&nbsp;&nbsp;&nbsp;PATCHED_atts_mtu_exc_req
<LI><a href="#[39]">&gt;&gt;</a>&nbsp;&nbsp;&nbsp;PATCHED_hci_acl_data_rx_handler
</UL>

<P><STRONG><a name="[4f]"></a>smpc_check_key_distrib</STRONG> (Thumb, 0 bytes, Stack size 0 bytes, da14585_symbols.txt(ABSOLUTE), UNUSED)
<BR>[Address Reference Count : 1]<UL><LI> patch.o(.constdata)
</UL>
<P><STRONG><a name="[11a]"></a>smpc_generate_e1</STRONG> (Thumb, 0 bytes, Stack size 0 bytes, da14585_symbols.txt(ABSOLUTE))
<BR><BR>[Called By]<UL><LI><a href="#[4a]">&gt;&gt;</a>&nbsp;&nbsp;&nbsp;PATCHED_smpc_recv_pair_rand_pdu
</UL>

<P><STRONG><a name="[11c]"></a>smpc_pairing_end</STRONG> (Thumb, 0 bytes, Stack size 0 bytes, da14585_symbols.txt(ABSOLUTE))
<BR><BR>[Called By]<UL><LI><a href="#[3f]">&gt;&gt;</a>&nbsp;&nbsp;&nbsp;PATCHED_smpc_dhkey_calc_start
<LI><a href="#[4b]">&gt;&gt;</a>&nbsp;&nbsp;&nbsp;PATCHED_smpc_recv_public_key_exchange_pdu
<LI><a href="#[4a]">&gt;&gt;</a>&nbsp;&nbsp;&nbsp;PATCHED_smpc_recv_pair_rand_pdu
</UL>

<P><STRONG><a name="[11b]"></a>smpc_pdu_send</STRONG> (Thumb, 0 bytes, Stack size 0 bytes, da14585_symbols.txt(ABSOLUTE))
<BR><BR>[Called By]<UL><LI><a href="#[3f]">&gt;&gt;</a>&nbsp;&nbsp;&nbsp;PATCHED_smpc_dhkey_calc_start
<LI><a href="#[4b]">&gt;&gt;</a>&nbsp;&nbsp;&nbsp;PATCHED_smpc_recv_public_key_exchange_pdu
<LI><a href="#[4a]">&gt;&gt;</a>&nbsp;&nbsp;&nbsp;PATCHED_smpc_recv_pair_rand_pdu
</UL>

<P><STRONG><a name="[4e]"></a>smpc_is_sec_mode_reached</STRONG> (Thumb, 0 bytes, Stack size 0 bytes, da14585_symbols.txt(ABSOLUTE), UNUSED)
<BR>[Address Reference Count : 1]<UL><LI> patch.o(.constdata)
</UL>
<P><STRONG><a name="[b4]"></a>smpc_pdu_recv_func</STRONG> (Thumb, 0 bytes, Stack size 0 bytes, da14585_symbols.txt(ABSOLUTE), UNUSED)
<BR>[Address Reference Count : 1]<UL><LI> lto-llvm-0469b9.o(.rodata.rom_func_addr_table_var)
</UL>
<P><STRONG><a name="[117]"></a>smpc_generate_f4</STRONG> (Thumb, 0 bytes, Stack size 0 bytes, da14585_symbols.txt(ABSOLUTE))
<BR><BR>[Called By]<UL><LI><a href="#[4a]">&gt;&gt;</a>&nbsp;&nbsp;&nbsp;PATCHED_smpc_recv_pair_rand_pdu
</UL>

<P><STRONG><a name="[11d]"></a>smpc_generate_g2</STRONG> (Thumb, 0 bytes, Stack size 0 bytes, da14585_symbols.txt(ABSOLUTE))
<BR><BR>[Called By]<UL><LI><a href="#[4a]">&gt;&gt;</a>&nbsp;&nbsp;&nbsp;PATCHED_smpc_recv_pair_rand_pdu
</UL>

<P><STRONG><a name="[11e]"></a>smpc_generate_f5</STRONG> (Thumb, 0 bytes, Stack size 0 bytes, da14585_symbols.txt(ABSOLUTE))
<BR><BR>[Called By]<UL><LI><a href="#[4a]">&gt;&gt;</a>&nbsp;&nbsp;&nbsp;PATCHED_smpc_recv_pair_rand_pdu
</UL>

<P><STRONG><a name="[158]"></a>gapc_get_conhdl</STRONG> (Thumb, 0 bytes, Stack size 0 bytes, da14585_symbols.txt(ABSOLUTE))
<BR><BR>[Called By]<UL><LI><a href="#[7f]">&gt;&gt;</a>&nbsp;&nbsp;&nbsp;hogpd_report_upd_req_handler
<LI><a href="#[7e]">&gt;&gt;</a>&nbsp;&nbsp;&nbsp;hogpd_enable_req_handler
</UL>

<P><STRONG><a name="[119]"></a>gapc_get_role</STRONG> (Thumb, 0 bytes, Stack size 0 bytes, da14585_symbols.txt(ABSOLUTE))
<BR><BR>[Called By]<UL><LI><a href="#[3f]">&gt;&gt;</a>&nbsp;&nbsp;&nbsp;PATCHED_smpc_dhkey_calc_start
<LI><a href="#[4b]">&gt;&gt;</a>&nbsp;&nbsp;&nbsp;PATCHED_smpc_recv_public_key_exchange_pdu
<LI><a href="#[4a]">&gt;&gt;</a>&nbsp;&nbsp;&nbsp;PATCHED_smpc_recv_pair_rand_pdu
</UL>

<P><STRONG><a name="[108]"></a>gapc_search_lecb_channel</STRONG> (Thumb, 0 bytes, Stack size 0 bytes, da14585_symbols.txt(ABSOLUTE))
<BR><BR>[Called By]<UL><LI><a href="#[39]">&gt;&gt;</a>&nbsp;&nbsp;&nbsp;PATCHED_hci_acl_data_rx_handler
<LI><a href="#[106]">&gt;&gt;</a>&nbsp;&nbsp;&nbsp;l2cc_handle_invalid_pdu
</UL>

<P><STRONG><a name="[111]"></a>gapc_lecnx_check_rx</STRONG> (Thumb, 0 bytes, Stack size 0 bytes, da14585_symbols.txt(ABSOLUTE))
<BR><BR>[Called By]<UL><LI><a href="#[bf]">&gt;&gt;</a>&nbsp;&nbsp;&nbsp;JT_l2cc_pdu_unpack_func
</UL>

<P><STRONG><a name="[112]"></a>l2cc_pdu_recv_ind_handler_func</STRONG> (Thumb, 0 bytes, Stack size 0 bytes, da14585_symbols.txt(ABSOLUTE))
<BR><BR>[Called By]<UL><LI><a href="#[c2]">&gt;&gt;</a>&nbsp;&nbsp;&nbsp;JT_l2cc_pdu_recv_ind_handler_func
</UL>

<P><STRONG><a name="[c3]"></a>gapc_lecb_connect_cfm_handler_func</STRONG> (Thumb, 0 bytes, Stack size 0 bytes, da14585_symbols.txt(ABSOLUTE), UNUSED)
<BR>[Address Reference Count : 1]<UL><LI> lto-llvm-0469b9.o(.rodata.rom_func_addr_table_var)
</UL>
<P><STRONG><a name="[101]"></a>gapm_send_error_evt</STRONG> (Thumb, 0 bytes, Stack size 0 bytes, da14585_symbols.txt(ABSOLUTE))
<BR><BR>[Called By]<UL><LI><a href="#[3b]">&gt;&gt;</a>&nbsp;&nbsp;&nbsp;PATCHED_gapm_reset_cmd_handler
</UL>

<P><STRONG><a name="[55]"></a>gapm_adv_sanity</STRONG> (Thumb, 0 bytes, Stack size 0 bytes, da14585_symbols.txt(ABSOLUTE), UNUSED)
<BR>[Address Reference Count : 1]<UL><LI> patch.o(.constdata)
</UL>
<P><STRONG><a name="[103]"></a>gapm_basic_hci_cmd_send</STRONG> (Thumb, 0 bytes, Stack size 0 bytes, da14585_symbols.txt(ABSOLUTE))
<BR><BR>[Called By]<UL><LI><a href="#[3b]">&gt;&gt;</a>&nbsp;&nbsp;&nbsp;PATCHED_gapm_reset_cmd_handler
</UL>

<P><STRONG><a name="[51]"></a>gapm_get_ad_type_flag</STRONG> (Thumb, 0 bytes, Stack size 0 bytes, da14585_symbols.txt(ABSOLUTE), UNUSED)
<BR>[Address Reference Count : 1]<UL><LI> patch.o(.constdata)
</UL>
<P><STRONG><a name="[e8]"></a>gapm_get_bdaddr</STRONG> (Thumb, 0 bytes, Stack size 0 bytes, da14585_symbols.txt(ABSOLUTE))
<BR><BR>[Called By]<UL><LI><a href="#[42]">&gt;&gt;</a>&nbsp;&nbsp;&nbsp;PATCHED_smpc_construct_id_addr_info_pdu
</UL>

<P><STRONG><a name="[be]"></a>l2cc_pdu_pack_func</STRONG> (Thumb, 0 bytes, Stack size 0 bytes, da14585_symbols.txt(ABSOLUTE), UNUSED)
<BR>[Address Reference Count : 1]<UL><LI> lto-llvm-0469b9.o(.rodata.rom_func_addr_table_var)
</UL>
<P><STRONG><a name="[107]"></a>l2cc_detect_dest</STRONG> (Thumb, 0 bytes, Stack size 0 bytes, da14585_symbols.txt(ABSOLUTE))
<BR><BR>[Called By]<UL><LI><a href="#[39]">&gt;&gt;</a>&nbsp;&nbsp;&nbsp;PATCHED_hci_acl_data_rx_handler
<LI><a href="#[106]">&gt;&gt;</a>&nbsp;&nbsp;&nbsp;l2cc_handle_invalid_pdu
</UL>

<P><STRONG><a name="[c1]"></a>l2c_process_sdu_func</STRONG> (Thumb, 0 bytes, Stack size 0 bytes, da14585_symbols.txt(ABSOLUTE), UNUSED)
<BR>[Address Reference Count : 1]<UL><LI> lto-llvm-0469b9.o(.rodata.rom_func_addr_table_var)
</UL>
<P><STRONG><a name="[c0]"></a>l2c_send_lecb_message_func</STRONG> (Thumb, 0 bytes, Stack size 0 bytes, da14585_symbols.txt(ABSOLUTE), UNUSED)
<BR>[Address Reference Count : 1]<UL><LI> lto-llvm-0469b9.o(.rodata.rom_func_addr_table_var)
</UL>
<P><STRONG><a name="[b3]"></a>smpc_check_param_func</STRONG> (Thumb, 0 bytes, Stack size 0 bytes, da14585_symbols.txt(ABSOLUTE), UNUSED)
<BR>[Address Reference Count : 1]<UL><LI> lto-llvm-0469b9.o(.rodata.rom_func_addr_table_var)
</UL>
<P><STRONG><a name="[50]"></a>smpc_construct_id_addr_info_pdu</STRONG> (Thumb, 0 bytes, Stack size 0 bytes, da14585_symbols.txt(ABSOLUTE), UNUSED)
<BR>[Address Reference Count : 1]<UL><LI> patch.o(.constdata)
</UL>
<P><STRONG><a name="[58]"></a>smpc_recv_pair_rand_pdu</STRONG> (Thumb, 0 bytes, Stack size 0 bytes, da14585_symbols.txt(ABSOLUTE), UNUSED)
<BR>[Address Reference Count : 1]<UL><LI> patch.o(.constdata)
</UL>
<P><STRONG><a name="[59]"></a>smpc_recv_public_key_exchange_pdu</STRONG> (Thumb, 0 bytes, Stack size 0 bytes, da14585_symbols.txt(ABSOLUTE), UNUSED)
<BR>[Address Reference Count : 1]<UL><LI> patch.o(.constdata)
</UL>
<P><STRONG><a name="[d7]"></a>smpc_public_key_exchange_start_func</STRONG> (Thumb, 0 bytes, Stack size 0 bytes, da14585_symbols.txt(ABSOLUTE), UNUSED)
<BR>[Address Reference Count : 1]<UL><LI> lto-llvm-0469b9.o(.rodata.rom_func_addr_table_var)
</UL>
<P><STRONG><a name="[4d]"></a>smpc_dhkey_calc_start</STRONG> (Thumb, 0 bytes, Stack size 0 bytes, da14585_symbols.txt(ABSOLUTE))
<BR><BR>[Called By]<UL><LI><a href="#[4b]">&gt;&gt;</a>&nbsp;&nbsp;&nbsp;PATCHED_smpc_recv_public_key_exchange_pdu
</UL>
<BR>[Address Reference Count : 1]<UL><LI> patch.o(.constdata)
</UL>
<P><STRONG><a name="[d8]"></a>smpc_dhkey_calc_ind_func</STRONG> (Thumb, 0 bytes, Stack size 0 bytes, da14585_symbols.txt(ABSOLUTE), UNUSED)
<BR>[Address Reference Count : 1]<UL><LI> lto-llvm-0469b9.o(.rodata.rom_func_addr_table_var)
</UL>
<P><STRONG><a name="[168]"></a>ke_sleep_check</STRONG> (Thumb, 0 bytes, Stack size 0 bytes, da14585_symbols.txt(ABSOLUTE))
<BR><BR>[Called By]<UL><LI><a href="#[1e]">&gt;&gt;</a>&nbsp;&nbsp;&nbsp;main
</UL>

<P><STRONG><a name="[16b]"></a>ke_mem_init</STRONG> (Thumb, 0 bytes, Stack size 0 bytes, da14585_symbols.txt(ABSOLUTE))
<BR><BR>[Called By]<UL><LI><a href="#[1e]">&gt;&gt;</a>&nbsp;&nbsp;&nbsp;main
</UL>

<P><STRONG><a name="[16a]"></a>ke_mem_is_empty</STRONG> (Thumb, 0 bytes, Stack size 0 bytes, da14585_symbols.txt(ABSOLUTE))
<BR><BR>[Called By]<UL><LI><a href="#[1e]">&gt;&gt;</a>&nbsp;&nbsp;&nbsp;main
</UL>

<P><STRONG><a name="[109]"></a>ke_malloc</STRONG> (Thumb, 0 bytes, Stack size 0 bytes, da14585_symbols.txt(ABSOLUTE))
<BR><BR>[Called By]<UL><LI><a href="#[146]">&gt;&gt;</a>&nbsp;&nbsp;&nbsp;custs1_set_ccc_value
<LI><a href="#[73]">&gt;&gt;</a>&nbsp;&nbsp;&nbsp;custs1_init
<LI><a href="#[77]">&gt;&gt;</a>&nbsp;&nbsp;&nbsp;diss_set_value_req_handler
<LI><a href="#[7a]">&gt;&gt;</a>&nbsp;&nbsp;&nbsp;diss_init
<LI><a href="#[141]">&gt;&gt;</a>&nbsp;&nbsp;&nbsp;arch_printf
<LI><a href="#[39]">&gt;&gt;</a>&nbsp;&nbsp;&nbsp;PATCHED_hci_acl_data_rx_handler
<LI><a href="#[106]">&gt;&gt;</a>&nbsp;&nbsp;&nbsp;l2cc_handle_invalid_pdu
<LI><a href="#[1e]">&gt;&gt;</a>&nbsp;&nbsp;&nbsp;main
<LI><a href="#[86]">&gt;&gt;</a>&nbsp;&nbsp;&nbsp;hogpd_init
</UL>

<P><STRONG><a name="[10a]"></a>ke_free</STRONG> (Thumb, 0 bytes, Stack size 0 bytes, da14585_symbols.txt(ABSOLUTE))
<BR><BR>[Called By]<UL><LI><a href="#[146]">&gt;&gt;</a>&nbsp;&nbsp;&nbsp;custs1_set_ccc_value
<LI><a href="#[74]">&gt;&gt;</a>&nbsp;&nbsp;&nbsp;custs1_destroy
<LI><a href="#[73]">&gt;&gt;</a>&nbsp;&nbsp;&nbsp;custs1_init
<LI><a href="#[77]">&gt;&gt;</a>&nbsp;&nbsp;&nbsp;diss_set_value_req_handler
<LI><a href="#[7b]">&gt;&gt;</a>&nbsp;&nbsp;&nbsp;diss_destroy
<LI><a href="#[2e]">&gt;&gt;</a>&nbsp;&nbsp;&nbsp;uart_callback
<LI><a href="#[39]">&gt;&gt;</a>&nbsp;&nbsp;&nbsp;PATCHED_hci_acl_data_rx_handler
<LI><a href="#[106]">&gt;&gt;</a>&nbsp;&nbsp;&nbsp;l2cc_handle_invalid_pdu
<LI><a href="#[87]">&gt;&gt;</a>&nbsp;&nbsp;&nbsp;hogpd_destroy
<LI><a href="#[86]">&gt;&gt;</a>&nbsp;&nbsp;&nbsp;hogpd_init
<LI><a href="#[147]">&gt;&gt;</a>&nbsp;&nbsp;&nbsp;custs1_exe_operation
</UL>

<P><STRONG><a name="[f6]"></a>ke_msg_alloc</STRONG> (Thumb, 0 bytes, Stack size 0 bytes, da14585_symbols.txt(ABSOLUTE))
<BR><BR>[Called By]<UL><LI><a href="#[cb]">&gt;&gt;</a>&nbsp;&nbsp;&nbsp;llm_p256_req_handler_func
<LI><a href="#[ca]">&gt;&gt;</a>&nbsp;&nbsp;&nbsp;llm_create_p256_key_func
<LI><a href="#[6c]">&gt;&gt;</a>&nbsp;&nbsp;&nbsp;gattc_att_info_req_ind_handler
<LI><a href="#[6b]">&gt;&gt;</a>&nbsp;&nbsp;&nbsp;gattc_write_req_ind_handler
<LI><a href="#[6a]">&gt;&gt;</a>&nbsp;&nbsp;&nbsp;gattc_read_req_ind_handler.67
<LI><a href="#[79]">&gt;&gt;</a>&nbsp;&nbsp;&nbsp;diss_value_cfm_handler
<LI><a href="#[78]">&gt;&gt;</a>&nbsp;&nbsp;&nbsp;gattc_read_req_ind_handler
<LI><a href="#[77]">&gt;&gt;</a>&nbsp;&nbsp;&nbsp;diss_set_value_req_handler
<LI><a href="#[37]">&gt;&gt;</a>&nbsp;&nbsp;&nbsp;user_gamepad_button_cb
<LI><a href="#[3f]">&gt;&gt;</a>&nbsp;&nbsp;&nbsp;PATCHED_smpc_dhkey_calc_start
<LI><a href="#[3c]">&gt;&gt;</a>&nbsp;&nbsp;&nbsp;PATCHED_hci_command_handler
<LI><a href="#[39]">&gt;&gt;</a>&nbsp;&nbsp;&nbsp;PATCHED_hci_acl_data_rx_handler
<LI><a href="#[106]">&gt;&gt;</a>&nbsp;&nbsp;&nbsp;l2cc_handle_invalid_pdu
<LI><a href="#[da]">&gt;&gt;</a>&nbsp;&nbsp;&nbsp;app_hogpd_create_db
<LI><a href="#[db]">&gt;&gt;</a>&nbsp;&nbsp;&nbsp;app_hogpd_enable
<LI><a href="#[69]">&gt;&gt;</a>&nbsp;&nbsp;&nbsp;app_custs1_create_db
<LI><a href="#[5a]">&gt;&gt;</a>&nbsp;&nbsp;&nbsp;app_entry_point_handler
<LI><a href="#[13d]">&gt;&gt;</a>&nbsp;&nbsp;&nbsp;diss_value_req_ind_handler
<LI><a href="#[8a]">&gt;&gt;</a>&nbsp;&nbsp;&nbsp;app_diss_create_db
<LI><a href="#[27]">&gt;&gt;</a>&nbsp;&nbsp;&nbsp;gapc_encrypt_req_ind_handler
<LI><a href="#[26]">&gt;&gt;</a>&nbsp;&nbsp;&nbsp;gapc_bond_ind_handler
<LI><a href="#[25]">&gt;&gt;</a>&nbsp;&nbsp;&nbsp;gapc_bond_req_ind_handler
<LI><a href="#[64]">&gt;&gt;</a>&nbsp;&nbsp;&nbsp;gapc_param_update_req_ind_handler
<LI><a href="#[155]">&gt;&gt;</a>&nbsp;&nbsp;&nbsp;user_gamepad_update_joystick
<LI><a href="#[62]">&gt;&gt;</a>&nbsp;&nbsp;&nbsp;gapm_profile_added_ind_handler
<LI><a href="#[61]">&gt;&gt;</a>&nbsp;&nbsp;&nbsp;gapc_set_dev_info_req_ind_handler
<LI><a href="#[60]">&gt;&gt;</a>&nbsp;&nbsp;&nbsp;gapc_get_dev_info_req_ind_handler
<LI><a href="#[5f]">&gt;&gt;</a>&nbsp;&nbsp;&nbsp;gapc_disconnect_ind_handler
<LI><a href="#[2c]">&gt;&gt;</a>&nbsp;&nbsp;&nbsp;param_update_request_timer_cb
<LI><a href="#[13b]">&gt;&gt;</a>&nbsp;&nbsp;&nbsp;app_easy_timer
<LI><a href="#[5e]">&gt;&gt;</a>&nbsp;&nbsp;&nbsp;gapc_connection_req_ind_handler
<LI><a href="#[13e]">&gt;&gt;</a>&nbsp;&nbsp;&nbsp;user_catch_rest_hndl
<LI><a href="#[5c]">&gt;&gt;</a>&nbsp;&nbsp;&nbsp;gapm_cmp_evt_handler
<LI><a href="#[5b]">&gt;&gt;</a>&nbsp;&nbsp;&nbsp;gapm_device_ready_ind_handler
<LI><a href="#[85]">&gt;&gt;</a>&nbsp;&nbsp;&nbsp;gattc_cmp_evt_handler.97
<LI><a href="#[84]">&gt;&gt;</a>&nbsp;&nbsp;&nbsp;gattc_read_req_ind_handler.96
<LI><a href="#[83]">&gt;&gt;</a>&nbsp;&nbsp;&nbsp;gattc_write_req_ind_handler.95
<LI><a href="#[82]">&gt;&gt;</a>&nbsp;&nbsp;&nbsp;gattc_att_info_req_ind_handler.94
<LI><a href="#[81]">&gt;&gt;</a>&nbsp;&nbsp;&nbsp;hogpd_proto_mode_cfm_handler
<LI><a href="#[80]">&gt;&gt;</a>&nbsp;&nbsp;&nbsp;hogpd_report_cfm_handler
<LI><a href="#[7f]">&gt;&gt;</a>&nbsp;&nbsp;&nbsp;hogpd_report_upd_req_handler
<LI><a href="#[7e]">&gt;&gt;</a>&nbsp;&nbsp;&nbsp;hogpd_enable_req_handler
<LI><a href="#[72]">&gt;&gt;</a>&nbsp;&nbsp;&nbsp;custs1_value_req_rsp_handler
<LI><a href="#[71]">&gt;&gt;</a>&nbsp;&nbsp;&nbsp;custs1_att_info_rsp_handler
<LI><a href="#[147]">&gt;&gt;</a>&nbsp;&nbsp;&nbsp;custs1_exe_operation
</UL>

<P><STRONG><a name="[f9]"></a>ke_msg_send</STRONG> (Thumb, 0 bytes, Stack size 0 bytes, da14585_symbols.txt(ABSOLUTE))
<BR><BR>[Called By]<UL><LI><a href="#[ca]">&gt;&gt;</a>&nbsp;&nbsp;&nbsp;llm_create_p256_key_func
<LI><a href="#[6c]">&gt;&gt;</a>&nbsp;&nbsp;&nbsp;gattc_att_info_req_ind_handler
<LI><a href="#[6b]">&gt;&gt;</a>&nbsp;&nbsp;&nbsp;gattc_write_req_ind_handler
<LI><a href="#[6a]">&gt;&gt;</a>&nbsp;&nbsp;&nbsp;gattc_read_req_ind_handler.67
<LI><a href="#[79]">&gt;&gt;</a>&nbsp;&nbsp;&nbsp;diss_value_cfm_handler
<LI><a href="#[78]">&gt;&gt;</a>&nbsp;&nbsp;&nbsp;gattc_read_req_ind_handler
<LI><a href="#[77]">&gt;&gt;</a>&nbsp;&nbsp;&nbsp;diss_set_value_req_handler
<LI><a href="#[37]">&gt;&gt;</a>&nbsp;&nbsp;&nbsp;user_gamepad_button_cb
<LI><a href="#[3f]">&gt;&gt;</a>&nbsp;&nbsp;&nbsp;PATCHED_smpc_dhkey_calc_start
<LI><a href="#[39]">&gt;&gt;</a>&nbsp;&nbsp;&nbsp;PATCHED_hci_acl_data_rx_handler
<LI><a href="#[106]">&gt;&gt;</a>&nbsp;&nbsp;&nbsp;l2cc_handle_invalid_pdu
<LI><a href="#[da]">&gt;&gt;</a>&nbsp;&nbsp;&nbsp;app_hogpd_create_db
<LI><a href="#[db]">&gt;&gt;</a>&nbsp;&nbsp;&nbsp;app_hogpd_enable
<LI><a href="#[69]">&gt;&gt;</a>&nbsp;&nbsp;&nbsp;app_custs1_create_db
<LI><a href="#[5a]">&gt;&gt;</a>&nbsp;&nbsp;&nbsp;app_entry_point_handler
<LI><a href="#[13d]">&gt;&gt;</a>&nbsp;&nbsp;&nbsp;diss_value_req_ind_handler
<LI><a href="#[8a]">&gt;&gt;</a>&nbsp;&nbsp;&nbsp;app_diss_create_db
<LI><a href="#[27]">&gt;&gt;</a>&nbsp;&nbsp;&nbsp;gapc_encrypt_req_ind_handler
<LI><a href="#[26]">&gt;&gt;</a>&nbsp;&nbsp;&nbsp;gapc_bond_ind_handler
[...]
</UL>
<BR>[Address Reference Count : 1]<UL><LI> lto-llvm-0469b9.o(.rodata.hogpd_default_state)
</UL>
<P><STRONG><a name="[85]"></a>gattc_cmp_evt_handler.97</STRONG> (Thumb, 80 bytes, Stack size 16 bytes, lto-llvm-0469b9.o(.text.gattc_cmp_evt_handler.97))
<BR><BR>[Stack]<UL><LI>Max Depth = 16<LI>Call Chain = gattc_cmp_evt_handler.97
</UL>
<BR>[Calls]<UL><LI><a href="#[f9]">&gt;&gt;</a>&nbsp;&nbsp;&nbsp;ke_msg_send
<LI><a href="#[e2]">&gt;&gt;</a>&nbsp;&nbsp;&nbsp;ke_state_get
<LI><a href="#[f6]">&gt;&gt;</a>&nbsp;&nbsp;&nbsp;ke_msg_alloc
<LI><a href="#[e7]">&gt;&gt;</a>&nbsp;&nbsp;&nbsp;ke_state_set
<LI><a href="#[145]">&gt;&gt;</a>&nbsp;&nbsp;&nbsp;prf_env_get
</UL>
<BR>[Address Reference Count : 1]<UL><LI> lto-llvm-0469b9.o(.rodata.hogpd_default_state)
</UL>
<P><STRONG><a name="[154]"></a>app_db_init_next</STRONG> (Thumb, 288 bytes, Stack size 24 bytes, lto-llvm-0469b9.o(.text.app_db_init_next))
<BR><BR>[Stack]<UL><LI>Max Depth = 24<LI>Call Chain = app_db_init_next
</UL>
<BR>[Called By]<UL><LI><a href="#[62]">&gt;&gt;</a>&nbsp;&nbsp;&nbsp;gapm_profile_added_ind_handler
<LI><a href="#[5c]">&gt;&gt;</a>&nbsp;&nbsp;&nbsp;gapm_cmp_evt_handler
</UL>

<P><STRONG><a name="[5b]"></a>gapm_device_ready_ind_handler</STRONG> (Thumb, 44 bytes, Stack size 8 bytes, lto-llvm-0469b9.o(.text.gapm_device_ready_ind_handler))
<BR><BR>[Stack]<UL><LI>Max Depth = 8<LI>Call Chain = gapm_device_ready_ind_handler
</UL>
<BR>[Calls]<UL><LI><a href="#[f9]">&gt;&gt;</a>&nbsp;&nbsp;&nbsp;ke_msg_send
<LI><a href="#[e2]">&gt;&gt;</a>&nbsp;&nbsp;&nbsp;ke_state_get
<LI><a href="#[f6]">&gt;&gt;</a>&nbsp;&nbsp;&nbsp;ke_msg_alloc
</UL>
<BR>[Address Reference Count : 1]<UL><LI> lto-llvm-0469b9.o(.rodata.app_gap_process_handlers)
</UL>
<P><STRONG><a name="[5c]"></a>gapm_cmp_evt_handler</STRONG> (Thumb, 416 bytes, Stack size 24 bytes, lto-llvm-0469b9.o(.text.gapm_cmp_evt_handler))
<BR><BR>[Stack]<UL><LI>Max Depth = 72<LI>Call Chain = gapm_cmp_evt_handler &rArr; user_catch_rest_hndl
</UL>
<BR>[Calls]<UL><LI><a href="#[f9]">&gt;&gt;</a>&nbsp;&nbsp;&nbsp;ke_msg_send
<LI><a href="#[f6]">&gt;&gt;</a>&nbsp;&nbsp;&nbsp;ke_msg_alloc
<LI><a href="#[e7]">&gt;&gt;</a>&nbsp;&nbsp;&nbsp;ke_state_set
<LI><a href="#[140]">&gt;&gt;</a>&nbsp;&nbsp;&nbsp;__aeabi_memclr
<LI><a href="#[e9]">&gt;&gt;</a>&nbsp;&nbsp;&nbsp;__aeabi_memcpy
<LI><a href="#[13e]">&gt;&gt;</a>&nbsp;&nbsp;&nbsp;user_catch_rest_hndl
<LI><a href="#[154]">&gt;&gt;</a>&nbsp;&nbsp;&nbsp;app_db_init_next
</UL>
<BR>[Address Reference Count : 1]<UL><LI> lto-llvm-0469b9.o(.rodata.app_gap_process_handlers)
</UL>
<P><STRONG><a name="[13e]"></a>user_catch_rest_hndl</STRONG> (Thumb, 448 bytes, Stack size 48 bytes, lto-llvm-0469b9.o(.text.user_catch_rest_hndl))
<BR><BR>[Stack]<UL><LI>Max Depth = 48<LI>Call Chain = user_catch_rest_hndl
</UL>
<BR>[Calls]<UL><LI><a href="#[f9]">&gt;&gt;</a>&nbsp;&nbsp;&nbsp;ke_msg_send
<LI><a href="#[f6]">&gt;&gt;</a>&nbsp;&nbsp;&nbsp;ke_msg_alloc
<LI><a href="#[e9]">&gt;&gt;</a>&nbsp;&nbsp;&nbsp;__aeabi_memcpy
<LI><a href="#[143]">&gt;&gt;</a>&nbsp;&nbsp;&nbsp;__aeabi_uidiv
</UL>
<BR>[Called By]<UL><LI><a href="#[5a]">&gt;&gt;</a>&nbsp;&nbsp;&nbsp;app_entry_point_handler
<LI><a href="#[26]">&gt;&gt;</a>&nbsp;&nbsp;&nbsp;gapc_bond_ind_handler
<LI><a href="#[5d]">&gt;&gt;</a>&nbsp;&nbsp;&nbsp;gapc_cmp_evt_handler
<LI><a href="#[5c]">&gt;&gt;</a>&nbsp;&nbsp;&nbsp;gapm_cmp_evt_handler
</UL>

<P><STRONG><a name="[5d]"></a>gapc_cmp_evt_handler</STRONG> (Thumb, 24 bytes, Stack size 8 bytes, lto-llvm-0469b9.o(.text.gapc_cmp_evt_handler))
<BR><BR>[Stack]<UL><LI>Max Depth = 56<LI>Call Chain = gapc_cmp_evt_handler &rArr; user_catch_rest_hndl
</UL>
<BR>[Calls]<UL><LI><a href="#[13e]">&gt;&gt;</a>&nbsp;&nbsp;&nbsp;user_catch_rest_hndl
</UL>
<BR>[Address Reference Count : 1]<UL><LI> lto-llvm-0469b9.o(.rodata.app_gap_process_handlers)
</UL>
<P><STRONG><a name="[5e]"></a>gapc_connection_req_ind_handler</STRONG> (Thumb, 524 bytes, Stack size 48 bytes, lto-llvm-0469b9.o(.text.gapc_connection_req_ind_handler))
<BR><BR>[Stack]<UL><LI>Max Depth = 64<LI>Call Chain = gapc_connection_req_ind_handler &rArr; app_easy_timer
</UL>
<BR>[Calls]<UL><LI><a href="#[142]">&gt;&gt;</a>&nbsp;&nbsp;&nbsp;prf_get_task_from_id
<LI><a href="#[f9]">&gt;&gt;</a>&nbsp;&nbsp;&nbsp;ke_msg_send
<LI><a href="#[e2]">&gt;&gt;</a>&nbsp;&nbsp;&nbsp;ke_state_get
<LI><a href="#[f6]">&gt;&gt;</a>&nbsp;&nbsp;&nbsp;ke_msg_alloc
<LI><a href="#[e7]">&gt;&gt;</a>&nbsp;&nbsp;&nbsp;ke_state_set
<LI><a href="#[e9]">&gt;&gt;</a>&nbsp;&nbsp;&nbsp;__aeabi_memcpy
<LI><a href="#[13b]">&gt;&gt;</a>&nbsp;&nbsp;&nbsp;app_easy_timer
</UL>
<BR>[Address Reference Count : 1]<UL><LI> lto-llvm-0469b9.o(.rodata.app_gap_process_handlers)
</UL>
<P><STRONG><a name="[13b]"></a>app_easy_timer</STRONG> (Thumb, 236 bytes, Stack size 16 bytes, lto-llvm-0469b9.o(.text.app_easy_timer))
<BR><BR>[Stack]<UL><LI>Max Depth = 16<LI>Call Chain = app_easy_timer
</UL>
<BR>[Calls]<UL><LI><a href="#[13c]">&gt;&gt;</a>&nbsp;&nbsp;&nbsp;ke_timer_set
<LI><a href="#[f9]">&gt;&gt;</a>&nbsp;&nbsp;&nbsp;ke_msg_send
<LI><a href="#[f6]">&gt;&gt;</a>&nbsp;&nbsp;&nbsp;ke_msg_alloc
</UL>
<BR>[Called By]<UL><LI><a href="#[2d]">&gt;&gt;</a>&nbsp;&nbsp;&nbsp;user_gamepad_axis_polling_cb
<LI><a href="#[62]">&gt;&gt;</a>&nbsp;&nbsp;&nbsp;gapm_profile_added_ind_handler
<LI><a href="#[5e]">&gt;&gt;</a>&nbsp;&nbsp;&nbsp;gapc_connection_req_ind_handler
</UL>

<P><STRONG><a name="[2c]"></a>param_update_request_timer_cb</STRONG> (Thumb, 80 bytes, Stack size 16 bytes, lto-llvm-0469b9.o(.text.param_update_request_timer_cb))
<BR><BR>[Stack]<UL><LI>Max Depth = 16<LI>Call Chain = param_update_request_timer_cb
</UL>
<BR>[Calls]<UL><LI><a href="#[f9]">&gt;&gt;</a>&nbsp;&nbsp;&nbsp;ke_msg_send
<LI><a href="#[f6]">&gt;&gt;</a>&nbsp;&nbsp;&nbsp;ke_msg_alloc
</UL>
<BR>[Address Reference Count : 1]<UL><LI> lto-llvm-0469b9.o(.text.gapc_connection_req_ind_handler)
</UL>
<P><STRONG><a name="[5f]"></a>gapc_disconnect_ind_handler</STRONG> (Thumb, 224 bytes, Stack size 24 bytes, lto-llvm-0469b9.o(.text.gapc_disconnect_ind_handler))
<BR><BR>[Stack]<UL><LI>Max Depth = 24<LI>Call Chain = gapc_disconnect_ind_handler
</UL>
<BR>[Calls]<UL><LI><a href="#[e6]">&gt;&gt;</a>&nbsp;&nbsp;&nbsp;ke_timer_clear
<LI><a href="#[f9]">&gt;&gt;</a>&nbsp;&nbsp;&nbsp;ke_msg_send
<LI><a href="#[e2]">&gt;&gt;</a>&nbsp;&nbsp;&nbsp;ke_state_get
<LI><a href="#[f6]">&gt;&gt;</a>&nbsp;&nbsp;&nbsp;ke_msg_alloc
<LI><a href="#[e7]">&gt;&gt;</a>&nbsp;&nbsp;&nbsp;ke_state_set
<LI><a href="#[e9]">&gt;&gt;</a>&nbsp;&nbsp;&nbsp;__aeabi_memcpy
</UL>
<BR>[Address Reference Count : 1]<UL><LI> lto-llvm-0469b9.o(.rodata.app_gap_process_handlers)
</UL>
<P><STRONG><a name="[24]"></a>timer_canceled_handler</STRONG> (Thumb, 2 bytes, Stack size 0 bytes, lto-llvm-0469b9.o(.text.timer_canceled_handler))
<BR>[Address Reference Count : 2]<UL><LI> lto-llvm-0469b9.o(.text.gapc_disconnect_ind_handler)
<LI> lto-llvm-0469b9.o(.text.app_entry_point_handler)
</UL>
<P><STRONG><a name="[60]"></a>gapc_get_dev_info_req_ind_handler</STRONG> (Thumb, 148 bytes, Stack size 56 bytes, lto-llvm-0469b9.o(.text.gapc_get_dev_info_req_ind_handler))
<BR><BR>[Stack]<UL><LI>Max Depth = 56<LI>Call Chain = gapc_get_dev_info_req_ind_handler
</UL>
<BR>[Calls]<UL><LI><a href="#[f9]">&gt;&gt;</a>&nbsp;&nbsp;&nbsp;ke_msg_send
<LI><a href="#[f6]">&gt;&gt;</a>&nbsp;&nbsp;&nbsp;ke_msg_alloc
<LI><a href="#[e9]">&gt;&gt;</a>&nbsp;&nbsp;&nbsp;__aeabi_memcpy
</UL>
<BR>[Address Reference Count : 1]<UL><LI> lto-llvm-0469b9.o(.rodata.app_gap_process_handlers)
</UL>
<P><STRONG><a name="[61]"></a>gapc_set_dev_info_req_ind_handler</STRONG> (Thumb, 84 bytes, Stack size 16 bytes, lto-llvm-0469b9.o(.text.gapc_set_dev_info_req_ind_handler))
<BR><BR>[Stack]<UL><LI>Max Depth = 16<LI>Call Chain = gapc_set_dev_info_req_ind_handler
</UL>
<BR>[Calls]<UL><LI><a href="#[f9]">&gt;&gt;</a>&nbsp;&nbsp;&nbsp;ke_msg_send
<LI><a href="#[f6]">&gt;&gt;</a>&nbsp;&nbsp;&nbsp;ke_msg_alloc
<LI><a href="#[e9]">&gt;&gt;</a>&nbsp;&nbsp;&nbsp;__aeabi_memcpy
</UL>
<BR>[Address Reference Count : 1]<UL><LI> lto-llvm-0469b9.o(.rodata.app_gap_process_handlers)
</UL>
<P><STRONG><a name="[62]"></a>gapm_profile_added_ind_handler</STRONG> (Thumb, 208 bytes, Stack size 24 bytes, lto-llvm-0469b9.o(.text.gapm_profile_added_ind_handler))
<BR><BR>[Stack]<UL><LI>Max Depth = 72<LI>Call Chain = gapm_profile_added_ind_handler &rArr; user_gamepad_update_joystick
</UL>
<BR>[Calls]<UL><LI><a href="#[f9]">&gt;&gt;</a>&nbsp;&nbsp;&nbsp;ke_msg_send
<LI><a href="#[e2]">&gt;&gt;</a>&nbsp;&nbsp;&nbsp;ke_state_get
<LI><a href="#[f6]">&gt;&gt;</a>&nbsp;&nbsp;&nbsp;ke_msg_alloc
<LI><a href="#[e7]">&gt;&gt;</a>&nbsp;&nbsp;&nbsp;ke_state_set
<LI><a href="#[e9]">&gt;&gt;</a>&nbsp;&nbsp;&nbsp;__aeabi_memcpy
<LI><a href="#[155]">&gt;&gt;</a>&nbsp;&nbsp;&nbsp;user_gamepad_update_joystick
<LI><a href="#[139]">&gt;&gt;</a>&nbsp;&nbsp;&nbsp;adc_get_raw_sample
<LI><a href="#[13b]">&gt;&gt;</a>&nbsp;&nbsp;&nbsp;app_easy_timer
<LI><a href="#[154]">&gt;&gt;</a>&nbsp;&nbsp;&nbsp;app_db_init_next
</UL>
<BR>[Address Reference Count : 1]<UL><LI> lto-llvm-0469b9.o(.rodata.app_gap_process_handlers)
</UL>
<P><STRONG><a name="[139]"></a>adc_get_raw_sample</STRONG> (Thumb, 632 bytes, Stack size 40 bytes, lto-llvm-0469b9.o(.text.adc_get_raw_sample))
<BR><BR>[Stack]<UL><LI>Max Depth = 40<LI>Call Chain = adc_get_raw_sample
</UL>
<BR>[Calls]<UL><LI><a href="#[13a]">&gt;&gt;</a>&nbsp;&nbsp;&nbsp;adc_get_sample
</UL>
<BR>[Called By]<UL><LI><a href="#[2d]">&gt;&gt;</a>&nbsp;&nbsp;&nbsp;user_gamepad_axis_polling_cb
<LI><a href="#[62]">&gt;&gt;</a>&nbsp;&nbsp;&nbsp;gapm_profile_added_ind_handler
</UL>

<P><STRONG><a name="[155]"></a>user_gamepad_update_joystick</STRONG> (Thumb, 324 bytes, Stack size 48 bytes, lto-llvm-0469b9.o(.text.user_gamepad_update_joystick))
<BR><BR>[Stack]<UL><LI>Max Depth = 48<LI>Call Chain = user_gamepad_update_joystick
</UL>
<BR>[Calls]<UL><LI><a href="#[142]">&gt;&gt;</a>&nbsp;&nbsp;&nbsp;prf_get_task_from_id
<LI><a href="#[f9]">&gt;&gt;</a>&nbsp;&nbsp;&nbsp;ke_msg_send
<LI><a href="#[f6]">&gt;&gt;</a>&nbsp;&nbsp;&nbsp;ke_msg_alloc
<LI><a href="#[143]">&gt;&gt;</a>&nbsp;&nbsp;&nbsp;__aeabi_uidiv
</UL>
<BR>[Called By]<UL><LI><a href="#[2d]">&gt;&gt;</a>&nbsp;&nbsp;&nbsp;user_gamepad_axis_polling_cb
<LI><a href="#[62]">&gt;&gt;</a>&nbsp;&nbsp;&nbsp;gapm_profile_added_ind_handler
</UL>

<P><STRONG><a name="[2d]"></a>user_gamepad_axis_polling_cb</STRONG> (Thumb, 64 bytes, Stack size 16 bytes, lto-llvm-0469b9.o(.text.user_gamepad_axis_polling_cb))
<BR><BR>[Stack]<UL><LI>Max Depth = 64<LI>Call Chain = user_gamepad_axis_polling_cb &rArr; user_gamepad_update_joystick
</UL>
<BR>[Calls]<UL><LI><a href="#[155]">&gt;&gt;</a>&nbsp;&nbsp;&nbsp;user_gamepad_update_joystick
<LI><a href="#[139]">&gt;&gt;</a>&nbsp;&nbsp;&nbsp;adc_get_raw_sample
<LI><a href="#[13b]">&gt;&gt;</a>&nbsp;&nbsp;&nbsp;app_easy_timer
</UL>
<BR>[Address Reference Count : 2]<UL><LI> lto-llvm-0469b9.o(.text.gapm_profile_added_ind_handler)
<LI> lto-llvm-0469b9.o(.text.user_gamepad_axis_polling_cb)
</UL>
<P><STRONG><a name="[63]"></a>gapm_adv_report_ind_handler</STRONG> (Thumb, 4 bytes, Stack size 0 bytes, lto-llvm-0469b9.o(.text.gapm_adv_report_ind_handler))
<BR>[Address Reference Count : 1]<UL><LI> lto-llvm-0469b9.o(.rodata.app_gap_process_handlers)
</UL>
<P><STRONG><a name="[64]"></a>gapc_param_update_req_ind_handler</STRONG> (Thumb, 32 bytes, Stack size 8 bytes, lto-llvm-0469b9.o(.text.gapc_param_update_req_ind_handler))
<BR><BR>[Stack]<UL><LI>Max Depth = 8<LI>Call Chain = gapc_param_update_req_ind_handler
</UL>
<BR>[Calls]<UL><LI><a href="#[f9]">&gt;&gt;</a>&nbsp;&nbsp;&nbsp;ke_msg_send
<LI><a href="#[f6]">&gt;&gt;</a>&nbsp;&nbsp;&nbsp;ke_msg_alloc
</UL>
<BR>[Address Reference Count : 1]<UL><LI> lto-llvm-0469b9.o(.rodata.app_gap_process_handlers)
</UL>
<P><STRONG><a name="[65]"></a>gapc_le_pkt_size_ind_handler</STRONG> (Thumb, 4 bytes, Stack size 0 bytes, lto-llvm-0469b9.o(.text.gapc_le_pkt_size_ind_handler))
<BR>[Address Reference Count : 1]<UL><LI> lto-llvm-0469b9.o(.rodata.app_gap_process_handlers)
</UL>
<P><STRONG><a name="[66]"></a>gattc_svc_changed_cfg_ind_handler</STRONG> (Thumb, 4 bytes, Stack size 0 bytes, lto-llvm-0469b9.o(.text.gattc_svc_changed_cfg_ind_handler))
<BR>[Address Reference Count : 1]<UL><LI> lto-llvm-0469b9.o(.rodata.app_gap_process_handlers)
</UL>
<P><STRONG><a name="[67]"></a>gapc_peer_features_ind_handler</STRONG> (Thumb, 4 bytes, Stack size 0 bytes, lto-llvm-0469b9.o(.text.gapc_peer_features_ind_handler))
<BR>[Address Reference Count : 1]<UL><LI> lto-llvm-0469b9.o(.rodata.app_gap_process_handlers)
</UL>
<P><STRONG><a name="[68]"></a>gapc_security_ind_handler</STRONG> (Thumb, 4 bytes, Stack size 0 bytes, lto-llvm-0469b9.o(.text.gapc_security_ind_handler))
<BR>[Address Reference Count : 1]<UL><LI> lto-llvm-0469b9.o(.rodata.app_gap_process_handlers)
</UL>
<P><STRONG><a name="[25]"></a>gapc_bond_req_ind_handler</STRONG> (Thumb, 616 bytes, Stack size 32 bytes, lto-llvm-0469b9.o(.text.gapc_bond_req_ind_handler))
<BR><BR>[Stack]<UL><LI>Max Depth = 80<LI>Call Chain = gapc_bond_req_ind_handler &rArr; app_fill_random_byte_array
</UL>
<BR>[Calls]<UL><LI><a href="#[f9]">&gt;&gt;</a>&nbsp;&nbsp;&nbsp;ke_msg_send
<LI><a href="#[f6]">&gt;&gt;</a>&nbsp;&nbsp;&nbsp;ke_msg_alloc
<LI><a href="#[ea]">&gt;&gt;</a>&nbsp;&nbsp;&nbsp;dia_rand
<LI><a href="#[e9]">&gt;&gt;</a>&nbsp;&nbsp;&nbsp;__aeabi_memcpy
<LI><a href="#[13f]">&gt;&gt;</a>&nbsp;&nbsp;&nbsp;app_fill_random_byte_array
</UL>
<BR>[Address Reference Count : 1]<UL><LI> lto-llvm-0469b9.o(.text.app_entry_point_handler)
</UL>
<P><STRONG><a name="[13f]"></a>app_fill_random_byte_array</STRONG> (Thumb, 326 bytes, Stack size 48 bytes, lto-llvm-0469b9.o(.text.app_fill_random_byte_array))
<BR><BR>[Stack]<UL><LI>Max Depth = 48<LI>Call Chain = app_fill_random_byte_array
</UL>
<BR>[Calls]<UL><LI><a href="#[ea]">&gt;&gt;</a>&nbsp;&nbsp;&nbsp;dia_rand
<LI><a href="#[140]">&gt;&gt;</a>&nbsp;&nbsp;&nbsp;__aeabi_memclr
</UL>
<BR>[Called By]<UL><LI><a href="#[25]">&gt;&gt;</a>&nbsp;&nbsp;&nbsp;gapc_bond_req_ind_handler
</UL>

<P><STRONG><a name="[26]"></a>gapc_bond_ind_handler</STRONG> (Thumb, 240 bytes, Stack size 16 bytes, lto-llvm-0469b9.o(.text.gapc_bond_ind_handler))
<BR><BR>[Stack]<UL><LI>Max Depth = 64<LI>Call Chain = gapc_bond_ind_handler &rArr; user_catch_rest_hndl
</UL>
<BR>[Calls]<UL><LI><a href="#[f9]">&gt;&gt;</a>&nbsp;&nbsp;&nbsp;ke_msg_send
<LI><a href="#[f6]">&gt;&gt;</a>&nbsp;&nbsp;&nbsp;ke_msg_alloc
<LI><a href="#[e9]">&gt;&gt;</a>&nbsp;&nbsp;&nbsp;__aeabi_memcpy
<LI><a href="#[13e]">&gt;&gt;</a>&nbsp;&nbsp;&nbsp;user_catch_rest_hndl
</UL>
<BR>[Address Reference Count : 1]<UL><LI> lto-llvm-0469b9.o(.text.app_entry_point_handler)
</UL>
<P><STRONG><a name="[27]"></a>gapc_encrypt_req_ind_handler</STRONG> (Thumb, 96 bytes, Stack size 24 bytes, lto-llvm-0469b9.o(.text.gapc_encrypt_req_ind_handler))
<BR><BR>[Stack]<UL><LI>Max Depth = 24<LI>Call Chain = gapc_encrypt_req_ind_handler
</UL>
<BR>[Calls]<UL><LI><a href="#[f9]">&gt;&gt;</a>&nbsp;&nbsp;&nbsp;ke_msg_send
<LI><a href="#[f6]">&gt;&gt;</a>&nbsp;&nbsp;&nbsp;ke_msg_alloc
</UL>
<BR>[Address Reference Count : 1]<UL><LI> lto-llvm-0469b9.o(.text.app_entry_point_handler)
</UL>
<P><STRONG><a name="[28]"></a>gapc_encrypt_ind_handler</STRONG> (Thumb, 20 bytes, Stack size 0 bytes, lto-llvm-0469b9.o(.text.gapc_encrypt_ind_handler))
<BR>[Address Reference Count : 1]<UL><LI> lto-llvm-0469b9.o(.text.app_entry_point_handler)
</UL>
<P><STRONG><a name="[29]"></a>gapm_addr_solved_ind_handler</STRONG> (Thumb, 4 bytes, Stack size 0 bytes, lto-llvm-0469b9.o(.text.gapm_addr_solved_ind_handler))
<BR>[Address Reference Count : 1]<UL><LI> lto-llvm-0469b9.o(.text.app_entry_point_handler)
</UL>
<P><STRONG><a name="[2a]"></a>gapm_ral_size_ind_handler</STRONG> (Thumb, 4 bytes, Stack size 0 bytes, lto-llvm-0469b9.o(.text.gapm_ral_size_ind_handler))
<BR>[Address Reference Count : 1]<UL><LI> lto-llvm-0469b9.o(.text.app_entry_point_handler)
</UL>
<P><STRONG><a name="[2b]"></a>gapm_ral_addr_ind_handler</STRONG> (Thumb, 4 bytes, Stack size 0 bytes, lto-llvm-0469b9.o(.text.gapm_ral_addr_ind_handler))
<BR>[Address Reference Count : 1]<UL><LI> lto-llvm-0469b9.o(.text.app_entry_point_handler)
</UL>
<P><STRONG><a name="[8a]"></a>app_diss_create_db</STRONG> (Thumb, 152 bytes, Stack size 16 bytes, lto-llvm-0469b9.o(.text.app_diss_create_db))
<BR><BR>[Stack]<UL><LI>Max Depth = 16<LI>Call Chain = app_diss_create_db
</UL>
<BR>[Calls]<UL><LI><a href="#[f9]">&gt;&gt;</a>&nbsp;&nbsp;&nbsp;ke_msg_send
<LI><a href="#[f6]">&gt;&gt;</a>&nbsp;&nbsp;&nbsp;ke_msg_alloc
</UL>
<BR>[Address Reference Count : 1]<UL><LI> lto-llvm-0469b9.o(.rodata.prf_funcs)
</UL>
<P><STRONG><a name="[13d]"></a>diss_value_req_ind_handler</STRONG> (Thumb, 136 bytes, Stack size 24 bytes, lto-llvm-0469b9.o(.text.diss_value_req_ind_handler))
<BR><BR>[Stack]<UL><LI>Max Depth = 24<LI>Call Chain = diss_value_req_ind_handler
</UL>
<BR>[Calls]<UL><LI><a href="#[f9]">&gt;&gt;</a>&nbsp;&nbsp;&nbsp;ke_msg_send
<LI><a href="#[f6]">&gt;&gt;</a>&nbsp;&nbsp;&nbsp;ke_msg_alloc
<LI><a href="#[e9]">&gt;&gt;</a>&nbsp;&nbsp;&nbsp;__aeabi_memcpy
</UL>
<BR>[Called By]<UL><LI><a href="#[5a]">&gt;&gt;</a>&nbsp;&nbsp;&nbsp;app_entry_point_handler
</UL>

<P><STRONG><a name="[5a]"></a>app_entry_point_handler</STRONG> (Thumb, 912 bytes, Stack size 24 bytes, lto-llvm-0469b9.o(.text.app_entry_point_handler))
<BR><BR>[Stack]<UL><LI>Max Depth = 72<LI>Call Chain = app_entry_point_handler &rArr; user_catch_rest_hndl
</UL>
<BR>[Calls]<UL><LI><a href="#[13c]">&gt;&gt;</a>&nbsp;&nbsp;&nbsp;ke_timer_set
<LI><a href="#[f9]">&gt;&gt;</a>&nbsp;&nbsp;&nbsp;ke_msg_send
<LI><a href="#[f6]">&gt;&gt;</a>&nbsp;&nbsp;&nbsp;ke_msg_alloc
<LI><a href="#[13d]">&gt;&gt;</a>&nbsp;&nbsp;&nbsp;diss_value_req_ind_handler
<LI><a href="#[13e]">&gt;&gt;</a>&nbsp;&nbsp;&nbsp;user_catch_rest_hndl
</UL>
<BR>[Address Reference Count : 1]<UL><LI> lto-llvm-0469b9.o(.rodata.app_default_state)
</UL>
<P><STRONG><a name="[23]"></a>timer_modified_handler</STRONG> (Thumb, 2 bytes, Stack size 0 bytes, lto-llvm-0469b9.o(.text.timer_modified_handler))
<BR>[Address Reference Count : 1]<UL><LI> lto-llvm-0469b9.o(.text.app_entry_point_handler)
</UL>
<P><STRONG><a name="[69]"></a>app_custs1_create_db</STRONG> (Thumb, 152 bytes, Stack size 16 bytes, lto-llvm-0469b9.o(.text.app_custs1_create_db))
<BR><BR>[Stack]<UL><LI>Max Depth = 16<LI>Call Chain = app_custs1_create_db
</UL>
<BR>[Calls]<UL><LI><a href="#[f9]">&gt;&gt;</a>&nbsp;&nbsp;&nbsp;ke_msg_send
<LI><a href="#[f6]">&gt;&gt;</a>&nbsp;&nbsp;&nbsp;ke_msg_alloc
</UL>
<BR>[Address Reference Count : 1]<UL><LI> lto-llvm-0469b9.o(.rodata.cust_prf_funcs)
</UL>
<P><STRONG><a name="[db]"></a>app_hogpd_enable</STRONG> (Thumb, 44 bytes, Stack size 8 bytes, lto-llvm-0469b9.o(.text.app_hogpd_enable))
<BR><BR>[Stack]<UL><LI>Max Depth = 8<LI>Call Chain = app_hogpd_enable
</UL>
<BR>[Calls]<UL><LI><a href="#[142]">&gt;&gt;</a>&nbsp;&nbsp;&nbsp;prf_get_task_from_id
<LI><a href="#[f9]">&gt;&gt;</a>&nbsp;&nbsp;&nbsp;ke_msg_send
<LI><a href="#[f6]">&gt;&gt;</a>&nbsp;&nbsp;&nbsp;ke_msg_alloc
</UL>
<BR>[Address Reference Count : 1]<UL><LI> lto-llvm-0469b9.o(.rodata.user_prf_funcs)
</UL>
<P><STRONG><a name="[da]"></a>app_hogpd_create_db</STRONG> (Thumb, 196 bytes, Stack size 16 bytes, lto-llvm-0469b9.o(.text.app_hogpd_create_db))
<BR><BR>[Stack]<UL><LI>Max Depth = 384<LI>Call Chain = app_hogpd_create_db &rArr; arch_printf
</UL>
<BR>[Calls]<UL><LI><a href="#[f9]">&gt;&gt;</a>&nbsp;&nbsp;&nbsp;ke_msg_send
<LI><a href="#[f6]">&gt;&gt;</a>&nbsp;&nbsp;&nbsp;ke_msg_alloc
<LI><a href="#[141]">&gt;&gt;</a>&nbsp;&nbsp;&nbsp;arch_printf
</UL>
<BR>[Address Reference Count : 1]<UL><LI> lto-llvm-0469b9.o(.rodata.user_prf_funcs)
</UL><P>
<H3>
Undefined Global Symbols
</H3>
<P><STRONG><a name="[15f]"></a>reset_indication</STRONG> (Unknown, 0 bytes, Stack size 0 bytes, UNDEFINED)
<BR><BR>[Called By]<UL><LI><a href="#[1e]">&gt;&gt;</a>&nbsp;&nbsp;&nbsp;main
</UL>
<HR></body></html>
