Component: ARM Compiler 5.06 update 6 (build 750) Tool: armlink [4d35ed]

==============================================================================

Section Cross References

    system_da14531.o(.text) refers to system_da14531.o(.data) for .data
    system_da14531.o(.text) refers to otp_cs.o(otp_cs_booter) for booter_val
    startup_da14531.o(RESET) refers to startup_da14531.o(STACK) for __initial_sp
    startup_da14531.o(RESET) refers to startup_da14531.o(.text) for Reset_Handler
    startup_da14531.o(RESET) refers to systick.o(.text) for SysTick_Handler
    startup_da14531.o(RESET) refers to rwble.o(.text) for BLE_WAKEUP_LP_Handler
    startup_da14531.o(RESET) refers to uart.o(.text) for UART2_Handler
    startup_da14531.o(RESET) refers to i2c.o(.text) for I2C_Handler
    startup_da14531.o(RESET) refers to adc_531.o(.text) for ADC_Handler
    startup_da14531.o(RESET) refers to gpio.o(.text) for GPIO0_Handler
    startup_da14531.o(RESET) refers to wkupct_quadec.o(.text) for WKUP_QUADEC_Handler
    startup_da14531.o(.text) refers to system_da14531.o(.text) for SystemInit
    startup_da14531.o(.text) refers to entry.o(.ARM.Collect$$$$00000000) for __main
    startup_da14531.o(.text) refers to nmi_handler.o(.text) for NMI_HandlerC
    startup_da14531.o(.text) refers to hardfault_handler.o(.text) for HardFault_HandlerC
    hardfault_handler.o(.text) refers to syscntl.o(.text) for syscntl_dcdc_set_level
    nmi_handler.o(.text) refers to syscntl.o(.text) for syscntl_dcdc_set_level
    arch_console.o(.text) refers to uart.o(.text) for uart_register_tx_cb
    arch_console.o(.constdata) refers to arch_console.o(.bss) for current_msg_buffer
    arch_console.o(.constdata) refers to arch_console.o(retention_mem_area0) for current_msg_offset
    arch_console.o(.constdata) refers to arch_console.o(retention_mem_area0) for uart_busy
    arch_console.o(.constdata) refers to arch_console.o(retention_mem_area0) for printf_msg_list
    arch_console.o(.constdata) refers to arch_console.o(retention_mem_area0) for defer_sending
    arch_console.o(.constdata) refers to arch_console.o(.text) for uart_write_adapt
    arch_console.o(.constdata) refers to arch_sleep.o(.text) for arch_restore_sleep_mode
    nvds.o(.constdata) refers to nvds.o(.constdata) for nvds_data_storage
    nvds.o(.constdata) refers to arch_system.o(retention_mem_area0) for dev_bdaddr
    arch_main.o(.text) refers to arch_system.o(.text) for system_init
    arch_main.o(.text) refers to user_lis2dh_app.o(.text) for user_main_hook
    arch_main.o(.text) refers to rwip.o(.text) for rwip_sleep
    arch_main.o(.text) refers to arch_sleep.o(.text) for arch_get_sleep_mode
    arch_main.o(.text) refers to user_periph_setup.o(.text) for periph_init
    arch_main.o(.text) refers to hw_otpc_531.o(.text) for hw_otpc_init
    arch_main.o(.text) refers (Weak) to hw_otpc_531.o(.text) for hw_otpc_clear_dcdc_reserved
    arch_main.o(.text) refers to syscntl.o(.text) for syscntl_dcdc_set_level
    arch_main.o(.text) refers to rwble.o(retention_mem_area0) for arch_rwble_last_event
    arch_main.o(.text) refers to otp_cs.o(otp_cs_booter) for booter_val
    arch_main.o(.text) refers to arch_main.o(retention_mem_area0) for retention_mem_area0
    arch_main.o(.constdata) refers to app_default_handlers.o(.text) for default_app_on_init
    arch_main.o(.constdata) refers to user_lis2dh_app.o(.text) for user_main_hook
    jump_table.o(.constdata) refers to ble_arp.o(.text) for rf_init_func
    jump_table.o(.constdata) refers to jump_table.o(.text) for platform_reset_func
    jump_table.o(.constdata) refers to rwble.o(.text) for lld_sleep_compensate_func
    jump_table.o(.constdata) refers to arch_system.o(.text) for lld_sleep_init_func
    jump_table.o(.constdata) refers to patch.o(.text) for JT_lld_test_mode_rx_func
    jump_table.o(.constdata) refers to prf.o(.text) for prf_init_func
    jump_table.o(.constdata) refers to jump_table.o(heap_mem_area_not_ret) for rwip_heap_non_ret
    jump_table.o(.constdata) refers to jump_table.o(heap_env_area) for rwip_heap_env_ret
    jump_table.o(.constdata) refers to jump_table.o(heap_db_area) for rwip_heap_db_ret
    jump_table.o(.constdata) refers to jump_table.o(heap_msg_area) for rwip_heap_msg_ret
    jump_table.o(.constdata) refers to nvds.o(.constdata) for rom_nvds_cfg
    jump_table.o(.constdata) refers to custs1.o(.constdata) for rom_cust_prf_cfg
    jump_table.o(.constdata) refers to prf.o(.constdata) for rom_prf_cfg
    jump_table.o(.constdata) refers to app_entry_point.o(.constdata) for rom_app_task_cfg
    jump_table.o(.constdata) refers to arch_console.o(.constdata) for rom_console_cfg
    arch_sleep.o(.text) refers to arch_sleep.o(retention_mem_area0) for retention_mem_area0
    arch_sleep.o(.text) refers to arch_sleep.o(retention_mem_area0) for retention_mem_area0
    arch_sleep.o(.text) refers to arch_sleep.o(retention_mem_area0) for retention_mem_area0
[...]
    ke_msg_in_queue                          0x07f1ca93   Thumb Code     0  da14531_symbols.txt ABSOLUTE
    ke_queue_extract                         0x07f1caa5   Thumb Code     0  da14531_symbols.txt ABSOLUTE
    ke_queue_insert                          0x07f1caf5   Thumb Code     0  da14531_symbols.txt ABSOLUTE
    ke_task_init_func                        0x07f1cddf   Thumb Code     0  da14531_symbols.txt ABSOLUTE
    ke_task_create                           0x07f1cdf3   Thumb Code     0  da14531_symbols.txt ABSOLUTE
    ke_task_delete                           0x07f1ce2b   Thumb Code     0  da14531_symbols.txt ABSOLUTE
    ke_state_set                             0x07f1ce57   Thumb Code     0  da14531_symbols.txt ABSOLUTE
    ke_state_get                             0x07f1ce81   Thumb Code     0  da14531_symbols.txt ABSOLUTE
    ke_msg_discard                           0x07f1ce9f   Thumb Code     0  da14531_symbols.txt ABSOLUTE
    ke_msg_save                              0x07f1cea3   Thumb Code     0  da14531_symbols.txt ABSOLUTE
    ke_task_msg_flush                        0x07f1cea7   Thumb Code     0  da14531_symbols.txt ABSOLUTE
    ke_timer_init_func                       0x07f1d067   Thumb Code     0  da14531_symbols.txt ABSOLUTE
    ke_timer_set                             0x07f1d073   Thumb Code     0  da14531_symbols.txt ABSOLUTE
    ke_timer_clear                           0x07f1d107   Thumb Code     0  da14531_symbols.txt ABSOLUTE
    ke_timer_active                          0x07f1d15d   Thumb Code     0  da14531_symbols.txt ABSOLUTE
    ke_timer_sleep_check                     0x07f1d183   Thumb Code     0  da14531_symbols.txt ABSOLUTE
    rwble_hl_init                            0x07f1d289   Thumb Code     0  da14531_symbols.txt ABSOLUTE
    rwble_hl_reset                           0x07f1d2ab   Thumb Code     0  da14531_symbols.txt ABSOLUTE
    rwble_hl_send_message                    0x07f1d2cd   Thumb Code     0  da14531_symbols.txt ABSOLUTE
    rwip_check_wakeup_boundary               0x07f1d2d1   Thumb Code     0  da14531_symbols.txt ABSOLUTE
    rwip_init                                0x07f1d2f7   Thumb Code     0  da14531_symbols.txt ABSOLUTE
    rwip_reset                               0x07f1d3bb   Thumb Code     0  da14531_symbols.txt ABSOLUTE
    rwip_version                             0x07f1d3f3   Thumb Code     0  da14531_symbols.txt ABSOLUTE
    rwip_schedule                            0x07f1d3fb   Thumb Code     0  da14531_symbols.txt ABSOLUTE
    rwip_prevent_sleep_set                   0x07f1d4a7   Thumb Code     0  da14531_symbols.txt ABSOLUTE
    rwip_wakeup                              0x07f1d4c9   Thumb Code     0  da14531_symbols.txt ABSOLUTE
    rwip_prevent_sleep_clear                 0x07f1d4df   Thumb Code     0  da14531_symbols.txt ABSOLUTE
    rwip_wakeup_end                          0x07f1d501   Thumb Code     0  da14531_symbols.txt ABSOLUTE
    rwip_wakeup_delay_set                    0x07f1d51d   Thumb Code     0  da14531_symbols.txt ABSOLUTE
    rwip_sleep_enable                        0x07f1d52b   Thumb Code     0  da14531_symbols.txt ABSOLUTE
    rwip_ext_wakeup_enable                   0x07f1d531   Thumb Code     0  da14531_symbols.txt ABSOLUTE
    rwble_init                               0x07f1d555   Thumb Code     0  da14531_symbols.txt ABSOLUTE
    rwble_reset                              0x07f1d5bb   Thumb Code     0  da14531_symbols.txt ABSOLUTE
    rwble_version                            0x07f1d5ef   Thumb Code     0  da14531_symbols.txt ABSOLUTE
    rwble_send_message                       0x07f1d61b   Thumb Code     0  da14531_symbols.txt ABSOLUTE
    YieldToScheduler                         0x07f1d725   Thumb Code     0  da14531_symbols.txt ABSOLUTE
    xorshift64star                           0x07f1d72d   Thumb Code     0  da14531_symbols.txt ABSOLUTE
    uECC_set_rng                             0x07f1d793   Thumb Code     0  da14531_symbols.txt ABSOLUTE
    uECC_get_rng                             0x07f1d799   Thumb Code     0  da14531_symbols.txt ABSOLUTE
    uECC_curve_private_key_size              0x07f1d79f   Thumb Code     0  da14531_symbols.txt ABSOLUTE
    uECC_curve_public_key_size               0x07f1d7af   Thumb Code     0  da14531_symbols.txt ABSOLUTE
    uECC_vli_clear                           0x07f1d7b7   Thumb Code     0  da14531_symbols.txt ABSOLUTE
    uECC_vli_isZero                          0x07f1d7cd   Thumb Code     0  da14531_symbols.txt ABSOLUTE
    uECC_vli_testBit                         0x07f1d7ef   Thumb Code     0  da14531_symbols.txt ABSOLUTE
    uECC_vli_numBits                         0x07f1d801   Thumb Code     0  da14531_symbols.txt ABSOLUTE
    uECC_vli_set                             0x07f1d83b   Thumb Code     0  da14531_symbols.txt ABSOLUTE
    uECC_vli_equal                           0x07f1d879   Thumb Code     0  da14531_symbols.txt ABSOLUTE
    uECC_vli_cmp                             0x07f1d89d   Thumb Code     0  da14531_symbols.txt ABSOLUTE
    uECC_vli_rshift1                         0x07f1d8d3   Thumb Code     0  da14531_symbols.txt ABSOLUTE
    uECC_vli_square                          0x07f1d8f1   Thumb Code     0  da14531_symbols.txt ABSOLUTE
    uECC_vli_modAdd                          0x07f1d8fd   Thumb Code     0  da14531_symbols.txt ABSOLUTE
    uECC_vli_modSub                          0x07f1d92b   Thumb Code     0  da14531_symbols.txt ABSOLUTE
    uECC_vli_mmod                            0x07f1d94b   Thumb Code     0  da14531_symbols.txt ABSOLUTE
    uECC_vli_modMult                         0x07f1da55   Thumb Code     0  da14531_symbols.txt ABSOLUTE
    uECC_vli_modMult_fast                    0x07f1da77   Thumb Code     0  da14531_symbols.txt ABSOLUTE
    uECC_vli_modSquare                       0x07f1da97   Thumb Code     0  da14531_symbols.txt ABSOLUTE
    uECC_vli_modSquare_fast                  0x07f1daa5   Thumb Code     0  da14531_symbols.txt ABSOLUTE
    uECC_vli_modInv                          0x07f1dae5   Thumb Code     0  da14531_symbols.txt ABSOLUTE
    uECC_secp256r1                           0x07f1de21   Thumb Code     0  da14531_symbols.txt ABSOLUTE
    uECC_vli_nativeToBytes                   0x07f1e41f   Thumb Code     0  da14531_symbols.txt ABSOLUTE
    uECC_vli_bytesToNative                   0x07f1e441   Thumb Code     0  da14531_symbols.txt ABSOLUTE
    uECC_generate_random_int                 0x07f1e47f   Thumb Code     0  da14531_symbols.txt ABSOLUTE
    uECC_make_key                            0x07f1e4e1   Thumb Code     0  da14531_symbols.txt ABSOLUTE
    uECC_shared_secret                       0x07f1e55f   Thumb Code     0  da14531_symbols.txt ABSOLUTE
    uECC_compress                            0x07f1e61b   Thumb Code     0  da14531_symbols.txt ABSOLUTE
    uECC_decompress                          0x07f1e649   Thumb Code     0  da14531_symbols.txt ABSOLUTE
    uECC_valid_point                         0x07f1e6b9   Thumb Code     0  da14531_symbols.txt ABSOLUTE
    uECC_valid_public_key                    0x07f1e71b   Thumb Code     0  da14531_symbols.txt ABSOLUTE
    uECC_compute_public_key                  0x07f1e74f   Thumb Code     0  da14531_symbols.txt ABSOLUTE
    uECC_sign                                0x07f1e9d5   Thumb Code     0  da14531_symbols.txt ABSOLUTE
    uECC_sign_deterministic                  0x07f1eabb   Thumb Code     0  da14531_symbols.txt ABSOLUTE
    uECC_verify                              0x07f1ec29   Thumb Code     0  da14531_symbols.txt ABSOLUTE
    uECC_curve_num_words                     0x07f1eed5   Thumb Code     0  da14531_symbols.txt ABSOLUTE
    uECC_curve_num_bytes                     0x07f1eedd   Thumb Code     0  da14531_symbols.txt ABSOLUTE
    uECC_curve_num_bits                      0x07f1eee5   Thumb Code     0  da14531_symbols.txt ABSOLUTE
    uECC_curve_num_n_words                   0x07f1eeed   Thumb Code     0  da14531_symbols.txt ABSOLUTE
    uECC_curve_num_n_bytes                   0x07f1eefd   Thumb Code     0  da14531_symbols.txt ABSOLUTE
    uECC_curve_num_n_bits                    0x07f1ef0d   Thumb Code     0  da14531_symbols.txt ABSOLUTE
    uECC_curve_p                             0x07f1ef15   Thumb Code     0  da14531_symbols.txt ABSOLUTE
    uECC_curve_n                             0x07f1ef19   Thumb Code     0  da14531_symbols.txt ABSOLUTE
    uECC_curve_G                             0x07f1ef1d   Thumb Code     0  da14531_symbols.txt ABSOLUTE
    uECC_curve_b                             0x07f1ef21   Thumb Code     0  da14531_symbols.txt ABSOLUTE
    uECC_vli_mod_sqrt                        0x07f1ef25   Thumb Code     0  da14531_symbols.txt ABSOLUTE
    uECC_vli_mmod_fast                       0x07f1ef2b   Thumb Code     0  da14531_symbols.txt ABSOLUTE
    uECC_point_mult                          0x07f1ef31   Thumb Code     0  da14531_symbols.txt ABSOLUTE
    __aeabi_uidiv                            0x07f1f005   Thumb Code     0  da14531_symbols.txt ABSOLUTE
    __aeabi_uidivmod                         0x07f1f005   Thumb Code     0  da14531_symbols.txt ABSOLUTE
    __aeabi_idiv                             0x07f1f031   Thumb Code     0  da14531_symbols.txt ABSOLUTE
    __aeabi_idivmod                          0x07f1f031   Thumb Code     0  da14531_symbols.txt ABSOLUTE
    __aeabi_lmul                             0x07f1f059   Thumb Code     0  da14531_symbols.txt ABSOLUTE
    _ll_mul                                  0x07f1f059   Thumb Code     0  da14531_symbols.txt ABSOLUTE
    rand                                     0x07f1f0d5   Thumb Code     0  da14531_symbols.txt ABSOLUTE
    srand                                    0x07f1f0e7   Thumb Code     0  da14531_symbols.txt ABSOLUTE
    __aeabi_memcpy                           0x07f1f0f9   Thumb Code     0  da14531_symbols.txt ABSOLUTE
    __aeabi_memcpy4                          0x07f1f0f9   Thumb Code     0  da14531_symbols.txt ABSOLUTE
    __aeabi_memcpy8                          0x07f1f0f9   Thumb Code     0  da14531_symbols.txt ABSOLUTE
    __aeabi_memset                           0x07f1f11d   Thumb Code     0  da14531_symbols.txt ABSOLUTE
    __aeabi_memset4                          0x07f1f11d   Thumb Code     0  da14531_symbols.txt ABSOLUTE
    __aeabi_memset8                          0x07f1f11d   Thumb Code     0  da14531_symbols.txt ABSOLUTE
    __aeabi_memclr                           0x07f1f12b   Thumb Code     0  da14531_symbols.txt ABSOLUTE
    __aeabi_memclr4                          0x07f1f12b   Thumb Code     0  da14531_symbols.txt ABSOLUTE
    __aeabi_memclr8                          0x07f1f12b   Thumb Code     0  da14531_symbols.txt ABSOLUTE
    _memset$wrapper                          0x07f1f12f   Thumb Code     0  da14531_symbols.txt ABSOLUTE
    memcmp                                   0x07f1f141   Thumb Code     0  da14531_symbols.txt ABSOLUTE
    __aeabi_uread4                           0x07f1f15b   Thumb Code     0  da14531_symbols.txt ABSOLUTE
    __rt_uread4                              0x07f1f15b   Thumb Code     0  da14531_symbols.txt ABSOLUTE
    _uread4                                  0x07f1f15b   Thumb Code     0  da14531_symbols.txt ABSOLUTE
    __aeabi_uwrite4                          0x07f1f16f   Thumb Code     0  da14531_symbols.txt ABSOLUTE
    __rt_uwrite4                             0x07f1f16f   Thumb Code     0  da14531_symbols.txt ABSOLUTE
    _uwrite4                                 0x07f1f16f   Thumb Code     0  da14531_symbols.txt ABSOLUTE
    __aeabi_llsl                             0x07f1f181   Thumb Code     0  da14531_symbols.txt ABSOLUTE
    _ll_shift_l                              0x07f1f181   Thumb Code     0  da14531_symbols.txt ABSOLUTE
    __ARM_common_switch8                     0x07f1f1a1   Thumb Code     0  da14531_symbols.txt ABSOLUTE
    uart_api                                 0x07f1f1bc   Data           0  da14531_symbols.txt ABSOLUTE
    co_sca2ppm                               0x07f1f1cc   Data           0  da14531_symbols.txt ABSOLUTE
    co_null_bdaddr                           0x07f1f1dc   Data           0  da14531_symbols.txt ABSOLUTE
    co_default_bdaddr                        0x07f1f1e2   Data           0  da14531_symbols.txt ABSOLUTE
    llc_state_handler                        0x07f1f468   Data           0  da14531_symbols.txt ABSOLUTE
    llc_default_handler                      0x07f1f538   Data           0  da14531_symbols.txt ABSOLUTE
    llm_dflt_bdaddr                          0x07f1f550   Data           0  da14531_symbols.txt ABSOLUTE
    llm_debug_private_key                    0x07f1f556   Data           0  da14531_symbols.txt ABSOLUTE
    llm_local_le_states                      0x07f1f588   Data           0  da14531_symbols.txt ABSOLUTE
    llm_state_handler                        0x07f1f770   Data           0  da14531_symbols.txt ABSOLUTE
    llm_default_handler                      0x07f1f7a0   Data           0  da14531_symbols.txt ABSOLUTE
    LLM_AA_CT1                               0x07f1f7a8   Data           0  da14531_symbols.txt ABSOLUTE
    LLM_AA_CT2                               0x07f1f7ab   Data           0  da14531_symbols.txt ABSOLUTE
    ecc_p256_G                               0x07f1f7ad   Data           0  da14531_symbols.txt ABSOLUTE
    gtl_default_state                        0x07f1f800   Data           0  da14531_symbols.txt ABSOLUTE
    gtl_default_handler                      0x07f1f808   Data           0  da14531_symbols.txt ABSOLUTE
    hci_cmd_desc_tab_lk_ctrl                 0x07f1f814   Data           0  da14531_symbols.txt ABSOLUTE
    hci_cmd_desc_tab_ctrl_bb                 0x07f1f838   Data           0  da14531_symbols.txt ABSOLUTE
    hci_cmd_desc_tab_info_par                0x07f1f8b0   Data           0  da14531_symbols.txt ABSOLUTE
    hci_cmd_desc_tab_stat_par                0x07f1f8e0   Data           0  da14531_symbols.txt ABSOLUTE
    hci_cmd_desc_tab_le                      0x07f1f8ec   Data           0  da14531_symbols.txt ABSOLUTE
    hci_cmd_desc_tab_vs                      0x07f1fb38   Data           0  da14531_symbols.txt ABSOLUTE
    rom_hci_cmd_desc_root_tab                0x07f1fc7c   Data           0  da14531_symbols.txt ABSOLUTE
    hci_evt_desc_tab                         0x07f1fcac   Data           0  da14531_symbols.txt ABSOLUTE
    hci_evt_le_desc_tab                      0x07f1fcf4   Data           0  da14531_symbols.txt ABSOLUTE
    attc_handlers                            0x07f1fd64   Data           0  da14531_symbols.txt ABSOLUTE
    atts_handlers                            0x07f1fdd4   Data           0  da14531_symbols.txt ABSOLUTE
    gattc_default_state                      0x07f1fe54   Data           0  da14531_symbols.txt ABSOLUTE
    gattc_default_handler                    0x07f1ff34   Data           0  da14531_symbols.txt ABSOLUTE
    gattm_default_state                      0x07f1ff80   Data           0  da14531_symbols.txt ABSOLUTE
    gattm_default_handler                    0x07f1ffd8   Data           0  da14531_symbols.txt ABSOLUTE
    l2cc_default_state                       0x07f1fff0   Data           0  da14531_symbols.txt ABSOLUTE
    l2cc_default_handler                     0x07f20008   Data           0  da14531_symbols.txt ABSOLUTE
    const_Rb                                 0x07f20029   Data           0  da14531_symbols.txt ABSOLUTE
    const_Zero                               0x07f20039   Data           0  da14531_symbols.txt ABSOLUTE
    gapc_default_state                       0x07f2005c   Data           0  da14531_symbols.txt ABSOLUTE
    gapc_default_handler                     0x07f201ac   Data           0  da14531_symbols.txt ABSOLUTE
    gapm_default_state                       0x07f20248   Data           0  da14531_symbols.txt ABSOLUTE
    gapm_default_handler                     0x07f20330   Data           0  da14531_symbols.txt ABSOLUTE
    l2cc_connor_pkt_format                   0x07f20338   Data           0  da14531_symbols.txt ABSOLUTE
    l2cc_signaling_pkt_format                0x07f20340   Data           0  da14531_symbols.txt ABSOLUTE
    l2cc_security_pkt_format                 0x07f2039c   Data           0  da14531_symbols.txt ABSOLUTE
    l2cc_attribute_pkt_format                0x07f203d8   Data           0  da14531_symbols.txt ABSOLUTE
    smpc_construct_pdu                       0x07f20454   Data           0  da14531_symbols.txt ABSOLUTE
    arch_printf_flush                        0x07f20be5   Thumb Code     0  da14531_symbols.txt ABSOLUTE
    arch_vprintf                             0x07f20c9d   Thumb Code     0  da14531_symbols.txt ABSOLUTE
    arch_printf                              0x07f20cfd   Thumb Code     0  da14531_symbols.txt ABSOLUTE
    arch_puts                                0x07f20d11   Thumb Code     0  da14531_symbols.txt ABSOLUTE
    arch_printf_process                      0x07f20d21   Thumb Code     0  da14531_symbols.txt ABSOLUTE
    nvds_get_func                            0x07f20dcd   Thumb Code     0  da14531_symbols.txt ABSOLUTE
    nvds_init_func                           0x07f20ea9   Thumb Code     0  da14531_symbols.txt ABSOLUTE
    nvds_del_func                            0x07f20ead   Thumb Code     0  da14531_symbols.txt ABSOLUTE
    nvds_put_func                            0x07f20eb1   Thumb Code     0  da14531_symbols.txt ABSOLUTE
    csprng_seed                              0x07f20f49   Thumb Code     0  da14531_symbols.txt ABSOLUTE
    csprng_get_next_uint32                   0x07f20f79   Thumb Code     0  da14531_symbols.txt ABSOLUTE
    trng_acquire                             0x07f21021   Thumb Code     0  da14531_symbols.txt ABSOLUTE
    prf_add_profile_func                     0x07f210d1   Thumb Code     0  da14531_symbols.txt ABSOLUTE
    prf_cleanup_func                         0x07f211b1   Thumb Code     0  da14531_symbols.txt ABSOLUTE
    prf_env_get                              0x07f211f1   Thumb Code     0  da14531_symbols.txt ABSOLUTE
    prf_src_task_get                         0x07f2121d   Thumb Code     0  da14531_symbols.txt ABSOLUTE
    prf_dst_task_get                         0x07f2122d   Thumb Code     0  da14531_symbols.txt ABSOLUTE
    prf_get_id_from_task_func                0x07f21241   Thumb Code     0  da14531_symbols.txt ABSOLUTE
    prf_get_task_from_id_func                0x07f21279   Thumb Code     0  da14531_symbols.txt ABSOLUTE
    prf_reset_func                           0x07f212b1   Thumb Code     0  da14531_symbols.txt ABSOLUTE
    prf_itf_get                              0x07f212fd   Thumb Code     0  da14531_symbols.txt ABSOLUTE
    prf_pack_char_pres_fmt                   0x07f21321   Thumb Code     0  da14531_symbols.txt ABSOLUTE
    prf_pack_date_time                       0x07f2133f   Thumb Code     0  da14531_symbols.txt ABSOLUTE
    prf_unpack_date_time                     0x07f2135f   Thumb Code     0  da14531_symbols.txt ABSOLUTE
    diss_compute_cfg_flag                    0x07f21381   Thumb Code     0  da14531_symbols.txt ABSOLUTE
    diss_handle_to_value                     0x07f21453   Thumb Code     0  da14531_symbols.txt ABSOLUTE
    diss_value_to_handle                     0x07f21483   Thumb Code     0  da14531_symbols.txt ABSOLUTE
    diss_check_val_len                       0x07f214b7   Thumb Code     0  da14531_symbols.txt ABSOLUTE
    diss_prf_itf_get                         0x07f214ed   Thumb Code     0  da14531_symbols.txt ABSOLUTE
    bass_get_att_handle                      0x07f2184b   Thumb Code     0  da14531_symbols.txt ABSOLUTE
    bass_get_att_idx                         0x07f21901   Thumb Code     0  da14531_symbols.txt ABSOLUTE
    bass_exe_operation                       0x07f2196b   Thumb Code     0  da14531_symbols.txt ABSOLUTE
    bass_prf_itf_get                         0x07f21a6d   Thumb Code     0  da14531_symbols.txt ABSOLUTE
    suotar_prf_itf_get                       0x07f22059   Thumb Code     0  da14531_symbols.txt ABSOLUTE
    check_client_char_cfg                    0x07f22355   Thumb Code     0  da14531_symbols.txt ABSOLUTE
    get_value_handle                         0x07f2237f   Thumb Code     0  da14531_symbols.txt ABSOLUTE
    get_cfg_handle                           0x07f223cb   Thumb Code     0  da14531_symbols.txt ABSOLUTE
    custs1_get_att_handle                    0x07f2242d   Thumb Code     0  da14531_symbols.txt ABSOLUTE
    custs1_get_att_idx                       0x07f22449   Thumb Code     0  da14531_symbols.txt ABSOLUTE
    custs1_prf_itf_get                       0x07f22621   Thumb Code     0  da14531_symbols.txt ABSOLUTE
    custs1_init_ccc_values                   0x07f226d3   Thumb Code     0  da14531_symbols.txt ABSOLUTE
    custs1_set_ccc_value                     0x07f2270b   Thumb Code     0  da14531_symbols.txt ABSOLUTE
    gattc_cmp_evt_handler                    0x07f22823   Thumb Code     0  da14531_symbols.txt ABSOLUTE
    custs1_val_set_req_handler               0x07f22837   Thumb Code     0  da14531_symbols.txt ABSOLUTE
    custs1_val_ntf_req_handler               0x07f22857   Thumb Code     0  da14531_symbols.txt ABSOLUTE
    custs1_val_ind_req_handler               0x07f228b3   Thumb Code     0  da14531_symbols.txt ABSOLUTE
    custs1_att_info_rsp_handler              0x07f2290f   Thumb Code     0  da14531_symbols.txt ABSOLUTE
    gattc_read_req_ind_handler               0x07f2294b   Thumb Code     0  da14531_symbols.txt ABSOLUTE
    gattc_att_info_req_ind_handler           0x07f22b57   Thumb Code     0  da14531_symbols.txt ABSOLUTE
    custs1_value_req_rsp_handler             0x07f22b99   Thumb Code     0  da14531_symbols.txt ABSOLUTE
    attm_svc_create_db_128                   0x07f22c19   Thumb Code     0  da14531_symbols.txt ABSOLUTE
    gapm_adv_report_ind_handler_ROM          0x07f23085   Thumb Code     0  da14531_symbols.txt ABSOLUTE
    gapc_security_ind_handler_ROM            0x07f2309f   Thumb Code     0  da14531_symbols.txt ABSOLUTE
    gapc_set_dev_info_req_ind_handler_ROM    0x07f23185   Thumb Code     0  da14531_symbols.txt ABSOLUTE
    gapm_profile_added_ind_handler_ROM       0x07f231c7   Thumb Code     0  da14531_symbols.txt ABSOLUTE
    gapc_param_update_req_ind_handler_ROM    0x07f231f9   Thumb Code     0  da14531_symbols.txt ABSOLUTE
    gapc_le_pkt_size_ind_handler_ROM         0x07f23239   Thumb Code     0  da14531_symbols.txt ABSOLUTE
    gattc_svc_changed_cfg_ind_handler_ROM    0x07f23253   Thumb Code     0  da14531_symbols.txt ABSOLUTE
    gapc_peer_features_ind_handler_ROM       0x07f2326f   Thumb Code     0  da14531_symbols.txt ABSOLUTE
    app_entry_point_handler                  0x07f232a9   Thumb Code     0  da14531_symbols.txt ABSOLUTE
    app_std_process_event                    0x07f232f1   Thumb Code     0  da14531_symbols.txt ABSOLUTE
    app_get_address_type_ROM                 0x07f23335   Thumb Code     0  da14531_symbols.txt ABSOLUTE
    app_fill_random_byte_array_ROM           0x07f23361   Thumb Code     0  da14531_symbols.txt ABSOLUTE
    __aeabi_ldivmod                          0x07f233f3   Thumb Code     0  da14531_symbols.txt ABSOLUTE
    __aeabi_llsr                             0x07f2343f   Thumb Code     0  da14531_symbols.txt ABSOLUTE
    _ll_ushift_r                             0x07f2343f   Thumb Code     0  da14531_symbols.txt ABSOLUTE
    __aeabi_uldivmod                         0x07f23461   Thumb Code     0  da14531_symbols.txt ABSOLUTE
    app_db_init_start                        0x07f234c1   Thumb Code     0  da14531_symbols.txt ABSOLUTE
    app_db_init                              0x07f234dd   Thumb Code     0  da14531_symbols.txt ABSOLUTE
    app_easy_gap_confirm                     0x07f234e9   Thumb Code     0  da14531_symbols.txt ABSOLUTE
    append_device_name                       0x07f23515   Thumb Code     0  da14531_symbols.txt ABSOLUTE
    app_easy_gap_update_adv_data             0x07f23539   Thumb Code     0  da14531_symbols.txt ABSOLUTE
    app_easy_gap_disconnect                  0x07f23581   Thumb Code     0  da14531_symbols.txt ABSOLUTE
    app_easy_gap_advertise_stop              0x07f235bd   Thumb Code     0  da14531_symbols.txt ABSOLUTE
    active_conidx_to_conhdl                  0x07f235d9   Thumb Code     0  da14531_symbols.txt ABSOLUTE
    active_conhdl_to_conidx                  0x07f23605   Thumb Code     0  da14531_symbols.txt ABSOLUTE
    app_timer_set                            0x07f23641   Thumb Code     0  da14531_symbols.txt ABSOLUTE
    app_easy_gap_set_data_packet_length      0x07f2365d   Thumb Code     0  da14531_symbols.txt ABSOLUTE
    get_user_prf_srv_perm                    0x07f23699   Thumb Code     0  da14531_symbols.txt ABSOLUTE
    app_set_prf_srv_perm                     0x07f236c1   Thumb Code     0  da14531_symbols.txt ABSOLUTE
    prf_init_srv_perm                        0x07f236f1   Thumb Code     0  da14531_symbols.txt ABSOLUTE
    app_gattc_svc_changed_cmd_send           0x07f23715   Thumb Code     0  da14531_symbols.txt ABSOLUTE
    blank_otp_bdaddr                         0x07f239e4   Data           0  da14531_symbols.txt ABSOLUTE
    app_default_handler                      0x07f23f58   Data           0  da14531_symbols.txt ABSOLUTE
    gap_cfg_user_var_struct                  0x07f23f60   Data           0  da14531_symbols.txt ABSOLUTE
    __Vectors                                0x07fc0000   Data           4  startup_da14531.o(RESET)
    __Vectors_End                            0x07fc00a0   Data           0  startup_da14531.o(RESET)
    booter_val                               0x07fc00a0   Data           8  otp_cs.o(otp_cs_booter)
    Image$$ER_IROM3$$Base                    0x07fc0110   Number         0  anon$$obj.o ABSOLUTE
    __main                                   0x07fc0111   Thumb Code     0  entry.o(.ARM.Collect$$$$00000000)
    _main_stk                                0x07fc0111   Thumb Code     0  entry2.o(.ARM.Collect$$$$00000001)
    _main_scatterload                        0x07fc0115   Thumb Code     0  entry5.o(.ARM.Collect$$$$00000004)
    __main_after_scatterload                 0x07fc0119   Thumb Code     0  entry5.o(.ARM.Collect$$$$00000004)
    _main_clock                              0x07fc0119   Thumb Code     0  entry7b.o(.ARM.Collect$$$$00000008)
    _main_cpp_init                           0x07fc0119   Thumb Code     0  entry8b.o(.ARM.Collect$$$$0000000A)
    _main_init                               0x07fc0119   Thumb Code     0  entry9a.o(.ARM.Collect$$$$0000000B)
    __rt_final_cpp                           0x07fc0121   Thumb Code     0  entry10a.o(.ARM.Collect$$$$0000000D)
    __rt_final_exit                          0x07fc0121   Thumb Code     0  entry11a.o(.ARM.Collect$$$$0000000F)
    SystemInit                               0x07fc0125   Thumb Code   100  system_da14531.o(.text)
    Reset_Handler                            0x07fc01b9   Thumb Code     8  startup_da14531.o(.text)
    SVC_Handler                              0x07fc01f1   Thumb Code     2  startup_da14531.o(.text)
    PendSV_Handler                           0x07fc01f3   Thumb Code     2  startup_da14531.o(.text)
    BLE_RF_DIAG_Handler                      0x07fc01f7   Thumb Code     0  startup_da14531.o(.text)
    DMA_Handler                              0x07fc01f7   Thumb Code     0  startup_da14531.o(.text)
    KEYBRD_Handler                           0x07fc01f7   Thumb Code     0  startup_da14531.o(.text)
    RESERVED21_Handler                       0x07fc01f7   Thumb Code     0  startup_da14531.o(.text)
    RESERVED22_Handler                       0x07fc01f7   Thumb Code     0  startup_da14531.o(.text)
    RESERVED23_Handler                       0x07fc01f7   Thumb Code     0  startup_da14531.o(.text)
    RFCAL_Handler                            0x07fc01f7   Thumb Code     0  startup_da14531.o(.text)
    RTC_Handler                              0x07fc01f7   Thumb Code     0  startup_da14531.o(.text)
    SPI_Handler                              0x07fc01f7   Thumb Code     0  startup_da14531.o(.text)
    SWTIM1_Handler                           0x07fc01f7   Thumb Code     0  startup_da14531.o(.text)
    SWTIM_Handler                            0x07fc01f7   Thumb Code     0  startup_da14531.o(.text)
    XTAL32M_RDY_Handler                      0x07fc01f7   Thumb Code     0  startup_da14531.o(.text)
    HardFault_HandlerC                       0x07fc0209   Thumb Code   134  hardfault_handler.o(.text)
    NMI_HandlerC                             0x07fc02a1   Thumb Code   172  nmi_handler.o(.text)
    main                                     0x07fc038d   Thumb Code   184  arch_main.o(.text)
    crypto_init_func                         0x07fc0699   Thumb Code     2  jump_table.o(.text)
    ba431_get_rand_func                      0x07fc069b   Thumb Code    24  jump_table.o(.text)
    dia_rand_func                            0x07fc06b3   Thumb Code     8  jump_table.o(.text)
    dia_srand_func                           0x07fc06bb   Thumb Code     8  jump_table.o(.text)
    dbg_init_func_empty                      0x07fc06c3   Thumb Code     2  jump_table.o(.text)
    dbg_platform_reset_complete_func_empty   0x07fc06c5   Thumb Code     2  jump_table.o(.text)
    smpm_ecdh_key_create_func_empty          0x07fc06c7   Thumb Code     2  jump_table.o(.text)
    platform_reset_func                      0x07fc06c9   Thumb Code    28  jump_table.o(.text)
    arch_disable_sleep                       0x07fc06e9   Thumb Code    26  arch_sleep.o(.text)
    arch_set_extended_sleep                  0x07fc0703   Thumb Code    46  arch_sleep.o(.text)
    arch_set_sleep_mode                      0x07fc0731   Thumb Code    24  arch_sleep.o(.text)
    arch_get_sleep_mode                      0x07fc0749   Thumb Code    26  arch_sleep.o(.text)
    arch_restore_sleep_mode                  0x07fc0763   Thumb Code    72  arch_sleep.o(.text)
    arch_force_active_mode                   0x07fc07ab   Thumb Code    30  arch_sleep.o(.text)
    arch_ble_ext_wakeup_get                  0x07fc07c9   Thumb Code     6  arch_sleep.o(.text)
    arch_ble_force_wakeup                    0x07fc07cf   Thumb Code    46  arch_sleep.o(.text)
    read_rcx_freq                            0x07fc080d   Thumb Code    80  arch_system.o(.text)
    calibrate_rcx20                          0x07fc085d   Thumb Code    28  arch_system.o(.text)
    init_pwr_and_clk_ble                     0x07fc0879   Thumb Code   160  arch_system.o(.text)
    lld_sleep_lpcycles_2_us_rcx_func         0x07fc0919   Thumb Code    32  arch_system.o(.text)
    lld_sleep_lpcycles_2_us_sel_func         0x07fc0939   Thumb Code     2  arch_system.o(.text)
    lld_sleep_us_2_lpcycles_rcx_func         0x07fc093b   Thumb Code    20  arch_system.o(.text)
    lld_sleep_us_2_lpcycles_sel_func         0x07fc094f   Thumb Code     2  arch_system.o(.text)
    set_sleep_delay                          0x07fc0951   Thumb Code    66  arch_system.o(.text)
    conditionally_run_radio_cals             0x07fc0993   Thumb Code   134  arch_system.o(.text)
    app_use_lower_clocks_check               0x07fc0a19   Thumb Code     4  arch_system.o(.text)
    lld_sleep_init_func                      0x07fc0a1d   Thumb Code    26  arch_system.o(.text)
    set_xtal32m_trim_value                   0x07fc0a37   Thumb Code    82  arch_system.o(.text)
    system_init                              0x07fc0a89   Thumb Code   598  arch_system.o(.text)
    arch_rom_init                            0x07fc0cf5   Thumb Code   212  arch_rom.o(.text)
    otp_cs_store                             0x07fc0e51   Thumb Code   524  otp_cs.o(.text)
    otp_cs_load_pd_rad                       0x07fc105d   Thumb Code    94  otp_cs.o(.text)
    otp_cs_load_pd_adpll                     0x07fc10bb   Thumb Code    70  otp_cs.o(.text)
    otp_cs_get_adc_trim_val                  0x07fc1101   Thumb Code     6  otp_cs.o(.text)
    otp_cs_get_adc_25_cal                    0x07fc1107   Thumb Code     6  otp_cs.o(.text)
    otp_cs_get_xtal32m_trim_value            0x07fc110d   Thumb Code     6  otp_cs.o(.text)
    otp_cs_get_xtal_wait_trim                0x07fc1113   Thumb Code     6  otp_cs.o(.text)
    otp_hdr_get_bd_address                   0x07fc1165   Thumb Code    12  otp_hdr.o(.text)
    syscntl_use_lowest_amba_clocks           0x07fc1175   Thumb Code    22  syscntl.o(.text)
    syscntl_use_highest_amba_clocks          0x07fc118b   Thumb Code    22  syscntl.o(.text)
    syscntl_cfg_xtal32m_amp_reg              0x07fc11a1   Thumb Code    18  syscntl.o(.text)
    syscntl_dcdc_get_level                   0x07fc11ed   Thumb Code    20  syscntl.o(.text)
    syscntl_dcdc_set_level                   0x07fc1201   Thumb Code    36  syscntl.o(.text)
    syscntl_dcdc_turn_on_in_boost            0x07fc1225   Thumb Code    86  syscntl.o(.text)
    GPIO_init                                0x07fc128d   Thumb Code   166  gpio.o(.text)
    GPIO_SetPinFunction                      0x07fc1333   Thumb Code    60  gpio.o(.text)
    GPIO_SetInactive                         0x07fc136f   Thumb Code    54  gpio.o(.text)
    GPIO_SetActive                           0x07fc13a5   Thumb Code    54  gpio.o(.text)
    GPIO_ConfigurePin                        0x07fc13db   Thumb Code    78  gpio.o(.text)
    GPIO_ResetIRQ                            0x07fc1429   Thumb Code    32  gpio.o(.text)
    GPIOn_Handler                            0x07fc1449   Thumb Code    54  gpio.o(.text)
    GPIO0_Handler                            0x07fc147f   Thumb Code     4  gpio.o(.text)
    GPIO1_Handler                            0x07fc1483   Thumb Code     4  gpio.o(.text)
    GPIO2_Handler                            0x07fc1487   Thumb Code     4  gpio.o(.text)
    GPIO3_Handler                            0x07fc148b   Thumb Code     4  gpio.o(.text)
    GPIO4_Handler                            0x07fc148f   Thumb Code     4  gpio.o(.text)
    WKUP_QUADEC_Handler                      0x07fc1505   Thumb Code   142  wkupct_quadec.o(.text)
    wkupct_enable_irq                        0x07fc1593   Thumb Code    74  wkupct_quadec.o(.text)
    wkupct_register_callback                 0x07fc15dd   Thumb Code     6  wkupct_quadec.o(.text)
    adc_temp_sensor_disable                  0x07fc160d   Thumb Code    14  adc_531.o(.text)
    adc_temp_sensor_enable                   0x07fc161b   Thumb Code    22  adc_531.o(.text)
    adc_set_diff_input                       0x07fc1631   Thumb Code    14  adc_531.o(.text)
    adc_set_se_input                         0x07fc163f   Thumb Code    16  adc_531.o(.text)
    adc_enable                               0x07fc174b   Thumb Code    12  adc_531.o(.text)
    adc_init                                 0x07fc1757   Thumb Code    54  adc_531.o(.text)
    adc_start                                0x07fc178d   Thumb Code    12  adc_531.o(.text)
    ADC_Handler                              0x07fc1799   Thumb Code    18  adc_531.o(.text)
    adc_get_temp                             0x07fc17ab   Thumb Code    64  adc_531.o(.text)
    init_rand_seed_from_trng                 0x07fc1821   Thumb Code   114  trng.o(.text)
    SysTick_Handler                          0x07fc18a5   Thumb Code    12  systick.o(.text)
    UART2_Handler                            0x07fc1939   Thumb Code    10  uart.o(.text)
    uart_enable                              0x07fc1943   Thumb Code    48  uart.o(.text)
    uart_baudrate_setf                       0x07fc1973   Thumb Code    50  uart.o(.text)
    uart_register_tx_cb                      0x07fc19a5   Thumb Code    22  uart.o(.text)
    uart_initialize                          0x07fc19bb   Thumb Code   166  uart.o(.text)
    uart_write_byte                          0x07fc1a61   Thumb Code    14  uart.o(.text)
    uart_write_buffer                        0x07fc1a6f   Thumb Code    30  uart.o(.text)
    uart_send                                0x07fc1a8d   Thumb Code   112  uart.o(.text)
    uart_wait_tx_finish                      0x07fc1afd   Thumb Code    12  uart.o(.text)
    hw_otpc_enter_mode                       0x07fc1c7f   Thumb Code    76  hw_otpc_531.o(.text)
    hw_otpc_is_dcdc_reserved                 0x07fc1ccb   Thumb Code     6  hw_otpc_531.o(.text)
    hw_otpc_clear_dcdc_reserved              0x07fc1cd1   Thumb Code     8  hw_otpc_531.o(.text)
    hw_otpc_set_speed                        0x07fc1cd9   Thumb Code    28  hw_otpc_531.o(.text)
    hw_otpc_init                             0x07fc1cf5   Thumb Code    96  hw_otpc_531.o(.text)
    hw_otpc_disable                          0x07fc1d55   Thumb Code   110  hw_otpc_531.o(.text)
    i2c_setup_slave                          0x07fc1de1   Thumb Code    44  i2c.o(.text)
    i2c_setup_master                         0x07fc1e0d   Thumb Code    68  i2c.o(.text)
    i2c_init                                 0x07fc1e51   Thumb Code   204  i2c.o(.text)
    i2c_master_transmit_buffer_sync          0x07fc1f1d   Thumb Code   114  i2c.o(.text)
    i2c_register_int                         0x07fc1f8f   Thumb Code    12  i2c.o(.text)
    i2c_unregister_int                       0x07fc1f9b   Thumb Code    18  i2c.o(.text)
    i2c_master_receive_buffer_async          0x07fc204b   Thumb Code    36  i2c.o(.text)
    I2C_Handler                              0x07fc206f   Thumb Code    28  i2c.o(.text)
    lld_sleep_compensate_func                0x07fc20b5   Thumb Code    82  rwble.o(.text)
    power_up                                 0x07fc2107   Thumb Code    70  rwble.o(.text)
    BLE_WAKEUP_LP_Handler                    0x07fc214d   Thumb Code    58  rwble.o(.text)
    rwble_isr                                0x07fc2187   Thumb Code   224  rwble.o(.text)
    patched_ble_regs_push                    0x07fc2291   Thumb Code    16  rwip.o(.text)
    patched_ble_regs_pop                     0x07fc22a1   Thumb Code    16  rwip.o(.text)
    rwip_sleep                               0x07fc22b1   Thumb Code   378  rwip.o(.text)
    rf_reg_rd                                0x07fc2471   Thumb Code     4  ble_arp.o(.text)
    rf_reg_wr                                0x07fc2475   Thumb Code     2  ble_arp.o(.text)
    rf_init_func                             0x07fc2511   Thumb Code   158  ble_arp.o(.text)
    rf_reinit_func                           0x07fc25af   Thumb Code    88  ble_arp.o(.text)
    ble_init_arp_func                        0x07fc2607   Thumb Code    36  ble_arp.o(.text)
    rf_recalibration                         0x07fc262b   Thumb Code    32  ble_arp.o(.text)
    set_recommended_settings                 0x07fc2741   Thumb Code   410  rf_531.o(.text)
    dis_adpll                                0x07fc28db   Thumb Code    46  rf_531.o(.text)
    kdtc_cal_end                             0x07fc2909   Thumb Code    74  rf_531.o(.text)
    dis_kdtc_cal                             0x07fc2953   Thumb Code    12  rf_531.o(.text)
    en_adpll_tx                              0x07fc295f   Thumb Code    58  rf_531.o(.text)
    dis_hclk                                 0x07fc2999   Thumb Code    22  rf_531.o(.text)
    en_kdtc_cal_mod0                         0x07fc29af   Thumb Code    22  rf_531.o(.text)
    kdtc_cal_init                            0x07fc29c5   Thumb Code    98  rf_531.o(.text)
    kdtc_calibration                         0x07fc2a27   Thumb Code   402  rf_531.o(.text)
    rf_calibration                           0x07fc2bb9   Thumb Code     2  rf_531.o(.text)
    rf_power_up                              0x07fc2bbb   Thumb Code     2  rf_531.o(.text)
    rf_adplldig_activate                     0x07fc2bbd   Thumb Code    38  rf_531.o(.text)
    rf_adplldig_deactivate                   0x07fc2be3   Thumb Code    12  rf_531.o(.text)
    rf_pa_pwr_set                            0x07fc2bef   Thumb Code     6  rf_531.o(.text)
    rf_pa_pwr_get                            0x07fc2bf5   Thumb Code     6  rf_531.o(.text)
    rf_nfm_is_enabled                        0x07fc2bfb   Thumb Code     6  rf_531.o(.text)
    prf_init_func                            0x07fc2d3d   Thumb Code    96  prf.o(.text)
    prf_create_func                          0x07fc2d9d   Thumb Code    54  prf.o(.text)
    default_app_on_init                      0x07fc2ddd   Thumb Code    18  app_default_handlers.o(.text)
    default_app_on_connection                0x07fc2def   Thumb Code    28  app_default_handlers.o(.text)
    default_app_on_disconnect                0x07fc2e0b   Thumb Code     8  app_default_handlers.o(.text)
    default_app_on_set_dev_config_complete   0x07fc2e13   Thumb Code    16  app_default_handlers.o(.text)
    default_app_on_db_init_complete          0x07fc2e23   Thumb Code     8  app_default_handlers.o(.text)
    default_app_on_get_dev_name              0x07fc2e2b   Thumb Code    18  app_default_handlers.o(.text)
    default_app_on_get_dev_appearance        0x07fc2e3d   Thumb Code     8  app_default_handlers.o(.text)
    default_app_on_get_dev_slv_pref_params   0x07fc2e45   Thumb Code    18  app_default_handlers.o(.text)
    default_app_on_set_dev_info              0x07fc2e57   Thumb Code    46  app_default_handlers.o(.text)
    default_app_update_params_request        0x07fc2e85   Thumb Code    12  app_default_handlers.o(.text)
    default_app_generate_static_random_addr  0x07fc2e91   Thumb Code    48  app_default_handlers.o(.text)
    default_app_on_pairing_request           0x07fc2ec1   Thumb Code     8  app_default_handlers.o(.text)
    default_app_on_tk_exch                   0x07fc2ec9   Thumb Code    48  app_default_handlers.o(.text)
    default_app_on_ltk_exch                  0x07fc2ef9   Thumb Code    24  app_default_handlers.o(.text)
    app_db_init_next                         0x07fc2f4d   Thumb Code   164  app.o(.text)
    app_prf_enable                           0x07fc2ff1   Thumb Code   136  app.o(.text)
    app_init                                 0x07fc3123   Thumb Code    72  app.o(.text)
    app_easy_gap_undirected_advertise_start  0x07fc316b   Thumb Code    26  app.o(.text)
    app_easy_gap_dev_configure               0x07fc3185   Thumb Code    18  app.o(.text)
    app_gap_process_handler                  0x07fc3369   Thumb Code    24  app_task.o(.text)
    app_sec_gen_ltk                          0x07fc3395   Thumb Code    54  app_security.o(.text)
    app_sec_process_handler                  0x07fc34c9   Thumb Code    24  app_security_task.o(.text)
    app_dis_init                             0x07fc34ed   Thumb Code     2  app_diss.o(.text)
    app_diss_create_db                       0x07fc34ef   Thumb Code    54  app_diss.o(.text)
    app_diss_process_handler                 0x07fc359d   Thumb Code    24  app_diss_task.o(.text)
    app_check_BLE_active                     0x07fc3609   Thumb Code    36  app_msg_utils.o(.text)
    app_msg_utils_api_process_handler        0x07fc3631   Thumb Code    50  app_easy_msg_utils.o(.text)
    app_easy_security_send_pairing_rsp       0x07fc36b3   Thumb Code    22  app_easy_security.o(.text)
    app_easy_security_tk_exch                0x07fc36f1   Thumb Code    58  app_easy_security.o(.text)
    app_easy_security_ltk_exch               0x07fc3757   Thumb Code    24  app_easy_security.o(.text)
    app_easy_security_set_ltk_exch_from_sec_env 0x07fc376f   Thumb Code    52  app_easy_security.o(.text)
    app_timer_api_process_handler            0x07fc37f1   Thumb Code   172  app_easy_timer.o(.text)
    custs_get_func_callbacks                 0x07fc3909   Thumb Code    34  app_customs.o(.text)
    app_custs1_create_db                     0x07fc392b   Thumb Code    54  app_customs.o(.text)
    app_custs1_process_handler               0x07fc3969   Thumb Code    24  app_customs_task.o(.text)
    app_fill_random_byte_array               0x07fc3981   Thumb Code    12  app_utils.o(.text)
    GPIO_reservations                        0x07fc398d   Thumb Code   220  user_periph_setup.o(.text)
    set_pad_functions                        0x07fc3a69   Thumb Code    96  user_periph_setup.o(.text)
    periph_init                              0x07fc3ac9   Thumb Code    44  user_periph_setup.o(.text)
    accel_lis2dh_start_acquisition           0x07fc3b0d   Thumb Code    22  accel_lis2dh_impl.o(.text)
    accel_lis2dh_handle_watermark_int1       0x07fc3b23   Thumb Code    16  accel_lis2dh_impl.o(.text)
    accel_lis2dh_prepare_int1_pin            0x07fc3b33   Thumb Code    26  accel_lis2dh_impl.o(.text)
    accel_lis2dh_init                        0x07fc3b4d   Thumb Code    24  accel_lis2dh_impl.o(.text)
    accel_lis2dh_on                          0x07fc3b65   Thumb Code   116  accel_lis2dh_impl.o(.text)
    i2c_accel_read_reg                       0x07fc3bdd   Thumb Code    94  i2c_impl.o(.text)
    i2c_accel_write_reg                      0x07fc3c3b   Thumb Code    70  i2c_impl.o(.text)
    i2c_accel_read_fifo                      0x07fc3c81   Thumb Code    92  i2c_impl.o(.text)
    i2c_accel_set_cb                         0x07fc3cdd   Thumb Code     6  i2c_impl.o(.text)
    LIS2DH_ReadRegN                          0x07fc3ced   Thumb Code     8  lis2dh_driver.o(.text)
    LIS2DH_ReadReg                           0x07fc3cf5   Thumb Code     8  lis2dh_driver.o(.text)
    LIS2DH_WriteReg                          0x07fc3cfd   Thumb Code     8  lis2dh_driver.o(.text)
    LIS2DH_GetWHO_AM_I                       0x07fc3d05   Thumb Code    18  lis2dh_driver.o(.text)
    LIS2DH_SetODR                            0x07fc3d17   Thumb Code    48  lis2dh_driver.o(.text)
    LIS2DH_SetMode                           0x07fc3d47   Thumb Code   152  lis2dh_driver.o(.text)
    LIS2DH_SetAxis                           0x07fc3ddf   Thumb Code    48  lis2dh_driver.o(.text)
    LIS2DH_SetFullScale                      0x07fc3e0f   Thumb Code    48  lis2dh_driver.o(.text)
    LIS2DH_SetInt1Pin                        0x07fc3e3f   Thumb Code    36  lis2dh_driver.o(.text)
    LIS2DH_Int1LatchEnable                   0x07fc3e63   Thumb Code    48  lis2dh_driver.o(.text)
    LIS2DH_ResetInt1Latch                    0x07fc3e93   Thumb Code    18  lis2dh_driver.o(.text)
    LIS2DH_FIFOModeEnable                    0x07fc3ea5   Thumb Code   330  lis2dh_driver.o(.text)
    LIS2DH_SetTriggerInt                     0x07fc3fef   Thumb Code    48  lis2dh_driver.o(.text)
    LIS2DH_SetWaterMark                      0x07fc401f   Thumb Code    52  lis2dh_driver.o(.text)
    LIS2DH_GetAccAxesRawBurst                0x07fc4053   Thumb Code    24  lis2dh_driver.o(.text)
    LIS2DH_GetFifoSourceFSS                  0x07fc406b   Thumb Code    32  lis2dh_driver.o(.text)
    user_on_connection                       0x07fc40af   Thumb Code     8  user_lis2dh_app.o(.text)
    user_on_disconnect                       0x07fc40b7   Thumb Code     8  user_lis2dh_app.o(.text)
    user_app_on_set_dev_config_complete      0x07fc40bf   Thumb Code    38  user_lis2dh_app.o(.text)
    user_main_hook                           0x07fc4147   Thumb Code    86  user_lis2dh_app.o(.text)
    JT_lld_test_mode_rx_func                 0x07fc41ed   Thumb Code   142  patch.o(.text)
    JT_l2cc_pdu_unpack_func                  0x07fc427b   Thumb Code   786  patch.o(.text)
    JT_l2cc_pdu_recv_ind_handler_func        0x07fc458d   Thumb Code    72  patch.o(.text)
    PATCHED_llm_con_req_ind                  0x07fc45d5   Thumb Code   816  patch.o(.text)
    PATCHED_smpc_recv_public_key_exchange_pdu 0x07fc4a15   Thumb Code   106  patch.o(.text)
    PATCHED_llc_data_ind_handler             0x07fc4a7f   Thumb Code   176  patch.o(.text)
    PATCHED_llcp_length_req_handler          0x07fc4b2f   Thumb Code   118  patch.o(.text)
    PATCHED_llcp_length_rsp_handler          0x07fc4ba5   Thumb Code   134  patch.o(.text)
    JT_llc_le_length_effective_func          0x07fc4c2b   Thumb Code   188  patch.o(.text)
    lld_drop_packet_fix                      0x07fc4ce7   Thumb Code    64  patch.o(.text)
    PATCHED_lld_data_ind_handler             0x07fc4d27   Thumb Code    58  patch.o(.text)
    patch_func                               0x07fc4d61   Thumb Code    44  patch.o(.text)
    patch_global_vars_init                   0x07fc4d8d   Thumb Code     2  patch.o(.text)
    __scatterload                            0x07fc4dbd   Thumb Code    28  init.o(.text)
    __scatterload_rt2                        0x07fc4dbd   Thumb Code     0  init.o(.text)
    __ARM_common_ll_muluu                    0x07fc4de1   Thumb Code    48  arch_system.o(i.__ARM_common_ll_muluu)
    __scatterload_copy                       0x07fc4e11   Thumb Code    14  handlers.o(i.__scatterload_copy)
    __scatterload_null                       0x07fc4e1f   Thumb Code     2  handlers.o(i.__scatterload_null)
    __scatterload_zeroinit                   0x07fc4e21   Thumb Code    14  handlers.o(i.__scatterload_zeroinit)
    rom_console_cfg                          0x07fc4e30   Data          36  arch_console.o(.constdata)
    rom_nvds_cfg                             0x07fc4e64   Data           8  nvds.o(.constdata)
    rom_func_addr_table_var                  0x07fc4e6c   Data         380  jump_table.o(.constdata)
    rom_cfg_table_var                        0x07fc4fe8   Data         236  jump_table.o(.constdata)
    my_custom_msg_handlers                   0x07fc50e4   Data          40  arch_rom.o(.constdata)
    arp_init_table                           0x07fc516c   Data         112  ble_arp.o(.constdata)
    rom_cust_prf_cfg                         0x07fc51dc   Data          16  custs1.o(.constdata)
    custs1_default_state                     0x07fc51ec   Data          72  custs1_task.o(.constdata)
    custs1_default_handler                   0x07fc5234   Data           8  custs1_task.o(.constdata)
    prf_if                                   0x07fc523c   Data          24  prf.o(.constdata)
    rom_prf_cfg                              0x07fc5254   Data          12  prf.o(.constdata)
    prf_funcs                                0x07fc527c   Data          24  app.o(.constdata)
    app_process_handlers                     0x07fc53ec   Data          28  app_entry_point.o(.constdata)
    rom_app_task_cfg                         0x07fc5408   Data          32  app_entry_point.o(.constdata)
    cust_prf_funcs                           0x07fc5430   Data          56  user_custs_config.o(.constdata)
    custs1_services                          0x07fc5560   Data           4  user_custs1_def.o(.constdata)
    custs1_services_size                     0x07fc5564   Data           1  user_custs1_def.o(.constdata)
    custs1_att_db                            0x07fc5568   Data         900  user_custs1_def.o(.constdata)
    Region$$Table$$Base                      0x07fc59fc   Number         0  anon$$obj.o(Region$$Table)
    Region$$Table$$Limit                     0x07fc5a1c   Number         0  anon$$obj.o(Region$$Table)
    pa_en_dcf_tx_setting                     0x07fc5a1c   Data           1  rf_531.o(.data)
    i2c_cfg                                  0x07fc5a1e   Data          16  user_periph_setup.o(.data)
    otp_hdr_timestamp                        0x07fc5b30   Data           4  arch_system.o(.bss)
    twirq_set_value                          0x07fc5b34   Data           4  arch_system.o(.bss)
    twirq_reset_value                        0x07fc5b38   Data           4  arch_system.o(.bss)
    syscntl_dcdc_state                       0x07fc5b40   Data           2  syscntl.o(.bss)
    twext_value                              0x07fc5b88   Data           4  rwip.o(.bss)
    calibration_res                          0x07fc5b90   Data          42  rf_531.o(.bss)
    __initial_sp                             0x07fc61c0   Data           0  startup_da14531.o(STACK)
    heap_mem_area_not_ret$$Base              0x07fc61c0   Number         0  jump_table.o(heap_mem_area_not_ret)
    rwip_heap_non_ret                        0x07fc61c0   Data        1036  jump_table.o(heap_mem_area_not_ret)
    Image$$RET_DATA_UNINIT$$Base             0x07fc8bc0   Number         0  anon$$obj.o ABSOLUTE
    sys_startup_flag                         0x07fc8bd8   Data           1  arch_system.o(retention_mem_area0)
    last_temp                                0x07fc8bd9   Data           1  arch_system.o(retention_mem_area0)
    rcx_cal_in_progress                      0x07fc8bda   Data           1  arch_system.o(retention_mem_area0)
    clk_freq_trim_reg_value                  0x07fc8bdc   Data           2  arch_system.o(retention_mem_area0)
    arch_wkupct_deb_time                     0x07fc8bde   Data           2  arch_system.o(retention_mem_area0)
    xtal_wait_trim                           0x07fc8be0   Data           2  arch_system.o(retention_mem_area0)
    last_temp_time                           0x07fc8be8   Data           4  arch_system.o(retention_mem_area0)
    lp_clk_sel                               0x07fc8bec   Data           4  arch_system.o(retention_mem_area0)
    rcx_freq                                 0x07fc8bf0   Data           4  arch_system.o(retention_mem_area0)
    rcx_period                               0x07fc8bf4   Data           4  arch_system.o(retention_mem_area0)
    dev_bdaddr                               0x07fc8bf8   Data           6  arch_system.o(retention_mem_area0)
    rcx_slot_duration                        0x07fc8c00   Data           8  arch_system.o(retention_mem_area0)
    heap_log                                 0x07fc8c08   Data           2  arch_rom.o(retention_mem_area0)
    GPIO_status                              0x07fc8c68   Data           8  gpio.o(retention_mem_area0)
    GPIO                                     0x07fc8c70   Data          48  gpio.o(retention_mem_area0)
    GPIOHandlerFunction                      0x07fc8ca0   Data          20  gpio.o(retention_mem_area0)
    callback_function                        0x07fc8cc4   Data           4  systick.o(retention_mem_area0)
    arch_rwble_last_event                    0x07fc8d0c   Data           1  rwble.o(retention_mem_area0)
    ble_finetim_corr                         0x07fc8d10   Data           4  rwble.o(retention_mem_area0)
    sleep_lp_cycles                          0x07fc8d14   Data           4  rwip.o(retention_mem_area0)
    retained_BLE_EM_BASE_REG                 0x07fc8d18   Data           4  rwip.o(retention_mem_area0)
    slp_period_retained                      0x07fc8d1c   Data           4  rwip.o(retention_mem_area0)
    prf_env                                  0x07fc8d28   Data          48  prf.o(retention_mem_area0)
    app_env                                  0x07fc8d70   Data          12  app.o(retention_mem_area0)
    device_info                              0x07fc8d7c   Data          36  app.o(retention_mem_area0)
    app_prf_srv_perm                         0x07fc8da0   Data          20  app.o(retention_mem_area0)
    app_state                                0x07fc8db4   Data           1  app_task.o(retention_mem_area0)
    app_sec_env                              0x07fc8db6   Data         122  app_security.o(retention_mem_area0)
    accel_config                             0x07fc8eb0   Data          12  accel_lis2dh_impl.o(retention_mem_area0)
    i2c_cb                                   0x07fc8ebc   Data           4  i2c_impl.o(retention_mem_area0)
    app_accel_env                            0x07fc8ec0   Data         202  user_lis2dh_app.o(retention_mem_area0)
    lld_force_timeout_refresh                0x07fc8f8a   Data           3  patch.o(retention_mem_area0)
    heap_db_area$$Base                       0x07fc8f90   Number         0  jump_table.o(heap_db_area)
    rwip_heap_db_ret                         0x07fc8f90   Data        1036  jump_table.o(heap_db_area)
    rwip_heap_env_ret                        0x07fc939c   Data         696  jump_table.o(heap_env_area)
    rwip_heap_msg_ret                        0x07fc9654   Data        1404  jump_table.o(heap_msg_area)
    dummy                                    0x07fc9c00   Data           0  da14531_symbols.txt ABSOLUTE
    trng_state_val                           0x07fcb89c   Data           4  trng.o(trng_state)
    ble_wakeup_executed                      0x07fcb900   Data           0  da14531_symbols.txt ABSOLUTE
    rf_in_sleep                              0x07fcb901   Data           0  da14531_symbols.txt ABSOLUTE
    custom_preinit                           0x07fcb904   Data           0  da14531_symbols.txt ABSOLUTE
    custom_postinit                          0x07fcb908   Data           0  da14531_symbols.txt ABSOLUTE
    custom_appinit                           0x07fcb90c   Data           0  da14531_symbols.txt ABSOLUTE
    custom_preloop                           0x07fcb910   Data           0  da14531_symbols.txt ABSOLUTE
    custom_preschedule                       0x07fcb914   Data           0  da14531_symbols.txt ABSOLUTE
    custom_postschedule                      0x07fcb918   Data           0  da14531_symbols.txt ABSOLUTE
    custom_postschedule_async                0x07fcb91c   Data           0  da14531_symbols.txt ABSOLUTE
    custom_presleepcheck                     0x07fcb920   Data           0  da14531_symbols.txt ABSOLUTE
    custom_appsleepset                       0x07fcb924   Data           0  da14531_symbols.txt ABSOLUTE
    custom_postsleepcheck                    0x07fcb928   Data           0  da14531_symbols.txt ABSOLUTE
    custom_presleepenter                     0x07fcb92c   Data           0  da14531_symbols.txt ABSOLUTE
    custom_postsleepexit                     0x07fcb930   Data           0  da14531_symbols.txt ABSOLUTE
    custom_prewakeup                         0x07fcb934   Data           0  da14531_symbols.txt ABSOLUTE
    custom_postwakeup                        0x07fcb938   Data           0  da14531_symbols.txt ABSOLUTE
    custom_preidlecheck                      0x07fcb93c   Data           0  da14531_symbols.txt ABSOLUTE
    custom_pti_set                           0x07fcb940   Data           0  da14531_symbols.txt ABSOLUTE
    REG_BLE_EM_TX_BUFFER_SIZE                0x07fcb944   Data           0  da14531_symbols.txt ABSOLUTE
    REG_BLE_EM_RX_BUFFER_SIZE                0x07fcb948   Data           0  da14531_symbols.txt ABSOLUTE
    _ble_base                                0x07fcb94c   Data           0  da14531_symbols.txt ABSOLUTE
    gap_cfg_user                             0x07fcb950   Data           0  da14531_symbols.txt ABSOLUTE
    rom_func_addr_table                      0x07fcb954   Data           0  da14531_symbols.txt ABSOLUTE
    rom_cfg_table                            0x07fcb958   Data           0  da14531_symbols.txt ABSOLUTE
    BLE_TX_DESC_DATA_USER                    0x07fcb95c   Data           0  da14531_symbols.txt ABSOLUTE
    BLE_TX_DESC_CNTL_USER                    0x07fcb960   Data           0  da14531_symbols.txt ABSOLUTE
    LLM_LE_ADV_DUMMY_IDX                     0x07fcb964   Data           0  da14531_symbols.txt ABSOLUTE
    LLM_LE_SCAN_CON_REQ_ADV_DIR_IDX          0x07fcb968   Data           0  da14531_symbols.txt ABSOLUTE
    LLM_LE_SCAN_RSP_IDX                      0x07fcb96c   Data           0  da14531_symbols.txt ABSOLUTE
    LLM_LE_ADV_IDX                           0x07fcb970   Data           0  da14531_symbols.txt ABSOLUTE
    length_exchange_needed                   0x07fcb974   Data           0  da14531_symbols.txt ABSOLUTE
    enh_con_cmp_cnt                          0x07fcb978   Data           0  da14531_symbols.txt ABSOLUTE
    rx_pkt_cnt                               0x07fcb980   Data           0  da14531_symbols.txt ABSOLUTE
    rx_pkt_cnt_bad                           0x07fcb984   Data           0  da14531_symbols.txt ABSOLUTE
    rx_pkt_cnt_bad_adv                       0x07fcb988   Data           0  da14531_symbols.txt ABSOLUTE
    rx_pkt_cnt_bad_scn                       0x07fcb98c   Data           0  da14531_symbols.txt ABSOLUTE
    rx_pkt_cnt_bad_oth                       0x07fcb990   Data           0  da14531_symbols.txt ABSOLUTE
    rx_pkt_cnt_bad_wo_sync_err               0x07fcb994   Data           0  da14531_symbols.txt ABSOLUTE
    rx_pkt_cnt_bad_con                       0x07fcb998   Data           0  da14531_symbols.txt ABSOLUTE
    connect_req_cnt                          0x07fcb99c   Data           0  da14531_symbols.txt ABSOLUTE
    last_status                              0x07fcb9a0   Data           0  da14531_symbols.txt ABSOLUTE
    llc_state                                0x07fcb9a4   Data           0  da14531_symbols.txt ABSOLUTE
    lld_sleep_env                            0x07fcb9a8   Data           0  da14531_symbols.txt ABSOLUTE
    lld_wlcoex_enable                        0x07fcb9ac   Data           0  da14531_symbols.txt ABSOLUTE
    ble_duplicate_filter_max                 0x07fcb9b0   Data           0  da14531_symbols.txt ABSOLUTE
    ble_duplicate_filter_found               0x07fcb9b1   Data           0  da14531_symbols.txt ABSOLUTE
    alter_conn_adv_all_cnt                   0x07fcb9b4   Data           0  da14531_symbols.txt ABSOLUTE
    alter_conn_adv_dir_cnt                   0x07fcb9b8   Data           0  da14531_symbols.txt ABSOLUTE
    alter_conn_adv_cnt                       0x07fcb9bc   Data           0  da14531_symbols.txt ABSOLUTE
    create_conn_cnt                          0x07fcb9c0   Data           0  da14531_symbols.txt ABSOLUTE
    alter_conn_cnt                           0x07fcb9c4   Data           0  da14531_symbols.txt ABSOLUTE
    alter_conn_restart_cnt                   0x07fcb9c8   Data           0  da14531_symbols.txt ABSOLUTE
    alter_conn_peer_addr                     0x07fcb9cc   Data           0  da14531_symbols.txt ABSOLUTE
    alter_conn_local_addr                    0x07fcb9d2   Data           0  da14531_symbols.txt ABSOLUTE
    set_adv_data_discard_old                 0x07fcb9d8   Data           0  da14531_symbols.txt ABSOLUTE
    llm_resolving_list_max                   0x07fcb9d9   Data           0  da14531_symbols.txt ABSOLUTE
    llm_local_le_feats                       0x07fcb9da   Data           0  da14531_symbols.txt ABSOLUTE
    llm_bt_env                               0x07fcb9e2   Data           0  da14531_symbols.txt ABSOLUTE
    init_tx_cnt_cntl_cnt1                    0x07fcb9ec   Data           0  da14531_symbols.txt ABSOLUTE
    init_tx_cnt_cntl_cnt                     0x07fcb9f0   Data           0  da14531_symbols.txt ABSOLUTE
    tx_cnt_cntl_cnt                          0x07fcb9f4   Data           0  da14531_symbols.txt ABSOLUTE
    llm_state                                0x07fcb9f8   Data           0  da14531_symbols.txt ABSOLUTE
    delay_us_cnt                             0x07fcb9fa   Data           0  da14531_symbols.txt ABSOLUTE
    gtl_state                                0x07fcb9fc   Data           0  da14531_symbols.txt ABSOLUTE
    use_h4tl                                 0x07fcb9fd   Data           0  da14531_symbols.txt ABSOLUTE
    hci_cmd_desc_root_tab                    0x07fcba00   Data           0  da14531_symbols.txt ABSOLUTE
    gattc_state                              0x07fcba30   Data           0  da14531_symbols.txt ABSOLUTE
    gattm_state                              0x07fcba33   Data           0  da14531_symbols.txt ABSOLUTE
    l2cc_state                               0x07fcba34   Data           0  da14531_symbols.txt ABSOLUTE
    l2cm_env                                 0x07fcba38   Data           0  da14531_symbols.txt ABSOLUTE
    gapc_state                               0x07fcba3e   Data           0  da14531_symbols.txt ABSOLUTE
    gapm_state                               0x07fcba41   Data           0  da14531_symbols.txt ABSOLUTE
    whitelist_fix                            0x07fcba42   Data           0  da14531_symbols.txt ABSOLUTE
    ecdh_key_creation_in_progress            0x07fcba44   Data           0  da14531_symbols.txt ABSOLUTE
    ke_free_bad                              0x07fcba48   Data           0  da14531_symbols.txt ABSOLUTE
    DISABLE_KE_TASK_ALTERNATIVE_SAVED_QUEUE  0x07fcba4c   Data           0  da14531_symbols.txt ABSOLUTE
    rwip_env                                 0x07fcba54   Data           0  da14531_symbols.txt ABSOLUTE
    _rand_state_ROM_DATA                     0x07fcba5c   Data           0  da14531_symbols.txt ABSOLUTE
    custom_msg_handlers                      0x07fcba60   Data           0  da14531_symbols.txt ABSOLUTE
    ble_reg_save                             0x07fcba64   Data           0  da14531_symbols.txt ABSOLUTE
    sleep_env                                0x07fcbab4   Data           0  da14531_symbols.txt ABSOLUTE
    uart_env                                 0x07fcbab8   Data           0  da14531_symbols.txt ABSOLUTE
    ke_mem_heaps_used                        0x07fcbadc   Data           0  da14531_symbols.txt ABSOLUTE
    co_buf_env                               0x07fcbae0   Data           0  da14531_symbols.txt ABSOLUTE
    llc_env                                  0x07fcbb78   Data           0  da14531_symbols.txt ABSOLUTE
    lld_evt_env                              0x07fcbb84   Data           0  da14531_symbols.txt ABSOLUTE
    llm_le_env                               0x07fcbbb0   Data           0  da14531_symbols.txt ABSOLUTE
    llm_local_cmds                           0x07fcbcb0   Data           0  da14531_symbols.txt ABSOLUTE
    gtl_env                                  0x07fcbd30   Data           0  da14531_symbols.txt ABSOLUTE
    hci_env                                  0x07fcbd78   Data           0  da14531_symbols.txt ABSOLUTE
    h4tl_env                                 0x07fcbd88   Data           0  da14531_symbols.txt ABSOLUTE
    gattc_env                                0x07fcbda0   Data           0  da14531_symbols.txt ABSOLUTE
    gattm_env                                0x07fcbdac   Data           0  da14531_symbols.txt ABSOLUTE
    l2cc_env                                 0x07fcbdd0   Data           0  da14531_symbols.txt ABSOLUTE
    ecdh_key                                 0x07fcbddc   Data           0  da14531_symbols.txt ABSOLUTE
    gapc_env                                 0x07fcbe3c   Data           0  da14531_symbols.txt ABSOLUTE
    gapm_env                                 0x07fcbe48   Data           0  da14531_symbols.txt ABSOLUTE
    ke_env                                   0x07fcbe74   Data           0  da14531_symbols.txt ABSOLUTE
    rwip_rf                                  0x07fcbf58   Data           0  da14531_symbols.txt ABSOLUTE



==============================================================================

Memory Map of the image

  Image Entry point : 0x07fc0111

  Load Region LR_IROM1 (Base: 0x07fc0000, Size: 0x000000a8, Max: 0x000000c0, ABSOLUTE)

    Execution Region ER_IROM1 (Exec base: 0x07fc0000, Load base: 0x07fc0000, Size: 0x000000a8, Max: 0x000000c0, ABSOLUTE)

    Exec Addr    Load Addr    Size         Type   Attr      Idx    E Section Name        Object

    0x07fc0000   0x07fc0000   0x000000a0   Data   RO          281    RESET               startup_da14531.o
    0x07fc00a0   0x07fc00a0   0x00000008   Data   RW          925    otp_cs_booter       otp_cs.o



  Load Region LR_IROM2 (Base: 0x07fc00c0, Size: 0x00000000, Max: 0x00000050, ABSOLUTE)

    Execution Region ER_IROM2 (Exec base: 0x07fc00c0, Load base: 0x07fc00c0, Size: 0x00000050, Max: 0x00000050, ABSOLUTE)

    Exec Addr    Load Addr    Size         Type   Attr      Idx    E Section Name        Object

    0x07fc00c0        -       0x00000050   Zero   RW            1    ER_IROM2.bss        anon$$obj.o



  Load Region LR_IROM3 (Base: 0x07fc0110, Size: 0x00005920, Max: 0x00008ab0, ABSOLUTE)

    Execution Region ER_IROM3 (Exec base: 0x07fc0110, Load base: 0x07fc0110, Size: 0x00005920, Max: 0x00008ab0, ABSOLUTE)

    Exec Addr    Load Addr    Size         Type   Attr      Idx    E Section Name        Object

    0x07fc0110   0x07fc0110   0x00000000   Code   RO         4163  * .ARM.Collect$$$$00000000  mc_p.l(entry.o)
    0x07fc0110   0x07fc0110   0x00000004   Code   RO         4164    .ARM.Collect$$$$00000001  mc_p.l(entry2.o)
    0x07fc0114   0x07fc0114   0x00000004   Code   RO         4167    .ARM.Collect$$$$00000004  mc_p.l(entry5.o)
    0x07fc0118   0x07fc0118   0x00000000   Code   RO         4169    .ARM.Collect$$$$00000008  mc_p.l(entry7b.o)
    0x07fc0118   0x07fc0118   0x00000000   Code   RO         4171    .ARM.Collect$$$$0000000A  mc_p.l(entry8b.o)
    0x07fc0118   0x07fc0118   0x00000008   Code   RO         4172    .ARM.Collect$$$$0000000B  mc_p.l(entry9a.o)
    0x07fc0120   0x07fc0120   0x00000000   Code   RO         4174    .ARM.Collect$$$$0000000D  mc_p.l(entry10a.o)
    0x07fc0120   0x07fc0120   0x00000000   Code   RO         4176    .ARM.Collect$$$$0000000F  mc_p.l(entry11a.o)
    0x07fc0120   0x07fc0120   0x00000004   Code   RO         4165    .ARM.Collect$$$$00002712  mc_p.l(entry2.o)
    0x07fc0124   0x07fc0124   0x00000094   Code   RO            3    .text               system_da14531.o
    0x07fc01b8   0x07fc01b8   0x00000050   Code   RO          282    .text               startup_da14531.o
    0x07fc0208   0x07fc0208   0x00000098   Code   RO          287    .text               hardfault_handler.o
    0x07fc02a0   0x07fc02a0   0x000000c0   Code   RO          321    .text               nmi_handler.o
    0x07fc0360   0x07fc0360   0x0000002c   Code   RO          336    .text               arch_console.o
    0x07fc038c   0x07fc038c   0x0000030c   Code   RO          388    .text               arch_main.o
    0x07fc0698   0x07fc0698   0x00000050   Code   RO          598    .text               jump_table.o
    0x07fc06e8   0x07fc06e8   0x00000124   Code   RO          672    .text               arch_sleep.o
    0x07fc080c   0x07fc080c   0x000004e8   Code   RO          711    .text               arch_system.o
    0x07fc0cf4   0x07fc0cf4   0x0000015c   Code   RO          874    .text               arch_rom.o
    0x07fc0e50   0x07fc0e50   0x00000314   Code   RO          916    .text               otp_cs.o
    0x07fc1164   0x07fc1164   0x00000010   Code   RO          980    .text               otp_hdr.o
    0x07fc1174   0x07fc1174   0x00000118   Code   RO          995    .text               syscntl.o
    0x07fc128c   0x07fc128c   0x0000023c   Code   RO         1038    .text               gpio.o
    0x07fc14c8   0x07fc14c8   0x00000144   Code   RO         1136    .text               wkupct_quadec.o
    0x07fc160c   0x07fc160c   0x00000214   Code   RO         1249    .text               adc_531.o
    0x07fc1820   0x07fc1820   0x00000084   Code   RO         1343    .text               trng.o
    0x07fc18a4   0x07fc18a4   0x00000010   Code   RO         1869    .text               systick.o
    0x07fc18b4   0x07fc18b4   0x0000039c   Code   RO         1916    .text               uart.o
    0x07fc1c50   0x07fc1c50   0x00000190   Code   RO         1983    .text               hw_otpc_531.o
    0x07fc1de0   0x07fc1de0   0x000002d4   Code   RO         2043    .text               i2c.o
    0x07fc20b4   0x07fc20b4   0x000001dc   Code   RO         2126    .text               rwble.o
    0x07fc2290   0x07fc2290   0x000001e0   Code   RO         2175    .text               rwip.o
    0x07fc2470   0x07fc2470   0x000002d0   Code   RO         2204    .text               ble_arp.o
    0x07fc2740   0x07fc2740   0x000004cc   Code   RO         2232    .text               rf_531.o
    0x07fc2c0c   0x07fc2c0c   0x00000130   Code   RO         2798    .text               custs1_task.o
    0x07fc2d3c   0x07fc2d3c   0x000000a0   Code   RO         2834    .text               prf.o
    0x07fc2ddc   0x07fc2ddc   0x00000150   Code   RO         2871    .text               app_default_handlers.o
    0x07fc2f2c   0x07fc2f2c   0x00000290   Code   RO         2956    .text               app.o
    0x07fc31bc   0x07fc31bc   0x000001d8   Code   RO         3110    .text               app_task.o
    0x07fc3394   0x07fc3394   0x0000003c   Code   RO         3144    .text               app_security.o
    0x07fc33d0   0x07fc33d0   0x0000011c   Code   RO         3182    .text               app_security_task.o
    0x07fc34ec   0x07fc34ec   0x0000003c   Code   RO         3236    .text               app_diss.o
    0x07fc3528   0x07fc3528   0x000000e0   Code   RO         3248    .text               app_diss_task.o
    0x07fc3608   0x07fc3608   0x00000028   Code   RO         3300    .text               app_msg_utils.o
    0x07fc3630   0x07fc3630   0x0000004c   Code   RO         3324    .text               app_easy_msg_utils.o
    0x07fc367c   0x07fc367c   0x00000138   Code   RO         3367    .text               app_easy_security.o
    0x07fc37b4   0x07fc37b4   0x00000002   Code   RO         3548    .text               app_easy_timer.o
    0x07fc37b6   0x07fc37b6   0x00000002   Code   RO         3549    .text               app_easy_timer.o
    0x07fc37b8   0x07fc37b8   0x00000150   Code   RO         3550    .text               app_easy_timer.o
    0x07fc3908   0x07fc3908   0x00000060   Code   RO         3596    .text               app_customs.o
    0x07fc3968   0x07fc3968   0x00000018   Code   RO         3618    .text               app_customs_task.o
    0x07fc3980   0x07fc3980   0x0000000c   Code   RO         3704    .text               app_utils.o
    0x07fc398c   0x07fc398c   0x00000180   Code   RO         3781    .text               user_periph_setup.o
    0x07fc3b0c   0x07fc3b0c   0x000000d0   Code   RO         3807    .text               accel_lis2dh_impl.o
    0x07fc3bdc   0x07fc3bdc   0x00000110   Code   RO         3835    .text               i2c_impl.o
    0x07fc3cec   0x07fc3cec   0x000003a4   Code   RO         3859    .text               lis2dh_driver.o
    0x07fc4090   0x07fc4090   0x0000015c   Code   RO         4131    .text               user_lis2dh_app.o
    0x07fc41ec   0x07fc41ec   0x00000bd0   Code   RO         4159    .text               da14531.lib(patch.o)
    0x07fc4dbc   0x07fc4dbc   0x00000024   Code   RO         4178    .text               mc_p.l(init.o)
    0x07fc4de0   0x07fc4de0   0x00000030   Code   RO          752    i.__ARM_common_ll_muluu  arch_system.o
    0x07fc4e10   0x07fc4e10   0x0000000e   Code   RO         4182    i.__scatterload_copy  mc_p.l(handlers.o)
    0x07fc4e1e   0x07fc4e1e   0x00000002   Code   RO         4183    i.__scatterload_null  mc_p.l(handlers.o)
    0x07fc4e20   0x07fc4e20   0x0000000e   Code   RO         4184    i.__scatterload_zeroinit  mc_p.l(handlers.o)
    0x07fc4e2e   0x07fc4e2e   0x00000002   PAD
    0x07fc4e30   0x07fc4e30   0x00000024   Data   RO          338    .constdata          arch_console.o
    0x07fc4e54   0x07fc4e54   0x0000000e   Data   RO          368    .constdata          nvds.o
    0x07fc4e62   0x07fc4e62   0x00000002   PAD
    0x07fc4e64   0x07fc4e64   0x00000008   Data   RO          369    .constdata          nvds.o
    0x07fc4e6c   0x07fc4e6c   0x0000017c   Data   RO          599    .constdata          jump_table.o
    0x07fc4fe8   0x07fc4fe8   0x000000ec   Data   RO          600    .constdata          jump_table.o
    0x07fc50d4   0x07fc50d4   0x00000008   Data   RO          717    .constdata          arch_system.o
    0x07fc50dc   0x07fc50dc   0x00000070   Data   RO          875    .constdata          arch_rom.o
    0x07fc514c   0x07fc514c   0x00000002   Data   RO         1051    .constdata          gpio.o
    0x07fc514e   0x07fc514e   0x00000002   PAD
    0x07fc5150   0x07fc5150   0x0000001c   Data   RO         1990    .constdata          hw_otpc_531.o
    0x07fc516c   0x07fc516c   0x00000070   Data   RO         2206    .constdata          ble_arp.o
    0x07fc51dc   0x07fc51dc   0x00000010   Data   RO         2782    .constdata          custs1.o
    0x07fc51ec   0x07fc51ec   0x00000048   Data   RO         2799    .constdata          custs1_task.o
    0x07fc5234   0x07fc5234   0x00000008   Data   RO         2800    .constdata          custs1_task.o
    0x07fc523c   0x07fc523c   0x00000018   Data   RO         2835    .constdata          prf.o
    0x07fc5254   0x07fc5254   0x0000000c   Data   RO         2836    .constdata          prf.o
    0x07fc5260   0x07fc5260   0x00000050   Data   RO         2976    .constdata          app.o
    0x07fc52b0   0x07fc52b0   0x00000070   Data   RO         3112    .constdata          app_task.o
    0x07fc5320   0x07fc5320   0x00000038   Data   RO         3184    .constdata          app_security_task.o
    0x07fc5358   0x07fc5358   0x00000008   Data   RO         3249    .constdata          app_diss_task.o
    0x07fc5360   0x07fc5360   0x0000008c   Data   RO         3277    .constdata          app_entry_point.o
    0x07fc53ec   0x07fc53ec   0x0000001c   Data   RO         3278    .constdata          app_entry_point.o
    0x07fc5408   0x07fc5408   0x00000020   Data   RO         3279    .constdata          app_entry_point.o
    0x07fc5428   0x07fc5428   0x00000007   Data   RO         3395    .constdata          app_easy_security.o
    0x07fc542f   0x07fc542f   0x00000001   PAD
    0x07fc5430   0x07fc5430   0x00000038   Data   RO         3736    .constdata          user_custs_config.o
    0x07fc5468   0x07fc5468   0x00000010   Data   RO         3749    .constdata          user_custs1_def.o
    0x07fc5478   0x07fc5478   0x00000010   Data   RO         3750    .constdata          user_custs1_def.o
    0x07fc5488   0x07fc5488   0x00000010   Data   RO         3751    .constdata          user_custs1_def.o
    0x07fc5498   0x07fc5498   0x00000010   Data   RO         3752    .constdata          user_custs1_def.o
    0x07fc54a8   0x07fc54a8   0x00000010   Data   RO         3753    .constdata          user_custs1_def.o
    0x07fc54b8   0x07fc54b8   0x00000010   Data   RO         3754    .constdata          user_custs1_def.o
    0x07fc54c8   0x07fc54c8   0x00000010   Data   RO         3755    .constdata          user_custs1_def.o
    0x07fc54d8   0x07fc54d8   0x00000010   Data   RO         3756    .constdata          user_custs1_def.o
    0x07fc54e8   0x07fc54e8   0x00000010   Data   RO         3757    .constdata          user_custs1_def.o
    0x07fc54f8   0x07fc54f8   0x00000010   Data   RO         3758    .constdata          user_custs1_def.o
    0x07fc5508   0x07fc5508   0x00000010   Data   RO         3759    .constdata          user_custs1_def.o
    0x07fc5518   0x07fc5518   0x00000010   Data   RO         3760    .constdata          user_custs1_def.o
    0x07fc5528   0x07fc5528   0x00000010   Data   RO         3761    .constdata          user_custs1_def.o
    0x07fc5538   0x07fc5538   0x00000010   Data   RO         3762    .constdata          user_custs1_def.o
    0x07fc5548   0x07fc5548   0x00000010   Data   RO         3763    .constdata          user_custs1_def.o
    0x07fc5558   0x07fc5558   0x00000002   Data   RO         3764    .constdata          user_custs1_def.o
    0x07fc555a   0x07fc555a   0x00000002   Data   RO         3765    .constdata          user_custs1_def.o
    0x07fc555c   0x07fc555c   0x00000002   Data   RO         3766    .constdata          user_custs1_def.o
    0x07fc555e   0x07fc555e   0x00000002   Data   RO         3767    .constdata          user_custs1_def.o
    0x07fc5560   0x07fc5560   0x00000004   Data   RO         3768    .constdata          user_custs1_def.o
    0x07fc5564   0x07fc5564   0x00000001   Data   RO         3769    .constdata          user_custs1_def.o
    0x07fc5565   0x07fc5565   0x00000003   PAD
    0x07fc5568   0x07fc5568   0x00000384   Data   RO         3771    .constdata          user_custs1_def.o
    0x07fc58ec   0x07fc58ec   0x00000018   Data   RO         3782    .constdata          user_periph_setup.o
    0x07fc5904   0x07fc5904   0x00000024   Data   RO         4133    .constdata          user_lis2dh_app.o
    0x07fc5928   0x07fc5928   0x00000024   Data   RO         4160    .constdata          da14531.lib(patch.o)
    0x07fc594c   0x07fc594c   0x000000ae   Data   RO         3772    .conststring        user_custs1_def.o
    0x07fc59fa   0x07fc59fa   0x00000002   PAD
    0x07fc59fc   0x07fc59fc   0x00000020   Data   RO         4180    Region$$Table       anon$$obj.o
    0x07fc5a1c   0x07fc5a1c   0x00000001   Data   RW         2247    .data               rf_531.o
    0x07fc5a1d   0x07fc5a1d   0x00000001   PAD
    0x07fc5a1e   0x07fc5a1e   0x00000010   Data   RW         3783    .data               user_periph_setup.o


    Execution Region ER_PRODTEST (Exec base: 0x07fc5a30, Load base: 0x07fc5a30, Size: 0x00000000, Max: 0xffffffff, ABSOLUTE, UNINIT)

    **** No section assigned to this execution region ****


    Execution Region ER_ZI (Exec base: 0x07fc5a30, Load base: 0x07fc5a30, Size: 0x00000790, Max: 0xffffffff, ABSOLUTE)

    Exec Addr    Load Addr    Size         Type   Attr      Idx    E Section Name        Object

    0x07fc5a30        -       0x00000100   Zero   RW          337    .bss                arch_console.o
    0x07fc5b30        -       0x0000000c   Zero   RW          715    .bss                arch_system.o
    0x07fc5b3c        -       0x00000004   Zero   RW          924    .bss                otp_cs.o
    0x07fc5b40        -       0x00000002   Zero   RW         1000    .bss                syscntl.o
    0x07fc5b42        -       0x00000002   Zero   RW         1262    .bss                adc_531.o
    0x07fc5b44        -       0x00000014   Zero   RW         1344    .bss                trng.o
    0x07fc5b58        -       0x00000030   Zero   RW         2055    .bss                i2c.o
    0x07fc5b88        -       0x00000004   Zero   RW         2176    .bss                rwip.o
    0x07fc5b8c        -       0x0000002e   Zero   RW         2246    .bss                rf_531.o
    0x07fc5bba        -       0x00000001   Zero   RW         3897    .bss                lis2dh_driver.o
    0x07fc5bbb   0x07fc5a30   0x00000005   PAD
    0x07fc5bc0        -       0x00000600   Zero   RW          279    STACK               startup_da14531.o


    Execution Region ER_NZI (Exec base: 0x07fc61c0, Load base: 0x07fc5a30, Size: 0x0000040c, Max: 0xffffffff, ABSOLUTE, UNINIT)

    Exec Addr    Load Addr    Size         Type   Attr      Idx    E Section Name        Object

    0x07fc61c0        -       0x0000040c   Zero   RW          603    heap_mem_area_not_ret  jump_table.o


    Execution Region ER_STATEFUL_HIBERNATION (Exec base: 0x07fc65cc, Load base: 0x07fc5a30, Size: 0x00000000, Max: 0xffffffff, ABSOLUTE, UNINIT)

    **** No section assigned to this execution region ****



  Load Region LR_RETAINED_RAM0 (Base: 0x07fc8bc0, Size: 0x00000000, Max: 0x00001440, ABSOLUTE)

    Execution Region RET_DATA_UNINIT (Exec base: 0x07fc8bc0, Load base: 0x07fc8bc0, Size: 0x00000000, Max: 0x00000000, ABSOLUTE, UNINIT)

    **** No section assigned to this execution region ****


    Execution Region RET_DATA (Exec base: 0x07fc8bc0, Load base: 0x07fc8bc0, Size: 0x000003d0, Max: 0x00000800, ABSOLUTE)

    Exec Addr    Load Addr    Size         Type   Attr      Idx    E Section Name        Object

    0x07fc8bc0        -       0x00000004   Zero   RW          339    retention_mem_area0  arch_console.o
    0x07fc8bc4        -       0x00000001   Zero   RW          340    retention_mem_area0  arch_console.o
    0x07fc8bc5        -       0x00000001   Zero   RW          341    retention_mem_area0  arch_console.o
    0x07fc8bc6        -       0x00000001   Zero   RW          342    retention_mem_area0  arch_console.o
    0x07fc8bc7   0x07fc8bc0   0x00000001   PAD
    0x07fc8bc8        -       0x00000008   Zero   RW          390    retention_mem_area0  arch_main.o
    0x07fc8bd0        -       0x00000004   Zero   RW          677    retention_mem_area0  arch_sleep.o
    0x07fc8bd4   0x07fc8bc0   0x00000004   PAD
    0x07fc8bd8        -       0x00000030   Zero   RW          719    retention_mem_area0  arch_system.o
    0x07fc8c08        -       0x00000002   Zero   RW          876    retention_mem_area0  arch_rom.o
    0x07fc8c0a   0x07fc8bc0   0x00000002   PAD
    0x07fc8c0c        -       0x0000005c   Zero   RW          926    retention_mem_area0  otp_cs.o
    0x07fc8c68        -       0x0000004c   Zero   RW         1052    retention_mem_area0  gpio.o
    0x07fc8cb4        -       0x0000000c   Zero   RW         1148    retention_mem_area0  wkupct_quadec.o
    0x07fc8cc0        -       0x00000004   Zero   RW         1263    retention_mem_area0  adc_531.o
    0x07fc8cc4        -       0x00000004   Zero   RW         1874    retention_mem_area0  systick.o
    0x07fc8cc8        -       0x00000040   Zero   RW         1925    retention_mem_area0  uart.o
    0x07fc8d08        -       0x00000001   Zero   RW         1991    retention_mem_area0  hw_otpc_531.o
    0x07fc8d09   0x07fc8bc0   0x00000003   PAD
    0x07fc8d0c        -       0x00000008   Zero   RW         2127    retention_mem_area0  rwble.o
    0x07fc8d14        -       0x00000008   Zero   RW         2177    retention_mem_area0  rwip.o
    0x07fc8d1c        -       0x00000004   Zero   RW         2178    retention_mem_area0  rwip.o
    0x07fc8d20        -       0x00000008   Zero   RW         2248    retention_mem_area0  rf_531.o
    0x07fc8d28        -       0x00000030   Zero   RW         2837    retention_mem_area0  prf.o
    0x07fc8d58        -       0x00000048   Zero   RW         2980    retention_mem_area0  app.o
    0x07fc8da0        -       0x00000014   Zero   RW         2981    retention_mem_area0  app.o
    0x07fc8db4        -       0x00000001   Zero   RW         3113    retention_mem_area0  app_task.o
    0x07fc8db5   0x07fc8bc0   0x00000001   PAD
    0x07fc8db6        -       0x0000007a   Zero   RW         3146    retention_mem_area0  app_security.o
    0x07fc8e30        -       0x00000018   Zero   RW         3325    retention_mem_area0  app_easy_msg_utils.o
    0x07fc8e48        -       0x00000018   Zero   RW         3397    retention_mem_area0  app_easy_security.o
    0x07fc8e60        -       0x00000050   Zero   RW         3555    retention_mem_area0  app_easy_timer.o
    0x07fc8eb0        -       0x0000000c   Zero   RW         3808    retention_mem_area0  accel_lis2dh_impl.o
    0x07fc8ebc        -       0x00000004   Zero   RW         3837    retention_mem_area0  i2c_impl.o
    0x07fc8ec0        -       0x000000ca   Zero   RW         4134    retention_mem_area0  user_lis2dh_app.o
    0x07fc8f8a        -       0x00000003   Zero   RW         4161    retention_mem_area0  da14531.lib(patch.o)


    Execution Region RET_HEAP (Exec base: 0x07fc8f90, Load base: 0x07fc8bc0, Size: 0x00000c40, Max: 0x00000c40, ABSOLUTE, UNINIT)

    Exec Addr    Load Addr    Size         Type   Attr      Idx    E Section Name        Object

    0x07fc8f90        -       0x0000040c   Zero   RW          601    heap_db_area        jump_table.o
    0x07fc939c        -       0x000002b8   Zero   RW          602    heap_env_area       jump_table.o
    0x07fc9654        -       0x0000057c   Zero   RW          604    heap_msg_area       jump_table.o



  Load Region LR_FREE_AREA (Base: 0x07fcb4ac, Size: 0x00000000, Max: 0x000003f0, ABSOLUTE)

    Execution Region ER_FREE_AREA (Exec base: 0x07fcb4ac, Load base: 0x07fcb4ac, Size: 0x00000000, Max: 0x000003f0, ABSOLUTE)

    **** No section assigned to this execution region ****



  Load Region LR_RETAINED_TRNG_STATE (Base: 0x07fcb89c, Size: 0x00000000, Max: 0x00000004, ABSOLUTE)

    Execution Region RET_DATA_UNINIT_TRNG_STATE (Exec base: 0x07fcb89c, Load base: 0x07fcb89c, Size: 0x00000004, Max: 0x00000004, ABSOLUTE, UNINIT)

    Exec Addr    Load Addr    Size         Type   Attr      Idx    E Section Name        Object

    0x07fcb89c        -       0x00000004   Zero   RW         1345    trng_state          trng.o


==============================================================================

Image component sizes


      Code (inc. data)   RO Data    RW Data    ZI Data      Debug   Object Name

       208          4          0          0         12      14405   accel_lis2dh_impl.o
       532         28          0          0          6      16264   adc_531.o
       656         38         80          0         92      20593   app.o
        96          8          0          0          0       2008   app_customs.o
        24          0          0          0          0       1597   app_customs_task.o
       336         28          0          0          0      10326   app_default_handlers.o
        60          4          0          0          0       1546   app_diss.o
       224         96          8          0          0       2643   app_diss_task.o
        76          8          0          0         24       2929   app_easy_msg_utils.o
       312         18          7          0         24      12222   app_easy_security.o
       340         26          0          0         80       5528   app_easy_timer.o
         0          0        200          0          0       3040   app_entry_point.o
        40          4          0          0          0       1567   app_msg_utils.o
        60          6          0          0        122       4228   app_security.o
       284         30         56          0          0       4838   app_security_task.o
       472         20        112          0          1      11030   app_task.o
        12          0          0          0          0       1469   app_utils.o
        44          4         36          0        263       3230   arch_console.o
       780         80          0          0          8      30363   arch_main.o
       348        136        112          0          2       2932   arch_rom.o
       292         16          0          0          4       3692   arch_sleep.o
      1304        104          8          0         60      96207   arch_system.o
       720         62        112          0          0      77200   ble_arp.o
         0          0         16          0          0       1518   custs1.o
       304         14         80          0          0       7586   custs1_task.o
       572         22          2          0         76      15183   gpio.o
       152         18          0          0          0      12037   hardfault_handler.o
       400         38         28          0          1       5122   hw_otpc_531.o
       724         24          0          0         48      12666   i2c.o
       272         10          0          0          4      10143   i2c_impl.o
        80          4        616          0       4172      12118   jump_table.o
       932          6          0          0          1       5322   lis2dh_driver.o
       192         20          0          0          0       9223   nmi_handler.o
         0          0         22          0          0       5189   nvds.o
       788         66          0          8         96       6334   otp_cs.o
        16          4          0          0          0       1269   otp_hdr.o
       160         10         36          0         48       3874   prf.o
      1228        128          0          1         54       6643   rf_531.o
       476         42          0          0          8      76150   rwble.o
       480         62          0          0         16      74870   rwip.o
        80         16        160          0       1536        824   startup_da14531.o
       280         18          0          0          2       5592   syscntl.o
       148         22          0          0          0     286710   system_da14531.o
        16          4          0          0          4       1526   systick.o
       132         18          0          0         24       2540   trng.o
       924         26          0          0         64      23625   uart.o
         0          0       1327          0          0       2015   user_custs1_def.o
         0          0         56          0          0        977   user_custs_config.o
       348         88         36          0        202       4079   user_lis2dh_app.o
       384         24         24         16          0      11055   user_periph_setup.o
       324         24          0          0         12      13001   wkupct_quadec.o

    ----------------------------------------------------------------------
     16632       1428       3176         28       7162     947048   Object Totals
         0          0         32          0         80          0   (incl. Generated)
         0          0         10          3         16          0   (incl. Padding)

    ----------------------------------------------------------------------

      Code (inc. data)   RO Data    RW Data    ZI Data      Debug   Library Member Name

      3024        126         36          0          3        564   patch.o
         0          0          0          0          0          0   entry.o
         0          0          0          0          0          0   entry10a.o
         0          0          0          0          0          0   entry11a.o
         8          4          0          0          0          0   entry2.o
         4          0          0          0          0          0   entry5.o
         0          0          0          0          0          0   entry7b.o
         0          0          0          0          0          0   entry8b.o
         8          4          0          0          0          0   entry9a.o
        30          0          0          0          0          0   handlers.o
        36          8          0          0          0         68   init.o

    ----------------------------------------------------------------------
      3112        142         36          0          6        632   Library Totals
         2          0          0          0          3          0   (incl. Padding)

    ----------------------------------------------------------------------

      Code (inc. data)   RO Data    RW Data    ZI Data      Debug   Library Name

      3024        126         36          0          3        564   da14531.lib
        86         16          0          0          0         68   mc_p.l

    ----------------------------------------------------------------------
      3112        142         36          0          6        632   Library Totals

    ----------------------------------------------------------------------

==============================================================================


      Code (inc. data)   RO Data    RW Data    ZI Data      Debug   

     19744       1570       3212         28       7168     944356   Grand Totals
     19744       1570       3212         28       7168     944356   ELF Image Totals
     19744       1570       3212         28          0          0   ROM Totals

==============================================================================

    Total RO  Size (Code + RO Data)                22956 (  22.42kB)
    Total RW  Size (RW Data + ZI Data)              7196 (   7.03kB)
    Total ROM Size (Code + RO Data + RW Data)      22984 (  22.45kB)

==============================================================================

