<html>
<body>
<pre>
<h1>µVision Build Log</h1>
<h2>Tool Versions:</h2>
IDE-Version: µVision V5.26.2.0
Copyright (C) 2018 ARM Ltd and ARM Germany GmbH. All rights reserved.
License Information: Panagiotis Moustakas, Dialog, LIC=77GNP-MUNPI-D6PQC-5P23Q-SR479-UNXGK
 
Tool Versions:
Toolchain:       MDK-ARM Essential  Version: 5.26.2.0
Toolchain Path:  C:\Keil_v5\ARM\ARMCC\Bin
C Compiler:      Armcc.exe V5.06 update 6 (build 750)
Assembler:       Armasm.exe V5.06 update 6 (build 750)
Linker/Locator:  ArmLink.exe V5.06 update 6 (build 750)
Library Manager: ArmAr.exe V5.06 update 6 (build 750)
Hex Converter:   FromElf.exe V5.06 update 6 (build 750)
CPU DLL:         SARMCM3.DLL V5.26.2.0
Dialog DLL:      DARMCM1.DLL V1.19.1.0
Target DLL:      Segger\JL2CM3.dll V2.99.31.0
Dialog DLL:      TARMCM1.DLL V1.14.0.0
 
<h2>Project:</h2>
C:\Users\pmoustak\Desktop\DA14531\SW_example\SDK_6.0.11.989\SDK\6.0.11.989\projects\target_apps\ble_examples\simple_beacon_v2\Keil_5\simple_beacon.uvprojx
Project File Date:  09/20/2019

<h2>Output:</h2>
*** Using Compiler 'V5.06 update 6 (build 750)', folder: 'C:\Keil_v5\ARM\ARMCC\Bin'
Build target 'DA14531'
compiling app_default_handlers.c...
compiling arch_main.c...
compiling arch_system.c...
compiling app.c...
compiling app_task.c...
compiling app_security_task.c...
compiling app_entry_point.c...
compiling user_simple_beacon.c...
compiling app_easy_security.c...
linking...
Program Size: Code=20140 RO-data=3692 RW-data=8 ZI-data=6872  
FromELF: creating hex file...
After Build - User command #1: fromelf --bincombined --output=".\out_DA14531\Objects\empty_peripheral_template_531.bin"  ".\out_DA14531\Objects\empty_peripheral_template_531.axf"
".\out_DA14531\Objects\empty_peripheral_template_531.axf" - 0 Error(s), 0 Warning(s).

<h2>Software Packages used:</h2>

Package Vendor: ARM
                http://www.keil.com/pack/ARM.CMSIS.5.4.0.pack
                ARM.CMSIS.5.4.0
                CMSIS (Cortex Microcontroller Software Interface Standard)

<h2>Collection of Component include folders:</h2>
  .\RTE\_DA14531
  C:\Keil_v5\ARM\PACK\ARM\CMSIS\5.4.0\Device\ARM\ARMCM0plus\Include

<h2>Collection of Component Files used:</h2>
Build Time Elapsed:  00:00:12
</pre>
</body>
</html>
